2026-01-08 12:38:33,115 - {'optimizer': {'name': 'adam', 'lr': 0.001, 'weight_decay': 0}, 'train': {'epoch': 3000, 'batch_size': 4096, 'save_model': True, 'loss': 'pairwise', 'test_step': 3, 'reproducible': True, 'seed': 2023, 'patience': 5}, 'test': {'metrics': ['recall', 'ndcg'], 'k': [5, 10, 20], 'batch_size': 1024}, 'data': {'type': 'general_cf', 'name': 'amazon', 'user_num': 11000, 'item_num': 9332}, 'model': {'name': 'simgcl_gene', 'keep_rate': 1.0, 'embedding_size': 32, 'layer_num': 3, 'reg_weight': 1e-05, 'cl_weight': 0.1, 'cl_temperature': 0.2, 'mask_ratio': 0.05, 'recon_weight': 0.1, 're_temperature': 0.2, 'eps': 0.9, 'amazon': {'layer_num': 3, 'reg_weight': 1e-05, 'cl_weight': 0.1, 'cl_temperature': 0.2, 'mask_ratio': 0.05, 'recon_weight': 0.1, 're_temperature': 0.2, 'eps': 0.9}, 'yelp': {'layer_num': 3, 'reg_weight': 1e-05, 'cl_weight': 0.1, 'cl_temperature': 0.2, 'mask_ratio': 0.01, 'recon_weight': 0.01, 're_temperature': 0.05, 'eps': 0.9}, 'steam': {'layer_num': 3, 'reg_weight': 1e-05, 'cl_weight': 0.1, 'cl_temperature': 0.5, 'mask_ratio': 0.05, 'recon_weight': 0.01, 're_temperature': 0.1, 'eps': 0.2}}}
2026-01-08 12:38:38,845 - Epoch   0 Validation set [recall@5: 0.0380 recall@10: 0.0600 recall@20: 0.0905 ] [ndcg@5: 0.0387 ndcg@10: 0.0460 ndcg@20: 0.0557 ] 
2026-01-08 12:38:48,258 - Epoch   3 Validation set [recall@5: 0.0413 recall@10: 0.0652 recall@20: 0.1008 ] [ndcg@5: 0.0410 ndcg@10: 0.0491 ndcg@20: 0.0607 ] 
2026-01-08 12:38:56,716 - Epoch   6 Validation set [recall@5: 0.0463 recall@10: 0.0742 recall@20: 0.1131 ] [ndcg@5: 0.0455 ndcg@10: 0.0550 ndcg@20: 0.0678 ] 
2026-01-08 12:39:04,874 - Epoch   9 Validation set [recall@5: 0.0508 recall@10: 0.0810 recall@20: 0.1228 ] [ndcg@5: 0.0496 ndcg@10: 0.0600 ndcg@20: 0.0737 ] 
2026-01-08 12:39:13,515 - Epoch  12 Validation set [recall@5: 0.0534 recall@10: 0.0842 recall@20: 0.1293 ] [ndcg@5: 0.0526 ndcg@10: 0.0632 ndcg@20: 0.0779 ] 
2026-01-08 12:39:22,255 - Epoch  15 Validation set [recall@5: 0.0556 recall@10: 0.0879 recall@20: 0.1334 ] [ndcg@5: 0.0544 ndcg@10: 0.0656 ndcg@20: 0.0805 ] 
2026-01-08 12:39:30,679 - Epoch  18 Validation set [recall@5: 0.0573 recall@10: 0.0892 recall@20: 0.1385 ] [ndcg@5: 0.0560 ndcg@10: 0.0671 ndcg@20: 0.0832 ] 
2026-01-08 12:39:38,947 - Epoch  21 Validation set [recall@5: 0.0585 recall@10: 0.0906 recall@20: 0.1416 ] [ndcg@5: 0.0574 ndcg@10: 0.0685 ndcg@20: 0.0852 ] 
2026-01-08 12:39:47,565 - Epoch  24 Validation set [recall@5: 0.0595 recall@10: 0.0924 recall@20: 0.1428 ] [ndcg@5: 0.0585 ndcg@10: 0.0697 ndcg@20: 0.0863 ] 
2026-01-08 12:39:56,125 - Epoch  27 Validation set [recall@5: 0.0600 recall@10: 0.0946 recall@20: 0.1447 ] [ndcg@5: 0.0590 ndcg@10: 0.0709 ndcg@20: 0.0873 ] 
2026-01-08 12:40:04,440 - Epoch  30 Validation set [recall@5: 0.0598 recall@10: 0.0960 recall@20: 0.1474 ] [ndcg@5: 0.0594 ndcg@10: 0.0719 ndcg@20: 0.0887 ] 
2026-01-08 12:40:12,699 - Epoch  33 Validation set [recall@5: 0.0606 recall@10: 0.0962 recall@20: 0.1489 ] [ndcg@5: 0.0599 ndcg@10: 0.0722 ndcg@20: 0.0894 ] 
2026-01-08 12:40:21,395 - Epoch  36 Validation set [recall@5: 0.0616 recall@10: 0.0967 recall@20: 0.1499 ] [ndcg@5: 0.0606 ndcg@10: 0.0726 ndcg@20: 0.0900 ] 
2026-01-08 12:40:29,717 - Epoch  39 Validation set [recall@5: 0.0617 recall@10: 0.0974 recall@20: 0.1503 ] [ndcg@5: 0.0606 ndcg@10: 0.0728 ndcg@20: 0.0901 ] 
2026-01-08 12:40:37,940 - Epoch  42 Validation set [recall@5: 0.0619 recall@10: 0.0974 recall@20: 0.1516 ] [ndcg@5: 0.0609 ndcg@10: 0.0733 ndcg@20: 0.0909 ] 
2026-01-08 12:40:46,806 - Epoch  45 Validation set [recall@5: 0.0621 recall@10: 0.0978 recall@20: 0.1509 ] [ndcg@5: 0.0613 ndcg@10: 0.0737 ndcg@20: 0.0910 ] 
2026-01-08 12:40:55,497 - Epoch  48 Validation set [recall@5: 0.0615 recall@10: 0.0987 recall@20: 0.1511 ] [ndcg@5: 0.0609 ndcg@10: 0.0740 ndcg@20: 0.0912 ] 
2026-01-08 12:41:03,420 - Epoch  51 Validation set [recall@5: 0.0621 recall@10: 0.0991 recall@20: 0.1513 ] [ndcg@5: 0.0615 ndcg@10: 0.0744 ndcg@20: 0.0915 ] 
2026-01-08 12:41:11,434 - Epoch  54 Validation set [recall@5: 0.0638 recall@10: 0.1001 recall@20: 0.1521 ] [ndcg@5: 0.0623 ndcg@10: 0.0749 ndcg@20: 0.0918 ] 
2026-01-08 12:41:19,917 - Epoch  57 Validation set [recall@5: 0.0635 recall@10: 0.0999 recall@20: 0.1524 ] [ndcg@5: 0.0621 ndcg@10: 0.0747 ndcg@20: 0.0918 ] 
2026-01-08 12:41:28,329 - Epoch  60 Validation set [recall@5: 0.0632 recall@10: 0.0996 recall@20: 0.1532 ] [ndcg@5: 0.0619 ndcg@10: 0.0746 ndcg@20: 0.0921 ] 
2026-01-08 12:41:36,576 - Epoch  63 Validation set [recall@5: 0.0634 recall@10: 0.0994 recall@20: 0.1552 ] [ndcg@5: 0.0620 ndcg@10: 0.0745 ndcg@20: 0.0925 ] 
2026-01-08 12:41:45,030 - Epoch  66 Validation set [recall@5: 0.0634 recall@10: 0.0995 recall@20: 0.1557 ] [ndcg@5: 0.0620 ndcg@10: 0.0746 ndcg@20: 0.0928 ] 
2026-01-08 12:41:53,453 - Epoch  69 Validation set [recall@5: 0.0641 recall@10: 0.0994 recall@20: 0.1546 ] [ndcg@5: 0.0622 ndcg@10: 0.0744 ndcg@20: 0.0924 ] 
2026-01-08 12:42:01,394 - Epoch  72 Validation set [recall@5: 0.0638 recall@10: 0.0990 recall@20: 0.1545 ] [ndcg@5: 0.0619 ndcg@10: 0.0741 ndcg@20: 0.0923 ] 
2026-01-08 12:42:09,218 - Epoch  75 Validation set [recall@5: 0.0643 recall@10: 0.0990 recall@20: 0.1556 ] [ndcg@5: 0.0626 ndcg@10: 0.0746 ndcg@20: 0.0930 ] 
2026-01-08 12:42:18,046 - Epoch  78 Validation set [recall@5: 0.0641 recall@10: 0.0997 recall@20: 0.1558 ] [ndcg@5: 0.0626 ndcg@10: 0.0749 ndcg@20: 0.0932 ] 
2026-01-08 12:42:26,555 - Epoch  81 Validation set [recall@5: 0.0642 recall@10: 0.1002 recall@20: 0.1554 ] [ndcg@5: 0.0625 ndcg@10: 0.0751 ndcg@20: 0.0930 ] 
2026-01-08 12:42:34,753 - Epoch  84 Validation set [recall@5: 0.0635 recall@10: 0.0997 recall@20: 0.1553 ] [ndcg@5: 0.0623 ndcg@10: 0.0750 ndcg@20: 0.0931 ] 
2026-01-08 12:42:42,845 - Epoch  87 Validation set [recall@5: 0.0637 recall@10: 0.0996 recall@20: 0.1553 ] [ndcg@5: 0.0624 ndcg@10: 0.0750 ndcg@20: 0.0931 ] 
2026-01-08 12:42:51,346 - Epoch  90 Validation set [recall@5: 0.0637 recall@10: 0.1002 recall@20: 0.1546 ] [ndcg@5: 0.0625 ndcg@10: 0.0752 ndcg@20: 0.0929 ] 
2026-01-08 12:42:59,579 - Epoch  93 Validation set [recall@5: 0.0645 recall@10: 0.1002 recall@20: 0.1547 ] [ndcg@5: 0.0626 ndcg@10: 0.0751 ndcg@20: 0.0928 ] 
2026-01-08 12:43:01,673 - [recall@5: 0.0641 recall@10: 0.0997 recall@20: 0.1558 ] [ndcg@5: 0.0626 ndcg@10: 0.0749 ndcg@20: 0.0932 ] 
2026-01-08 12:43:03,686 - [recall@5: 0.0614 recall@10: 0.0993 recall@20: 0.1522 ] [ndcg@5: 0.0625 ndcg@10: 0.0754 ndcg@20: 0.0927 ] 
2026-01-08 12:43:03,793 - Save model parameters to ./encoder/checkpoint/simgcl_gene/simgcl_gene-amazon-2023.pth
2026-01-08 12:43:03,818 - Best Epoch 78. Final test result: {'recall': array([0.06141969, 0.0993011 , 0.15215885]), 'ndcg': array([0.06253183, 0.07541208, 0.09268495])}.
