2026-01-08 12:36:25,218 - {'optimizer': {'name': 'adam', 'lr': 0.001, 'weight_decay': 0}, 'train': {'epoch': 3000, 'batch_size': 4096, 'save_model': True, 'loss': 'pairwise', 'test_step': 3, 'reproducible': True, 'seed': 2023, 'patience': 5}, 'test': {'metrics': ['recall', 'ndcg'], 'k': [5, 10, 20], 'batch_size': 1024}, 'data': {'type': 'general_cf', 'name': 'steam', 'user_num': 23310, 'item_num': 5237}, 'model': {'name': 'simgcl_gene', 'keep_rate': 1.0, 'embedding_size': 32, 'layer_num': 3, 'reg_weight': 1e-05, 'cl_weight': 0.1, 'cl_temperature': 0.2, 'mask_ratio': 0.05, 'recon_weight': 0.1, 're_temperature': 0.2, 'eps': 0.9, 'amazon': {'layer_num': 3, 'reg_weight': 1e-05, 'cl_weight': 0.1, 'cl_temperature': 0.2, 'mask_ratio': 0.05, 'recon_weight': 0.1, 're_temperature': 0.2, 'eps': 0.9}, 'yelp': {'layer_num': 3, 'reg_weight': 1e-05, 'cl_weight': 0.1, 'cl_temperature': 0.2, 'mask_ratio': 0.01, 'recon_weight': 0.01, 're_temperature': 0.05, 'eps': 0.9}, 'steam': {'layer_num': 3, 'reg_weight': 1e-05, 'cl_weight': 0.1, 'cl_temperature': 0.5, 'mask_ratio': 0.05, 'recon_weight': 0.01, 're_temperature': 0.1, 'eps': 0.2}}}
2026-01-08 12:36:40,716 - Epoch   0 Validation set [recall@5: 0.0390 recall@10: 0.0638 recall@20: 0.1009 ] [ndcg@5: 0.0450 ndcg@10: 0.0526 ndcg@20: 0.0650 ] 
2026-01-08 12:37:12,095 - Epoch   3 Validation set [recall@5: 0.0476 recall@10: 0.0783 recall@20: 0.1237 ] [ndcg@5: 0.0543 ndcg@10: 0.0640 ndcg@20: 0.0791 ] 
2026-01-08 12:37:47,982 - Epoch   6 Validation set [recall@5: 0.0509 recall@10: 0.0842 recall@20: 0.1334 ] [ndcg@5: 0.0575 ndcg@10: 0.0680 ndcg@20: 0.0845 ] 
2026-01-08 12:38:19,488 - Epoch   9 Validation set [recall@5: 0.0525 recall@10: 0.0861 recall@20: 0.1368 ] [ndcg@5: 0.0591 ndcg@10: 0.0699 ndcg@20: 0.0868 ] 
2026-01-08 12:38:51,686 - Epoch  12 Validation set [recall@5: 0.0534 recall@10: 0.0872 recall@20: 0.1384 ] [ndcg@5: 0.0597 ndcg@10: 0.0707 ndcg@20: 0.0879 ] 
2026-01-08 12:39:24,511 - Epoch  15 Validation set [recall@5: 0.0537 recall@10: 0.0886 recall@20: 0.1401 ] [ndcg@5: 0.0602 ndcg@10: 0.0717 ndcg@20: 0.0890 ] 
2026-01-08 12:39:54,837 - Epoch  18 Validation set [recall@5: 0.0545 recall@10: 0.0896 recall@20: 0.1413 ] [ndcg@5: 0.0609 ndcg@10: 0.0723 ndcg@20: 0.0897 ] 
2026-01-08 12:40:24,343 - Epoch  21 Validation set [recall@5: 0.0546 recall@10: 0.0897 recall@20: 0.1423 ] [ndcg@5: 0.0613 ndcg@10: 0.0726 ndcg@20: 0.0903 ] 
2026-01-08 12:40:45,599 - Epoch  24 Validation set [recall@5: 0.0551 recall@10: 0.0904 recall@20: 0.1427 ] [ndcg@5: 0.0614 ndcg@10: 0.0730 ndcg@20: 0.0907 ] 
2026-01-08 12:41:06,770 - Epoch  27 Validation set [recall@5: 0.0556 recall@10: 0.0915 recall@20: 0.1435 ] [ndcg@5: 0.0618 ndcg@10: 0.0735 ndcg@20: 0.0910 ] 
2026-01-08 12:41:28,825 - Epoch  30 Validation set [recall@5: 0.0558 recall@10: 0.0913 recall@20: 0.1438 ] [ndcg@5: 0.0621 ndcg@10: 0.0737 ndcg@20: 0.0914 ] 
2026-01-08 12:41:50,434 - Epoch  33 Validation set [recall@5: 0.0561 recall@10: 0.0917 recall@20: 0.1442 ] [ndcg@5: 0.0622 ndcg@10: 0.0738 ndcg@20: 0.0915 ] 
2026-01-08 12:42:12,147 - Epoch  36 Validation set [recall@5: 0.0564 recall@10: 0.0920 recall@20: 0.1443 ] [ndcg@5: 0.0625 ndcg@10: 0.0741 ndcg@20: 0.0917 ] 
2026-01-08 12:42:33,321 - Epoch  39 Validation set [recall@5: 0.0567 recall@10: 0.0918 recall@20: 0.1444 ] [ndcg@5: 0.0628 ndcg@10: 0.0743 ndcg@20: 0.0920 ] 
2026-01-08 12:42:54,362 - Epoch  42 Validation set [recall@5: 0.0568 recall@10: 0.0925 recall@20: 0.1454 ] [ndcg@5: 0.0629 ndcg@10: 0.0745 ndcg@20: 0.0924 ] 
2026-01-08 12:43:16,319 - Epoch  45 Validation set [recall@5: 0.0568 recall@10: 0.0926 recall@20: 0.1455 ] [ndcg@5: 0.0631 ndcg@10: 0.0747 ndcg@20: 0.0926 ] 
2026-01-08 12:43:38,125 - Epoch  48 Validation set [recall@5: 0.0567 recall@10: 0.0927 recall@20: 0.1453 ] [ndcg@5: 0.0629 ndcg@10: 0.0748 ndcg@20: 0.0925 ] 
2026-01-08 12:44:00,381 - Epoch  51 Validation set [recall@5: 0.0573 recall@10: 0.0926 recall@20: 0.1459 ] [ndcg@5: 0.0632 ndcg@10: 0.0747 ndcg@20: 0.0928 ] 
2026-01-08 12:44:22,208 - Epoch  54 Validation set [recall@5: 0.0573 recall@10: 0.0926 recall@20: 0.1462 ] [ndcg@5: 0.0634 ndcg@10: 0.0749 ndcg@20: 0.0930 ] 
2026-01-08 12:44:43,391 - Epoch  57 Validation set [recall@5: 0.0571 recall@10: 0.0924 recall@20: 0.1464 ] [ndcg@5: 0.0633 ndcg@10: 0.0748 ndcg@20: 0.0931 ] 
2026-01-08 12:45:04,772 - Epoch  60 Validation set [recall@5: 0.0572 recall@10: 0.0927 recall@20: 0.1463 ] [ndcg@5: 0.0634 ndcg@10: 0.0750 ndcg@20: 0.0930 ] 
2026-01-08 12:45:25,358 - Epoch  63 Validation set [recall@5: 0.0574 recall@10: 0.0931 recall@20: 0.1460 ] [ndcg@5: 0.0637 ndcg@10: 0.0752 ndcg@20: 0.0932 ] 
2026-01-08 12:45:45,432 - Epoch  66 Validation set [recall@5: 0.0576 recall@10: 0.0936 recall@20: 0.1464 ] [ndcg@5: 0.0637 ndcg@10: 0.0754 ndcg@20: 0.0933 ] 
2026-01-08 12:46:05,336 - Epoch  69 Validation set [recall@5: 0.0577 recall@10: 0.0939 recall@20: 0.1468 ] [ndcg@5: 0.0636 ndcg@10: 0.0755 ndcg@20: 0.0934 ] 
2026-01-08 12:46:25,387 - Epoch  72 Validation set [recall@5: 0.0577 recall@10: 0.0935 recall@20: 0.1465 ] [ndcg@5: 0.0635 ndcg@10: 0.0753 ndcg@20: 0.0932 ] 
2026-01-08 12:46:45,284 - Epoch  75 Validation set [recall@5: 0.0578 recall@10: 0.0944 recall@20: 0.1462 ] [ndcg@5: 0.0636 ndcg@10: 0.0757 ndcg@20: 0.0933 ] 
2026-01-08 12:47:06,037 - Epoch  78 Validation set [recall@5: 0.0579 recall@10: 0.0941 recall@20: 0.1468 ] [ndcg@5: 0.0639 ndcg@10: 0.0758 ndcg@20: 0.0937 ] 
2026-01-08 12:47:26,136 - Epoch  81 Validation set [recall@5: 0.0577 recall@10: 0.0940 recall@20: 0.1467 ] [ndcg@5: 0.0637 ndcg@10: 0.0757 ndcg@20: 0.0936 ] 
2026-01-08 12:47:45,941 - Epoch  84 Validation set [recall@5: 0.0577 recall@10: 0.0938 recall@20: 0.1472 ] [ndcg@5: 0.0638 ndcg@10: 0.0756 ndcg@20: 0.0937 ] 
2026-01-08 12:48:06,099 - Epoch  87 Validation set [recall@5: 0.0580 recall@10: 0.0944 recall@20: 0.1471 ] [ndcg@5: 0.0642 ndcg@10: 0.0760 ndcg@20: 0.0940 ] 
2026-01-08 12:48:25,868 - Epoch  90 Validation set [recall@5: 0.0586 recall@10: 0.0946 recall@20: 0.1470 ] [ndcg@5: 0.0641 ndcg@10: 0.0759 ndcg@20: 0.0937 ] 
2026-01-08 12:48:46,431 - Epoch  93 Validation set [recall@5: 0.0585 recall@10: 0.0949 recall@20: 0.1473 ] [ndcg@5: 0.0640 ndcg@10: 0.0760 ndcg@20: 0.0938 ] 
2026-01-08 12:49:07,624 - Epoch  96 Validation set [recall@5: 0.0584 recall@10: 0.0946 recall@20: 0.1473 ] [ndcg@5: 0.0641 ndcg@10: 0.0761 ndcg@20: 0.0940 ] 
2026-01-08 12:49:45,729 - Epoch  99 Validation set [recall@5: 0.0586 recall@10: 0.0944 recall@20: 0.1474 ] [ndcg@5: 0.0641 ndcg@10: 0.0758 ndcg@20: 0.0939 ] 
2026-01-08 12:50:22,644 - Epoch 102 Validation set [recall@5: 0.0585 recall@10: 0.0947 recall@20: 0.1473 ] [ndcg@5: 0.0641 ndcg@10: 0.0760 ndcg@20: 0.0939 ] 
2026-01-08 12:51:00,160 - Epoch 105 Validation set [recall@5: 0.0583 recall@10: 0.0950 recall@20: 0.1477 ] [ndcg@5: 0.0639 ndcg@10: 0.0761 ndcg@20: 0.0939 ] 
2026-01-08 12:51:38,786 - Epoch 108 Validation set [recall@5: 0.0584 recall@10: 0.0949 recall@20: 0.1482 ] [ndcg@5: 0.0641 ndcg@10: 0.0760 ndcg@20: 0.0941 ] 
2026-01-08 12:52:15,806 - Epoch 111 Validation set [recall@5: 0.0583 recall@10: 0.0945 recall@20: 0.1477 ] [ndcg@5: 0.0642 ndcg@10: 0.0760 ndcg@20: 0.0940 ] 
2026-01-08 12:52:55,641 - Epoch 114 Validation set [recall@5: 0.0586 recall@10: 0.0949 recall@20: 0.1479 ] [ndcg@5: 0.0642 ndcg@10: 0.0762 ndcg@20: 0.0941 ] 
2026-01-08 12:53:32,463 - Epoch 117 Validation set [recall@5: 0.0589 recall@10: 0.0951 recall@20: 0.1483 ] [ndcg@5: 0.0645 ndcg@10: 0.0765 ndcg@20: 0.0945 ] 
2026-01-08 12:54:09,591 - Epoch 120 Validation set [recall@5: 0.0586 recall@10: 0.0953 recall@20: 0.1480 ] [ndcg@5: 0.0642 ndcg@10: 0.0764 ndcg@20: 0.0942 ] 
2026-01-08 12:54:48,501 - Epoch 123 Validation set [recall@5: 0.0590 recall@10: 0.0952 recall@20: 0.1482 ] [ndcg@5: 0.0645 ndcg@10: 0.0764 ndcg@20: 0.0943 ] 
2026-01-08 12:55:28,759 - Epoch 126 Validation set [recall@5: 0.0588 recall@10: 0.0950 recall@20: 0.1476 ] [ndcg@5: 0.0643 ndcg@10: 0.0762 ndcg@20: 0.0940 ] 
2026-01-08 12:56:10,029 - Epoch 129 Validation set [recall@5: 0.0586 recall@10: 0.0958 recall@20: 0.1483 ] [ndcg@5: 0.0642 ndcg@10: 0.0766 ndcg@20: 0.0943 ] 
2026-01-08 12:56:51,076 - Epoch 132 Validation set [recall@5: 0.0583 recall@10: 0.0958 recall@20: 0.1483 ] [ndcg@5: 0.0643 ndcg@10: 0.0766 ndcg@20: 0.0943 ] 
2026-01-08 12:56:55,806 - [recall@5: 0.0589 recall@10: 0.0951 recall@20: 0.1483 ] [ndcg@5: 0.0645 ndcg@10: 0.0765 ndcg@20: 0.0945 ] 
2026-01-08 12:57:00,531 - [recall@5: 0.0578 recall@10: 0.0936 recall@20: 0.1461 ] [ndcg@5: 0.0633 ndcg@10: 0.0754 ndcg@20: 0.0933 ] 
2026-01-08 12:57:00,559 - Save model parameters to ./encoder/checkpoint/simgcl_gene/simgcl_gene-steam-2023.pth
2026-01-08 12:57:00,560 - Best Epoch 117. Final test result: {'recall': array([0.05777599, 0.09356258, 0.14614847]), 'ndcg': array([0.06332271, 0.0754408 , 0.0932994 ])}.
