2026-01-08 12:37:53,854 - {'optimizer': {'name': 'adam', 'lr': 0.001, 'weight_decay': 0}, 'train': {'epoch': 3000, 'batch_size': 4096, 'save_model': True, 'loss': 'pairwise', 'test_step': 3, 'reproducible': True, 'seed': 2023, 'patience': 5}, 'test': {'metrics': ['recall', 'ndcg'], 'k': [5, 10, 20], 'batch_size': 1024}, 'data': {'type': 'general_cf', 'name': 'yelp', 'user_num': 11091, 'item_num': 11010}, 'model': {'name': 'simgcl_gene', 'keep_rate': 1.0, 'embedding_size': 32, 'layer_num': 3, 'reg_weight': 1e-05, 'cl_weight': 0.1, 'cl_temperature': 0.2, 'mask_ratio': 0.05, 'recon_weight': 0.1, 're_temperature': 0.2, 'eps': 0.9, 'amazon': {'layer_num': 3, 'reg_weight': 1e-05, 'cl_weight': 0.1, 'cl_temperature': 0.2, 'mask_ratio': 0.05, 'recon_weight': 0.1, 're_temperature': 0.2, 'eps': 0.9}, 'yelp': {'layer_num': 3, 'reg_weight': 1e-05, 'cl_weight': 0.1, 'cl_temperature': 0.2, 'mask_ratio': 0.01, 'recon_weight': 0.01, 're_temperature': 0.05, 'eps': 0.9}, 'steam': {'layer_num': 3, 'reg_weight': 1e-05, 'cl_weight': 0.1, 'cl_temperature': 0.5, 'mask_ratio': 0.05, 'recon_weight': 0.01, 're_temperature': 0.1, 'eps': 0.2}}}
2026-01-08 12:38:00,475 - Epoch   0 Validation set [recall@5: 0.0322 recall@10: 0.0543 recall@20: 0.0912 ] [ndcg@5: 0.0394 ndcg@10: 0.0461 ndcg@20: 0.0585 ] 
2026-01-08 12:38:12,152 - Epoch   3 Validation set [recall@5: 0.0348 recall@10: 0.0585 recall@20: 0.0954 ] [ndcg@5: 0.0418 ndcg@10: 0.0489 ndcg@20: 0.0614 ] 
2026-01-08 12:38:24,816 - Epoch   6 Validation set [recall@5: 0.0376 recall@10: 0.0637 recall@20: 0.1036 ] [ndcg@5: 0.0450 ndcg@10: 0.0529 ndcg@20: 0.0664 ] 
2026-01-08 12:38:37,413 - Epoch   9 Validation set [recall@5: 0.0390 recall@10: 0.0663 recall@20: 0.1090 ] [ndcg@5: 0.0468 ndcg@10: 0.0552 ndcg@20: 0.0697 ] 
2026-01-08 12:38:50,600 - Epoch  12 Validation set [recall@5: 0.0407 recall@10: 0.0681 recall@20: 0.1125 ] [ndcg@5: 0.0487 ndcg@10: 0.0571 ndcg@20: 0.0722 ] 
2026-01-08 12:39:02,249 - Epoch  15 Validation set [recall@5: 0.0422 recall@10: 0.0706 recall@20: 0.1146 ] [ndcg@5: 0.0501 ndcg@10: 0.0590 ndcg@20: 0.0738 ] 
2026-01-08 12:39:14,021 - Epoch  18 Validation set [recall@5: 0.0434 recall@10: 0.0718 recall@20: 0.1173 ] [ndcg@5: 0.0513 ndcg@10: 0.0600 ndcg@20: 0.0754 ] 
2026-01-08 12:39:25,745 - Epoch  21 Validation set [recall@5: 0.0440 recall@10: 0.0727 recall@20: 0.1187 ] [ndcg@5: 0.0519 ndcg@10: 0.0608 ndcg@20: 0.0763 ] 
2026-01-08 12:39:36,934 - Epoch  24 Validation set [recall@5: 0.0442 recall@10: 0.0736 recall@20: 0.1209 ] [ndcg@5: 0.0523 ndcg@10: 0.0614 ndcg@20: 0.0775 ] 
2026-01-08 12:39:48,322 - Epoch  27 Validation set [recall@5: 0.0446 recall@10: 0.0749 recall@20: 0.1227 ] [ndcg@5: 0.0527 ndcg@10: 0.0621 ndcg@20: 0.0782 ] 
2026-01-08 12:39:59,983 - Epoch  30 Validation set [recall@5: 0.0443 recall@10: 0.0754 recall@20: 0.1227 ] [ndcg@5: 0.0525 ndcg@10: 0.0624 ndcg@20: 0.0783 ] 
2026-01-08 12:40:11,412 - Epoch  33 Validation set [recall@5: 0.0451 recall@10: 0.0756 recall@20: 0.1235 ] [ndcg@5: 0.0533 ndcg@10: 0.0629 ndcg@20: 0.0790 ] 
2026-01-08 12:40:23,134 - Epoch  36 Validation set [recall@5: 0.0454 recall@10: 0.0767 recall@20: 0.1249 ] [ndcg@5: 0.0536 ndcg@10: 0.0633 ndcg@20: 0.0796 ] 
2026-01-08 12:40:34,531 - Epoch  39 Validation set [recall@5: 0.0461 recall@10: 0.0770 recall@20: 0.1251 ] [ndcg@5: 0.0539 ndcg@10: 0.0637 ndcg@20: 0.0798 ] 
2026-01-08 12:40:46,564 - Epoch  42 Validation set [recall@5: 0.0459 recall@10: 0.0769 recall@20: 0.1257 ] [ndcg@5: 0.0539 ndcg@10: 0.0638 ndcg@20: 0.0801 ] 
2026-01-08 12:40:57,993 - Epoch  45 Validation set [recall@5: 0.0460 recall@10: 0.0774 recall@20: 0.1261 ] [ndcg@5: 0.0536 ndcg@10: 0.0637 ndcg@20: 0.0800 ] 
2026-01-08 12:41:09,483 - Epoch  48 Validation set [recall@5: 0.0462 recall@10: 0.0778 recall@20: 0.1261 ] [ndcg@5: 0.0540 ndcg@10: 0.0640 ndcg@20: 0.0802 ] 
2026-01-08 12:41:21,033 - Epoch  51 Validation set [recall@5: 0.0465 recall@10: 0.0781 recall@20: 0.1268 ] [ndcg@5: 0.0545 ndcg@10: 0.0643 ndcg@20: 0.0807 ] 
2026-01-08 12:41:32,641 - Epoch  54 Validation set [recall@5: 0.0461 recall@10: 0.0777 recall@20: 0.1274 ] [ndcg@5: 0.0541 ndcg@10: 0.0640 ndcg@20: 0.0807 ] 
2026-01-08 12:41:44,298 - Epoch  57 Validation set [recall@5: 0.0464 recall@10: 0.0785 recall@20: 0.1281 ] [ndcg@5: 0.0546 ndcg@10: 0.0646 ndcg@20: 0.0812 ] 
2026-01-08 12:41:55,509 - Epoch  60 Validation set [recall@5: 0.0461 recall@10: 0.0782 recall@20: 0.1285 ] [ndcg@5: 0.0542 ndcg@10: 0.0642 ndcg@20: 0.0811 ] 
2026-01-08 12:42:07,138 - Epoch  63 Validation set [recall@5: 0.0460 recall@10: 0.0781 recall@20: 0.1285 ] [ndcg@5: 0.0542 ndcg@10: 0.0642 ndcg@20: 0.0812 ] 
2026-01-08 12:42:18,448 - Epoch  66 Validation set [recall@5: 0.0460 recall@10: 0.0781 recall@20: 0.1289 ] [ndcg@5: 0.0540 ndcg@10: 0.0640 ndcg@20: 0.0811 ] 
2026-01-08 12:42:29,887 - Epoch  69 Validation set [recall@5: 0.0461 recall@10: 0.0779 recall@20: 0.1292 ] [ndcg@5: 0.0544 ndcg@10: 0.0644 ndcg@20: 0.0816 ] 
2026-01-08 12:42:41,109 - Epoch  72 Validation set [recall@5: 0.0455 recall@10: 0.0780 recall@20: 0.1294 ] [ndcg@5: 0.0537 ndcg@10: 0.0641 ndcg@20: 0.0814 ] 
2026-01-08 12:42:52,327 - Epoch  75 Validation set [recall@5: 0.0463 recall@10: 0.0790 recall@20: 0.1288 ] [ndcg@5: 0.0543 ndcg@10: 0.0646 ndcg@20: 0.0814 ] 
2026-01-08 12:43:03,569 - Epoch  78 Validation set [recall@5: 0.0460 recall@10: 0.0788 recall@20: 0.1288 ] [ndcg@5: 0.0544 ndcg@10: 0.0647 ndcg@20: 0.0815 ] 
2026-01-08 12:43:13,811 - Epoch  81 Validation set [recall@5: 0.0450 recall@10: 0.0783 recall@20: 0.1285 ] [ndcg@5: 0.0537 ndcg@10: 0.0645 ndcg@20: 0.0813 ] 
2026-01-08 12:43:23,897 - Epoch  84 Validation set [recall@5: 0.0460 recall@10: 0.0791 recall@20: 0.1282 ] [ndcg@5: 0.0545 ndcg@10: 0.0649 ndcg@20: 0.0813 ] 
2026-01-08 12:43:33,953 - Epoch  87 Validation set [recall@5: 0.0451 recall@10: 0.0787 recall@20: 0.1286 ] [ndcg@5: 0.0540 ndcg@10: 0.0647 ndcg@20: 0.0815 ] 
2026-01-08 12:43:36,484 - [recall@5: 0.0455 recall@10: 0.0780 recall@20: 0.1294 ] [ndcg@5: 0.0537 ndcg@10: 0.0641 ndcg@20: 0.0814 ] 
2026-01-08 12:43:38,826 - [recall@5: 0.0471 recall@10: 0.0769 recall@20: 0.1294 ] [ndcg@5: 0.0543 ndcg@10: 0.0634 ndcg@20: 0.0811 ] 
2026-01-08 12:43:38,835 - Save model parameters to ./encoder/checkpoint/simgcl_gene/simgcl_gene-yelp-2023.pth
2026-01-08 12:43:38,836 - Best Epoch 72. Final test result: {'recall': array([0.04708002, 0.07693216, 0.12935582]), 'ndcg': array([0.05426536, 0.06336702, 0.08105886])}.
