2025-05-07 09:05:54,443 - {'optimizer': {'name': 'adam', 'lr': 0.001, 'weight_decay': 0}, 'train': {'epoch': 3000, 'batch_size': 4096, 'save_model': False, 'loss': 'pairwise', 'test_step': 3, 'reproducible': True, 'seed': 2023, 'patience': 5}, 'test': {'metrics': ['recall', 'ndcg'], 'k': [5, 10, 20], 'batch_size': 1024}, 'data': {'type': 'general_cf', 'name': 'amazon', 'user_num': 11000, 'item_num': 9332}, 'model': {'name': 'dccf_lk', 'embedding_size': 64, 'intent_num': 128, 'layer_num': 2, 'reg_weight': 0.0001, 'cl_weight': 0.001, 'temperature': 0.15, 'amazon': {'layer_num': 2, 'reg_weight': 0.0001, 'cl_weight': 0.001, 'temperature': 0.15, 'proto_reg': '8e-8', 'num_clusters': 300, 'm_step': 1, 'warm_up_step': 20, 'ssl_temp': 0.1, 'ssl_reg': '1e-7', 'embedding_size': 64}, 'yelp': {'layer_num': 2, 'reg_weight': 0.0001, 'cl_weight': 0.001, 'temperature': 0.1, 'proto_reg': '8e-8', 'num_clusters': 200, 'm_step': 1, 'warm_up_step': 20, 'ssl_temp': 0.1, 'ssl_reg': '1e-7', 'embedding_size': 64}, 'steam': {'layer_num': 3, 'reg_weight': 0.001, 'cl_weight': 0.001, 'temperature': 0.15, 'proto_reg': '8e-8', 'num_clusters': 300, 'm_step': 1, 'warm_up_step': 20, 'ssl_temp': 0.1, 'ssl_reg': '1e-7', 'embedding_size': 64}}}
2025-05-07 09:06:03,329 - Epoch   0 Validation set [recall@5: 0.0329 recall@10: 0.0560 recall@20: 0.0873 ] [ndcg@5: 0.0328 ndcg@10: 0.0410 ndcg@20: 0.0512 ] 
2025-05-07 09:06:10,710 - Epoch   3 Validation set [recall@5: 0.0590 recall@10: 0.0917 recall@20: 0.1362 ] [ndcg@5: 0.0579 ndcg@10: 0.0689 ndcg@20: 0.0835 ] 
2025-05-07 09:06:18,841 - Epoch   6 Validation set [recall@5: 0.0650 recall@10: 0.1004 recall@20: 0.1499 ] [ndcg@5: 0.0643 ndcg@10: 0.0763 ndcg@20: 0.0922 ] 
2025-05-07 09:06:26,510 - Epoch   9 Validation set [recall@5: 0.0682 recall@10: 0.1028 recall@20: 0.1542 ] [ndcg@5: 0.0679 ndcg@10: 0.0794 ndcg@20: 0.0960 ] 
2025-05-07 09:06:34,511 - Epoch  12 Validation set [recall@5: 0.0703 recall@10: 0.1075 recall@20: 0.1578 ] [ndcg@5: 0.0690 ndcg@10: 0.0820 ndcg@20: 0.0985 ] 
2025-05-07 09:06:41,501 - Epoch  15 Validation set [recall@5: 0.0702 recall@10: 0.1088 recall@20: 0.1612 ] [ndcg@5: 0.0699 ndcg@10: 0.0829 ndcg@20: 0.1000 ] 
2025-05-07 09:06:48,700 - Epoch  18 Validation set [recall@5: 0.0720 recall@10: 0.1095 recall@20: 0.1625 ] [ndcg@5: 0.0711 ndcg@10: 0.0837 ndcg@20: 0.1010 ] 
2025-05-07 09:06:55,637 - Epoch  21 Validation set [recall@5: 0.0730 recall@10: 0.1110 recall@20: 0.1638 ] [ndcg@5: 0.0715 ndcg@10: 0.0846 ndcg@20: 0.1018 ] 
2025-05-07 09:07:02,583 - Epoch  24 Validation set [recall@5: 0.0722 recall@10: 0.1115 recall@20: 0.1630 ] [ndcg@5: 0.0722 ndcg@10: 0.0853 ndcg@20: 0.1023 ] 
2025-05-07 09:07:09,621 - Epoch  27 Validation set [recall@5: 0.0725 recall@10: 0.1125 recall@20: 0.1638 ] [ndcg@5: 0.0726 ndcg@10: 0.0861 ndcg@20: 0.1030 ] 
2025-05-07 09:07:16,712 - Epoch  30 Validation set [recall@5: 0.0722 recall@10: 0.1122 recall@20: 0.1643 ] [ndcg@5: 0.0709 ndcg@10: 0.0848 ndcg@20: 0.1020 ] 
2025-05-07 09:07:23,784 - Epoch  33 Validation set [recall@5: 0.0732 recall@10: 0.1131 recall@20: 0.1655 ] [ndcg@5: 0.0727 ndcg@10: 0.0864 ndcg@20: 0.1035 ] 
2025-05-07 09:07:30,706 - Epoch  36 Validation set [recall@5: 0.0748 recall@10: 0.1131 recall@20: 0.1665 ] [ndcg@5: 0.0737 ndcg@10: 0.0870 ndcg@20: 0.1045 ] 
2025-05-07 09:07:37,747 - Epoch  39 Validation set [recall@5: 0.0745 recall@10: 0.1119 recall@20: 0.1672 ] [ndcg@5: 0.0734 ndcg@10: 0.0864 ndcg@20: 0.1045 ] 
2025-05-07 09:07:46,268 - Epoch  42 Validation set [recall@5: 0.0740 recall@10: 0.1130 recall@20: 0.1687 ] [ndcg@5: 0.0729 ndcg@10: 0.0862 ndcg@20: 0.1043 ] 
2025-05-07 09:07:54,119 - Epoch  45 Validation set [recall@5: 0.0743 recall@10: 0.1134 recall@20: 0.1670 ] [ndcg@5: 0.0741 ndcg@10: 0.0876 ndcg@20: 0.1050 ] 
2025-05-07 09:08:01,755 - Epoch  48 Validation set [recall@5: 0.0753 recall@10: 0.1148 recall@20: 0.1669 ] [ndcg@5: 0.0744 ndcg@10: 0.0877 ndcg@20: 0.1048 ] 
2025-05-07 09:08:09,336 - Epoch  51 Validation set [recall@5: 0.0734 recall@10: 0.1124 recall@20: 0.1664 ] [ndcg@5: 0.0733 ndcg@10: 0.0869 ndcg@20: 0.1043 ] 
2025-05-07 09:08:16,651 - Epoch  54 Validation set [recall@5: 0.0747 recall@10: 0.1133 recall@20: 0.1669 ] [ndcg@5: 0.0737 ndcg@10: 0.0868 ndcg@20: 0.1046 ] 
2025-05-07 09:08:23,897 - Epoch  57 Validation set [recall@5: 0.0752 recall@10: 0.1134 recall@20: 0.1665 ] [ndcg@5: 0.0750 ndcg@10: 0.0880 ndcg@20: 0.1055 ] 
2025-05-07 09:08:25,949 - [recall@5: 0.0740 recall@10: 0.1130 recall@20: 0.1687 ] [ndcg@5: 0.0729 ndcg@10: 0.0862 ndcg@20: 0.1043 ] 
2025-05-07 09:08:27,957 - [recall@5: 0.0737 recall@10: 0.1121 recall@20: 0.1661 ] [ndcg@5: 0.0727 ndcg@10: 0.0858 ndcg@20: 0.1034 ] 
2025-05-07 09:08:27,959 - Best Epoch 42. Final test result: {'recall': array([0.0736527 , 0.11207147, 0.16609442]), 'ndcg': array([0.07267842, 0.08575106, 0.10339475])}.
#去掉用户身份物品属性视角