2025-05-08 06:14:30,742 - {'optimizer': {'name': 'adam', 'lr': 0.001, 'weight_decay': 0}, 'train': {'epoch': 3000, 'batch_size': 4096, 'save_model': False, 'loss': 'pairwise', 'test_step': 3, 'reproducible': True, 'seed': 2023, 'patience': 5}, 'test': {'metrics': ['recall', 'ndcg'], 'k': [5, 10, 20], 'batch_size': 1024}, 'data': {'type': 'general_cf', 'name': 'amazon', 'user_num': 11000, 'item_num': 9332}, 'model': {'name': 'dccf_lk', 'embedding_size': 64, 'intent_num': 128, 'layer_num': 2, 'reg_weight': 0.0001, 'cl_weight': 0.001, 'temperature': 0.15, 'amazon': {'layer_num': 2, 'reg_weight': 0.0001, 'cl_weight': 0.001, 'temperature': 0.15, 'proto_reg': '8e-8', 'num_clusters': 250, 'm_step': 1, 'warm_up_step': 20, 'ssl_temp': 0.1, 'ssl_reg': '1e-7', 'embedding_size': 64}, 'yelp': {'layer_num': 2, 'reg_weight': 0.0001, 'cl_weight': 0.001, 'temperature': 0.1, 'proto_reg': '8e-8', 'num_clusters': 200, 'm_step': 1, 'warm_up_step': 20, 'ssl_temp': 0.1, 'ssl_reg': '1e-7', 'embedding_size': 64}, 'steam': {'layer_num': 3, 'reg_weight': 0.001, 'cl_weight': 0.001, 'temperature': 0.15, 'proto_reg': '8e-8', 'num_clusters': 300, 'm_step': 1, 'warm_up_step': 20, 'ssl_temp': 0.1, 'ssl_reg': '1e-7', 'embedding_size': 64}}}
2025-05-08 06:14:37,651 - Epoch   0 Validation set [recall@5: 0.0332 recall@10: 0.0562 recall@20: 0.0871 ] [ndcg@5: 0.0330 ndcg@10: 0.0412 ndcg@20: 0.0513 ] 
2025-05-08 06:14:44,732 - Epoch   3 Validation set [recall@5: 0.0592 recall@10: 0.0919 recall@20: 0.1365 ] [ndcg@5: 0.0580 ndcg@10: 0.0691 ndcg@20: 0.0837 ] 
2025-05-08 06:14:51,832 - Epoch   6 Validation set [recall@5: 0.0647 recall@10: 0.1005 recall@20: 0.1498 ] [ndcg@5: 0.0642 ndcg@10: 0.0763 ndcg@20: 0.0922 ] 
2025-05-08 06:14:58,797 - Epoch   9 Validation set [recall@5: 0.0681 recall@10: 0.1028 recall@20: 0.1537 ] [ndcg@5: 0.0678 ndcg@10: 0.0794 ndcg@20: 0.0959 ] 
2025-05-08 06:15:05,934 - Epoch  12 Validation set [recall@5: 0.0711 recall@10: 0.1071 recall@20: 0.1579 ] [ndcg@5: 0.0694 ndcg@10: 0.0819 ndcg@20: 0.0985 ] 
2025-05-08 06:15:12,954 - Epoch  15 Validation set [recall@5: 0.0708 recall@10: 0.1096 recall@20: 0.1607 ] [ndcg@5: 0.0706 ndcg@10: 0.0834 ndcg@20: 0.1002 ] 
2025-05-08 06:15:19,887 - Epoch  18 Validation set [recall@5: 0.0724 recall@10: 0.1096 recall@20: 0.1618 ] [ndcg@5: 0.0716 ndcg@10: 0.0841 ndcg@20: 0.1012 ] 
2025-05-08 06:15:26,911 - Epoch  21 Validation set [recall@5: 0.0728 recall@10: 0.1106 recall@20: 0.1639 ] [ndcg@5: 0.0712 ndcg@10: 0.0843 ndcg@20: 0.1016 ] 
2025-05-08 06:15:34,040 - Epoch  24 Validation set [recall@5: 0.0726 recall@10: 0.1107 recall@20: 0.1639 ] [ndcg@5: 0.0723 ndcg@10: 0.0849 ndcg@20: 0.1024 ] 
2025-05-08 06:15:40,942 - Epoch  27 Validation set [recall@5: 0.0732 recall@10: 0.1121 recall@20: 0.1644 ] [ndcg@5: 0.0728 ndcg@10: 0.0860 ndcg@20: 0.1032 ] 
2025-05-08 06:15:47,959 - Epoch  30 Validation set [recall@5: 0.0722 recall@10: 0.1112 recall@20: 0.1634 ] [ndcg@5: 0.0710 ndcg@10: 0.0844 ndcg@20: 0.1017 ] 
2025-05-08 06:15:54,848 - Epoch  33 Validation set [recall@5: 0.0734 recall@10: 0.1132 recall@20: 0.1654 ] [ndcg@5: 0.0732 ndcg@10: 0.0868 ndcg@20: 0.1039 ] 
2025-05-08 06:16:02,018 - Epoch  36 Validation set [recall@5: 0.0754 recall@10: 0.1138 recall@20: 0.1662 ] [ndcg@5: 0.0740 ndcg@10: 0.0873 ndcg@20: 0.1045 ] 
2025-05-08 06:16:09,001 - Epoch  39 Validation set [recall@5: 0.0738 recall@10: 0.1123 recall@20: 0.1672 ] [ndcg@5: 0.0733 ndcg@10: 0.0867 ndcg@20: 0.1046 ] 
2025-05-08 06:16:15,991 - Epoch  42 Validation set [recall@5: 0.0744 recall@10: 0.1128 recall@20: 0.1689 ] [ndcg@5: 0.0731 ndcg@10: 0.0862 ndcg@20: 0.1045 ] 
2025-05-08 06:16:23,415 - Epoch  45 Validation set [recall@5: 0.0747 recall@10: 0.1130 recall@20: 0.1674 ] [ndcg@5: 0.0743 ndcg@10: 0.0875 ndcg@20: 0.1050 ] 
2025-05-08 06:16:30,467 - Epoch  48 Validation set [recall@5: 0.0749 recall@10: 0.1149 recall@20: 0.1671 ] [ndcg@5: 0.0742 ndcg@10: 0.0878 ndcg@20: 0.1049 ] 
2025-05-08 06:16:37,414 - Epoch  51 Validation set [recall@5: 0.0738 recall@10: 0.1124 recall@20: 0.1659 ] [ndcg@5: 0.0738 ndcg@10: 0.0871 ndcg@20: 0.1044 ] 
2025-05-08 06:16:44,586 - Epoch  54 Validation set [recall@5: 0.0759 recall@10: 0.1132 recall@20: 0.1666 ] [ndcg@5: 0.0742 ndcg@10: 0.0867 ndcg@20: 0.1045 ] 
2025-05-08 06:16:51,492 - Epoch  57 Validation set [recall@5: 0.0753 recall@10: 0.1134 recall@20: 0.1666 ] [ndcg@5: 0.0751 ndcg@10: 0.0880 ndcg@20: 0.1055 ] 
2025-05-08 06:16:53,117 - [recall@5: 0.0744 recall@10: 0.1128 recall@20: 0.1689 ] [ndcg@5: 0.0731 ndcg@10: 0.0862 ndcg@20: 0.1045 ] 
2025-05-08 06:16:54,667 - [recall@5: 0.0735 recall@10: 0.1123 recall@20: 0.1663 ] [ndcg@5: 0.0727 ndcg@10: 0.0859 ndcg@20: 0.1035 ] 
2025-05-08 06:16:54,667 - Best Epoch 42. Final test result: {'recall': array([0.07353211, 0.11229067, 0.16629344]), 'ndcg': array([0.07272096, 0.08593037, 0.10346637])}.
聚类num_clusters: 250