2025-05-08 06:36:45,632 - {'optimizer': {'name': 'adam', 'lr': 0.001, 'weight_decay': 0}, 'train': {'epoch': 3000, 'batch_size': 4096, 'save_model': False, 'loss': 'pairwise', 'test_step': 3, 'reproducible': True, 'seed': 2023, 'patience': 5}, 'test': {'metrics': ['recall', 'ndcg'], 'k': [5, 10, 20], 'batch_size': 1024}, 'data': {'type': 'general_cf', 'name': 'amazon', 'user_num': 11000, 'item_num': 9332}, 'model': {'name': 'dccf_lk', 'embedding_size': 64, 'intent_num': 128, 'layer_num': 2, 'reg_weight': 0.0001, 'cl_weight': 0.001, 'temperature': 0.15, 'amazon': {'layer_num': 2, 'reg_weight': 0.0001, 'cl_weight': 0.001, 'temperature': 0.15, 'proto_reg': '8e-8', 'num_clusters': 100, 'm_step': 1, 'warm_up_step': 20, 'ssl_temp': 0.1, 'ssl_reg': '1e-7', 'embedding_size': 64}, 'yelp': {'layer_num': 2, 'reg_weight': 0.0001, 'cl_weight': 0.001, 'temperature': 0.1, 'proto_reg': '8e-8', 'num_clusters': 200, 'm_step': 1, 'warm_up_step': 20, 'ssl_temp': 0.1, 'ssl_reg': '1e-7', 'embedding_size': 64}, 'steam': {'layer_num': 3, 'reg_weight': 0.001, 'cl_weight': 0.001, 'temperature': 0.15, 'proto_reg': '8e-8', 'num_clusters': 300, 'm_step': 1, 'warm_up_step': 20, 'ssl_temp': 0.1, 'ssl_reg': '1e-7', 'embedding_size': 64}}}
2025-05-08 06:36:52,528 - Epoch   0 Validation set [recall@5: 0.0330 recall@10: 0.0563 recall@20: 0.0872 ] [ndcg@5: 0.0329 ndcg@10: 0.0412 ndcg@20: 0.0513 ] 
2025-05-08 06:36:59,745 - Epoch   3 Validation set [recall@5: 0.0591 recall@10: 0.0924 recall@20: 0.1364 ] [ndcg@5: 0.0581 ndcg@10: 0.0692 ndcg@20: 0.0837 ] 
2025-05-08 06:37:06,885 - Epoch   6 Validation set [recall@5: 0.0646 recall@10: 0.1006 recall@20: 0.1498 ] [ndcg@5: 0.0641 ndcg@10: 0.0763 ndcg@20: 0.0922 ] 
2025-05-08 06:37:14,150 - Epoch   9 Validation set [recall@5: 0.0681 recall@10: 0.1030 recall@20: 0.1537 ] [ndcg@5: 0.0680 ndcg@10: 0.0797 ndcg@20: 0.0961 ] 
2025-05-08 06:37:21,048 - Epoch  12 Validation set [recall@5: 0.0704 recall@10: 0.1072 recall@20: 0.1577 ] [ndcg@5: 0.0689 ndcg@10: 0.0818 ndcg@20: 0.0984 ] 
2025-05-08 06:37:27,901 - Epoch  15 Validation set [recall@5: 0.0710 recall@10: 0.1090 recall@20: 0.1611 ] [ndcg@5: 0.0705 ndcg@10: 0.0833 ndcg@20: 0.1004 ] 
2025-05-08 06:37:35,051 - Epoch  18 Validation set [recall@5: 0.0722 recall@10: 0.1100 recall@20: 0.1620 ] [ndcg@5: 0.0716 ndcg@10: 0.0842 ndcg@20: 0.1013 ] 
2025-05-08 06:37:41,891 - Epoch  21 Validation set [recall@5: 0.0728 recall@10: 0.1111 recall@20: 0.1629 ] [ndcg@5: 0.0713 ndcg@10: 0.0845 ndcg@20: 0.1014 ] 
2025-05-08 06:37:48,859 - Epoch  24 Validation set [recall@5: 0.0724 recall@10: 0.1116 recall@20: 0.1637 ] [ndcg@5: 0.0724 ndcg@10: 0.0855 ndcg@20: 0.1027 ] 
2025-05-08 06:37:55,688 - Epoch  27 Validation set [recall@5: 0.0728 recall@10: 0.1121 recall@20: 0.1642 ] [ndcg@5: 0.0724 ndcg@10: 0.0858 ndcg@20: 0.1030 ] 
2025-05-08 06:38:02,686 - Epoch  30 Validation set [recall@5: 0.0717 recall@10: 0.1121 recall@20: 0.1646 ] [ndcg@5: 0.0708 ndcg@10: 0.0849 ndcg@20: 0.1022 ] 
2025-05-08 06:38:09,527 - Epoch  33 Validation set [recall@5: 0.0739 recall@10: 0.1128 recall@20: 0.1654 ] [ndcg@5: 0.0734 ndcg@10: 0.0866 ndcg@20: 0.1038 ] 
2025-05-08 06:38:16,341 - Epoch  36 Validation set [recall@5: 0.0749 recall@10: 0.1137 recall@20: 0.1671 ] [ndcg@5: 0.0736 ndcg@10: 0.0871 ndcg@20: 0.1046 ] 
2025-05-08 06:38:23,140 - Epoch  39 Validation set [recall@5: 0.0740 recall@10: 0.1122 recall@20: 0.1672 ] [ndcg@5: 0.0733 ndcg@10: 0.0866 ndcg@20: 0.1045 ] 
2025-05-08 06:38:30,108 - Epoch  42 Validation set [recall@5: 0.0739 recall@10: 0.1130 recall@20: 0.1680 ] [ndcg@5: 0.0728 ndcg@10: 0.0861 ndcg@20: 0.1040 ] 
2025-05-08 06:38:37,232 - Epoch  45 Validation set [recall@5: 0.0739 recall@10: 0.1127 recall@20: 0.1665 ] [ndcg@5: 0.0738 ndcg@10: 0.0871 ndcg@20: 0.1046 ] 
2025-05-08 06:38:44,299 - Epoch  48 Validation set [recall@5: 0.0750 recall@10: 0.1149 recall@20: 0.1669 ] [ndcg@5: 0.0744 ndcg@10: 0.0881 ndcg@20: 0.1050 ] 
2025-05-08 06:38:51,346 - Epoch  51 Validation set [recall@5: 0.0734 recall@10: 0.1122 recall@20: 0.1658 ] [ndcg@5: 0.0736 ndcg@10: 0.0869 ndcg@20: 0.1043 ] 
2025-05-08 06:38:58,217 - Epoch  54 Validation set [recall@5: 0.0746 recall@10: 0.1148 recall@20: 0.1668 ] [ndcg@5: 0.0740 ndcg@10: 0.0875 ndcg@20: 0.1048 ] 
2025-05-08 06:39:05,204 - Epoch  57 Validation set [recall@5: 0.0750 recall@10: 0.1138 recall@20: 0.1657 ] [ndcg@5: 0.0749 ndcg@10: 0.0882 ndcg@20: 0.1052 ] 
2025-05-08 06:39:06,971 - [recall@5: 0.0739 recall@10: 0.1130 recall@20: 0.1680 ] [ndcg@5: 0.0728 ndcg@10: 0.0861 ndcg@20: 0.1040 ] 
2025-05-08 06:39:08,752 - [recall@5: 0.0741 recall@10: 0.1128 recall@20: 0.1661 ] [ndcg@5: 0.0732 ndcg@10: 0.0862 ndcg@20: 0.1036 ] 
2025-05-08 06:39:08,752 - Best Epoch 42. Final test result: {'recall': array([0.0740872 , 0.11275291, 0.16611474]), 'ndcg': array([0.07320263, 0.08622182, 0.10362935])}.
聚类num_clusters: 100