2025-12-24 06:08:53,172 - {'optimizer': {'name': 'adam', 'lr': 0.001, 'weight_decay': 0}, 'train': {'epoch': 3000, 'batch_size': 4096, 'save_model': False, 'loss': 'pairwise', 'test_step': 3, 'reproducible': True, 'seed': 2023, 'patience': 5}, 'test': {'metrics': ['recall', 'ndcg'], 'k': [5, 10, 20], 'batch_size': 1024}, 'data': {'type': 'general_cf', 'name': 'amazon', 'user_num': 11000, 'item_num': 9332}, 'model': {'name': 'dccf_lk', 'embedding_size': 64, 'intent_num': 128, 'layer_num': 1, 'reg_weight': 0.0001, 'cl_weight': 0.001, 'temperature': 0.15, 'amazon': {'layer_num': 1, 'reg_weight': 0.0001, 'cl_weight': 0.001, 'temperature': 0.15, 'proto_reg': '8e-8', 'num_clusters': 300, 'm_step': 1, 'warm_up_step': 20, 'ssl_temp': 0.1, 'ssl_reg': '1e-7', 'embedding_size': 64}, 'yelp': {'layer_num': 2, 'reg_weight': 0.0001, 'cl_weight': 0.001, 'temperature': 0.1, 'proto_reg': '8e-8', 'num_clusters': 200, 'm_step': 1, 'warm_up_step': 20, 'ssl_temp': 0.1, 'ssl_reg': '1e-7', 'embedding_size': 64}, 'steam': {'layer_num': 3, 'reg_weight': 0.001, 'cl_weight': 0.001, 'temperature': 0.15, 'proto_reg': '8e-8', 'num_clusters': 300, 'm_step': 1, 'warm_up_step': 20, 'ssl_temp': 0.1, 'ssl_reg': '1e-7', 'embedding_size': 64}}}
2025-12-24 06:08:58,495 - Epoch   0 Validation set [recall@5: 0.0159 recall@10: 0.0257 recall@20: 0.0422 ] [ndcg@5: 0.0153 ndcg@10: 0.0186 ndcg@20: 0.0238 ] 
2025-12-24 06:09:03,521 - Epoch   3 Validation set [recall@5: 0.0363 recall@10: 0.0590 recall@20: 0.0910 ] [ndcg@5: 0.0375 ndcg@10: 0.0451 ndcg@20: 0.0555 ] 
2025-12-24 06:09:08,711 - Epoch   6 Validation set [recall@5: 0.0396 recall@10: 0.0633 recall@20: 0.0975 ] [ndcg@5: 0.0401 ndcg@10: 0.0478 ndcg@20: 0.0590 ] 
2025-12-24 06:09:13,735 - Epoch   9 Validation set [recall@5: 0.0392 recall@10: 0.0628 recall@20: 0.0990 ] [ndcg@5: 0.0403 ndcg@10: 0.0482 ndcg@20: 0.0599 ] 
2025-12-24 06:09:18,630 - Epoch  12 Validation set [recall@5: 0.0384 recall@10: 0.0645 recall@20: 0.1003 ] [ndcg@5: 0.0394 ndcg@10: 0.0483 ndcg@20: 0.0597 ] 
2025-12-24 06:09:23,862 - Epoch  15 Validation set [recall@5: 0.0384 recall@10: 0.0637 recall@20: 0.1001 ] [ndcg@5: 0.0401 ndcg@10: 0.0485 ndcg@20: 0.0601 ] 
2025-12-24 06:09:29,146 - Epoch  18 Validation set [recall@5: 0.0395 recall@10: 0.0647 recall@20: 0.1021 ] [ndcg@5: 0.0410 ndcg@10: 0.0493 ndcg@20: 0.0612 ] 
2025-12-24 06:09:34,171 - Epoch  21 Validation set [recall@5: 0.0398 recall@10: 0.0659 recall@20: 0.1039 ] [ndcg@5: 0.0407 ndcg@10: 0.0494 ndcg@20: 0.0615 ] 
2025-12-24 06:09:39,001 - Epoch  24 Validation set [recall@5: 0.0404 recall@10: 0.0659 recall@20: 0.1048 ] [ndcg@5: 0.0415 ndcg@10: 0.0499 ndcg@20: 0.0624 ] 
2025-12-24 06:09:44,072 - Epoch  27 Validation set [recall@5: 0.0404 recall@10: 0.0680 recall@20: 0.1046 ] [ndcg@5: 0.0414 ndcg@10: 0.0508 ndcg@20: 0.0625 ] 
2025-12-24 06:09:49,198 - Epoch  30 Validation set [recall@5: 0.0411 recall@10: 0.0668 recall@20: 0.1048 ] [ndcg@5: 0.0417 ndcg@10: 0.0503 ndcg@20: 0.0624 ] 
2025-12-24 06:09:54,057 - Epoch  33 Validation set [recall@5: 0.0413 recall@10: 0.0672 recall@20: 0.1051 ] [ndcg@5: 0.0417 ndcg@10: 0.0506 ndcg@20: 0.0627 ] 
2025-12-24 06:09:58,721 - Epoch  36 Validation set [recall@5: 0.0420 recall@10: 0.0688 recall@20: 0.1056 ] [ndcg@5: 0.0424 ndcg@10: 0.0515 ndcg@20: 0.0633 ] 
2025-12-24 06:10:03,765 - Epoch  39 Validation set [recall@5: 0.0423 recall@10: 0.0680 recall@20: 0.1064 ] [ndcg@5: 0.0425 ndcg@10: 0.0511 ndcg@20: 0.0634 ] 
2025-12-24 06:10:08,711 - Epoch  42 Validation set [recall@5: 0.0431 recall@10: 0.0685 recall@20: 0.1078 ] [ndcg@5: 0.0426 ndcg@10: 0.0511 ndcg@20: 0.0637 ] 
2025-12-24 06:10:13,584 - Epoch  45 Validation set [recall@5: 0.0423 recall@10: 0.0683 recall@20: 0.1063 ] [ndcg@5: 0.0428 ndcg@10: 0.0515 ndcg@20: 0.0637 ] 
2025-12-24 06:10:18,513 - Epoch  48 Validation set [recall@5: 0.0418 recall@10: 0.0684 recall@20: 0.1066 ] [ndcg@5: 0.0421 ndcg@10: 0.0510 ndcg@20: 0.0634 ] 
2025-12-24 06:10:23,768 - Epoch  51 Validation set [recall@5: 0.0407 recall@10: 0.0690 recall@20: 0.1067 ] [ndcg@5: 0.0410 ndcg@10: 0.0509 ndcg@20: 0.0630 ] 
2025-12-24 06:10:28,730 - Epoch  54 Validation set [recall@5: 0.0420 recall@10: 0.0688 recall@20: 0.1069 ] [ndcg@5: 0.0419 ndcg@10: 0.0509 ndcg@20: 0.0633 ] 
2025-12-24 06:10:33,718 - Epoch  57 Validation set [recall@5: 0.0438 recall@10: 0.0688 recall@20: 0.1075 ] [ndcg@5: 0.0432 ndcg@10: 0.0516 ndcg@20: 0.0640 ] 
2025-12-24 06:10:35,168 - [recall@5: 0.0431 recall@10: 0.0685 recall@20: 0.1078 ] [ndcg@5: 0.0426 ndcg@10: 0.0511 ndcg@20: 0.0637 ] 
2025-12-24 06:10:36,514 - [recall@5: 0.0406 recall@10: 0.0665 recall@20: 0.1042 ] [ndcg@5: 0.0423 ndcg@10: 0.0509 ndcg@20: 0.0629 ] 
2025-12-24 06:10:36,514 - Best Epoch 42. Final test result: {'recall': array([0.04063322, 0.06649298, 0.10418582]), 'ndcg': array([0.04229149, 0.05091606, 0.06292613])}.
layer_num': 1