2025-05-08 06:23:10,265 - {'optimizer': {'name': 'adam', 'lr': 0.001, 'weight_decay': 0}, 'train': {'epoch': 3000, 'batch_size': 4096, 'save_model': False, 'loss': 'pairwise', 'test_step': 3, 'reproducible': True, 'seed': 2023, 'patience': 5}, 'test': {'metrics': ['recall', 'ndcg'], 'k': [5, 10, 20], 'batch_size': 1024}, 'data': {'type': 'general_cf', 'name': 'amazon', 'user_num': 11000, 'item_num': 9332}, 'model': {'name': 'dccf_lk', 'embedding_size': 64, 'intent_num': 128, 'layer_num': 2, 'reg_weight': 0.0001, 'cl_weight': 0.001, 'temperature': 0.15, 'amazon': {'layer_num': 2, 'reg_weight': 0.0001, 'cl_weight': 0.001, 'temperature': 0.15, 'proto_reg': '8e-8', 'num_clusters': 200, 'm_step': 1, 'warm_up_step': 20, 'ssl_temp': 0.1, 'ssl_reg': '1e-7', 'embedding_size': 64}, 'yelp': {'layer_num': 2, 'reg_weight': 0.0001, 'cl_weight': 0.001, 'temperature': 0.1, 'proto_reg': '8e-8', 'num_clusters': 200, 'm_step': 1, 'warm_up_step': 20, 'ssl_temp': 0.1, 'ssl_reg': '1e-7', 'embedding_size': 64}, 'steam': {'layer_num': 3, 'reg_weight': 0.001, 'cl_weight': 0.001, 'temperature': 0.15, 'proto_reg': '8e-8', 'num_clusters': 300, 'm_step': 1, 'warm_up_step': 20, 'ssl_temp': 0.1, 'ssl_reg': '1e-7', 'embedding_size': 64}}}
2025-05-08 06:23:17,488 - Epoch   0 Validation set [recall@5: 0.0331 recall@10: 0.0561 recall@20: 0.0871 ] [ndcg@5: 0.0329 ndcg@10: 0.0412 ndcg@20: 0.0512 ] 
2025-05-08 06:23:24,325 - Epoch   3 Validation set [recall@5: 0.0590 recall@10: 0.0922 recall@20: 0.1362 ] [ndcg@5: 0.0580 ndcg@10: 0.0692 ndcg@20: 0.0836 ] 
2025-05-08 06:23:31,360 - Epoch   6 Validation set [recall@5: 0.0648 recall@10: 0.1006 recall@20: 0.1504 ] [ndcg@5: 0.0642 ndcg@10: 0.0763 ndcg@20: 0.0924 ] 
2025-05-08 06:23:38,241 - Epoch   9 Validation set [recall@5: 0.0684 recall@10: 0.1028 recall@20: 0.1538 ] [ndcg@5: 0.0681 ndcg@10: 0.0796 ndcg@20: 0.0961 ] 
2025-05-08 06:23:45,221 - Epoch  12 Validation set [recall@5: 0.0706 recall@10: 0.1065 recall@20: 0.1573 ] [ndcg@5: 0.0691 ndcg@10: 0.0817 ndcg@20: 0.0984 ] 
2025-05-08 06:23:52,098 - Epoch  15 Validation set [recall@5: 0.0704 recall@10: 0.1096 recall@20: 0.1610 ] [ndcg@5: 0.0706 ndcg@10: 0.0837 ndcg@20: 0.1006 ] 
2025-05-08 06:23:59,024 - Epoch  18 Validation set [recall@5: 0.0722 recall@10: 0.1100 recall@20: 0.1623 ] [ndcg@5: 0.0715 ndcg@10: 0.0843 ndcg@20: 0.1014 ] 
2025-05-08 06:24:06,002 - Epoch  21 Validation set [recall@5: 0.0724 recall@10: 0.1109 recall@20: 0.1637 ] [ndcg@5: 0.0714 ndcg@10: 0.0846 ndcg@20: 0.1018 ] 
2025-05-08 06:24:12,983 - Epoch  24 Validation set [recall@5: 0.0728 recall@10: 0.1118 recall@20: 0.1636 ] [ndcg@5: 0.0723 ndcg@10: 0.0854 ndcg@20: 0.1025 ] 
2025-05-08 06:24:19,931 - Epoch  27 Validation set [recall@5: 0.0732 recall@10: 0.1127 recall@20: 0.1638 ] [ndcg@5: 0.0731 ndcg@10: 0.0864 ndcg@20: 0.1032 ] 
2025-05-08 06:24:26,930 - Epoch  30 Validation set [recall@5: 0.0731 recall@10: 0.1125 recall@20: 0.1650 ] [ndcg@5: 0.0717 ndcg@10: 0.0852 ndcg@20: 0.1025 ] 
2025-05-08 06:24:33,736 - Epoch  33 Validation set [recall@5: 0.0729 recall@10: 0.1132 recall@20: 0.1657 ] [ndcg@5: 0.0726 ndcg@10: 0.0866 ndcg@20: 0.1037 ] 
2025-05-08 06:24:40,587 - Epoch  36 Validation set [recall@5: 0.0748 recall@10: 0.1132 recall@20: 0.1662 ] [ndcg@5: 0.0738 ndcg@10: 0.0872 ndcg@20: 0.1045 ] 
2025-05-08 06:24:47,325 - Epoch  39 Validation set [recall@5: 0.0741 recall@10: 0.1126 recall@20: 0.1681 ] [ndcg@5: 0.0737 ndcg@10: 0.0869 ndcg@20: 0.1050 ] 
2025-05-08 06:24:54,349 - Epoch  42 Validation set [recall@5: 0.0744 recall@10: 0.1128 recall@20: 0.1683 ] [ndcg@5: 0.0732 ndcg@10: 0.0864 ndcg@20: 0.1044 ] 
2025-05-08 06:25:01,165 - Epoch  45 Validation set [recall@5: 0.0743 recall@10: 0.1127 recall@20: 0.1673 ] [ndcg@5: 0.0740 ndcg@10: 0.0872 ndcg@20: 0.1049 ] 
2025-05-08 06:25:08,068 - Epoch  48 Validation set [recall@5: 0.0755 recall@10: 0.1146 recall@20: 0.1675 ] [ndcg@5: 0.0745 ndcg@10: 0.0878 ndcg@20: 0.1051 ] 
2025-05-08 06:25:14,839 - Epoch  51 Validation set [recall@5: 0.0738 recall@10: 0.1127 recall@20: 0.1660 ] [ndcg@5: 0.0735 ndcg@10: 0.0870 ndcg@20: 0.1043 ] 
2025-05-08 06:25:21,939 - Epoch  54 Validation set [recall@5: 0.0754 recall@10: 0.1141 recall@20: 0.1674 ] [ndcg@5: 0.0741 ndcg@10: 0.0872 ndcg@20: 0.1048 ] 
2025-05-08 06:25:28,929 - Epoch  57 Validation set [recall@5: 0.0747 recall@10: 0.1133 recall@20: 0.1670 ] [ndcg@5: 0.0748 ndcg@10: 0.0879 ndcg@20: 0.1056 ] 
2025-05-08 06:25:30,669 - [recall@5: 0.0744 recall@10: 0.1128 recall@20: 0.1683 ] [ndcg@5: 0.0732 ndcg@10: 0.0864 ndcg@20: 0.1044 ] 
2025-05-08 06:25:32,410 - [recall@5: 0.0738 recall@10: 0.1129 recall@20: 0.1661 ] [ndcg@5: 0.0726 ndcg@10: 0.0860 ndcg@20: 0.1033 ] 
2025-05-08 06:25:32,411 - Best Epoch 42. Final test result: {'recall': array([0.07379479, 0.1129051 , 0.16609734]), 'ndcg': array([0.07263335, 0.08596209, 0.10328983])}.
聚类num_clusters: 200