2025-05-08 06:31:11,569 - {'optimizer': {'name': 'adam', 'lr': 0.001, 'weight_decay': 0}, 'train': {'epoch': 3000, 'batch_size': 4096, 'save_model': False, 'loss': 'pairwise', 'test_step': 3, 'reproducible': True, 'seed': 2023, 'patience': 5}, 'test': {'metrics': ['recall', 'ndcg'], 'k': [5, 10, 20], 'batch_size': 1024}, 'data': {'type': 'general_cf', 'name': 'amazon', 'user_num': 11000, 'item_num': 9332}, 'model': {'name': 'dccf_lk', 'embedding_size': 64, 'intent_num': 128, 'layer_num': 2, 'reg_weight': 0.0001, 'cl_weight': 0.001, 'temperature': 0.15, 'amazon': {'layer_num': 2, 'reg_weight': 0.0001, 'cl_weight': 0.001, 'temperature': 0.15, 'proto_reg': '8e-8', 'num_clusters': 150, 'm_step': 1, 'warm_up_step': 20, 'ssl_temp': 0.1, 'ssl_reg': '1e-7', 'embedding_size': 64}, 'yelp': {'layer_num': 2, 'reg_weight': 0.0001, 'cl_weight': 0.001, 'temperature': 0.1, 'proto_reg': '8e-8', 'num_clusters': 200, 'm_step': 1, 'warm_up_step': 20, 'ssl_temp': 0.1, 'ssl_reg': '1e-7', 'embedding_size': 64}, 'steam': {'layer_num': 3, 'reg_weight': 0.001, 'cl_weight': 0.001, 'temperature': 0.15, 'proto_reg': '8e-8', 'num_clusters': 300, 'm_step': 1, 'warm_up_step': 20, 'ssl_temp': 0.1, 'ssl_reg': '1e-7', 'embedding_size': 64}}}
2025-05-08 06:31:18,154 - Epoch   0 Validation set [recall@5: 0.0332 recall@10: 0.0562 recall@20: 0.0871 ] [ndcg@5: 0.0330 ndcg@10: 0.0412 ndcg@20: 0.0513 ] 
2025-05-08 06:31:25,009 - Epoch   3 Validation set [recall@5: 0.0589 recall@10: 0.0922 recall@20: 0.1362 ] [ndcg@5: 0.0580 ndcg@10: 0.0692 ndcg@20: 0.0837 ] 
2025-05-08 06:31:31,843 - Epoch   6 Validation set [recall@5: 0.0647 recall@10: 0.1007 recall@20: 0.1500 ] [ndcg@5: 0.0642 ndcg@10: 0.0764 ndcg@20: 0.0922 ] 
2025-05-08 06:31:38,721 - Epoch   9 Validation set [recall@5: 0.0680 recall@10: 0.1026 recall@20: 0.1539 ] [ndcg@5: 0.0677 ndcg@10: 0.0792 ndcg@20: 0.0959 ] 
2025-05-08 06:31:45,593 - Epoch  12 Validation set [recall@5: 0.0703 recall@10: 0.1066 recall@20: 0.1574 ] [ndcg@5: 0.0690 ndcg@10: 0.0817 ndcg@20: 0.0983 ] 
2025-05-08 06:31:52,540 - Epoch  15 Validation set [recall@5: 0.0706 recall@10: 0.1092 recall@20: 0.1610 ] [ndcg@5: 0.0703 ndcg@10: 0.0833 ndcg@20: 0.1002 ] 
2025-05-08 06:31:59,366 - Epoch  18 Validation set [recall@5: 0.0722 recall@10: 0.1108 recall@20: 0.1620 ] [ndcg@5: 0.0712 ndcg@10: 0.0843 ndcg@20: 0.1011 ] 
2025-05-08 06:32:06,268 - Epoch  21 Validation set [recall@5: 0.0722 recall@10: 0.1103 recall@20: 0.1635 ] [ndcg@5: 0.0713 ndcg@10: 0.0845 ndcg@20: 0.1018 ] 
2025-05-08 06:32:12,896 - Epoch  24 Validation set [recall@5: 0.0730 recall@10: 0.1111 recall@20: 0.1632 ] [ndcg@5: 0.0726 ndcg@10: 0.0852 ndcg@20: 0.1024 ] 
2025-05-08 06:32:19,674 - Epoch  27 Validation set [recall@5: 0.0728 recall@10: 0.1125 recall@20: 0.1632 ] [ndcg@5: 0.0726 ndcg@10: 0.0861 ndcg@20: 0.1028 ] 
2025-05-08 06:32:26,534 - Epoch  30 Validation set [recall@5: 0.0725 recall@10: 0.1119 recall@20: 0.1646 ] [ndcg@5: 0.0713 ndcg@10: 0.0849 ndcg@20: 0.1022 ] 
2025-05-08 06:32:33,137 - Epoch  33 Validation set [recall@5: 0.0733 recall@10: 0.1136 recall@20: 0.1659 ] [ndcg@5: 0.0729 ndcg@10: 0.0869 ndcg@20: 0.1039 ] 
2025-05-08 06:32:40,072 - Epoch  36 Validation set [recall@5: 0.0746 recall@10: 0.1140 recall@20: 0.1661 ] [ndcg@5: 0.0738 ndcg@10: 0.0875 ndcg@20: 0.1046 ] 
2025-05-08 06:32:46,956 - Epoch  39 Validation set [recall@5: 0.0742 recall@10: 0.1126 recall@20: 0.1681 ] [ndcg@5: 0.0736 ndcg@10: 0.0868 ndcg@20: 0.1049 ] 
2025-05-08 06:32:53,811 - Epoch  42 Validation set [recall@5: 0.0743 recall@10: 0.1121 recall@20: 0.1679 ] [ndcg@5: 0.0730 ndcg@10: 0.0859 ndcg@20: 0.1040 ] 
2025-05-08 06:33:00,615 - Epoch  45 Validation set [recall@5: 0.0738 recall@10: 0.1135 recall@20: 0.1674 ] [ndcg@5: 0.0736 ndcg@10: 0.0874 ndcg@20: 0.1048 ] 
2025-05-08 06:33:07,502 - Epoch  48 Validation set [recall@5: 0.0751 recall@10: 0.1142 recall@20: 0.1670 ] [ndcg@5: 0.0741 ndcg@10: 0.0874 ndcg@20: 0.1047 ] 
2025-05-08 06:33:14,258 - Epoch  51 Validation set [recall@5: 0.0733 recall@10: 0.1131 recall@20: 0.1661 ] [ndcg@5: 0.0735 ndcg@10: 0.0873 ndcg@20: 0.1044 ] 
2025-05-08 06:33:21,175 - Epoch  54 Validation set [recall@5: 0.0747 recall@10: 0.1138 recall@20: 0.1677 ] [ndcg@5: 0.0740 ndcg@10: 0.0873 ndcg@20: 0.1051 ] 
2025-05-08 06:33:22,828 - [recall@5: 0.0742 recall@10: 0.1126 recall@20: 0.1681 ] [ndcg@5: 0.0736 ndcg@10: 0.0868 ndcg@20: 0.1049 ] 
2025-05-08 06:33:24,555 - [recall@5: 0.0736 recall@10: 0.1126 recall@20: 0.1644 ] [ndcg@5: 0.0726 ndcg@10: 0.0861 ndcg@20: 0.1031 ] 
2025-05-08 06:33:24,556 - Best Epoch 39. Final test result: {'recall': array([0.07357992, 0.11263169, 0.16440147]), 'ndcg': array([0.07256375, 0.08608722, 0.10307253])}.
聚类num_clusters: 150