2025-05-08 06:45:08,098 - {'optimizer': {'name': 'adam', 'lr': 0.001, 'weight_decay': 0}, 'train': {'epoch': 3000, 'batch_size': 4096, 'save_model': False, 'loss': 'pairwise', 'test_step': 3, 'reproducible': True, 'seed': 2023, 'patience': 5}, 'test': {'metrics': ['recall', 'ndcg'], 'k': [5, 10, 20], 'batch_size': 1024}, 'data': {'type': 'general_cf', 'name': 'amazon', 'user_num': 11000, 'item_num': 9332}, 'model': {'name': 'dccf_lk', 'embedding_size': 64, 'intent_num': 128, 'layer_num': 2, 'reg_weight': 0.0001, 'cl_weight': 0.001, 'temperature': 0.15, 'amazon': {'layer_num': 2, 'reg_weight': 0.0001, 'cl_weight': 0.001, 'temperature': 0.15, 'proto_reg': '8e-8', 'num_clusters': 50, 'm_step': 1, 'warm_up_step': 20, 'ssl_temp': 0.1, 'ssl_reg': '1e-7', 'embedding_size': 64}, 'yelp': {'layer_num': 2, 'reg_weight': 0.0001, 'cl_weight': 0.001, 'temperature': 0.1, 'proto_reg': '8e-8', 'num_clusters': 200, 'm_step': 1, 'warm_up_step': 20, 'ssl_temp': 0.1, 'ssl_reg': '1e-7', 'embedding_size': 64}, 'steam': {'layer_num': 3, 'reg_weight': 0.001, 'cl_weight': 0.001, 'temperature': 0.15, 'proto_reg': '8e-8', 'num_clusters': 300, 'm_step': 1, 'warm_up_step': 20, 'ssl_temp': 0.1, 'ssl_reg': '1e-7', 'embedding_size': 64}}}
2025-05-08 06:45:15,267 - Epoch   0 Validation set [recall@5: 0.0330 recall@10: 0.0560 recall@20: 0.0874 ] [ndcg@5: 0.0329 ndcg@10: 0.0411 ndcg@20: 0.0513 ] 
2025-05-08 06:45:22,397 - Epoch   3 Validation set [recall@5: 0.0589 recall@10: 0.0921 recall@20: 0.1363 ] [ndcg@5: 0.0579 ndcg@10: 0.0691 ndcg@20: 0.0837 ] 
2025-05-08 06:45:29,442 - Epoch   6 Validation set [recall@5: 0.0645 recall@10: 0.1005 recall@20: 0.1499 ] [ndcg@5: 0.0641 ndcg@10: 0.0762 ndcg@20: 0.0922 ] 
2025-05-08 06:45:36,242 - Epoch   9 Validation set [recall@5: 0.0679 recall@10: 0.1028 recall@20: 0.1542 ] [ndcg@5: 0.0678 ndcg@10: 0.0795 ndcg@20: 0.0961 ] 
2025-05-08 06:45:43,092 - Epoch  12 Validation set [recall@5: 0.0699 recall@10: 0.1073 recall@20: 0.1585 ] [ndcg@5: 0.0690 ndcg@10: 0.0820 ndcg@20: 0.0987 ] 
2025-05-08 06:45:49,864 - Epoch  15 Validation set [recall@5: 0.0697 recall@10: 0.1088 recall@20: 0.1603 ] [ndcg@5: 0.0699 ndcg@10: 0.0831 ndcg@20: 0.1000 ] 
2025-05-08 06:45:56,450 - Epoch  18 Validation set [recall@5: 0.0722 recall@10: 0.1095 recall@20: 0.1623 ] [ndcg@5: 0.0714 ndcg@10: 0.0840 ndcg@20: 0.1012 ] 
2025-05-08 06:46:03,569 - Epoch  21 Validation set [recall@5: 0.0727 recall@10: 0.1117 recall@20: 0.1634 ] [ndcg@5: 0.0715 ndcg@10: 0.0849 ndcg@20: 0.1017 ] 
2025-05-08 06:46:10,334 - Epoch  24 Validation set [recall@5: 0.0726 recall@10: 0.1117 recall@20: 0.1631 ] [ndcg@5: 0.0724 ndcg@10: 0.0853 ndcg@20: 0.1022 ] 
2025-05-08 06:46:17,054 - Epoch  27 Validation set [recall@5: 0.0728 recall@10: 0.1114 recall@20: 0.1639 ] [ndcg@5: 0.0724 ndcg@10: 0.0855 ndcg@20: 0.1027 ] 
2025-05-08 06:46:23,994 - Epoch  30 Validation set [recall@5: 0.0724 recall@10: 0.1115 recall@20: 0.1644 ] [ndcg@5: 0.0713 ndcg@10: 0.0847 ndcg@20: 0.1021 ] 
2025-05-08 06:46:30,642 - Epoch  33 Validation set [recall@5: 0.0731 recall@10: 0.1127 recall@20: 0.1659 ] [ndcg@5: 0.0727 ndcg@10: 0.0863 ndcg@20: 0.1037 ] 
2025-05-08 06:46:37,443 - Epoch  36 Validation set [recall@5: 0.0752 recall@10: 0.1135 recall@20: 0.1665 ] [ndcg@5: 0.0735 ndcg@10: 0.0869 ndcg@20: 0.1042 ] 
2025-05-08 06:46:44,373 - Epoch  39 Validation set [recall@5: 0.0741 recall@10: 0.1120 recall@20: 0.1676 ] [ndcg@5: 0.0733 ndcg@10: 0.0864 ndcg@20: 0.1046 ] 
2025-05-08 06:46:51,268 - Epoch  42 Validation set [recall@5: 0.0745 recall@10: 0.1124 recall@20: 0.1685 ] [ndcg@5: 0.0732 ndcg@10: 0.0860 ndcg@20: 0.1043 ] 
2025-05-08 06:46:58,151 - Epoch  45 Validation set [recall@5: 0.0742 recall@10: 0.1131 recall@20: 0.1666 ] [ndcg@5: 0.0739 ndcg@10: 0.0873 ndcg@20: 0.1046 ] 
2025-05-08 06:47:05,035 - Epoch  48 Validation set [recall@5: 0.0752 recall@10: 0.1142 recall@20: 0.1664 ] [ndcg@5: 0.0742 ndcg@10: 0.0875 ndcg@20: 0.1045 ] 
2025-05-08 06:47:11,743 - Epoch  51 Validation set [recall@5: 0.0739 recall@10: 0.1123 recall@20: 0.1656 ] [ndcg@5: 0.0735 ndcg@10: 0.0867 ndcg@20: 0.1040 ] 
2025-05-08 06:47:18,596 - Epoch  54 Validation set [recall@5: 0.0751 recall@10: 0.1141 recall@20: 0.1666 ] [ndcg@5: 0.0739 ndcg@10: 0.0872 ndcg@20: 0.1046 ] 
2025-05-08 06:47:25,388 - Epoch  57 Validation set [recall@5: 0.0753 recall@10: 0.1139 recall@20: 0.1654 ] [ndcg@5: 0.0751 ndcg@10: 0.0882 ndcg@20: 0.1051 ] 
2025-05-08 06:47:27,083 - [recall@5: 0.0745 recall@10: 0.1124 recall@20: 0.1685 ] [ndcg@5: 0.0732 ndcg@10: 0.0860 ndcg@20: 0.1043 ] 
2025-05-08 06:47:28,727 - [recall@5: 0.0741 recall@10: 0.1129 recall@20: 0.1665 ] [ndcg@5: 0.0733 ndcg@10: 0.0864 ndcg@20: 0.1038 ] 
2025-05-08 06:47:28,728 - Best Epoch 42. Final test result: {'recall': array([0.07412478, 0.11294972, 0.16648101]), 'ndcg': array([0.07327858, 0.08639819, 0.10376943])}.
聚类num_clusters: 50