2025-05-07 11:48:58,455 - {'optimizer': {'name': 'adam', 'lr': 0.001, 'weight_decay': 0}, 'train': {'epoch': 3000, 'batch_size': 4096, 'save_model': False, 'loss': 'pairwise', 'test_step': 3, 'reproducible': True, 'seed': 2023, 'patience': 5}, 'test': {'metrics': ['recall', 'ndcg'], 'k': [5, 10, 20], 'batch_size': 1024}, 'data': {'type': 'general_cf', 'name': 'steam', 'user_num': 23310, 'item_num': 5237}, 'model': {'name': 'dccf_lk', 'embedding_size': 64, 'intent_num': 128, 'layer_num': 2, 'reg_weight': 0.0001, 'cl_weight': 0.001, 'temperature': 0.15, 'amazon': {'layer_num': 2, 'reg_weight': 0.0001, 'cl_weight': 0.001, 'temperature': 0.15, 'proto_reg': '8e-8', 'num_clusters': 300, 'm_step': 1, 'warm_up_step': 20, 'ssl_temp': 0.1, 'ssl_reg': '1e-7', 'embedding_size': 64}, 'yelp': {'layer_num': 2, 'reg_weight': 0.0001, 'cl_weight': 0.001, 'temperature': 0.1, 'proto_reg': '8e-8', 'num_clusters': 200, 'm_step': 1, 'warm_up_step': 20, 'ssl_temp': 0.1, 'ssl_reg': '1e-7', 'embedding_size': 64}, 'steam': {'layer_num': 3, 'reg_weight': 0.001, 'cl_weight': 0.001, 'temperature': 0.15, 'proto_reg': '8e-8', 'num_clusters': 300, 'm_step': 1, 'warm_up_step': 20, 'ssl_temp': 0.1, 'ssl_reg': '1e-7', 'embedding_size': 64}}}
2025-05-07 11:49:17,047 - Epoch   0 Validation set [recall@5: 0.0462 recall@10: 0.0778 recall@20: 0.1248 ] [ndcg@5: 0.0533 ndcg@10: 0.0634 ndcg@20: 0.0791 ] 
2025-05-07 11:49:50,219 - Epoch   3 Validation set [recall@5: 0.0532 recall@10: 0.0857 recall@20: 0.1363 ] [ndcg@5: 0.0597 ndcg@10: 0.0699 ndcg@20: 0.0869 ] 
2025-05-07 11:50:24,191 - Epoch   6 Validation set [recall@5: 0.0525 recall@10: 0.0878 recall@20: 0.1389 ] [ndcg@5: 0.0595 ndcg@10: 0.0707 ndcg@20: 0.0879 ] 
2025-05-07 11:50:57,633 - Epoch   9 Validation set [recall@5: 0.0551 recall@10: 0.0895 recall@20: 0.1401 ] [ndcg@5: 0.0612 ndcg@10: 0.0722 ndcg@20: 0.0892 ] 
2025-05-07 11:51:30,865 - Epoch  12 Validation set [recall@5: 0.0540 recall@10: 0.0892 recall@20: 0.1396 ] [ndcg@5: 0.0605 ndcg@10: 0.0720 ndcg@20: 0.0888 ] 
2025-05-07 11:52:04,435 - Epoch  15 Validation set [recall@5: 0.0549 recall@10: 0.0892 recall@20: 0.1402 ] [ndcg@5: 0.0614 ndcg@10: 0.0723 ndcg@20: 0.0894 ] 
2025-05-07 11:52:38,387 - Epoch  18 Validation set [recall@5: 0.0542 recall@10: 0.0889 recall@20: 0.1400 ] [ndcg@5: 0.0604 ndcg@10: 0.0715 ndcg@20: 0.0885 ] 
2025-05-07 11:53:11,773 - Epoch  21 Validation set [recall@5: 0.0542 recall@10: 0.0892 recall@20: 0.1401 ] [ndcg@5: 0.0608 ndcg@10: 0.0721 ndcg@20: 0.0891 ] 
2025-05-07 11:53:45,335 - Epoch  24 Validation set [recall@5: 0.0544 recall@10: 0.0887 recall@20: 0.1398 ] [ndcg@5: 0.0609 ndcg@10: 0.0719 ndcg@20: 0.0891 ] 
2025-05-07 11:54:19,297 - Epoch  27 Validation set [recall@5: 0.0550 recall@10: 0.0893 recall@20: 0.1403 ] [ndcg@5: 0.0610 ndcg@10: 0.0720 ndcg@20: 0.0892 ] 
2025-05-07 11:54:53,208 - Epoch  30 Validation set [recall@5: 0.0548 recall@10: 0.0900 recall@20: 0.1403 ] [ndcg@5: 0.0615 ndcg@10: 0.0729 ndcg@20: 0.0897 ] 
2025-05-07 11:55:27,369 - Epoch  33 Validation set [recall@5: 0.0548 recall@10: 0.0887 recall@20: 0.1394 ] [ndcg@5: 0.0611 ndcg@10: 0.0720 ndcg@20: 0.0890 ] 
2025-05-07 11:56:01,845 - Epoch  36 Validation set [recall@5: 0.0549 recall@10: 0.0887 recall@20: 0.1396 ] [ndcg@5: 0.0614 ndcg@10: 0.0720 ndcg@20: 0.0891 ] 
2025-05-07 11:56:35,426 - Epoch  39 Validation set [recall@5: 0.0546 recall@10: 0.0894 recall@20: 0.1400 ] [ndcg@5: 0.0609 ndcg@10: 0.0721 ndcg@20: 0.0890 ] 
2025-05-07 11:57:10,765 - Epoch  42 Validation set [recall@5: 0.0544 recall@10: 0.0896 recall@20: 0.1409 ] [ndcg@5: 0.0610 ndcg@10: 0.0722 ndcg@20: 0.0895 ] 
2025-05-07 11:57:45,597 - Epoch  45 Validation set [recall@5: 0.0537 recall@10: 0.0893 recall@20: 0.1400 ] [ndcg@5: 0.0606 ndcg@10: 0.0719 ndcg@20: 0.0888 ] 
2025-05-07 11:58:20,368 - Epoch  48 Validation set [recall@5: 0.0549 recall@10: 0.0890 recall@20: 0.1405 ] [ndcg@5: 0.0613 ndcg@10: 0.0721 ndcg@20: 0.0893 ] 
2025-05-07 11:58:54,899 - Epoch  51 Validation set [recall@5: 0.0549 recall@10: 0.0895 recall@20: 0.1398 ] [ndcg@5: 0.0609 ndcg@10: 0.0720 ndcg@20: 0.0889 ] 
2025-05-07 11:59:27,572 - Epoch  54 Validation set [recall@5: 0.0544 recall@10: 0.0894 recall@20: 0.1401 ] [ndcg@5: 0.0609 ndcg@10: 0.0722 ndcg@20: 0.0891 ] 
2025-05-07 12:00:00,071 - Epoch  57 Validation set [recall@5: 0.0551 recall@10: 0.0897 recall@20: 0.1406 ] [ndcg@5: 0.0615 ndcg@10: 0.0726 ndcg@20: 0.0896 ] 
2025-05-07 12:00:03,307 - [recall@5: 0.0544 recall@10: 0.0896 recall@20: 0.1409 ] [ndcg@5: 0.0610 ndcg@10: 0.0722 ndcg@20: 0.0895 ] 
2025-05-07 12:00:06,498 - [recall@5: 0.0539 recall@10: 0.0879 recall@20: 0.1364 ] [ndcg@5: 0.0595 ndcg@10: 0.0708 ndcg@20: 0.0872 ] 
2025-05-07 12:00:06,498 - Best Epoch 42. Final test result: {'recall': array([0.05392386, 0.0878625 , 0.13638293]), 'ndcg': array([0.05946756, 0.07077086, 0.08719686])}.
去除动态增强消息传播gaa_layer_embeds