2025-05-09 07:52:40,739 - {'optimizer': {'name': 'adam', 'lr': 0.001, 'weight_decay': 0}, 'train': {'epoch': 3000, 'batch_size': 4096, 'save_model': False, 'loss': 'pairwise', 'test_step': 3, 'reproducible': True, 'seed': 2023, 'patience': 5}, 'test': {'metrics': ['recall', 'ndcg'], 'k': [5, 10, 20], 'batch_size': 1024}, 'data': {'type': 'general_cf', 'name': 'steam', 'user_num': 23310, 'item_num': 5237}, 'model': {'name': 'dccf_lk', 'embedding_size': 64, 'intent_num': 128, 'layer_num': 2, 'reg_weight': 0.0001, 'cl_weight': 0.001, 'temperature': 0.15, 'amazon': {'layer_num': 2, 'reg_weight': 0.0001, 'cl_weight': 0.001, 'temperature': 0.15, 'proto_reg': '8e-8', 'num_clusters': 300, 'm_step': 1, 'warm_up_step': 20, 'ssl_temp': 0.1, 'ssl_reg': '1e-7', 'embedding_size': 64}, 'yelp': {'layer_num': 2, 'reg_weight': 0.0001, 'cl_weight': 0.001, 'temperature': 0.1, 'proto_reg': '8e-8', 'num_clusters': 200, 'm_step': 1, 'warm_up_step': 20, 'ssl_temp': 0.1, 'ssl_reg': '1e-7', 'embedding_size': 64}, 'steam': {'layer_num': 3, 'reg_weight': 0.001, 'cl_weight': 0.001, 'temperature': 0.15, 'proto_reg': '8e-8', 'num_clusters': 100, 'm_step': 1, 'warm_up_step': 20, 'ssl_temp': 0.1, 'ssl_reg': '1e-7', 'embedding_size': 64}}}
2025-05-09 07:52:59,354 - Epoch   0 Validation set [recall@5: 0.0514 recall@10: 0.0823 recall@20: 0.1297 ] [ndcg@5: 0.0572 ndcg@10: 0.0669 ndcg@20: 0.0830 ] 
2025-05-09 07:53:31,294 - Epoch   3 Validation set [recall@5: 0.0544 recall@10: 0.0879 recall@20: 0.1413 ] [ndcg@5: 0.0603 ndcg@10: 0.0713 ndcg@20: 0.0893 ] 
2025-05-09 07:54:03,739 - Epoch   6 Validation set [recall@5: 0.0571 recall@10: 0.0917 recall@20: 0.1425 ] [ndcg@5: 0.0632 ndcg@10: 0.0743 ndcg@20: 0.0915 ] 
2025-05-09 07:54:36,062 - Epoch   9 Validation set [recall@5: 0.0576 recall@10: 0.0923 recall@20: 0.1418 ] [ndcg@5: 0.0628 ndcg@10: 0.0740 ndcg@20: 0.0909 ] 
2025-05-09 07:55:08,416 - Epoch  12 Validation set [recall@5: 0.0562 recall@10: 0.0924 recall@20: 0.1439 ] [ndcg@5: 0.0616 ndcg@10: 0.0738 ndcg@20: 0.0913 ] 
2025-05-09 07:55:41,188 - Epoch  15 Validation set [recall@5: 0.0565 recall@10: 0.0928 recall@20: 0.1435 ] [ndcg@5: 0.0619 ndcg@10: 0.0739 ndcg@20: 0.0911 ] 
2025-05-09 07:56:13,676 - Epoch  18 Validation set [recall@5: 0.0558 recall@10: 0.0916 recall@20: 0.1444 ] [ndcg@5: 0.0616 ndcg@10: 0.0736 ndcg@20: 0.0916 ] 
2025-05-09 07:56:46,121 - Epoch  21 Validation set [recall@5: 0.0554 recall@10: 0.0895 recall@20: 0.1406 ] [ndcg@5: 0.0603 ndcg@10: 0.0717 ndcg@20: 0.0890 ] 
2025-05-09 07:57:18,412 - Epoch  24 Validation set [recall@5: 0.0548 recall@10: 0.0899 recall@20: 0.1409 ] [ndcg@5: 0.0601 ndcg@10: 0.0717 ndcg@20: 0.0891 ] 
2025-05-09 07:57:50,757 - Epoch  27 Validation set [recall@5: 0.0557 recall@10: 0.0890 recall@20: 0.1402 ] [ndcg@5: 0.0603 ndcg@10: 0.0715 ndcg@20: 0.0890 ] 
2025-05-09 07:58:23,349 - Epoch  30 Validation set [recall@5: 0.0571 recall@10: 0.0916 recall@20: 0.1445 ] [ndcg@5: 0.0625 ndcg@10: 0.0739 ndcg@20: 0.0919 ] 
2025-05-09 07:58:55,596 - Epoch  33 Validation set [recall@5: 0.0559 recall@10: 0.0909 recall@20: 0.1433 ] [ndcg@5: 0.0608 ndcg@10: 0.0726 ndcg@20: 0.0904 ] 
2025-05-09 07:59:28,034 - Epoch  36 Validation set [recall@5: 0.0560 recall@10: 0.0909 recall@20: 0.1440 ] [ndcg@5: 0.0616 ndcg@10: 0.0732 ndcg@20: 0.0912 ] 
2025-05-09 08:00:00,252 - Epoch  39 Validation set [recall@5: 0.0555 recall@10: 0.0904 recall@20: 0.1406 ] [ndcg@5: 0.0610 ndcg@10: 0.0725 ndcg@20: 0.0896 ] 
2025-05-09 08:00:32,490 - Epoch  42 Validation set [recall@5: 0.0547 recall@10: 0.0909 recall@20: 0.1414 ] [ndcg@5: 0.0600 ndcg@10: 0.0722 ndcg@20: 0.0895 ] 
2025-05-09 08:01:04,871 - Epoch  45 Validation set [recall@5: 0.0558 recall@10: 0.0913 recall@20: 0.1417 ] [ndcg@5: 0.0610 ndcg@10: 0.0731 ndcg@20: 0.0901 ] 
2025-05-09 08:01:07,922 - [recall@5: 0.0571 recall@10: 0.0916 recall@20: 0.1445 ] [ndcg@5: 0.0625 ndcg@10: 0.0739 ndcg@20: 0.0919 ] 
2025-05-09 08:01:10,921 - [recall@5: 0.0561 recall@10: 0.0916 recall@20: 0.1440 ] [ndcg@5: 0.0617 ndcg@10: 0.0736 ndcg@20: 0.0913 ] 
2025-05-09 08:01:10,921 - Best Epoch 30. Final test result: {'recall': array([0.05611   , 0.09162806, 0.14400751]), 'ndcg': array([0.06165262, 0.07358173, 0.0913026 ])}.
'num_clusters': 100