2025-05-09 07:35:34,284 - {'optimizer': {'name': 'adam', 'lr': 0.001, 'weight_decay': 0}, 'train': {'epoch': 3000, 'batch_size': 4096, 'save_model': False, 'loss': 'pairwise', 'test_step': 3, 'reproducible': True, 'seed': 2023, 'patience': 5}, 'test': {'metrics': ['recall', 'ndcg'], 'k': [5, 10, 20], 'batch_size': 1024}, 'data': {'type': 'general_cf', 'name': 'steam', 'user_num': 23310, 'item_num': 5237}, 'model': {'name': 'dccf_lk', 'embedding_size': 64, 'intent_num': 128, 'layer_num': 2, 'reg_weight': 0.0001, 'cl_weight': 0.001, 'temperature': 0.15, 'amazon': {'layer_num': 2, 'reg_weight': 0.0001, 'cl_weight': 0.001, 'temperature': 0.15, 'proto_reg': '8e-8', 'num_clusters': 300, 'm_step': 1, 'warm_up_step': 20, 'ssl_temp': 0.1, 'ssl_reg': '1e-7', 'embedding_size': 64}, 'yelp': {'layer_num': 2, 'reg_weight': 0.0001, 'cl_weight': 0.001, 'temperature': 0.1, 'proto_reg': '8e-8', 'num_clusters': 200, 'm_step': 1, 'warm_up_step': 20, 'ssl_temp': 0.1, 'ssl_reg': '1e-7', 'embedding_size': 64}, 'steam': {'layer_num': 3, 'reg_weight': 0.001, 'cl_weight': 0.001, 'temperature': 0.15, 'proto_reg': '8e-8', 'num_clusters': 150, 'm_step': 1, 'warm_up_step': 20, 'ssl_temp': 0.1, 'ssl_reg': '1e-7', 'embedding_size': 64}}}
2025-05-09 07:35:53,190 - Epoch   0 Validation set [recall@5: 0.0513 recall@10: 0.0821 recall@20: 0.1296 ] [ndcg@5: 0.0572 ndcg@10: 0.0669 ndcg@20: 0.0830 ] 
2025-05-09 07:36:25,875 - Epoch   3 Validation set [recall@5: 0.0548 recall@10: 0.0883 recall@20: 0.1417 ] [ndcg@5: 0.0607 ndcg@10: 0.0716 ndcg@20: 0.0897 ] 
2025-05-09 07:36:58,480 - Epoch   6 Validation set [recall@5: 0.0564 recall@10: 0.0918 recall@20: 0.1434 ] [ndcg@5: 0.0630 ndcg@10: 0.0744 ndcg@20: 0.0918 ] 
2025-05-09 07:37:30,993 - Epoch   9 Validation set [recall@5: 0.0571 recall@10: 0.0918 recall@20: 0.1417 ] [ndcg@5: 0.0624 ndcg@10: 0.0736 ndcg@20: 0.0905 ] 
2025-05-09 07:38:03,719 - Epoch  12 Validation set [recall@5: 0.0562 recall@10: 0.0912 recall@20: 0.1424 ] [ndcg@5: 0.0613 ndcg@10: 0.0729 ndcg@20: 0.0903 ] 
2025-05-09 07:38:36,363 - Epoch  15 Validation set [recall@5: 0.0555 recall@10: 0.0893 recall@20: 0.1396 ] [ndcg@5: 0.0604 ndcg@10: 0.0715 ndcg@20: 0.0887 ] 
2025-05-09 07:39:09,249 - Epoch  18 Validation set [recall@5: 0.0564 recall@10: 0.0916 recall@20: 0.1440 ] [ndcg@5: 0.0621 ndcg@10: 0.0738 ndcg@20: 0.0917 ] 
2025-05-09 07:39:42,255 - Epoch  21 Validation set [recall@5: 0.0564 recall@10: 0.0918 recall@20: 0.1435 ] [ndcg@5: 0.0618 ndcg@10: 0.0734 ndcg@20: 0.0910 ] 
2025-05-09 07:40:14,131 - Epoch  24 Validation set [recall@5: 0.0558 recall@10: 0.0899 recall@20: 0.1417 ] [ndcg@5: 0.0612 ndcg@10: 0.0723 ndcg@20: 0.0901 ] 
2025-05-09 07:40:46,708 - Epoch  27 Validation set [recall@5: 0.0557 recall@10: 0.0896 recall@20: 0.1404 ] [ndcg@5: 0.0603 ndcg@10: 0.0717 ndcg@20: 0.0891 ] 
2025-05-09 07:41:19,011 - Epoch  30 Validation set [recall@5: 0.0574 recall@10: 0.0912 recall@20: 0.1443 ] [ndcg@5: 0.0623 ndcg@10: 0.0735 ndcg@20: 0.0916 ] 
2025-05-09 07:41:51,448 - Epoch  33 Validation set [recall@5: 0.0560 recall@10: 0.0904 recall@20: 0.1428 ] [ndcg@5: 0.0610 ndcg@10: 0.0727 ndcg@20: 0.0905 ] 
2025-05-09 07:42:23,909 - Epoch  36 Validation set [recall@5: 0.0564 recall@10: 0.0902 recall@20: 0.1437 ] [ndcg@5: 0.0618 ndcg@10: 0.0731 ndcg@20: 0.0912 ] 
2025-05-09 07:42:57,050 - Epoch  39 Validation set [recall@5: 0.0555 recall@10: 0.0901 recall@20: 0.1404 ] [ndcg@5: 0.0609 ndcg@10: 0.0721 ndcg@20: 0.0892 ] 
2025-05-09 07:48:18,880 - Epoch  42 Validation set [recall@5: 0.0548 recall@10: 0.0904 recall@20: 0.1405 ] [ndcg@5: 0.0599 ndcg@10: 0.0718 ndcg@20: 0.0890 ] 
2025-05-09 07:48:51,182 - Epoch  45 Validation set [recall@5: 0.0564 recall@10: 0.0922 recall@20: 0.1417 ] [ndcg@5: 0.0614 ndcg@10: 0.0735 ndcg@20: 0.0903 ] 
2025-05-09 07:48:54,096 - [recall@5: 0.0574 recall@10: 0.0912 recall@20: 0.1443 ] [ndcg@5: 0.0623 ndcg@10: 0.0735 ndcg@20: 0.0916 ] 
2025-05-09 07:48:57,258 - [recall@5: 0.0565 recall@10: 0.0915 recall@20: 0.1437 ] [ndcg@5: 0.0621 ndcg@10: 0.0737 ndcg@20: 0.0914 ] 
2025-05-09 07:48:57,259 - Best Epoch 30. Final test result: {'recall': array([0.0564985 , 0.09147882, 0.1436994 ]), 'ndcg': array([0.06211867, 0.07366331, 0.09136967])}.
'num_clusters': 150