2025-05-07 08:21:26,317 - {'optimizer': {'name': 'adam', 'lr': 0.001, 'weight_decay': 0}, 'train': {'epoch': 3000, 'batch_size': 4096, 'save_model': False, 'loss': 'pairwise', 'test_step': 3, 'reproducible': True, 'seed': 2023, 'patience': 5}, 'test': {'metrics': ['recall', 'ndcg'], 'k': [5, 10, 20], 'batch_size': 1024}, 'data': {'type': 'general_cf', 'name': 'yelp', 'user_num': 11091, 'item_num': 11010}, 'model': {'name': 'dccf_lk', 'embedding_size': 64, 'intent_num': 128, 'layer_num': 2, 'reg_weight': 0.0001, 'cl_weight': 0.001, 'temperature': 0.15, 'amazon': {'layer_num': 2, 'reg_weight': 0.0001, 'cl_weight': 0.001, 'temperature': 0.15, 'proto_reg': '8e-8', 'num_clusters': 300, 'm_step': 1, 'warm_up_step': 20, 'ssl_temp': 0.1, 'ssl_reg': '1e-7', 'embedding_size': 64}, 'yelp': {'layer_num': 2, 'reg_weight': 0.0001, 'cl_weight': 0.001, 'temperature': 0.1, 'proto_reg': '8e-8', 'num_clusters': 200, 'm_step': 1, 'warm_up_step': 20, 'ssl_temp': 0.1, 'ssl_reg': '1e-7', 'embedding_size': 64}, 'steam': {'layer_num': 3, 'reg_weight': 0.001, 'cl_weight': 0.001, 'temperature': 0.15, 'proto_reg': '8e-8', 'num_clusters': 300, 'm_step': 1, 'warm_up_step': 20, 'ssl_temp': 0.1, 'ssl_reg': '1e-7', 'embedding_size': 64}}}
2025-05-07 08:21:36,927 - Epoch   0 Validation set [recall@5: 0.0324 recall@10: 0.0544 recall@20: 0.0886 ] [ndcg@5: 0.0390 ndcg@10: 0.0455 ndcg@20: 0.0569 ] 
2025-05-07 08:21:47,370 - Epoch   3 Validation set [recall@5: 0.0357 recall@10: 0.0596 recall@20: 0.0988 ] [ndcg@5: 0.0421 ndcg@10: 0.0494 ndcg@20: 0.0626 ] 
2025-05-07 08:21:57,761 - Epoch   6 Validation set [recall@5: 0.0372 recall@10: 0.0645 recall@20: 0.1059 ] [ndcg@5: 0.0453 ndcg@10: 0.0537 ndcg@20: 0.0676 ] 
2025-05-07 08:22:07,393 - Epoch   9 Validation set [recall@5: 0.0390 recall@10: 0.0654 recall@20: 0.1088 ] [ndcg@5: 0.0465 ndcg@10: 0.0545 ndcg@20: 0.0693 ] 
2025-05-07 08:22:17,349 - Epoch  12 Validation set [recall@5: 0.0403 recall@10: 0.0701 recall@20: 0.1143 ] [ndcg@5: 0.0475 ndcg@10: 0.0569 ndcg@20: 0.0717 ] 
2025-05-07 08:22:28,231 - Epoch  15 Validation set [recall@5: 0.0403 recall@10: 0.0691 recall@20: 0.1161 ] [ndcg@5: 0.0475 ndcg@10: 0.0566 ndcg@20: 0.0725 ] 
2025-05-07 08:22:38,256 - Epoch  18 Validation set [recall@5: 0.0408 recall@10: 0.0702 recall@20: 0.1150 ] [ndcg@5: 0.0488 ndcg@10: 0.0580 ndcg@20: 0.0731 ] 
2025-05-07 08:22:48,786 - Epoch  21 Validation set [recall@5: 0.0418 recall@10: 0.0710 recall@20: 0.1157 ] [ndcg@5: 0.0500 ndcg@10: 0.0590 ndcg@20: 0.0739 ] 
2025-05-07 08:22:59,057 - Epoch  24 Validation set [recall@5: 0.0433 recall@10: 0.0707 recall@20: 0.1161 ] [ndcg@5: 0.0515 ndcg@10: 0.0595 ndcg@20: 0.0748 ] 
2025-05-07 08:23:08,560 - Epoch  27 Validation set [recall@5: 0.0416 recall@10: 0.0716 recall@20: 0.1188 ] [ndcg@5: 0.0500 ndcg@10: 0.0594 ndcg@20: 0.0749 ] 
2025-05-07 08:23:18,337 - Epoch  30 Validation set [recall@5: 0.0423 recall@10: 0.0723 recall@20: 0.1166 ] [ndcg@5: 0.0506 ndcg@10: 0.0601 ndcg@20: 0.0750 ] 
2025-05-07 08:23:28,619 - Epoch  33 Validation set [recall@5: 0.0428 recall@10: 0.0728 recall@20: 0.1203 ] [ndcg@5: 0.0512 ndcg@10: 0.0604 ndcg@20: 0.0764 ] 
2025-05-07 08:23:38,455 - Epoch  36 Validation set [recall@5: 0.0431 recall@10: 0.0726 recall@20: 0.1206 ] [ndcg@5: 0.0508 ndcg@10: 0.0599 ndcg@20: 0.0762 ] 
2025-05-07 08:23:48,880 - Epoch  39 Validation set [recall@5: 0.0424 recall@10: 0.0723 recall@20: 0.1198 ] [ndcg@5: 0.0505 ndcg@10: 0.0598 ndcg@20: 0.0758 ] 
2025-05-07 08:23:59,178 - Epoch  42 Validation set [recall@5: 0.0439 recall@10: 0.0734 recall@20: 0.1207 ] [ndcg@5: 0.0520 ndcg@10: 0.0610 ndcg@20: 0.0770 ] 
2025-05-07 08:24:08,986 - Epoch  45 Validation set [recall@5: 0.0431 recall@10: 0.0728 recall@20: 0.1204 ] [ndcg@5: 0.0510 ndcg@10: 0.0601 ndcg@20: 0.0762 ] 
2025-05-07 08:24:19,562 - Epoch  48 Validation set [recall@5: 0.0424 recall@10: 0.0713 recall@20: 0.1184 ] [ndcg@5: 0.0502 ndcg@10: 0.0591 ndcg@20: 0.0749 ] 
2025-05-07 08:24:29,677 - Epoch  51 Validation set [recall@5: 0.0430 recall@10: 0.0728 recall@20: 0.1200 ] [ndcg@5: 0.0507 ndcg@10: 0.0601 ndcg@20: 0.0760 ] 
2025-05-07 08:24:39,211 - Epoch  54 Validation set [recall@5: 0.0424 recall@10: 0.0737 recall@20: 0.1204 ] [ndcg@5: 0.0500 ndcg@10: 0.0599 ndcg@20: 0.0756 ] 
2025-05-07 08:24:49,284 - Epoch  57 Validation set [recall@5: 0.0417 recall@10: 0.0719 recall@20: 0.1201 ] [ndcg@5: 0.0503 ndcg@10: 0.0598 ndcg@20: 0.0762 ] 
2025-05-07 08:24:51,967 - [recall@5: 0.0439 recall@10: 0.0734 recall@20: 0.1207 ] [ndcg@5: 0.0520 ndcg@10: 0.0610 ndcg@20: 0.0770 ] 
2025-05-07 08:24:54,681 - [recall@5: 0.0456 recall@10: 0.0737 recall@20: 0.1186 ] [ndcg@5: 0.0518 ndcg@10: 0.0603 ndcg@20: 0.0754 ] 
2025-05-07 08:24:54,683 - Best Epoch 42. Final test result: {'recall': array([0.04556777, 0.07367328, 0.11860867]), 'ndcg': array([0.05183274, 0.06033055, 0.07543116])}.
去掉cl(动态增强视角)损失