2025-05-08 06:59:08,107 - {'optimizer': {'name': 'adam', 'lr': 0.001, 'weight_decay': 0}, 'train': {'epoch': 3000, 'batch_size': 4096, 'save_model': False, 'loss': 'pairwise', 'test_step': 3, 'reproducible': True, 'seed': 2023, 'patience': 5}, 'test': {'metrics': ['recall', 'ndcg'], 'k': [5, 10, 20], 'batch_size': 1024}, 'data': {'type': 'general_cf', 'name': 'yelp', 'user_num': 11091, 'item_num': 11010}, 'model': {'name': 'dccf_lk', 'embedding_size': 64, 'intent_num': 128, 'layer_num': 2, 'reg_weight': 0.0001, 'cl_weight': 0.001, 'temperature': 0.15, 'amazon': {'layer_num': 2, 'reg_weight': 0.0001, 'cl_weight': 0.001, 'temperature': 0.15, 'proto_reg': '8e-8', 'num_clusters': 50, 'm_step': 1, 'warm_up_step': 20, 'ssl_temp': 0.1, 'ssl_reg': '1e-7', 'embedding_size': 64}, 'yelp': {'layer_num': 2, 'reg_weight': 0.0001, 'cl_weight': 0.001, 'temperature': 0.1, 'proto_reg': '8e-8', 'num_clusters': 300, 'm_step': 1, 'warm_up_step': 20, 'ssl_temp': 0.1, 'ssl_reg': '1e-7', 'embedding_size': 64}, 'steam': {'layer_num': 3, 'reg_weight': 0.001, 'cl_weight': 0.001, 'temperature': 0.15, 'proto_reg': '8e-8', 'num_clusters': 300, 'm_step': 1, 'warm_up_step': 20, 'ssl_temp': 0.1, 'ssl_reg': '1e-7', 'embedding_size': 64}}}
2025-05-08 06:59:16,089 - Epoch   0 Validation set [recall@5: 0.0328 recall@10: 0.0559 recall@20: 0.0893 ] [ndcg@5: 0.0390 ndcg@10: 0.0461 ndcg@20: 0.0572 ] 
2025-05-08 06:59:26,520 - Epoch   3 Validation set [recall@5: 0.0383 recall@10: 0.0651 recall@20: 0.1082 ] [ndcg@5: 0.0457 ndcg@10: 0.0538 ndcg@20: 0.0684 ] 
2025-05-08 06:59:36,598 - Epoch   6 Validation set [recall@5: 0.0423 recall@10: 0.0719 recall@20: 0.1186 ] [ndcg@5: 0.0508 ndcg@10: 0.0597 ndcg@20: 0.0755 ] 
2025-05-08 06:59:46,619 - Epoch   9 Validation set [recall@5: 0.0445 recall@10: 0.0746 recall@20: 0.1222 ] [ndcg@5: 0.0521 ndcg@10: 0.0616 ndcg@20: 0.0777 ] 
2025-05-08 06:59:56,629 - Epoch  12 Validation set [recall@5: 0.0465 recall@10: 0.0770 recall@20: 0.1261 ] [ndcg@5: 0.0543 ndcg@10: 0.0637 ndcg@20: 0.0802 ] 
2025-05-08 07:00:06,827 - Epoch  15 Validation set [recall@5: 0.0458 recall@10: 0.0768 recall@20: 0.1273 ] [ndcg@5: 0.0542 ndcg@10: 0.0638 ndcg@20: 0.0809 ] 
2025-05-08 07:00:16,655 - Epoch  18 Validation set [recall@5: 0.0471 recall@10: 0.0778 recall@20: 0.1256 ] [ndcg@5: 0.0551 ndcg@10: 0.0646 ndcg@20: 0.0807 ] 
2025-05-08 07:00:26,746 - Epoch  21 Validation set [recall@5: 0.0468 recall@10: 0.0770 recall@20: 0.1277 ] [ndcg@5: 0.0551 ndcg@10: 0.0639 ndcg@20: 0.0810 ] 
2025-05-08 07:00:36,963 - Epoch  24 Validation set [recall@5: 0.0462 recall@10: 0.0790 recall@20: 0.1264 ] [ndcg@5: 0.0549 ndcg@10: 0.0651 ndcg@20: 0.0809 ] 
2025-05-08 07:00:47,191 - Epoch  27 Validation set [recall@5: 0.0451 recall@10: 0.0773 recall@20: 0.1267 ] [ndcg@5: 0.0540 ndcg@10: 0.0638 ndcg@20: 0.0802 ] 
2025-05-08 07:00:57,666 - Epoch  30 Validation set [recall@5: 0.0462 recall@10: 0.0773 recall@20: 0.1275 ] [ndcg@5: 0.0549 ndcg@10: 0.0642 ndcg@20: 0.0810 ] 
2025-05-08 07:01:08,506 - Epoch  33 Validation set [recall@5: 0.0453 recall@10: 0.0782 recall@20: 0.1283 ] [ndcg@5: 0.0546 ndcg@10: 0.0648 ndcg@20: 0.0815 ] 
2025-05-08 07:01:18,647 - Epoch  36 Validation set [recall@5: 0.0468 recall@10: 0.0779 recall@20: 0.1290 ] [ndcg@5: 0.0550 ndcg@10: 0.0647 ndcg@20: 0.0820 ] 
2025-05-08 07:01:28,998 - Epoch  39 Validation set [recall@5: 0.0459 recall@10: 0.0788 recall@20: 0.1285 ] [ndcg@5: 0.0551 ndcg@10: 0.0652 ndcg@20: 0.0817 ] 
2025-05-08 07:01:39,370 - Epoch  42 Validation set [recall@5: 0.0463 recall@10: 0.0787 recall@20: 0.1256 ] [ndcg@5: 0.0552 ndcg@10: 0.0651 ndcg@20: 0.0808 ] 
2025-05-08 07:01:49,593 - Epoch  45 Validation set [recall@5: 0.0455 recall@10: 0.0776 recall@20: 0.1276 ] [ndcg@5: 0.0546 ndcg@10: 0.0640 ndcg@20: 0.0809 ] 
2025-05-08 07:01:59,794 - Epoch  48 Validation set [recall@5: 0.0465 recall@10: 0.0771 recall@20: 0.1248 ] [ndcg@5: 0.0552 ndcg@10: 0.0644 ndcg@20: 0.0805 ] 
2025-05-08 07:02:10,023 - Epoch  51 Validation set [recall@5: 0.0460 recall@10: 0.0782 recall@20: 0.1264 ] [ndcg@5: 0.0551 ndcg@10: 0.0650 ndcg@20: 0.0812 ] 
2025-05-08 07:02:11,966 - [recall@5: 0.0468 recall@10: 0.0779 recall@20: 0.1290 ] [ndcg@5: 0.0550 ndcg@10: 0.0647 ndcg@20: 0.0820 ] 
2025-05-08 07:02:13,657 - [recall@5: 0.0477 recall@10: 0.0800 recall@20: 0.1288 ] [ndcg@5: 0.0557 ndcg@10: 0.0658 ndcg@20: 0.0823 ] 
2025-05-08 07:02:13,657 - Best Epoch 36. Final test result: {'recall': array([0.04769247, 0.07999856, 0.12876862]), 'ndcg': array([0.05571033, 0.06582664, 0.08230521])}.
聚类num_clusters: 300