2025-05-08 07:31:11,426 - {'optimizer': {'name': 'adam', 'lr': 0.001, 'weight_decay': 0}, 'train': {'epoch': 3000, 'batch_size': 4096, 'save_model': False, 'loss': 'pairwise', 'test_step': 3, 'reproducible': True, 'seed': 2023, 'patience': 5}, 'test': {'metrics': ['recall', 'ndcg'], 'k': [5, 10, 20], 'batch_size': 1024}, 'data': {'type': 'general_cf', 'name': 'yelp', 'user_num': 11091, 'item_num': 11010}, 'model': {'name': 'dccf_lk', 'embedding_size': 64, 'intent_num': 128, 'layer_num': 2, 'reg_weight': 0.0001, 'cl_weight': 0.001, 'temperature': 0.15, 'amazon': {'layer_num': 2, 'reg_weight': 0.0001, 'cl_weight': 0.001, 'temperature': 0.15, 'proto_reg': '8e-8', 'num_clusters': 50, 'm_step': 1, 'warm_up_step': 20, 'ssl_temp': 0.1, 'ssl_reg': '1e-7', 'embedding_size': 64}, 'yelp': {'layer_num': 2, 'reg_weight': 0.0001, 'cl_weight': 0.001, 'temperature': 0.1, 'proto_reg': '8e-8', 'num_clusters': 100, 'm_step': 1, 'warm_up_step': 20, 'ssl_temp': 0.1, 'ssl_reg': '1e-7', 'embedding_size': 64}, 'steam': {'layer_num': 3, 'reg_weight': 0.001, 'cl_weight': 0.001, 'temperature': 0.15, 'proto_reg': '8e-8', 'num_clusters': 300, 'm_step': 1, 'warm_up_step': 20, 'ssl_temp': 0.1, 'ssl_reg': '1e-7', 'embedding_size': 64}}}
2025-05-08 07:31:21,619 - Epoch   0 Validation set [recall@5: 0.0328 recall@10: 0.0559 recall@20: 0.0894 ] [ndcg@5: 0.0390 ndcg@10: 0.0461 ndcg@20: 0.0572 ] 
2025-05-08 07:31:32,195 - Epoch   3 Validation set [recall@5: 0.0381 recall@10: 0.0650 recall@20: 0.1081 ] [ndcg@5: 0.0455 ndcg@10: 0.0538 ndcg@20: 0.0684 ] 
2025-05-08 07:31:42,845 - Epoch   6 Validation set [recall@5: 0.0424 recall@10: 0.0720 recall@20: 0.1184 ] [ndcg@5: 0.0508 ndcg@10: 0.0597 ndcg@20: 0.0754 ] 
2025-05-08 07:31:53,421 - Epoch   9 Validation set [recall@5: 0.0444 recall@10: 0.0749 recall@20: 0.1221 ] [ndcg@5: 0.0520 ndcg@10: 0.0616 ndcg@20: 0.0777 ] 
2025-05-08 07:32:03,988 - Epoch  12 Validation set [recall@5: 0.0469 recall@10: 0.0770 recall@20: 0.1261 ] [ndcg@5: 0.0546 ndcg@10: 0.0637 ndcg@20: 0.0802 ] 
2025-05-08 07:32:14,604 - Epoch  15 Validation set [recall@5: 0.0458 recall@10: 0.0766 recall@20: 0.1276 ] [ndcg@5: 0.0541 ndcg@10: 0.0637 ndcg@20: 0.0809 ] 
2025-05-08 07:32:25,205 - Epoch  18 Validation set [recall@5: 0.0469 recall@10: 0.0785 recall@20: 0.1258 ] [ndcg@5: 0.0549 ndcg@10: 0.0647 ndcg@20: 0.0806 ] 
2025-05-08 07:32:35,987 - Epoch  21 Validation set [recall@5: 0.0463 recall@10: 0.0767 recall@20: 0.1278 ] [ndcg@5: 0.0549 ndcg@10: 0.0639 ndcg@20: 0.0811 ] 
2025-05-08 07:32:46,518 - Epoch  24 Validation set [recall@5: 0.0463 recall@10: 0.0785 recall@20: 0.1260 ] [ndcg@5: 0.0550 ndcg@10: 0.0648 ndcg@20: 0.0807 ] 
2025-05-08 07:32:57,071 - Epoch  27 Validation set [recall@5: 0.0447 recall@10: 0.0775 recall@20: 0.1266 ] [ndcg@5: 0.0539 ndcg@10: 0.0639 ndcg@20: 0.0802 ] 
2025-05-08 07:33:07,559 - Epoch  30 Validation set [recall@5: 0.0461 recall@10: 0.0778 recall@20: 0.1276 ] [ndcg@5: 0.0548 ndcg@10: 0.0642 ndcg@20: 0.0809 ] 
2025-05-08 07:33:18,430 - Epoch  33 Validation set [recall@5: 0.0457 recall@10: 0.0784 recall@20: 0.1282 ] [ndcg@5: 0.0548 ndcg@10: 0.0650 ndcg@20: 0.0816 ] 
2025-05-08 07:33:29,218 - Epoch  36 Validation set [recall@5: 0.0471 recall@10: 0.0785 recall@20: 0.1288 ] [ndcg@5: 0.0553 ndcg@10: 0.0652 ndcg@20: 0.0822 ] 
2025-05-08 07:33:39,959 - Epoch  39 Validation set [recall@5: 0.0463 recall@10: 0.0794 recall@20: 0.1292 ] [ndcg@5: 0.0554 ndcg@10: 0.0654 ndcg@20: 0.0819 ] 
2025-05-08 07:33:50,097 - Epoch  42 Validation set [recall@5: 0.0468 recall@10: 0.0789 recall@20: 0.1259 ] [ndcg@5: 0.0556 ndcg@10: 0.0651 ndcg@20: 0.0810 ] 
2025-05-08 07:34:00,541 - Epoch  45 Validation set [recall@5: 0.0450 recall@10: 0.0769 recall@20: 0.1277 ] [ndcg@5: 0.0547 ndcg@10: 0.0640 ndcg@20: 0.0811 ] 
2025-05-08 07:34:11,662 - Epoch  48 Validation set [recall@5: 0.0467 recall@10: 0.0771 recall@20: 0.1251 ] [ndcg@5: 0.0552 ndcg@10: 0.0642 ndcg@20: 0.0803 ] 
2025-05-08 07:34:22,063 - Epoch  51 Validation set [recall@5: 0.0457 recall@10: 0.0778 recall@20: 0.1266 ] [ndcg@5: 0.0550 ndcg@10: 0.0649 ndcg@20: 0.0812 ] 
2025-05-08 07:34:32,724 - Epoch  54 Validation set [recall@5: 0.0457 recall@10: 0.0793 recall@20: 0.1258 ] [ndcg@5: 0.0544 ndcg@10: 0.0647 ndcg@20: 0.0803 ] 
2025-05-08 07:34:35,177 - [recall@5: 0.0463 recall@10: 0.0794 recall@20: 0.1292 ] [ndcg@5: 0.0554 ndcg@10: 0.0654 ndcg@20: 0.0819 ] 
2025-05-08 07:34:37,594 - [recall@5: 0.0489 recall@10: 0.0796 recall@20: 0.1279 ] [ndcg@5: 0.0568 ndcg@10: 0.0660 ndcg@20: 0.0823 ] 
2025-05-08 07:34:37,594 - Best Epoch 39. Final test result: {'recall': array([0.04886328, 0.07961526, 0.12785561]), 'ndcg': array([0.05678699, 0.06596905, 0.0822509 ])}.
聚类num_clusters: 100