2026-01-11 08:59:18,643 - {'optimizer': {'name': 'adam', 'lr': 0.001, 'weight_decay': 0}, 'train': {'epoch': 3000, 'batch_size': 4096, 'save_model': True, 'loss': 'pairwise', 'test_step': 3, 'reproducible': True, 'seed': 2023, 'patience': 5}, 'test': {'metrics': ['recall', 'ndcg'], 'k': [5, 10, 20], 'batch_size': 1024}, 'data': {'type': 'general_cf', 'name': 'amazon', 'user_num': 11000, 'item_num': 9332}, 'model': {'name': 'dccflk_plus', 'embedding_size': 64, 'intent_num': 128, 'layer_num': 2, 'reg_weight': 0.0001, 'cl_weight': 0.001, 'temperature': 0.1, 'kd_weight': 0.01, 'kd_temperature': 0.5, 'amazon': {'layer_num': 2, 'reg_weight': 0.0001, 'cl_weight': 0.001, 'temperature': 0.1, 'proto_reg': '8e-8', 'num_clusters': 300, 'm_step': 1, 'warm_up_step': 20, 'ssl_temp': 0.1, 'ssl_reg': '1e-7', 'embedding_size': 64, 'kd_weight': 0.01, 'kd_temperature': 0.5}, 'yelp': {'layer_num': 2, 'reg_weight': 0.0001, 'cl_weight': 0.001, 'temperature': 0.1, 'proto_reg': '8e-8', 'num_clusters': 200, 'm_step': 1, 'warm_up_step': 20, 'ssl_temp': 0.1, 'ssl_reg': '1e-7', 'embedding_size': 64, 'kd_weight': 0.01, 'kd_temperature': 0.5}, 'steam': {'layer_num': 3, 'reg_weight': 0.001, 'cl_weight': 0.001, 'temperature': 0.1, 'proto_reg': '8e-8', 'num_clusters': 300, 'm_step': 1, 'warm_up_step': 20, 'ssl_temp': 0.1, 'ssl_reg': '1e-7', 'embedding_size': 64, 'kd_weight': 0.01, 'kd_temperature': 0.5}}}
2026-01-11 08:59:26,436 - Epoch   0 Validation set [recall@5: 0.0362 recall@10: 0.0583 recall@20: 0.0895 ] [ndcg@5: 0.0362 ndcg@10: 0.0439 ndcg@20: 0.0541 ] 
2026-01-11 08:59:34,668 - Epoch   3 Validation set [recall@5: 0.0620 recall@10: 0.0934 recall@20: 0.1379 ] [ndcg@5: 0.0600 ndcg@10: 0.0706 ndcg@20: 0.0851 ] 
2026-01-11 08:59:43,030 - Epoch   6 Validation set [recall@5: 0.0662 recall@10: 0.1016 recall@20: 0.1483 ] [ndcg@5: 0.0655 ndcg@10: 0.0776 ndcg@20: 0.0927 ] 
2026-01-11 08:59:51,193 - Epoch   9 Validation set [recall@5: 0.0700 recall@10: 0.1045 recall@20: 0.1536 ] [ndcg@5: 0.0689 ndcg@10: 0.0805 ndcg@20: 0.0967 ] 
2026-01-11 08:59:59,166 - Epoch  12 Validation set [recall@5: 0.0715 recall@10: 0.1066 recall@20: 0.1578 ] [ndcg@5: 0.0708 ndcg@10: 0.0825 ndcg@20: 0.0993 ] 
2026-01-11 09:00:07,489 - Epoch  15 Validation set [recall@5: 0.0732 recall@10: 0.1092 recall@20: 0.1618 ] [ndcg@5: 0.0715 ndcg@10: 0.0838 ndcg@20: 0.1011 ] 
2026-01-11 09:00:15,653 - Epoch  18 Validation set [recall@5: 0.0727 recall@10: 0.1109 recall@20: 0.1639 ] [ndcg@5: 0.0721 ndcg@10: 0.0852 ndcg@20: 0.1027 ] 
2026-01-11 09:00:23,894 - Epoch  21 Validation set [recall@5: 0.0748 recall@10: 0.1128 recall@20: 0.1649 ] [ndcg@5: 0.0729 ndcg@10: 0.0858 ndcg@20: 0.1031 ] 
2026-01-11 09:00:31,847 - Epoch  24 Validation set [recall@5: 0.0738 recall@10: 0.1124 recall@20: 0.1655 ] [ndcg@5: 0.0735 ndcg@10: 0.0869 ndcg@20: 0.1041 ] 
2026-01-11 09:00:39,782 - Epoch  27 Validation set [recall@5: 0.0738 recall@10: 0.1118 recall@20: 0.1646 ] [ndcg@5: 0.0733 ndcg@10: 0.0863 ndcg@20: 0.1038 ] 
2026-01-11 09:00:47,629 - Epoch  30 Validation set [recall@5: 0.0732 recall@10: 0.1118 recall@20: 0.1663 ] [ndcg@5: 0.0730 ndcg@10: 0.0863 ndcg@20: 0.1042 ] 
2026-01-11 09:00:55,582 - Epoch  33 Validation set [recall@5: 0.0739 recall@10: 0.1134 recall@20: 0.1674 ] [ndcg@5: 0.0734 ndcg@10: 0.0868 ndcg@20: 0.1046 ] 
2026-01-11 09:01:03,750 - Epoch  36 Validation set [recall@5: 0.0744 recall@10: 0.1133 recall@20: 0.1661 ] [ndcg@5: 0.0744 ndcg@10: 0.0876 ndcg@20: 0.1050 ] 
2026-01-11 09:01:11,890 - Epoch  39 Validation set [recall@5: 0.0743 recall@10: 0.1128 recall@20: 0.1664 ] [ndcg@5: 0.0740 ndcg@10: 0.0872 ndcg@20: 0.1047 ] 
2026-01-11 09:01:19,783 - Epoch  42 Validation set [recall@5: 0.0758 recall@10: 0.1135 recall@20: 0.1692 ] [ndcg@5: 0.0744 ndcg@10: 0.0874 ndcg@20: 0.1056 ] 
2026-01-11 09:01:27,728 - Epoch  45 Validation set [recall@5: 0.0758 recall@10: 0.1159 recall@20: 0.1666 ] [ndcg@5: 0.0749 ndcg@10: 0.0885 ndcg@20: 0.1051 ] 
2026-01-11 09:01:35,700 - Epoch  48 Validation set [recall@5: 0.0747 recall@10: 0.1166 recall@20: 0.1690 ] [ndcg@5: 0.0738 ndcg@10: 0.0882 ndcg@20: 0.1054 ] 
2026-01-11 09:01:43,676 - Epoch  51 Validation set [recall@5: 0.0750 recall@10: 0.1155 recall@20: 0.1658 ] [ndcg@5: 0.0746 ndcg@10: 0.0887 ndcg@20: 0.1052 ] 
2026-01-11 09:01:51,690 - Epoch  54 Validation set [recall@5: 0.0760 recall@10: 0.1141 recall@20: 0.1682 ] [ndcg@5: 0.0746 ndcg@10: 0.0873 ndcg@20: 0.1049 ] 
2026-01-11 09:01:59,725 - Epoch  57 Validation set [recall@5: 0.0763 recall@10: 0.1138 recall@20: 0.1667 ] [ndcg@5: 0.0753 ndcg@10: 0.0881 ndcg@20: 0.1054 ] 
2026-01-11 09:02:01,745 - [recall@5: 0.0758 recall@10: 0.1135 recall@20: 0.1692 ] [ndcg@5: 0.0744 ndcg@10: 0.0874 ndcg@20: 0.1056 ] 
2026-01-11 09:02:03,738 - [recall@5: 0.0734 recall@10: 0.1147 recall@20: 0.1681 ] [ndcg@5: 0.0724 ndcg@10: 0.0868 ndcg@20: 0.1040 ] 
2026-01-11 09:02:03,750 - Save model parameters to ./encoder/checkpoint/dccflk_plus/dccflk_plus-amazon-2023.pth
2026-01-11 09:02:03,750 - Best Epoch 42. Final test result: {'recall': array([0.07335261, 0.11471253, 0.16813201]), 'ndcg': array([0.07242616, 0.08684896, 0.10397987])}.
