2025-12-26 06:21:49,330 - {'optimizer': {'name': 'adam', 'lr': 0.001, 'weight_decay': 0}, 'train': {'epoch': 3000, 'batch_size': 4096, 'save_model': False, 'loss': 'pairwise', 'test_step': 3, 'reproducible': True, 'seed': 2023, 'patience': 5}, 'test': {'metrics': ['recall', 'ndcg'], 'k': [5, 10, 20], 'batch_size': 1024}, 'data': {'type': 'general_cf', 'name': 'amazon', 'user_num': 11000, 'item_num': 9332}, 'model': {'name': 'dccflk_plus', 'embedding_size': 64, 'intent_num': 128, 'layer_num': 2, 'reg_weight': 0.0001, 'cl_weight': 0.001, 'temperature': 0.1, 'kd_weight': 0.01, 'kd_temperature': 0.5, 'amazon': {'layer_num': 2, 'reg_weight': 0.0001, 'cl_weight': 0.001, 'temperature': 0.1, 'proto_reg': '8e-8', 'num_clusters': 300, 'm_step': 1, 'warm_up_step': 20, 'ssl_temp': 0.1, 'ssl_reg': '1e-7', 'embedding_size': 64, 'kd_weight': 0.01, 'kd_temperature': 0.5}, 'yelp': {'layer_num': 2, 'reg_weight': 0.0001, 'cl_weight': 0.001, 'temperature': 0.1, 'proto_reg': '8e-8', 'num_clusters': 200, 'm_step': 1, 'warm_up_step': 20, 'ssl_temp': 0.1, 'ssl_reg': '1e-7', 'embedding_size': 64, 'kd_weight': 0.01, 'kd_temperature': 0.5}, 'steam': {'layer_num': 3, 'reg_weight': 0.001, 'cl_weight': 0.001, 'temperature': 0.1, 'proto_reg': '8e-8', 'num_clusters': 300, 'm_step': 1, 'warm_up_step': 20, 'ssl_temp': 0.1, 'ssl_reg': '1e-7', 'embedding_size': 64, 'kd_weight': 0.01, 'kd_temperature': 0.5}}}
2025-12-26 06:21:55,922 - Epoch   0 Validation set [recall@5: 0.0362 recall@10: 0.0583 recall@20: 0.0895 ] [ndcg@5: 0.0362 ndcg@10: 0.0439 ndcg@20: 0.0541 ] 
2025-12-26 06:22:03,352 - Epoch   3 Validation set [recall@5: 0.0620 recall@10: 0.0935 recall@20: 0.1378 ] [ndcg@5: 0.0600 ndcg@10: 0.0706 ndcg@20: 0.0851 ] 
2025-12-26 06:22:10,655 - Epoch   6 Validation set [recall@5: 0.0667 recall@10: 0.1018 recall@20: 0.1487 ] [ndcg@5: 0.0656 ndcg@10: 0.0775 ndcg@20: 0.0928 ] 
2025-12-26 06:22:18,039 - Epoch   9 Validation set [recall@5: 0.0697 recall@10: 0.1048 recall@20: 0.1540 ] [ndcg@5: 0.0688 ndcg@10: 0.0806 ndcg@20: 0.0968 ] 
2025-12-26 06:22:25,374 - Epoch  12 Validation set [recall@5: 0.0717 recall@10: 0.1066 recall@20: 0.1584 ] [ndcg@5: 0.0710 ndcg@10: 0.0827 ndcg@20: 0.0996 ] 
2025-12-26 06:22:32,787 - Epoch  15 Validation set [recall@5: 0.0736 recall@10: 0.1098 recall@20: 0.1617 ] [ndcg@5: 0.0717 ndcg@10: 0.0841 ndcg@20: 0.1012 ] 
2025-12-26 06:22:40,490 - Epoch  18 Validation set [recall@5: 0.0726 recall@10: 0.1111 recall@20: 0.1640 ] [ndcg@5: 0.0721 ndcg@10: 0.0853 ndcg@20: 0.1026 ] 
2025-12-26 06:22:47,957 - Epoch  21 Validation set [recall@5: 0.0748 recall@10: 0.1124 recall@20: 0.1651 ] [ndcg@5: 0.0729 ndcg@10: 0.0858 ndcg@20: 0.1033 ] 
2025-12-26 06:22:55,499 - Epoch  24 Validation set [recall@5: 0.0733 recall@10: 0.1123 recall@20: 0.1657 ] [ndcg@5: 0.0735 ndcg@10: 0.0869 ndcg@20: 0.1043 ] 
2025-12-26 06:23:02,888 - Epoch  27 Validation set [recall@5: 0.0741 recall@10: 0.1120 recall@20: 0.1644 ] [ndcg@5: 0.0734 ndcg@10: 0.0864 ndcg@20: 0.1037 ] 
2025-12-26 06:23:10,215 - Epoch  30 Validation set [recall@5: 0.0731 recall@10: 0.1119 recall@20: 0.1671 ] [ndcg@5: 0.0728 ndcg@10: 0.0860 ndcg@20: 0.1042 ] 
2025-12-26 06:23:17,609 - Epoch  33 Validation set [recall@5: 0.0730 recall@10: 0.1139 recall@20: 0.1673 ] [ndcg@5: 0.0731 ndcg@10: 0.0871 ndcg@20: 0.1046 ] 
2025-12-26 06:23:25,098 - Epoch  36 Validation set [recall@5: 0.0749 recall@10: 0.1130 recall@20: 0.1670 ] [ndcg@5: 0.0748 ndcg@10: 0.0876 ndcg@20: 0.1053 ] 
2025-12-26 06:23:32,419 - Epoch  39 Validation set [recall@5: 0.0735 recall@10: 0.1137 recall@20: 0.1662 ] [ndcg@5: 0.0738 ndcg@10: 0.0875 ndcg@20: 0.1048 ] 
2025-12-26 06:23:39,823 - Epoch  42 Validation set [recall@5: 0.0760 recall@10: 0.1136 recall@20: 0.1687 ] [ndcg@5: 0.0747 ndcg@10: 0.0875 ndcg@20: 0.1056 ] 
2025-12-26 06:23:47,175 - Epoch  45 Validation set [recall@5: 0.0756 recall@10: 0.1157 recall@20: 0.1665 ] [ndcg@5: 0.0751 ndcg@10: 0.0885 ndcg@20: 0.1052 ] 
2025-12-26 06:23:54,536 - Epoch  48 Validation set [recall@5: 0.0751 recall@10: 0.1172 recall@20: 0.1693 ] [ndcg@5: 0.0742 ndcg@10: 0.0886 ndcg@20: 0.1057 ] 
2025-12-26 06:24:01,924 - Epoch  51 Validation set [recall@5: 0.0763 recall@10: 0.1150 recall@20: 0.1654 ] [ndcg@5: 0.0750 ndcg@10: 0.0885 ndcg@20: 0.1050 ] 
2025-12-26 06:24:09,484 - Epoch  54 Validation set [recall@5: 0.0762 recall@10: 0.1154 recall@20: 0.1691 ] [ndcg@5: 0.0751 ndcg@10: 0.0883 ndcg@20: 0.1057 ] 
2025-12-26 06:24:16,996 - Epoch  57 Validation set [recall@5: 0.0756 recall@10: 0.1140 recall@20: 0.1665 ] [ndcg@5: 0.0752 ndcg@10: 0.0884 ndcg@20: 0.1055 ] 
2025-12-26 06:24:24,406 - Epoch  60 Validation set [recall@5: 0.0766 recall@10: 0.1165 recall@20: 0.1679 ] [ndcg@5: 0.0745 ndcg@10: 0.0882 ndcg@20: 0.1051 ] 
2025-12-26 06:24:32,007 - Epoch  63 Validation set [recall@5: 0.0756 recall@10: 0.1162 recall@20: 0.1691 ] [ndcg@5: 0.0737 ndcg@10: 0.0880 ndcg@20: 0.1053 ] 
2025-12-26 06:24:33,500 - [recall@5: 0.0751 recall@10: 0.1172 recall@20: 0.1693 ] [ndcg@5: 0.0742 ndcg@10: 0.0886 ndcg@20: 0.1057 ] 
2025-12-26 06:24:34,941 - [recall@5: 0.0733 recall@10: 0.1134 recall@20: 0.1660 ] [ndcg@5: 0.0728 ndcg@10: 0.0864 ndcg@20: 0.1037 ] 
2025-12-26 06:24:34,941 - Best Epoch 48. Final test result: {'recall': array([0.07334009, 0.11343419, 0.16601706]), 'ndcg': array([0.07276337, 0.08639931, 0.10372334])}.
'embedding_size': 64