2025-12-25 14:59:52,845 - {'optimizer': {'name': 'adam', 'lr': 0.001, 'weight_decay': 0}, 'train': {'epoch': 3000, 'batch_size': 4096, 'save_model': False, 'loss': 'pairwise', 'test_step': 3, 'reproducible': True, 'seed': 2023, 'patience': 5}, 'test': {'metrics': ['recall', 'ndcg'], 'k': [5, 10, 20], 'batch_size': 1024}, 'data': {'type': 'general_cf', 'name': 'amazon', 'user_num': 11000, 'item_num': 9332}, 'model': {'name': 'dccflk_plus', 'embedding_size': 32, 'intent_num': 128, 'layer_num': 2, 'reg_weight': 0.0001, 'cl_weight': 0.001, 'temperature': 0.1, 'kd_weight': 0.01, 'kd_temperature': 0.5, 'amazon': {'layer_num': 2, 'reg_weight': 0.0001, 'cl_weight': 0.001, 'temperature': 0.1, 'proto_reg': '8e-8', 'num_clusters': 300, 'm_step': 1, 'warm_up_step': 20, 'ssl_temp': 0.1, 'ssl_reg': '1e-7', 'embedding_size': 32, 'kd_weight': 0.01, 'kd_temperature': 0.5}, 'yelp': {'layer_num': 2, 'reg_weight': 0.0001, 'cl_weight': 0.001, 'temperature': 0.1, 'proto_reg': '8e-8', 'num_clusters': 200, 'm_step': 1, 'warm_up_step': 20, 'ssl_temp': 0.1, 'ssl_reg': '1e-7', 'embedding_size': 32, 'kd_weight': 0.01, 'kd_temperature': 0.5}, 'steam': {'layer_num': 3, 'reg_weight': 0.001, 'cl_weight': 0.001, 'temperature': 0.1, 'proto_reg': '8e-8', 'num_clusters': 300, 'm_step': 1, 'warm_up_step': 20, 'ssl_temp': 0.1, 'ssl_reg': '1e-7', 'embedding_size': 32, 'kd_weight': 0.01, 'kd_temperature': 0.5}}}
2025-12-25 14:59:58,875 - Epoch   0 Validation set [recall@5: 0.0308 recall@10: 0.0506 recall@20: 0.0787 ] [ndcg@5: 0.0302 ndcg@10: 0.0372 ndcg@20: 0.0465 ] 
2025-12-25 15:00:05,764 - Epoch   3 Validation set [recall@5: 0.0544 recall@10: 0.0870 recall@20: 0.1315 ] [ndcg@5: 0.0535 ndcg@10: 0.0645 ndcg@20: 0.0790 ] 
2025-12-25 15:00:12,795 - Epoch   6 Validation set [recall@5: 0.0589 recall@10: 0.0950 recall@20: 0.1411 ] [ndcg@5: 0.0580 ndcg@10: 0.0705 ndcg@20: 0.0856 ] 
2025-12-25 15:00:19,700 - Epoch   9 Validation set [recall@5: 0.0613 recall@10: 0.0976 recall@20: 0.1452 ] [ndcg@5: 0.0614 ndcg@10: 0.0738 ndcg@20: 0.0892 ] 
2025-12-25 15:00:26,421 - Epoch  12 Validation set [recall@5: 0.0646 recall@10: 0.1000 recall@20: 0.1473 ] [ndcg@5: 0.0643 ndcg@10: 0.0765 ndcg@20: 0.0919 ] 
2025-12-25 15:00:33,253 - Epoch  15 Validation set [recall@5: 0.0649 recall@10: 0.1002 recall@20: 0.1509 ] [ndcg@5: 0.0650 ndcg@10: 0.0773 ndcg@20: 0.0937 ] 
2025-12-25 15:00:39,971 - Epoch  18 Validation set [recall@5: 0.0676 recall@10: 0.1031 recall@20: 0.1527 ] [ndcg@5: 0.0669 ndcg@10: 0.0790 ndcg@20: 0.0950 ] 
2025-12-25 15:00:46,658 - Epoch  21 Validation set [recall@5: 0.0677 recall@10: 0.1048 recall@20: 0.1555 ] [ndcg@5: 0.0669 ndcg@10: 0.0796 ndcg@20: 0.0960 ] 
2025-12-25 15:00:53,431 - Epoch  24 Validation set [recall@5: 0.0682 recall@10: 0.1054 recall@20: 0.1552 ] [ndcg@5: 0.0677 ndcg@10: 0.0804 ndcg@20: 0.0966 ] 
2025-12-25 15:01:00,271 - Epoch  27 Validation set [recall@5: 0.0690 recall@10: 0.1061 recall@20: 0.1553 ] [ndcg@5: 0.0678 ndcg@10: 0.0806 ndcg@20: 0.0965 ] 
2025-12-25 15:01:06,855 - Epoch  30 Validation set [recall@5: 0.0690 recall@10: 0.1067 recall@20: 0.1566 ] [ndcg@5: 0.0674 ndcg@10: 0.0803 ndcg@20: 0.0967 ] 
2025-12-25 15:01:13,580 - Epoch  33 Validation set [recall@5: 0.0686 recall@10: 0.1057 recall@20: 0.1578 ] [ndcg@5: 0.0677 ndcg@10: 0.0805 ndcg@20: 0.0974 ] 
2025-12-25 15:01:20,277 - Epoch  36 Validation set [recall@5: 0.0694 recall@10: 0.1063 recall@20: 0.1579 ] [ndcg@5: 0.0680 ndcg@10: 0.0805 ndcg@20: 0.0975 ] 
2025-12-25 15:01:27,306 - Epoch  39 Validation set [recall@5: 0.0688 recall@10: 0.1076 recall@20: 0.1580 ] [ndcg@5: 0.0683 ndcg@10: 0.0816 ndcg@20: 0.0981 ] 
2025-12-25 15:01:34,277 - Epoch  42 Validation set [recall@5: 0.0691 recall@10: 0.1067 recall@20: 0.1591 ] [ndcg@5: 0.0679 ndcg@10: 0.0810 ndcg@20: 0.0981 ] 
2025-12-25 15:01:41,000 - Epoch  45 Validation set [recall@5: 0.0699 recall@10: 0.1079 recall@20: 0.1571 ] [ndcg@5: 0.0687 ndcg@10: 0.0816 ndcg@20: 0.0977 ] 
2025-12-25 15:01:47,576 - Epoch  48 Validation set [recall@5: 0.0685 recall@10: 0.1062 recall@20: 0.1583 ] [ndcg@5: 0.0677 ndcg@10: 0.0806 ndcg@20: 0.0977 ] 
2025-12-25 15:01:54,132 - Epoch  51 Validation set [recall@5: 0.0702 recall@10: 0.1072 recall@20: 0.1565 ] [ndcg@5: 0.0686 ndcg@10: 0.0812 ndcg@20: 0.0974 ] 
2025-12-25 15:02:00,884 - Epoch  54 Validation set [recall@5: 0.0689 recall@10: 0.1080 recall@20: 0.1585 ] [ndcg@5: 0.0674 ndcg@10: 0.0808 ndcg@20: 0.0974 ] 
2025-12-25 15:02:07,628 - Epoch  57 Validation set [recall@5: 0.0707 recall@10: 0.1071 recall@20: 0.1584 ] [ndcg@5: 0.0690 ndcg@10: 0.0814 ndcg@20: 0.0980 ] 
2025-12-25 15:02:09,077 - [recall@5: 0.0691 recall@10: 0.1067 recall@20: 0.1591 ] [ndcg@5: 0.0679 ndcg@10: 0.0810 ndcg@20: 0.0981 ] 
2025-12-25 15:02:10,466 - [recall@5: 0.0670 recall@10: 0.1038 recall@20: 0.1559 ] [ndcg@5: 0.0665 ndcg@10: 0.0789 ndcg@20: 0.0958 ] 
2025-12-25 15:02:10,466 - Best Epoch 42. Final test result: {'recall': array([0.06695566, 0.10376344, 0.15588367]), 'ndcg': array([0.06649894, 0.07894737, 0.09580231])}.
'embedding_size': 32