2025-12-26 05:12:09,884 - {'optimizer': {'name': 'adam', 'lr': 0.001, 'weight_decay': 0}, 'train': {'epoch': 3000, 'batch_size': 4096, 'save_model': False, 'loss': 'pairwise', 'test_step': 3, 'reproducible': True, 'seed': 2023, 'patience': 5}, 'test': {'metrics': ['recall', 'ndcg'], 'k': [5, 10, 20], 'batch_size': 1024}, 'data': {'type': 'general_cf', 'name': 'steam', 'user_num': 23310, 'item_num': 5237}, 'model': {'name': 'dccflk_plus', 'embedding_size': 32, 'intent_num': 128, 'layer_num': 2, 'reg_weight': 0.0001, 'cl_weight': 0.001, 'temperature': 0.1, 'kd_weight': 0.01, 'kd_temperature': 0.5, 'amazon': {'layer_num': 2, 'reg_weight': 0.0001, 'cl_weight': 0.001, 'temperature': 0.1, 'proto_reg': '8e-8', 'num_clusters': 300, 'm_step': 1, 'warm_up_step': 20, 'ssl_temp': 0.1, 'ssl_reg': '1e-7', 'embedding_size': 32, 'kd_weight': 0.01, 'kd_temperature': 0.5}, 'yelp': {'layer_num': 2, 'reg_weight': 0.0001, 'cl_weight': 0.001, 'temperature': 0.1, 'proto_reg': '8e-8', 'num_clusters': 200, 'm_step': 1, 'warm_up_step': 20, 'ssl_temp': 0.1, 'ssl_reg': '1e-7', 'embedding_size': 32, 'kd_weight': 0.01, 'kd_temperature': 0.5}, 'steam': {'layer_num': 3, 'reg_weight': 0.001, 'cl_weight': 0.001, 'temperature': 0.1, 'proto_reg': '8e-8', 'num_clusters': 300, 'm_step': 1, 'warm_up_step': 20, 'ssl_temp': 0.1, 'ssl_reg': '1e-7', 'embedding_size': 32, 'kd_weight': 0.01, 'kd_temperature': 0.5}}}
2025-12-26 05:12:23,901 - Epoch   0 Validation set [recall@5: 0.0516 recall@10: 0.0835 recall@20: 0.1327 ] [ndcg@5: 0.0580 ndcg@10: 0.0679 ndcg@20: 0.0843 ] 
2025-12-26 05:12:51,560 - Epoch   3 Validation set [recall@5: 0.0551 recall@10: 0.0897 recall@20: 0.1414 ] [ndcg@5: 0.0609 ndcg@10: 0.0723 ndcg@20: 0.0896 ] 
2025-12-26 05:13:18,766 - Epoch   6 Validation set [recall@5: 0.0560 recall@10: 0.0906 recall@20: 0.1433 ] [ndcg@5: 0.0624 ndcg@10: 0.0736 ndcg@20: 0.0914 ] 
2025-12-26 05:13:45,814 - Epoch   9 Validation set [recall@5: 0.0568 recall@10: 0.0932 recall@20: 0.1447 ] [ndcg@5: 0.0631 ndcg@10: 0.0749 ndcg@20: 0.0923 ] 
2025-12-26 05:14:12,992 - Epoch  12 Validation set [recall@5: 0.0573 recall@10: 0.0927 recall@20: 0.1446 ] [ndcg@5: 0.0634 ndcg@10: 0.0748 ndcg@20: 0.0923 ] 
2025-12-26 05:14:40,319 - Epoch  15 Validation set [recall@5: 0.0580 recall@10: 0.0933 recall@20: 0.1465 ] [ndcg@5: 0.0640 ndcg@10: 0.0755 ndcg@20: 0.0935 ] 
2025-12-26 05:15:07,674 - Epoch  18 Validation set [recall@5: 0.0573 recall@10: 0.0944 recall@20: 0.1472 ] [ndcg@5: 0.0635 ndcg@10: 0.0758 ndcg@20: 0.0937 ] 
2025-12-26 05:15:34,961 - Epoch  21 Validation set [recall@5: 0.0583 recall@10: 0.0934 recall@20: 0.1471 ] [ndcg@5: 0.0638 ndcg@10: 0.0752 ndcg@20: 0.0935 ] 
2025-12-26 05:16:02,208 - Epoch  24 Validation set [recall@5: 0.0573 recall@10: 0.0933 recall@20: 0.1453 ] [ndcg@5: 0.0630 ndcg@10: 0.0751 ndcg@20: 0.0927 ] 
2025-12-26 05:16:29,234 - Epoch  27 Validation set [recall@5: 0.0580 recall@10: 0.0939 recall@20: 0.1463 ] [ndcg@5: 0.0639 ndcg@10: 0.0755 ndcg@20: 0.0933 ] 
2025-12-26 05:16:56,495 - Epoch  30 Validation set [recall@5: 0.0586 recall@10: 0.0951 recall@20: 0.1475 ] [ndcg@5: 0.0639 ndcg@10: 0.0761 ndcg@20: 0.0938 ] 
2025-12-26 05:17:24,107 - Epoch  33 Validation set [recall@5: 0.0579 recall@10: 0.0932 recall@20: 0.1451 ] [ndcg@5: 0.0637 ndcg@10: 0.0753 ndcg@20: 0.0929 ] 
2025-12-26 05:17:51,273 - Epoch  36 Validation set [recall@5: 0.0591 recall@10: 0.0936 recall@20: 0.1455 ] [ndcg@5: 0.0649 ndcg@10: 0.0760 ndcg@20: 0.0936 ] 
2025-12-26 05:18:18,057 - Epoch  39 Validation set [recall@5: 0.0573 recall@10: 0.0920 recall@20: 0.1444 ] [ndcg@5: 0.0627 ndcg@10: 0.0740 ndcg@20: 0.0916 ] 
2025-12-26 05:18:45,128 - Epoch  42 Validation set [recall@5: 0.0580 recall@10: 0.0926 recall@20: 0.1459 ] [ndcg@5: 0.0633 ndcg@10: 0.0744 ndcg@20: 0.0925 ] 
2025-12-26 05:19:12,047 - Epoch  45 Validation set [recall@5: 0.0582 recall@10: 0.0930 recall@20: 0.1457 ] [ndcg@5: 0.0639 ndcg@10: 0.0753 ndcg@20: 0.0930 ] 
2025-12-26 05:19:14,533 - [recall@5: 0.0586 recall@10: 0.0951 recall@20: 0.1475 ] [ndcg@5: 0.0639 ndcg@10: 0.0761 ndcg@20: 0.0938 ] 
2025-12-26 05:19:17,105 - [recall@5: 0.0575 recall@10: 0.0938 recall@20: 0.1462 ] [ndcg@5: 0.0633 ndcg@10: 0.0755 ndcg@20: 0.0933 ] 
2025-12-26 05:19:17,106 - Best Epoch 30. Final test result: {'recall': array([0.05752838, 0.09382248, 0.14616706]), 'ndcg': array([0.06333673, 0.07550115, 0.09333722])}.
'embedding_size': 32