2026-01-11 09:02:11,339 - {'optimizer': {'name': 'adam', 'lr': 0.001, 'weight_decay': 0}, 'train': {'epoch': 3000, 'batch_size': 4096, 'save_model': True, 'loss': 'pairwise', 'test_step': 3, 'reproducible': True, 'seed': 2023, 'patience': 5}, 'test': {'metrics': ['recall', 'ndcg'], 'k': [5, 10, 20], 'batch_size': 1024}, 'data': {'type': 'general_cf', 'name': 'yelp', 'user_num': 11091, 'item_num': 11010}, 'model': {'name': 'dccflk_plus', 'embedding_size': 64, 'intent_num': 128, 'layer_num': 2, 'reg_weight': 0.0001, 'cl_weight': 0.001, 'temperature': 0.1, 'kd_weight': 0.01, 'kd_temperature': 0.5, 'amazon': {'layer_num': 2, 'reg_weight': 0.0001, 'cl_weight': 0.001, 'temperature': 0.1, 'proto_reg': '8e-8', 'num_clusters': 300, 'm_step': 1, 'warm_up_step': 20, 'ssl_temp': 0.1, 'ssl_reg': '1e-7', 'embedding_size': 64, 'kd_weight': 0.01, 'kd_temperature': 0.5}, 'yelp': {'layer_num': 2, 'reg_weight': 0.0001, 'cl_weight': 0.001, 'temperature': 0.1, 'proto_reg': '8e-8', 'num_clusters': 200, 'm_step': 1, 'warm_up_step': 20, 'ssl_temp': 0.1, 'ssl_reg': '1e-7', 'embedding_size': 64, 'kd_weight': 0.01, 'kd_temperature': 0.5}, 'steam': {'layer_num': 3, 'reg_weight': 0.001, 'cl_weight': 0.001, 'temperature': 0.1, 'proto_reg': '8e-8', 'num_clusters': 300, 'm_step': 1, 'warm_up_step': 20, 'ssl_temp': 0.1, 'ssl_reg': '1e-7', 'embedding_size': 64, 'kd_weight': 0.01, 'kd_temperature': 0.5}}}
2026-01-11 09:02:20,086 - Epoch   0 Validation set [recall@5: 0.0327 recall@10: 0.0554 recall@20: 0.0896 ] [ndcg@5: 0.0387 ndcg@10: 0.0456 ndcg@20: 0.0571 ] 
2026-01-11 09:02:32,053 - Epoch   3 Validation set [recall@5: 0.0388 recall@10: 0.0672 recall@20: 0.1100 ] [ndcg@5: 0.0465 ndcg@10: 0.0552 ndcg@20: 0.0697 ] 
2026-01-11 09:02:43,686 - Epoch   6 Validation set [recall@5: 0.0432 recall@10: 0.0734 recall@20: 0.1212 ] [ndcg@5: 0.0512 ndcg@10: 0.0605 ndcg@20: 0.0766 ] 
2026-01-11 09:02:55,446 - Epoch   9 Validation set [recall@5: 0.0450 recall@10: 0.0756 recall@20: 0.1248 ] [ndcg@5: 0.0541 ndcg@10: 0.0636 ndcg@20: 0.0799 ] 
2026-01-11 09:03:07,070 - Epoch  12 Validation set [recall@5: 0.0464 recall@10: 0.0781 recall@20: 0.1270 ] [ndcg@5: 0.0546 ndcg@10: 0.0643 ndcg@20: 0.0809 ] 
2026-01-11 09:03:18,743 - Epoch  15 Validation set [recall@5: 0.0458 recall@10: 0.0786 recall@20: 0.1296 ] [ndcg@5: 0.0545 ndcg@10: 0.0649 ndcg@20: 0.0821 ] 
2026-01-11 09:03:30,238 - Epoch  18 Validation set [recall@5: 0.0467 recall@10: 0.0792 recall@20: 0.1273 ] [ndcg@5: 0.0552 ndcg@10: 0.0654 ndcg@20: 0.0816 ] 
2026-01-11 09:03:41,867 - Epoch  21 Validation set [recall@5: 0.0471 recall@10: 0.0788 recall@20: 0.1293 ] [ndcg@5: 0.0555 ndcg@10: 0.0650 ndcg@20: 0.0820 ] 
2026-01-11 09:03:53,850 - Epoch  24 Validation set [recall@5: 0.0463 recall@10: 0.0783 recall@20: 0.1302 ] [ndcg@5: 0.0553 ndcg@10: 0.0651 ndcg@20: 0.0824 ] 
2026-01-11 09:04:05,335 - Epoch  27 Validation set [recall@5: 0.0460 recall@10: 0.0784 recall@20: 0.1307 ] [ndcg@5: 0.0551 ndcg@10: 0.0650 ndcg@20: 0.0825 ] 
2026-01-11 09:04:16,977 - Epoch  30 Validation set [recall@5: 0.0466 recall@10: 0.0786 recall@20: 0.1298 ] [ndcg@5: 0.0557 ndcg@10: 0.0654 ndcg@20: 0.0825 ] 
2026-01-11 09:04:28,426 - Epoch  33 Validation set [recall@5: 0.0459 recall@10: 0.0814 recall@20: 0.1324 ] [ndcg@5: 0.0554 ndcg@10: 0.0666 ndcg@20: 0.0837 ] 
2026-01-11 09:04:40,164 - Epoch  36 Validation set [recall@5: 0.0480 recall@10: 0.0797 recall@20: 0.1306 ] [ndcg@5: 0.0563 ndcg@10: 0.0662 ndcg@20: 0.0835 ] 
2026-01-11 09:04:51,665 - Epoch  39 Validation set [recall@5: 0.0471 recall@10: 0.0800 recall@20: 0.1304 ] [ndcg@5: 0.0569 ndcg@10: 0.0670 ndcg@20: 0.0838 ] 
2026-01-11 09:05:03,097 - Epoch  42 Validation set [recall@5: 0.0479 recall@10: 0.0800 recall@20: 0.1308 ] [ndcg@5: 0.0574 ndcg@10: 0.0668 ndcg@20: 0.0839 ] 
2026-01-11 09:05:14,643 - Epoch  45 Validation set [recall@5: 0.0479 recall@10: 0.0802 recall@20: 0.1292 ] [ndcg@5: 0.0566 ndcg@10: 0.0660 ndcg@20: 0.0825 ] 
2026-01-11 09:05:26,262 - Epoch  48 Validation set [recall@5: 0.0472 recall@10: 0.0797 recall@20: 0.1278 ] [ndcg@5: 0.0557 ndcg@10: 0.0657 ndcg@20: 0.0819 ] 
2026-01-11 09:05:28,699 - [recall@5: 0.0459 recall@10: 0.0814 recall@20: 0.1324 ] [ndcg@5: 0.0554 ndcg@10: 0.0666 ndcg@20: 0.0837 ] 
2026-01-11 09:05:30,806 - [recall@5: 0.0487 recall@10: 0.0797 recall@20: 0.1304 ] [ndcg@5: 0.0564 ndcg@10: 0.0660 ndcg@20: 0.0833 ] 
2026-01-11 09:05:30,819 - Save model parameters to ./encoder/checkpoint/dccflk_plus/dccflk_plus-yelp-2023.pth
2026-01-11 09:05:30,820 - Best Epoch 33. Final test result: {'recall': array([0.04871835, 0.07969068, 0.13038748]), 'ndcg': array([0.05639209, 0.06599967, 0.08325273])}.
