2025-12-24 11:38:03,914 - {'optimizer': {'name': 'adam', 'lr': 0.001, 'weight_decay': 0}, 'train': {'epoch': 3000, 'batch_size': 4096, 'save_model': False, 'loss': 'pairwise', 'test_step': 3, 'reproducible': True, 'seed': 2023, 'patience': 5}, 'test': {'metrics': ['recall', 'ndcg'], 'k': [5, 10, 20], 'batch_size': 1024}, 'data': {'type': 'general_cf', 'name': 'amazon', 'user_num': 11000, 'item_num': 9332}, 'model': {'name': 'sgl', 'keep_rate': 0.8, 'embedding_size': 32, 'augmentation': 'edge_drop', 'layer_num': 1, 'reg_weight': 1e-05, 'cl_weight': 0.1, 'temperature': 0.2, 'amazon': {'layer_num': 1, 'reg_weight': 1e-05, 'cl_weight': 0.1, 'temperature': 0.2}, 'yelp': {'layer_num': 3, 'reg_weight': 1e-06, 'cl_weight': 0.001, 'temperature': 0.1}, 'steam': {'layer_num': 2, 'reg_weight': 1e-05, 'cl_weight': 0.1, 'temperature': 0.5}}}
2025-12-24 11:38:11,733 - Epoch   0 Validation set [recall@5: 0.0022 recall@10: 0.0046 recall@20: 0.0083 ] [ndcg@5: 0.0025 ndcg@10: 0.0033 ndcg@20: 0.0045 ] 
2025-12-24 11:38:29,860 - Epoch   3 Validation set [recall@5: 0.0142 recall@10: 0.0214 recall@20: 0.0322 ] [ndcg@5: 0.0141 ndcg@10: 0.0165 ndcg@20: 0.0200 ] 
2025-12-24 11:38:51,866 - Epoch   6 Validation set [recall@5: 0.0259 recall@10: 0.0392 recall@20: 0.0571 ] [ndcg@5: 0.0251 ndcg@10: 0.0296 ndcg@20: 0.0353 ] 
2025-12-24 11:39:23,906 - Epoch   9 Validation set [recall@5: 0.0315 recall@10: 0.0499 recall@20: 0.0753 ] [ndcg@5: 0.0309 ndcg@10: 0.0372 ndcg@20: 0.0455 ] 
2025-12-24 11:39:55,650 - Epoch  12 Validation set [recall@5: 0.0390 recall@10: 0.0600 recall@20: 0.0911 ] [ndcg@5: 0.0394 ndcg@10: 0.0465 ndcg@20: 0.0565 ] 
2025-12-24 11:40:27,934 - Epoch  15 Validation set [recall@5: 0.0476 recall@10: 0.0721 recall@20: 0.1077 ] [ndcg@5: 0.0485 ndcg@10: 0.0565 ndcg@20: 0.0681 ] 
2025-12-24 11:41:00,003 - Epoch  18 Validation set [recall@5: 0.0546 recall@10: 0.0819 recall@20: 0.1207 ] [ndcg@5: 0.0544 ndcg@10: 0.0637 ndcg@20: 0.0762 ] 
2025-12-24 11:41:32,029 - Epoch  21 Validation set [recall@5: 0.0568 recall@10: 0.0865 recall@20: 0.1291 ] [ndcg@5: 0.0569 ndcg@10: 0.0670 ndcg@20: 0.0808 ] 
2025-12-24 11:42:04,162 - Epoch  24 Validation set [recall@5: 0.0593 recall@10: 0.0895 recall@20: 0.1335 ] [ndcg@5: 0.0587 ndcg@10: 0.0691 ndcg@20: 0.0834 ] 
2025-12-24 11:42:36,462 - Epoch  27 Validation set [recall@5: 0.0596 recall@10: 0.0903 recall@20: 0.1358 ] [ndcg@5: 0.0590 ndcg@10: 0.0696 ndcg@20: 0.0844 ] 
2025-12-24 11:43:08,403 - Epoch  30 Validation set [recall@5: 0.0600 recall@10: 0.0920 recall@20: 0.1387 ] [ndcg@5: 0.0597 ndcg@10: 0.0708 ndcg@20: 0.0860 ] 
2025-12-24 11:43:40,378 - Epoch  33 Validation set [recall@5: 0.0601 recall@10: 0.0926 recall@20: 0.1400 ] [ndcg@5: 0.0598 ndcg@10: 0.0711 ndcg@20: 0.0865 ] 
2025-12-24 11:44:13,481 - Epoch  36 Validation set [recall@5: 0.0597 recall@10: 0.0932 recall@20: 0.1414 ] [ndcg@5: 0.0597 ndcg@10: 0.0713 ndcg@20: 0.0869 ] 
2025-12-24 11:44:47,992 - Epoch  39 Validation set [recall@5: 0.0594 recall@10: 0.0934 recall@20: 0.1412 ] [ndcg@5: 0.0596 ndcg@10: 0.0715 ndcg@20: 0.0870 ] 
2025-12-24 11:45:20,403 - Epoch  42 Validation set [recall@5: 0.0596 recall@10: 0.0937 recall@20: 0.1416 ] [ndcg@5: 0.0599 ndcg@10: 0.0717 ndcg@20: 0.0873 ] 
2025-12-24 11:45:53,079 - Epoch  45 Validation set [recall@5: 0.0596 recall@10: 0.0943 recall@20: 0.1416 ] [ndcg@5: 0.0596 ndcg@10: 0.0716 ndcg@20: 0.0870 ] 
2025-12-24 11:46:32,224 - Epoch  48 Validation set [recall@5: 0.0596 recall@10: 0.0931 recall@20: 0.1417 ] [ndcg@5: 0.0597 ndcg@10: 0.0712 ndcg@20: 0.0871 ] 
2025-12-24 11:47:22,319 - Epoch  51 Validation set [recall@5: 0.0597 recall@10: 0.0942 recall@20: 0.1417 ] [ndcg@5: 0.0598 ndcg@10: 0.0718 ndcg@20: 0.0872 ] 
2025-12-24 11:48:15,490 - Epoch  54 Validation set [recall@5: 0.0597 recall@10: 0.0940 recall@20: 0.1419 ] [ndcg@5: 0.0599 ndcg@10: 0.0716 ndcg@20: 0.0872 ] 
2025-12-24 11:48:53,695 - Epoch  57 Validation set [recall@5: 0.0606 recall@10: 0.0935 recall@20: 0.1426 ] [ndcg@5: 0.0604 ndcg@10: 0.0717 ndcg@20: 0.0875 ] 
2025-12-24 11:49:28,615 - Epoch  60 Validation set [recall@5: 0.0602 recall@10: 0.0938 recall@20: 0.1425 ] [ndcg@5: 0.0599 ndcg@10: 0.0715 ndcg@20: 0.0873 ] 
2025-12-24 11:50:04,048 - Epoch  63 Validation set [recall@5: 0.0599 recall@10: 0.0942 recall@20: 0.1425 ] [ndcg@5: 0.0599 ndcg@10: 0.0718 ndcg@20: 0.0874 ] 
2025-12-24 11:50:40,457 - Epoch  66 Validation set [recall@5: 0.0598 recall@10: 0.0940 recall@20: 0.1426 ] [ndcg@5: 0.0598 ndcg@10: 0.0717 ndcg@20: 0.0875 ] 
2025-12-24 11:51:17,091 - Epoch  69 Validation set [recall@5: 0.0598 recall@10: 0.0942 recall@20: 0.1430 ] [ndcg@5: 0.0598 ndcg@10: 0.0717 ndcg@20: 0.0875 ] 
2025-12-24 11:51:52,515 - Epoch  72 Validation set [recall@5: 0.0593 recall@10: 0.0943 recall@20: 0.1434 ] [ndcg@5: 0.0595 ndcg@10: 0.0716 ndcg@20: 0.0876 ] 
2025-12-24 11:52:29,872 - Epoch  75 Validation set [recall@5: 0.0593 recall@10: 0.0942 recall@20: 0.1443 ] [ndcg@5: 0.0597 ndcg@10: 0.0717 ndcg@20: 0.0879 ] 
2025-12-24 11:53:06,229 - Epoch  78 Validation set [recall@5: 0.0596 recall@10: 0.0947 recall@20: 0.1434 ] [ndcg@5: 0.0598 ndcg@10: 0.0718 ndcg@20: 0.0876 ] 
2025-12-24 11:53:41,079 - Epoch  81 Validation set [recall@5: 0.0597 recall@10: 0.0949 recall@20: 0.1442 ] [ndcg@5: 0.0597 ndcg@10: 0.0719 ndcg@20: 0.0878 ] 
2025-12-24 11:54:13,704 - Epoch  84 Validation set [recall@5: 0.0594 recall@10: 0.0947 recall@20: 0.1439 ] [ndcg@5: 0.0596 ndcg@10: 0.0717 ndcg@20: 0.0875 ] 
2025-12-24 11:54:45,778 - Epoch  87 Validation set [recall@5: 0.0602 recall@10: 0.0951 recall@20: 0.1440 ] [ndcg@5: 0.0602 ndcg@10: 0.0722 ndcg@20: 0.0879 ] 
2025-12-24 11:55:17,514 - Epoch  90 Validation set [recall@5: 0.0604 recall@10: 0.0953 recall@20: 0.1447 ] [ndcg@5: 0.0601 ndcg@10: 0.0721 ndcg@20: 0.0881 ] 
2025-12-24 11:55:50,699 - Epoch  93 Validation set [recall@5: 0.0593 recall@10: 0.0954 recall@20: 0.1441 ] [ndcg@5: 0.0596 ndcg@10: 0.0720 ndcg@20: 0.0878 ] 
2025-12-24 11:56:24,234 - Epoch  96 Validation set [recall@5: 0.0603 recall@10: 0.0949 recall@20: 0.1437 ] [ndcg@5: 0.0598 ndcg@10: 0.0716 ndcg@20: 0.0875 ] 
2025-12-24 11:56:56,699 - Epoch  99 Validation set [recall@5: 0.0597 recall@10: 0.0948 recall@20: 0.1440 ] [ndcg@5: 0.0599 ndcg@10: 0.0720 ndcg@20: 0.0881 ] 
2025-12-24 11:57:20,325 - Epoch 102 Validation set [recall@5: 0.0596 recall@10: 0.0956 recall@20: 0.1445 ] [ndcg@5: 0.0598 ndcg@10: 0.0721 ndcg@20: 0.0880 ] 
2025-12-24 11:57:38,366 - Epoch 105 Validation set [recall@5: 0.0600 recall@10: 0.0956 recall@20: 0.1453 ] [ndcg@5: 0.0595 ndcg@10: 0.0719 ndcg@20: 0.0880 ] 
2025-12-24 11:57:55,903 - Epoch 108 Validation set [recall@5: 0.0606 recall@10: 0.0953 recall@20: 0.1450 ] [ndcg@5: 0.0599 ndcg@10: 0.0719 ndcg@20: 0.0881 ] 
2025-12-24 11:58:14,023 - Epoch 111 Validation set [recall@5: 0.0605 recall@10: 0.0956 recall@20: 0.1450 ] [ndcg@5: 0.0600 ndcg@10: 0.0722 ndcg@20: 0.0883 ] 
2025-12-24 11:58:32,312 - Epoch 114 Validation set [recall@5: 0.0609 recall@10: 0.0957 recall@20: 0.1459 ] [ndcg@5: 0.0600 ndcg@10: 0.0721 ndcg@20: 0.0884 ] 
2025-12-24 11:58:50,391 - Epoch 117 Validation set [recall@5: 0.0610 recall@10: 0.0946 recall@20: 0.1456 ] [ndcg@5: 0.0601 ndcg@10: 0.0716 ndcg@20: 0.0883 ] 
2025-12-24 11:59:08,575 - Epoch 120 Validation set [recall@5: 0.0610 recall@10: 0.0959 recall@20: 0.1455 ] [ndcg@5: 0.0601 ndcg@10: 0.0721 ndcg@20: 0.0883 ] 
2025-12-24 11:59:26,644 - Epoch 123 Validation set [recall@5: 0.0609 recall@10: 0.0962 recall@20: 0.1454 ] [ndcg@5: 0.0604 ndcg@10: 0.0725 ndcg@20: 0.0885 ] 
2025-12-24 11:59:44,727 - Epoch 126 Validation set [recall@5: 0.0613 recall@10: 0.0962 recall@20: 0.1456 ] [ndcg@5: 0.0604 ndcg@10: 0.0724 ndcg@20: 0.0885 ] 
2025-12-24 12:00:02,875 - Epoch 129 Validation set [recall@5: 0.0608 recall@10: 0.0959 recall@20: 0.1449 ] [ndcg@5: 0.0602 ndcg@10: 0.0723 ndcg@20: 0.0883 ] 
2025-12-24 12:00:04,010 - [recall@5: 0.0609 recall@10: 0.0957 recall@20: 0.1459 ] [ndcg@5: 0.0600 ndcg@10: 0.0721 ndcg@20: 0.0884 ] 
2025-12-24 12:00:05,207 - [recall@5: 0.0602 recall@10: 0.0945 recall@20: 0.1403 ] [ndcg@5: 0.0605 ndcg@10: 0.0724 ndcg@20: 0.0876 ] 
2025-12-24 12:00:05,208 - Best Epoch 114. Final test result: {'recall': array([0.06024336, 0.09449098, 0.14026523]), 'ndcg': array([0.0604819 , 0.07242037, 0.08756994])}.
'layer_num': 1