2025-12-24 11:38:42,478 - {'optimizer': {'name': 'adam', 'lr': 0.001, 'weight_decay': 0}, 'train': {'epoch': 3000, 'batch_size': 4096, 'save_model': False, 'loss': 'pairwise', 'test_step': 3, 'reproducible': True, 'seed': 2023, 'patience': 5}, 'test': {'metrics': ['recall', 'ndcg'], 'k': [5, 10, 20], 'batch_size': 1024}, 'data': {'type': 'general_cf', 'name': 'amazon', 'user_num': 11000, 'item_num': 9332}, 'model': {'name': 'sgl', 'keep_rate': 0.8, 'embedding_size': 32, 'augmentation': 'edge_drop', 'layer_num': 2, 'reg_weight': 1e-05, 'cl_weight': 0.1, 'temperature': 0.2, 'amazon': {'layer_num': 2, 'reg_weight': 1e-05, 'cl_weight': 0.1, 'temperature': 0.2}, 'yelp': {'layer_num': 3, 'reg_weight': 1e-06, 'cl_weight': 0.001, 'temperature': 0.1}, 'steam': {'layer_num': 2, 'reg_weight': 1e-05, 'cl_weight': 0.1, 'temperature': 0.5}}}
2025-12-24 11:38:53,998 - Epoch   0 Validation set [recall@5: 0.0028 recall@10: 0.0053 recall@20: 0.0087 ] [ndcg@5: 0.0030 ndcg@10: 0.0038 ndcg@20: 0.0048 ] 
2025-12-24 11:39:26,565 - Epoch   3 Validation set [recall@5: 0.0208 recall@10: 0.0308 recall@20: 0.0437 ] [ndcg@5: 0.0197 ndcg@10: 0.0232 ndcg@20: 0.0273 ] 
2025-12-24 11:39:59,241 - Epoch   6 Validation set [recall@5: 0.0281 recall@10: 0.0439 recall@20: 0.0647 ] [ndcg@5: 0.0274 ndcg@10: 0.0330 ndcg@20: 0.0396 ] 
2025-12-24 11:40:31,748 - Epoch   9 Validation set [recall@5: 0.0298 recall@10: 0.0476 recall@20: 0.0758 ] [ndcg@5: 0.0308 ndcg@10: 0.0368 ndcg@20: 0.0461 ] 
2025-12-24 11:41:04,072 - Epoch  12 Validation set [recall@5: 0.0453 recall@10: 0.0698 recall@20: 0.1076 ] [ndcg@5: 0.0466 ndcg@10: 0.0547 ndcg@20: 0.0670 ] 
2025-12-24 11:41:36,379 - Epoch  15 Validation set [recall@5: 0.0581 recall@10: 0.0872 recall@20: 0.1293 ] [ndcg@5: 0.0578 ndcg@10: 0.0675 ndcg@20: 0.0813 ] 
2025-12-24 11:42:09,346 - Epoch  18 Validation set [recall@5: 0.0610 recall@10: 0.0939 recall@20: 0.1395 ] [ndcg@5: 0.0608 ndcg@10: 0.0722 ndcg@20: 0.0871 ] 
2025-12-24 11:42:41,448 - Epoch  21 Validation set [recall@5: 0.0630 recall@10: 0.0967 recall@20: 0.1448 ] [ndcg@5: 0.0623 ndcg@10: 0.0741 ndcg@20: 0.0898 ] 
2025-12-24 11:43:13,420 - Epoch  24 Validation set [recall@5: 0.0640 recall@10: 0.0987 recall@20: 0.1473 ] [ndcg@5: 0.0635 ndcg@10: 0.0755 ndcg@20: 0.0913 ] 
2025-12-24 11:43:46,078 - Epoch  27 Validation set [recall@5: 0.0645 recall@10: 0.0988 recall@20: 0.1494 ] [ndcg@5: 0.0636 ndcg@10: 0.0754 ndcg@20: 0.0918 ] 
2025-12-24 11:44:19,124 - Epoch  30 Validation set [recall@5: 0.0646 recall@10: 0.0994 recall@20: 0.1491 ] [ndcg@5: 0.0635 ndcg@10: 0.0757 ndcg@20: 0.0918 ] 
2025-12-24 11:44:52,291 - Epoch  33 Validation set [recall@5: 0.0643 recall@10: 0.0991 recall@20: 0.1504 ] [ndcg@5: 0.0634 ndcg@10: 0.0755 ndcg@20: 0.0921 ] 
2025-12-24 11:45:24,807 - Epoch  36 Validation set [recall@5: 0.0634 recall@10: 0.0997 recall@20: 0.1495 ] [ndcg@5: 0.0625 ndcg@10: 0.0752 ndcg@20: 0.0914 ] 
2025-12-24 11:45:57,201 - Epoch  39 Validation set [recall@5: 0.0631 recall@10: 0.0993 recall@20: 0.1491 ] [ndcg@5: 0.0624 ndcg@10: 0.0751 ndcg@20: 0.0912 ] 
2025-12-24 11:46:39,108 - Epoch  42 Validation set [recall@5: 0.0631 recall@10: 0.0995 recall@20: 0.1492 ] [ndcg@5: 0.0626 ndcg@10: 0.0753 ndcg@20: 0.0914 ] 
2025-12-24 11:47:29,929 - Epoch  45 Validation set [recall@5: 0.0632 recall@10: 0.0992 recall@20: 0.1502 ] [ndcg@5: 0.0625 ndcg@10: 0.0750 ndcg@20: 0.0914 ] 
2025-12-24 11:48:23,037 - Epoch  48 Validation set [recall@5: 0.0624 recall@10: 0.0992 recall@20: 0.1499 ] [ndcg@5: 0.0619 ndcg@10: 0.0747 ndcg@20: 0.0911 ] 
2025-12-24 11:48:24,310 - [recall@5: 0.0643 recall@10: 0.0991 recall@20: 0.1504 ] [ndcg@5: 0.0634 ndcg@10: 0.0755 ndcg@20: 0.0921 ] 
2025-12-24 11:48:25,812 - [recall@5: 0.0635 recall@10: 0.0988 recall@20: 0.1464 ] [ndcg@5: 0.0630 ndcg@10: 0.0753 ndcg@20: 0.0909 ] 
2025-12-24 11:48:25,813 - Best Epoch 33. Final test result: {'recall': array([0.06346489, 0.09883925, 0.14637505]), 'ndcg': array([0.06299132, 0.07526549, 0.09093243])}.
'layer_num': 2