2026-01-08 11:29:51,888 - {'optimizer': {'name': 'adam', 'lr': 0.001, 'weight_decay': 0}, 'train': {'epoch': 3000, 'batch_size': 4096, 'save_model': True, 'loss': 'pairwise', 'test_step': 3, 'reproducible': True, 'seed': 2023, 'patience': 5}, 'test': {'metrics': ['recall', 'ndcg'], 'k': [5, 10, 20], 'batch_size': 1024}, 'data': {'type': 'general_cf', 'name': 'steam', 'user_num': 23310, 'item_num': 5237}, 'model': {'name': 'sgl_plus', 'keep_rate': 0.8, 'embedding_size': 32, 'augmentation': 'edge_drop', 'layer_num': 3, 'reg_weight': 1e-05, 'cl_weight': 0.1, 'cl_temperature': 0.2, 'kd_weight': 0.01, 'kd_temperature': 0.5, 'amazon': {'layer_num': 3, 'reg_weight': 1e-05, 'cl_weight': 0.1, 'cl_temperature': 0.2, 'kd_weight': 0.01, 'kd_temperature': 0.5}, 'yelp': {'layer_num': 3, 'reg_weight': 1e-05, 'cl_weight': 0.1, 'cl_temperature': 0.2, 'kd_weight': 0.01, 'kd_temperature': 1.0}, 'steam': {'layer_num': 3, 'reg_weight': 1e-05, 'cl_weight': 0.1, 'cl_temperature': 0.5, 'kd_weight': 0.01, 'kd_temperature': 1.0}}}
2026-01-08 11:30:14,533 - Epoch   0 Validation set [recall@5: 0.0195 recall@10: 0.0311 recall@20: 0.0495 ] [ndcg@5: 0.0218 ndcg@10: 0.0256 ndcg@20: 0.0320 ] 
2026-01-08 11:31:51,646 - Epoch   3 Validation set [recall@5: 0.0402 recall@10: 0.0646 recall@20: 0.0991 ] [ndcg@5: 0.0460 ndcg@10: 0.0535 ndcg@20: 0.0651 ] 
2026-01-08 11:33:57,000 - Epoch   6 Validation set [recall@5: 0.0493 recall@10: 0.0797 recall@20: 0.1251 ] [ndcg@5: 0.0559 ndcg@10: 0.0654 ndcg@20: 0.0806 ] 
2026-01-08 11:37:06,400 - Epoch   9 Validation set [recall@5: 0.0562 recall@10: 0.0907 recall@20: 0.1414 ] [ndcg@5: 0.0623 ndcg@10: 0.0733 ndcg@20: 0.0905 ] 
2026-01-08 11:40:21,259 - Epoch  12 Validation set [recall@5: 0.0575 recall@10: 0.0930 recall@20: 0.1456 ] [ndcg@5: 0.0635 ndcg@10: 0.0751 ndcg@20: 0.0929 ] 
2026-01-08 11:43:36,413 - Epoch  15 Validation set [recall@5: 0.0580 recall@10: 0.0943 recall@20: 0.1476 ] [ndcg@5: 0.0641 ndcg@10: 0.0760 ndcg@20: 0.0940 ] 
2026-01-08 11:46:51,965 - Epoch  18 Validation set [recall@5: 0.0581 recall@10: 0.0951 recall@20: 0.1482 ] [ndcg@5: 0.0644 ndcg@10: 0.0765 ndcg@20: 0.0945 ] 
2026-01-08 11:50:06,322 - Epoch  21 Validation set [recall@5: 0.0587 recall@10: 0.0956 recall@20: 0.1485 ] [ndcg@5: 0.0646 ndcg@10: 0.0767 ndcg@20: 0.0947 ] 
2026-01-08 11:53:21,970 - Epoch  24 Validation set [recall@5: 0.0589 recall@10: 0.0957 recall@20: 0.1495 ] [ndcg@5: 0.0646 ndcg@10: 0.0768 ndcg@20: 0.0951 ] 
2026-01-08 11:56:35,315 - Epoch  27 Validation set [recall@5: 0.0588 recall@10: 0.0956 recall@20: 0.1492 ] [ndcg@5: 0.0647 ndcg@10: 0.0768 ndcg@20: 0.0950 ] 
2026-01-08 11:59:32,905 - Epoch  30 Validation set [recall@5: 0.0592 recall@10: 0.0959 recall@20: 0.1490 ] [ndcg@5: 0.0647 ndcg@10: 0.0768 ndcg@20: 0.0950 ] 
2026-01-08 12:01:46,649 - Epoch  33 Validation set [recall@5: 0.0590 recall@10: 0.0962 recall@20: 0.1492 ] [ndcg@5: 0.0646 ndcg@10: 0.0770 ndcg@20: 0.0950 ] 
2026-01-08 12:03:23,497 - Epoch  36 Validation set [recall@5: 0.0592 recall@10: 0.0964 recall@20: 0.1495 ] [ndcg@5: 0.0647 ndcg@10: 0.0770 ndcg@20: 0.0950 ] 
2026-01-08 12:05:01,945 - Epoch  39 Validation set [recall@5: 0.0593 recall@10: 0.0965 recall@20: 0.1493 ] [ndcg@5: 0.0648 ndcg@10: 0.0772 ndcg@20: 0.0952 ] 
2026-01-08 12:06:39,568 - Epoch  42 Validation set [recall@5: 0.0593 recall@10: 0.0965 recall@20: 0.1493 ] [ndcg@5: 0.0646 ndcg@10: 0.0770 ndcg@20: 0.0950 ] 
2026-01-08 12:08:17,752 - Epoch  45 Validation set [recall@5: 0.0593 recall@10: 0.0967 recall@20: 0.1502 ] [ndcg@5: 0.0648 ndcg@10: 0.0772 ndcg@20: 0.0953 ] 
2026-01-08 12:09:58,402 - Epoch  48 Validation set [recall@5: 0.0594 recall@10: 0.0969 recall@20: 0.1499 ] [ndcg@5: 0.0648 ndcg@10: 0.0771 ndcg@20: 0.0952 ] 
2026-01-08 12:11:37,142 - Epoch  51 Validation set [recall@5: 0.0588 recall@10: 0.0963 recall@20: 0.1495 ] [ndcg@5: 0.0645 ndcg@10: 0.0770 ndcg@20: 0.0951 ] 
2026-01-08 12:13:15,781 - Epoch  54 Validation set [recall@5: 0.0593 recall@10: 0.0964 recall@20: 0.1495 ] [ndcg@5: 0.0648 ndcg@10: 0.0772 ndcg@20: 0.0952 ] 
2026-01-08 12:14:53,049 - Epoch  57 Validation set [recall@5: 0.0594 recall@10: 0.0971 recall@20: 0.1497 ] [ndcg@5: 0.0650 ndcg@10: 0.0774 ndcg@20: 0.0953 ] 
2026-01-08 12:16:33,691 - Epoch  60 Validation set [recall@5: 0.0590 recall@10: 0.0971 recall@20: 0.1496 ] [ndcg@5: 0.0647 ndcg@10: 0.0774 ndcg@20: 0.0952 ] 
2026-01-08 12:16:36,726 - [recall@5: 0.0593 recall@10: 0.0967 recall@20: 0.1502 ] [ndcg@5: 0.0648 ndcg@10: 0.0772 ndcg@20: 0.0953 ] 
2026-01-08 12:16:40,261 - [recall@5: 0.0595 recall@10: 0.0954 recall@20: 0.1486 ] [ndcg@5: 0.0650 ndcg@10: 0.0770 ndcg@20: 0.0951 ] 
2026-01-08 12:16:40,274 - Save model parameters to ./encoder/checkpoint/sgl_plus/sgl_plus-steam-2023.pth
2026-01-08 12:16:40,275 - Best Epoch 45. Final test result: {'recall': array([0.05950384, 0.09539532, 0.14856291]), 'ndcg': array([0.06503726, 0.07701807, 0.09511191])}.
