2026-01-08 12:18:01,981 - {'optimizer': {'name': 'adam', 'lr': 0.001, 'weight_decay': 0}, 'train': {'epoch': 3000, 'batch_size': 4096, 'save_model': True, 'loss': 'pairwise', 'log_loss': False, 'test_step': 3, 'reproducible': True, 'seed': 2023, 'patience': 5, 'trainer': 'autocf_trainer'}, 'test': {'metrics': ['recall', 'ndcg'], 'k': [5, 10, 20], 'batch_size': 1024}, 'data': {'type': 'general_cf', 'name': 'yelp', 'user_num': 11091, 'item_num': 11010}, 'model': {'name': 'autocf_gene', 'embedding_size': 32, 'keep_rate': 0.2, 'gt_layer': 1, 'head_num': 4, 'seed_num': 100, 'mask_depth': 2, 'fix_steps': 10, 'gcn_layer': 2, 'reg_weight': 1e-06, 'ssl_reg': 1, 'mask_ratio': 0.05, 'recon_weight': 0.1, 're_temperature': 0.5, 'amazon': {'gcn_layer': 2, 'reg_weight': 1e-06, 'ssl_reg': 1, 'mask_ratio': 0.2, 'recon_weight': 1.0, 're_temperature': 0.5}, 'yelp': {'gcn_layer': 2, 'reg_weight': 1e-08, 'ssl_reg': 1, 'mask_ratio': 0.2, 'recon_weight': 0.1, 're_temperature': 0.1}, 'steam': {'gcn_layer': 2, 'reg_weight': 1e-06, 'ssl_reg': 0.5, 'mask_ratio': 0.2, 'recon_weight': 1.0, 're_temperature': 0.2}}}
2026-01-08 12:18:11,894 - Epoch   0 Validation set [recall@5: 0.0214 recall@10: 0.0376 recall@20: 0.0603 ] [ndcg@5: 0.0270 ndcg@10: 0.0319 ndcg@20: 0.0395 ] 
2026-01-08 12:18:32,685 - Epoch   3 Validation set [recall@5: 0.0295 recall@10: 0.0487 recall@20: 0.0797 ] [ndcg@5: 0.0357 ndcg@10: 0.0411 ndcg@20: 0.0512 ] 
2026-01-08 12:18:58,819 - Epoch   6 Validation set [recall@5: 0.0331 recall@10: 0.0553 recall@20: 0.0913 ] [ndcg@5: 0.0399 ndcg@10: 0.0467 ndcg@20: 0.0587 ] 
2026-01-08 12:19:28,593 - Epoch   9 Validation set [recall@5: 0.0359 recall@10: 0.0601 recall@20: 0.0998 ] [ndcg@5: 0.0427 ndcg@10: 0.0501 ndcg@20: 0.0635 ] 
2026-01-08 12:20:01,101 - Epoch  12 Validation set [recall@5: 0.0396 recall@10: 0.0655 recall@20: 0.1076 ] [ndcg@5: 0.0473 ndcg@10: 0.0550 ndcg@20: 0.0692 ] 
2026-01-08 12:20:30,790 - Epoch  15 Validation set [recall@5: 0.0416 recall@10: 0.0707 recall@20: 0.1164 ] [ndcg@5: 0.0492 ndcg@10: 0.0584 ndcg@20: 0.0739 ] 
2026-01-08 12:21:02,589 - Epoch  18 Validation set [recall@5: 0.0440 recall@10: 0.0746 recall@20: 0.1207 ] [ndcg@5: 0.0526 ndcg@10: 0.0621 ndcg@20: 0.0776 ] 
2026-01-08 12:21:34,132 - Epoch  21 Validation set [recall@5: 0.0453 recall@10: 0.0774 recall@20: 0.1262 ] [ndcg@5: 0.0547 ndcg@10: 0.0645 ndcg@20: 0.0808 ] 
2026-01-08 12:22:04,830 - Epoch  24 Validation set [recall@5: 0.0457 recall@10: 0.0800 recall@20: 0.1300 ] [ndcg@5: 0.0560 ndcg@10: 0.0664 ndcg@20: 0.0831 ] 
2026-01-08 12:22:35,239 - Epoch  27 Validation set [recall@5: 0.0470 recall@10: 0.0804 recall@20: 0.1325 ] [ndcg@5: 0.0570 ndcg@10: 0.0671 ndcg@20: 0.0844 ] 
2026-01-08 12:23:06,403 - Epoch  30 Validation set [recall@5: 0.0468 recall@10: 0.0803 recall@20: 0.1325 ] [ndcg@5: 0.0569 ndcg@10: 0.0670 ndcg@20: 0.0845 ] 
2026-01-08 12:23:37,021 - Epoch  33 Validation set [recall@5: 0.0471 recall@10: 0.0795 recall@20: 0.1333 ] [ndcg@5: 0.0573 ndcg@10: 0.0669 ndcg@20: 0.0848 ] 
2026-01-08 12:24:08,963 - Epoch  36 Validation set [recall@5: 0.0466 recall@10: 0.0801 recall@20: 0.1314 ] [ndcg@5: 0.0576 ndcg@10: 0.0675 ndcg@20: 0.0845 ] 
2026-01-08 12:24:39,752 - Epoch  39 Validation set [recall@5: 0.0467 recall@10: 0.0801 recall@20: 0.1315 ] [ndcg@5: 0.0573 ndcg@10: 0.0671 ndcg@20: 0.0842 ] 
2026-01-08 12:25:06,493 - Epoch  42 Validation set [recall@5: 0.0456 recall@10: 0.0788 recall@20: 0.1291 ] [ndcg@5: 0.0563 ndcg@10: 0.0661 ndcg@20: 0.0829 ] 
2026-01-08 12:25:29,242 - Epoch  45 Validation set [recall@5: 0.0455 recall@10: 0.0778 recall@20: 0.1274 ] [ndcg@5: 0.0555 ndcg@10: 0.0651 ndcg@20: 0.0816 ] 
2026-01-08 12:25:52,909 - Epoch  48 Validation set [recall@5: 0.0463 recall@10: 0.0772 recall@20: 0.1269 ] [ndcg@5: 0.0563 ndcg@10: 0.0653 ndcg@20: 0.0818 ] 
2026-01-08 12:25:56,482 - [recall@5: 0.0471 recall@10: 0.0795 recall@20: 0.1333 ] [ndcg@5: 0.0573 ndcg@10: 0.0669 ndcg@20: 0.0848 ] 
2026-01-08 12:25:59,651 - [recall@5: 0.0498 recall@10: 0.0839 recall@20: 0.1344 ] [ndcg@5: 0.0580 ndcg@10: 0.0686 ndcg@20: 0.0856 ] 
2026-01-08 12:25:59,660 - Save model parameters to ./encoder/checkpoint/autocf_gene/autocf_gene-yelp-2023.pth
2026-01-08 12:25:59,660 - Best Epoch 33. Final test result: {'recall': array([0.0497947 , 0.08388209, 0.13442611]), 'ndcg': array([0.05796598, 0.06860823, 0.08563247])}.
