2026-01-09 07:32:06,937 - {'optimizer': {'name': 'adam', 'lr': 0.001, 'weight_decay': 0}, 'train': {'epoch': 3000, 'batch_size': 4096, 'save_model': True, 'loss': 'pairwise', 'test_step': 3, 'reproducible': True, 'seed': 2023, 'patience': 5}, 'test': {'metrics': ['recall', 'ndcg'], 'k': [5, 10, 20], 'batch_size': 1024}, 'data': {'type': 'general_cf', 'name': 'amazon', 'user_num': 11000, 'item_num': 9332}, 'model': {'name': 'simgcl_plus', 'keep_rate': 1.0, 'embedding_size': 32, 'layer_num': 3, 'reg_weight': 1e-05, 'cl_weight': 0.1, 'cl_temperature': 0.2, 'kd_weight': 0.01, 'kd_temperature': 0.2, 'eps': 0.9, 'amazon': {'layer_num': 3, 'reg_weight': 1e-05, 'cl_weight': 0.1, 'cl_temperature': 0.2, 'kd_weight': 0.01, 'kd_temperature': 0.2, 'eps': 0.9}, 'yelp': {'layer_num': 3, 'reg_weight': 1e-05, 'cl_weight': 0.1, 'cl_temperature': 0.2, 'kd_weight': 0.01, 'kd_temperature': 0.1, 'eps': 0.9}, 'steam': {'layer_num': 3, 'reg_weight': 1e-05, 'cl_weight': 0.1, 'cl_temperature': 0.5, 'kd_weight': 0.01, 'kd_temperature': 0.2, 'eps': 0.2}}}
2026-01-09 07:32:11,983 - Epoch   0 Validation set [recall@5: 0.0355 recall@10: 0.0591 recall@20: 0.0943 ] [ndcg@5: 0.0356 ndcg@10: 0.0438 ndcg@20: 0.0554 ] 
2026-01-09 07:32:21,057 - Epoch   3 Validation set [recall@5: 0.0403 recall@10: 0.0638 recall@20: 0.0989 ] [ndcg@5: 0.0395 ndcg@10: 0.0476 ndcg@20: 0.0592 ] 
2026-01-09 07:32:29,944 - Epoch   6 Validation set [recall@5: 0.0478 recall@10: 0.0736 recall@20: 0.1147 ] [ndcg@5: 0.0472 ndcg@10: 0.0558 ndcg@20: 0.0693 ] 
2026-01-09 07:32:39,111 - Epoch   9 Validation set [recall@5: 0.0510 recall@10: 0.0814 recall@20: 0.1259 ] [ndcg@5: 0.0505 ndcg@10: 0.0608 ndcg@20: 0.0754 ] 
2026-01-09 07:32:48,318 - Epoch  12 Validation set [recall@5: 0.0541 recall@10: 0.0864 recall@20: 0.1341 ] [ndcg@5: 0.0536 ndcg@10: 0.0646 ndcg@20: 0.0803 ] 
2026-01-09 07:32:57,969 - Epoch  15 Validation set [recall@5: 0.0568 recall@10: 0.0892 recall@20: 0.1376 ] [ndcg@5: 0.0560 ndcg@10: 0.0671 ndcg@20: 0.0831 ] 
2026-01-09 07:33:06,999 - Epoch  18 Validation set [recall@5: 0.0582 recall@10: 0.0917 recall@20: 0.1423 ] [ndcg@5: 0.0579 ndcg@10: 0.0693 ndcg@20: 0.0858 ] 
2026-01-09 07:33:16,594 - Epoch  21 Validation set [recall@5: 0.0603 recall@10: 0.0930 recall@20: 0.1443 ] [ndcg@5: 0.0595 ndcg@10: 0.0706 ndcg@20: 0.0873 ] 
2026-01-09 07:33:25,927 - Epoch  24 Validation set [recall@5: 0.0608 recall@10: 0.0951 recall@20: 0.1475 ] [ndcg@5: 0.0602 ndcg@10: 0.0718 ndcg@20: 0.0889 ] 
2026-01-09 07:33:35,494 - Epoch  27 Validation set [recall@5: 0.0607 recall@10: 0.0961 recall@20: 0.1489 ] [ndcg@5: 0.0603 ndcg@10: 0.0724 ndcg@20: 0.0896 ] 
2026-01-09 07:33:44,662 - Epoch  30 Validation set [recall@5: 0.0619 recall@10: 0.0970 recall@20: 0.1504 ] [ndcg@5: 0.0609 ndcg@10: 0.0730 ndcg@20: 0.0903 ] 
2026-01-09 07:33:53,540 - Epoch  33 Validation set [recall@5: 0.0623 recall@10: 0.0981 recall@20: 0.1516 ] [ndcg@5: 0.0619 ndcg@10: 0.0741 ndcg@20: 0.0915 ] 
2026-01-09 07:34:02,501 - Epoch  36 Validation set [recall@5: 0.0633 recall@10: 0.0983 recall@20: 0.1516 ] [ndcg@5: 0.0626 ndcg@10: 0.0745 ndcg@20: 0.0918 ] 
2026-01-09 07:34:11,760 - Epoch  39 Validation set [recall@5: 0.0632 recall@10: 0.0990 recall@20: 0.1529 ] [ndcg@5: 0.0626 ndcg@10: 0.0750 ndcg@20: 0.0925 ] 
2026-01-09 07:34:20,606 - Epoch  42 Validation set [recall@5: 0.0636 recall@10: 0.0994 recall@20: 0.1534 ] [ndcg@5: 0.0631 ndcg@10: 0.0753 ndcg@20: 0.0929 ] 
2026-01-09 07:34:29,100 - Epoch  45 Validation set [recall@5: 0.0641 recall@10: 0.1005 recall@20: 0.1542 ] [ndcg@5: 0.0632 ndcg@10: 0.0759 ndcg@20: 0.0933 ] 
2026-01-09 07:34:37,492 - Epoch  48 Validation set [recall@5: 0.0637 recall@10: 0.1003 recall@20: 0.1544 ] [ndcg@5: 0.0634 ndcg@10: 0.0761 ndcg@20: 0.0937 ] 
2026-01-09 07:34:46,243 - Epoch  51 Validation set [recall@5: 0.0629 recall@10: 0.1004 recall@20: 0.1545 ] [ndcg@5: 0.0632 ndcg@10: 0.0762 ndcg@20: 0.0938 ] 
2026-01-09 07:34:55,095 - Epoch  54 Validation set [recall@5: 0.0633 recall@10: 0.1012 recall@20: 0.1549 ] [ndcg@5: 0.0635 ndcg@10: 0.0766 ndcg@20: 0.0942 ] 
2026-01-09 07:35:03,636 - Epoch  57 Validation set [recall@5: 0.0632 recall@10: 0.1018 recall@20: 0.1555 ] [ndcg@5: 0.0637 ndcg@10: 0.0770 ndcg@20: 0.0946 ] 
2026-01-09 07:35:12,476 - Epoch  60 Validation set [recall@5: 0.0640 recall@10: 0.1020 recall@20: 0.1557 ] [ndcg@5: 0.0643 ndcg@10: 0.0774 ndcg@20: 0.0950 ] 
2026-01-09 07:35:20,734 - Epoch  63 Validation set [recall@5: 0.0646 recall@10: 0.1018 recall@20: 0.1566 ] [ndcg@5: 0.0644 ndcg@10: 0.0773 ndcg@20: 0.0951 ] 
2026-01-09 07:35:29,359 - Epoch  66 Validation set [recall@5: 0.0641 recall@10: 0.1016 recall@20: 0.1558 ] [ndcg@5: 0.0641 ndcg@10: 0.0773 ndcg@20: 0.0950 ] 
2026-01-09 07:35:38,016 - Epoch  69 Validation set [recall@5: 0.0643 recall@10: 0.1010 recall@20: 0.1560 ] [ndcg@5: 0.0641 ndcg@10: 0.0770 ndcg@20: 0.0950 ] 
2026-01-09 07:35:46,557 - Epoch  72 Validation set [recall@5: 0.0648 recall@10: 0.1018 recall@20: 0.1575 ] [ndcg@5: 0.0645 ndcg@10: 0.0775 ndcg@20: 0.0956 ] 
2026-01-09 07:35:54,726 - Epoch  75 Validation set [recall@5: 0.0645 recall@10: 0.1026 recall@20: 0.1573 ] [ndcg@5: 0.0645 ndcg@10: 0.0778 ndcg@20: 0.0956 ] 
2026-01-09 07:36:03,429 - Epoch  78 Validation set [recall@5: 0.0647 recall@10: 0.1026 recall@20: 0.1580 ] [ndcg@5: 0.0649 ndcg@10: 0.0783 ndcg@20: 0.0961 ] 
2026-01-09 07:36:11,975 - Epoch  81 Validation set [recall@5: 0.0653 recall@10: 0.1028 recall@20: 0.1576 ] [ndcg@5: 0.0652 ndcg@10: 0.0783 ndcg@20: 0.0962 ] 
2026-01-09 07:36:20,660 - Epoch  84 Validation set [recall@5: 0.0643 recall@10: 0.1025 recall@20: 0.1571 ] [ndcg@5: 0.0648 ndcg@10: 0.0782 ndcg@20: 0.0960 ] 
2026-01-09 07:36:29,272 - Epoch  87 Validation set [recall@5: 0.0650 recall@10: 0.1027 recall@20: 0.1578 ] [ndcg@5: 0.0653 ndcg@10: 0.0783 ndcg@20: 0.0962 ] 
2026-01-09 07:36:37,366 - Epoch  90 Validation set [recall@5: 0.0649 recall@10: 0.1027 recall@20: 0.1572 ] [ndcg@5: 0.0652 ndcg@10: 0.0784 ndcg@20: 0.0960 ] 
2026-01-09 07:36:45,819 - Epoch  93 Validation set [recall@5: 0.0648 recall@10: 0.1028 recall@20: 0.1577 ] [ndcg@5: 0.0654 ndcg@10: 0.0786 ndcg@20: 0.0964 ] 
2026-01-09 07:36:47,858 - [recall@5: 0.0647 recall@10: 0.1026 recall@20: 0.1580 ] [ndcg@5: 0.0649 ndcg@10: 0.0783 ndcg@20: 0.0961 ] 
2026-01-09 07:36:49,835 - [recall@5: 0.0651 recall@10: 0.0998 recall@20: 0.1539 ] [ndcg@5: 0.0649 ndcg@10: 0.0770 ndcg@20: 0.0947 ] 
2026-01-09 07:36:49,845 - Save model parameters to ./encoder/checkpoint/simgcl_plus/simgcl_plus-amazon-2023.pth
2026-01-09 07:36:49,846 - Best Epoch 78. Final test result: {'recall': array([0.065064  , 0.09981186, 0.15391208]), 'ndcg': array([0.06493782, 0.07695414, 0.09468505])}.
