2026-01-08 13:09:58,584 - {'optimizer': {'name': 'adam', 'lr': 0.001, 'weight_decay': 0}, 'train': {'epoch': 3000, 'batch_size': 4096, 'save_model': True, 'loss': 'pairwise', 'test_step': 3, 'reproducible': True, 'seed': 2023, 'patience': 5}, 'test': {'metrics': ['recall', 'ndcg'], 'k': [5, 10, 20], 'batch_size': 1024}, 'data': {'type': 'general_cf', 'name': 'yelp', 'user_num': 11091, 'item_num': 11010}, 'model': {'name': 'simgcl_plus', 'keep_rate': 1.0, 'embedding_size': 32, 'layer_num': 3, 'reg_weight': 1e-05, 'cl_weight': 0.1, 'cl_temperature': 0.2, 'kd_weight': 0.01, 'kd_temperature': 0.2, 'eps': 0.9, 'amazon': {'layer_num': 3, 'reg_weight': 1e-05, 'cl_weight': 0.1, 'cl_temperature': 0.2, 'kd_weight': 0.01, 'kd_temperature': 0.2, 'eps': 0.9}, 'yelp': {'layer_num': 3, 'reg_weight': 1e-05, 'cl_weight': 0.1, 'cl_temperature': 0.2, 'kd_weight': 0.01, 'kd_temperature': 0.1, 'eps': 0.9}, 'steam': {'layer_num': 3, 'reg_weight': 1e-05, 'cl_weight': 0.1, 'cl_temperature': 0.5, 'kd_weight': 0.01, 'kd_temperature': 0.2, 'eps': 0.2}}}
2026-01-08 13:10:07,457 - Epoch   0 Validation set [recall@5: 0.0136 recall@10: 0.0220 recall@20: 0.0341 ] [ndcg@5: 0.0158 ndcg@10: 0.0183 ndcg@20: 0.0224 ] 
2026-01-08 13:10:23,404 - Epoch   3 Validation set [recall@5: 0.0144 recall@10: 0.0243 recall@20: 0.0376 ] [ndcg@5: 0.0164 ndcg@10: 0.0196 ndcg@20: 0.0240 ] 
2026-01-08 13:10:38,760 - Epoch   6 Validation set [recall@5: 0.0216 recall@10: 0.0389 recall@20: 0.0604 ] [ndcg@5: 0.0262 ndcg@10: 0.0316 ndcg@20: 0.0388 ] 
2026-01-08 13:10:54,087 - Epoch   9 Validation set [recall@5: 0.0362 recall@10: 0.0612 recall@20: 0.0988 ] [ndcg@5: 0.0431 ndcg@10: 0.0506 ndcg@20: 0.0632 ] 
2026-01-08 13:11:08,710 - Epoch  12 Validation set [recall@5: 0.0388 recall@10: 0.0669 recall@20: 0.1080 ] [ndcg@5: 0.0468 ndcg@10: 0.0553 ndcg@20: 0.0692 ] 
2026-01-08 13:11:25,374 - Epoch  15 Validation set [recall@5: 0.0424 recall@10: 0.0724 recall@20: 0.1165 ] [ndcg@5: 0.0500 ndcg@10: 0.0593 ndcg@20: 0.0741 ] 
2026-01-08 13:11:40,801 - Epoch  18 Validation set [recall@5: 0.0440 recall@10: 0.0755 recall@20: 0.1204 ] [ndcg@5: 0.0524 ndcg@10: 0.0621 ndcg@20: 0.0773 ] 
2026-01-08 13:11:57,450 - Epoch  21 Validation set [recall@5: 0.0457 recall@10: 0.0764 recall@20: 0.1233 ] [ndcg@5: 0.0541 ndcg@10: 0.0635 ndcg@20: 0.0792 ] 
2026-01-08 13:12:12,639 - Epoch  24 Validation set [recall@5: 0.0464 recall@10: 0.0783 recall@20: 0.1259 ] [ndcg@5: 0.0549 ndcg@10: 0.0647 ndcg@20: 0.0805 ] 
2026-01-08 13:12:29,024 - Epoch  27 Validation set [recall@5: 0.0476 recall@10: 0.0780 recall@20: 0.1272 ] [ndcg@5: 0.0560 ndcg@10: 0.0651 ndcg@20: 0.0816 ] 
2026-01-08 13:12:45,112 - Epoch  30 Validation set [recall@5: 0.0470 recall@10: 0.0788 recall@20: 0.1282 ] [ndcg@5: 0.0554 ndcg@10: 0.0653 ndcg@20: 0.0819 ] 
2026-01-08 13:13:00,328 - Epoch  33 Validation set [recall@5: 0.0483 recall@10: 0.0793 recall@20: 0.1288 ] [ndcg@5: 0.0562 ndcg@10: 0.0658 ndcg@20: 0.0825 ] 
2026-01-08 13:13:16,621 - Epoch  36 Validation set [recall@5: 0.0486 recall@10: 0.0796 recall@20: 0.1295 ] [ndcg@5: 0.0566 ndcg@10: 0.0660 ndcg@20: 0.0828 ] 
2026-01-08 13:13:32,284 - Epoch  39 Validation set [recall@5: 0.0489 recall@10: 0.0800 recall@20: 0.1298 ] [ndcg@5: 0.0568 ndcg@10: 0.0662 ndcg@20: 0.0830 ] 
2026-01-08 13:13:46,223 - Epoch  42 Validation set [recall@5: 0.0495 recall@10: 0.0802 recall@20: 0.1298 ] [ndcg@5: 0.0575 ndcg@10: 0.0666 ndcg@20: 0.0833 ] 
2026-01-08 14:14:08,385 - Epoch  45 Validation set [recall@5: 0.0489 recall@10: 0.0801 recall@20: 0.1291 ] [ndcg@5: 0.0571 ndcg@10: 0.0665 ndcg@20: 0.0830 ] 
2026-01-08 14:14:23,627 - Epoch  48 Validation set [recall@5: 0.0497 recall@10: 0.0802 recall@20: 0.1289 ] [ndcg@5: 0.0575 ndcg@10: 0.0666 ndcg@20: 0.0830 ] 
2026-01-08 14:14:39,133 - Epoch  51 Validation set [recall@5: 0.0490 recall@10: 0.0802 recall@20: 0.1300 ] [ndcg@5: 0.0572 ndcg@10: 0.0665 ndcg@20: 0.0832 ] 
2026-01-08 14:14:54,002 - Epoch  54 Validation set [recall@5: 0.0494 recall@10: 0.0799 recall@20: 0.1302 ] [ndcg@5: 0.0575 ndcg@10: 0.0665 ndcg@20: 0.0833 ] 
2026-01-08 14:15:10,613 - Epoch  57 Validation set [recall@5: 0.0487 recall@10: 0.0804 recall@20: 0.1300 ] [ndcg@5: 0.0569 ndcg@10: 0.0666 ndcg@20: 0.0831 ] 
2026-01-08 14:15:25,124 - Epoch  60 Validation set [recall@5: 0.0482 recall@10: 0.0802 recall@20: 0.1289 ] [ndcg@5: 0.0564 ndcg@10: 0.0663 ndcg@20: 0.0826 ] 
2026-01-08 14:15:40,741 - Epoch  63 Validation set [recall@5: 0.0490 recall@10: 0.0811 recall@20: 0.1299 ] [ndcg@5: 0.0570 ndcg@10: 0.0667 ndcg@20: 0.0830 ] 
2026-01-08 14:15:55,266 - Epoch  66 Validation set [recall@5: 0.0485 recall@10: 0.0807 recall@20: 0.1299 ] [ndcg@5: 0.0566 ndcg@10: 0.0666 ndcg@20: 0.0830 ] 
2026-01-08 14:16:10,447 - Epoch  69 Validation set [recall@5: 0.0482 recall@10: 0.0797 recall@20: 0.1298 ] [ndcg@5: 0.0565 ndcg@10: 0.0660 ndcg@20: 0.0828 ] 
2026-01-08 14:16:13,305 - [recall@5: 0.0494 recall@10: 0.0799 recall@20: 0.1302 ] [ndcg@5: 0.0575 ndcg@10: 0.0665 ndcg@20: 0.0833 ] 
2026-01-08 14:16:15,902 - [recall@5: 0.0463 recall@10: 0.0772 recall@20: 0.1294 ] [ndcg@5: 0.0537 ndcg@10: 0.0635 ndcg@20: 0.0812 ] 
2026-01-08 14:16:15,911 - Save model parameters to ./encoder/checkpoint/simgcl_plus/simgcl_plus-yelp-2023.pth
2026-01-08 14:16:15,912 - Best Epoch 54. Final test result: {'recall': array([0.04626084, 0.07722417, 0.12944729]), 'ndcg': array([0.05369447, 0.06346324, 0.0812126 ])}.
