2025-12-12 07:43:31,441 - {'optimizer': {'name': 'adam', 'lr': 0.001, 'weight_decay': 0}, 'train': {'epoch': 3000, 'batch_size': 4096, 'save_model': True, 'loss': 'pairwise', 'test_step': 3, 'reproducible': True, 'seed': 2023, 'patience': 5}, 'test': {'metrics': ['recall', 'ndcg'], 'k': [5, 10, 20], 'batch_size': 1024}, 'data': {'type': 'general_cf', 'name': 'amazon', 'user_num': 11000, 'item_num': 9332}, 'model': {'name': 'lightgcn', 'keep_rate': 0.8, 'embedding_size': 32, 'layer_num': 3, 'reg_weight': 1e-06, 'amazon': {'layer_num': 3, 'reg_weight': 1e-06}, 'yelp': {'layer_num': 3, 'reg_weight': 1e-06}, 'steam': {'layer_num': 2, 'reg_weight': 1e-06}}}
2025-12-12 07:43:36,436 - Epoch   0 Validation set [recall@5: 0.0191 recall@10: 0.0323 recall@20: 0.0527 ] [ndcg@5: 0.0187 ndcg@10: 0.0235 ndcg@20: 0.0302 ] 
2025-12-12 07:43:46,799 - Epoch   3 Validation set [recall@5: 0.0199 recall@10: 0.0335 recall@20: 0.0560 ] [ndcg@5: 0.0204 ndcg@10: 0.0252 ndcg@20: 0.0325 ] 
2025-12-12 07:43:56,841 - Epoch   6 Validation set [recall@5: 0.0248 recall@10: 0.0408 recall@20: 0.0668 ] [ndcg@5: 0.0248 ndcg@10: 0.0305 ndcg@20: 0.0388 ] 
2025-12-12 07:44:06,921 - Epoch   9 Validation set [recall@5: 0.0281 recall@10: 0.0476 recall@20: 0.0759 ] [ndcg@5: 0.0288 ndcg@10: 0.0355 ndcg@20: 0.0446 ] 
2025-12-12 07:44:16,711 - Epoch  12 Validation set [recall@5: 0.0316 recall@10: 0.0512 recall@20: 0.0818 ] [ndcg@5: 0.0321 ndcg@10: 0.0388 ndcg@20: 0.0485 ] 
2025-12-12 07:44:26,604 - Epoch  15 Validation set [recall@5: 0.0336 recall@10: 0.0539 recall@20: 0.0856 ] [ndcg@5: 0.0343 ndcg@10: 0.0411 ndcg@20: 0.0513 ] 
2025-12-12 07:44:36,915 - Epoch  18 Validation set [recall@5: 0.0349 recall@10: 0.0567 recall@20: 0.0901 ] [ndcg@5: 0.0357 ndcg@10: 0.0430 ndcg@20: 0.0538 ] 
2025-12-12 07:44:46,782 - Epoch  21 Validation set [recall@5: 0.0358 recall@10: 0.0587 recall@20: 0.0934 ] [ndcg@5: 0.0365 ndcg@10: 0.0442 ndcg@20: 0.0556 ] 
2025-12-12 07:44:56,870 - Epoch  24 Validation set [recall@5: 0.0380 recall@10: 0.0616 recall@20: 0.0970 ] [ndcg@5: 0.0383 ndcg@10: 0.0463 ndcg@20: 0.0579 ] 
2025-12-12 07:45:06,862 - Epoch  27 Validation set [recall@5: 0.0392 recall@10: 0.0632 recall@20: 0.1007 ] [ndcg@5: 0.0395 ndcg@10: 0.0477 ndcg@20: 0.0599 ] 
2025-12-12 07:45:17,093 - Epoch  30 Validation set [recall@5: 0.0396 recall@10: 0.0649 recall@20: 0.1032 ] [ndcg@5: 0.0404 ndcg@10: 0.0491 ndcg@20: 0.0616 ] 
2025-12-12 07:45:27,492 - Epoch  33 Validation set [recall@5: 0.0403 recall@10: 0.0669 recall@20: 0.1043 ] [ndcg@5: 0.0411 ndcg@10: 0.0503 ndcg@20: 0.0625 ] 
2025-12-12 07:45:37,487 - Epoch  36 Validation set [recall@5: 0.0417 recall@10: 0.0676 recall@20: 0.1069 ] [ndcg@5: 0.0426 ndcg@10: 0.0516 ndcg@20: 0.0643 ] 
2025-12-12 07:45:47,537 - Epoch  39 Validation set [recall@5: 0.0430 recall@10: 0.0696 recall@20: 0.1092 ] [ndcg@5: 0.0436 ndcg@10: 0.0528 ndcg@20: 0.0656 ] 
2025-12-12 07:45:57,635 - Epoch  42 Validation set [recall@5: 0.0438 recall@10: 0.0713 recall@20: 0.1098 ] [ndcg@5: 0.0441 ndcg@10: 0.0536 ndcg@20: 0.0661 ] 
2025-12-12 07:46:08,190 - Epoch  45 Validation set [recall@5: 0.0450 recall@10: 0.0718 recall@20: 0.1117 ] [ndcg@5: 0.0450 ndcg@10: 0.0542 ndcg@20: 0.0671 ] 
2025-12-12 07:46:18,362 - Epoch  48 Validation set [recall@5: 0.0450 recall@10: 0.0720 recall@20: 0.1126 ] [ndcg@5: 0.0455 ndcg@10: 0.0547 ndcg@20: 0.0678 ] 
2025-12-12 07:46:28,718 - Epoch  51 Validation set [recall@5: 0.0463 recall@10: 0.0735 recall@20: 0.1146 ] [ndcg@5: 0.0463 ndcg@10: 0.0557 ndcg@20: 0.0689 ] 
2025-12-12 07:46:39,019 - Epoch  54 Validation set [recall@5: 0.0465 recall@10: 0.0737 recall@20: 0.1155 ] [ndcg@5: 0.0464 ndcg@10: 0.0559 ndcg@20: 0.0693 ] 
2025-12-12 07:46:49,287 - Epoch  57 Validation set [recall@5: 0.0471 recall@10: 0.0744 recall@20: 0.1172 ] [ndcg@5: 0.0470 ndcg@10: 0.0564 ndcg@20: 0.0703 ] 
2025-12-12 07:46:59,201 - Epoch  60 Validation set [recall@5: 0.0479 recall@10: 0.0762 recall@20: 0.1185 ] [ndcg@5: 0.0478 ndcg@10: 0.0573 ndcg@20: 0.0712 ] 
2025-12-12 07:47:09,336 - Epoch  63 Validation set [recall@5: 0.0497 recall@10: 0.0773 recall@20: 0.1195 ] [ndcg@5: 0.0490 ndcg@10: 0.0580 ndcg@20: 0.0718 ] 
2025-12-12 07:47:19,403 - Epoch  66 Validation set [recall@5: 0.0497 recall@10: 0.0779 recall@20: 0.1202 ] [ndcg@5: 0.0492 ndcg@10: 0.0586 ndcg@20: 0.0724 ] 
2025-12-12 07:47:29,173 - Epoch  69 Validation set [recall@5: 0.0491 recall@10: 0.0779 recall@20: 0.1215 ] [ndcg@5: 0.0493 ndcg@10: 0.0591 ndcg@20: 0.0732 ] 
2025-12-12 07:47:39,555 - Epoch  72 Validation set [recall@5: 0.0499 recall@10: 0.0781 recall@20: 0.1229 ] [ndcg@5: 0.0497 ndcg@10: 0.0593 ndcg@20: 0.0739 ] 
2025-12-12 07:47:49,514 - Epoch  75 Validation set [recall@5: 0.0504 recall@10: 0.0791 recall@20: 0.1237 ] [ndcg@5: 0.0501 ndcg@10: 0.0598 ndcg@20: 0.0743 ] 
2025-12-12 07:47:59,773 - Epoch  78 Validation set [recall@5: 0.0514 recall@10: 0.0796 recall@20: 0.1248 ] [ndcg@5: 0.0508 ndcg@10: 0.0604 ndcg@20: 0.0751 ] 
2025-12-12 07:48:10,149 - Epoch  81 Validation set [recall@5: 0.0512 recall@10: 0.0811 recall@20: 0.1241 ] [ndcg@5: 0.0511 ndcg@10: 0.0612 ndcg@20: 0.0753 ] 
2025-12-12 07:48:20,566 - Epoch  84 Validation set [recall@5: 0.0511 recall@10: 0.0818 recall@20: 0.1265 ] [ndcg@5: 0.0512 ndcg@10: 0.0616 ndcg@20: 0.0761 ] 
2025-12-12 07:48:30,503 - Epoch  87 Validation set [recall@5: 0.0515 recall@10: 0.0821 recall@20: 0.1266 ] [ndcg@5: 0.0515 ndcg@10: 0.0619 ndcg@20: 0.0764 ] 
2025-12-12 07:48:41,050 - Epoch  90 Validation set [recall@5: 0.0523 recall@10: 0.0826 recall@20: 0.1266 ] [ndcg@5: 0.0523 ndcg@10: 0.0625 ndcg@20: 0.0769 ] 
2025-12-12 07:48:51,130 - Epoch  93 Validation set [recall@5: 0.0529 recall@10: 0.0832 recall@20: 0.1285 ] [ndcg@5: 0.0527 ndcg@10: 0.0629 ndcg@20: 0.0776 ] 
2025-12-12 07:49:01,316 - Epoch  96 Validation set [recall@5: 0.0530 recall@10: 0.0841 recall@20: 0.1281 ] [ndcg@5: 0.0529 ndcg@10: 0.0635 ndcg@20: 0.0779 ] 
2025-12-12 07:49:11,475 - Epoch  99 Validation set [recall@5: 0.0540 recall@10: 0.0838 recall@20: 0.1298 ] [ndcg@5: 0.0536 ndcg@10: 0.0636 ndcg@20: 0.0786 ] 
2025-12-12 07:49:21,610 - Epoch 102 Validation set [recall@5: 0.0547 recall@10: 0.0842 recall@20: 0.1300 ] [ndcg@5: 0.0539 ndcg@10: 0.0636 ndcg@20: 0.0786 ] 
2025-12-12 07:49:31,951 - Epoch 105 Validation set [recall@5: 0.0549 recall@10: 0.0844 recall@20: 0.1310 ] [ndcg@5: 0.0541 ndcg@10: 0.0639 ndcg@20: 0.0791 ] 
2025-12-12 07:49:42,089 - Epoch 108 Validation set [recall@5: 0.0554 recall@10: 0.0847 recall@20: 0.1322 ] [ndcg@5: 0.0548 ndcg@10: 0.0646 ndcg@20: 0.0800 ] 
2025-12-12 07:49:52,248 - Epoch 111 Validation set [recall@5: 0.0558 recall@10: 0.0848 recall@20: 0.1322 ] [ndcg@5: 0.0550 ndcg@10: 0.0647 ndcg@20: 0.0801 ] 
2025-12-12 07:50:02,557 - Epoch 114 Validation set [recall@5: 0.0558 recall@10: 0.0856 recall@20: 0.1334 ] [ndcg@5: 0.0556 ndcg@10: 0.0654 ndcg@20: 0.0810 ] 
2025-12-12 07:50:12,887 - Epoch 117 Validation set [recall@5: 0.0559 recall@10: 0.0851 recall@20: 0.1342 ] [ndcg@5: 0.0554 ndcg@10: 0.0651 ndcg@20: 0.0811 ] 
2025-12-12 07:50:22,889 - Epoch 120 Validation set [recall@5: 0.0558 recall@10: 0.0869 recall@20: 0.1352 ] [ndcg@5: 0.0556 ndcg@10: 0.0661 ndcg@20: 0.0817 ] 
2025-12-12 07:50:32,951 - Epoch 123 Validation set [recall@5: 0.0565 recall@10: 0.0875 recall@20: 0.1353 ] [ndcg@5: 0.0559 ndcg@10: 0.0663 ndcg@20: 0.0819 ] 
2025-12-12 07:50:43,194 - Epoch 126 Validation set [recall@5: 0.0567 recall@10: 0.0876 recall@20: 0.1350 ] [ndcg@5: 0.0561 ndcg@10: 0.0665 ndcg@20: 0.0820 ] 
2025-12-12 07:50:53,524 - Epoch 129 Validation set [recall@5: 0.0571 recall@10: 0.0877 recall@20: 0.1364 ] [ndcg@5: 0.0563 ndcg@10: 0.0666 ndcg@20: 0.0825 ] 
2025-12-12 07:51:03,597 - Epoch 132 Validation set [recall@5: 0.0565 recall@10: 0.0880 recall@20: 0.1360 ] [ndcg@5: 0.0560 ndcg@10: 0.0667 ndcg@20: 0.0823 ] 
2025-12-12 07:51:13,789 - Epoch 135 Validation set [recall@5: 0.0564 recall@10: 0.0888 recall@20: 0.1373 ] [ndcg@5: 0.0565 ndcg@10: 0.0674 ndcg@20: 0.0833 ] 
2025-12-12 07:51:23,967 - Epoch 138 Validation set [recall@5: 0.0564 recall@10: 0.0887 recall@20: 0.1375 ] [ndcg@5: 0.0563 ndcg@10: 0.0672 ndcg@20: 0.0832 ] 
2025-12-12 07:51:34,308 - Epoch 141 Validation set [recall@5: 0.0570 recall@10: 0.0883 recall@20: 0.1373 ] [ndcg@5: 0.0569 ndcg@10: 0.0673 ndcg@20: 0.0833 ] 
2025-12-12 07:51:44,701 - Epoch 144 Validation set [recall@5: 0.0571 recall@10: 0.0893 recall@20: 0.1382 ] [ndcg@5: 0.0569 ndcg@10: 0.0677 ndcg@20: 0.0838 ] 
2025-12-12 07:51:54,958 - Epoch 147 Validation set [recall@5: 0.0568 recall@10: 0.0907 recall@20: 0.1383 ] [ndcg@5: 0.0569 ndcg@10: 0.0684 ndcg@20: 0.0839 ] 
2025-12-12 07:52:05,179 - Epoch 150 Validation set [recall@5: 0.0568 recall@10: 0.0909 recall@20: 0.1397 ] [ndcg@5: 0.0569 ndcg@10: 0.0685 ndcg@20: 0.0843 ] 
2025-12-12 07:52:15,453 - Epoch 153 Validation set [recall@5: 0.0569 recall@10: 0.0909 recall@20: 0.1401 ] [ndcg@5: 0.0571 ndcg@10: 0.0685 ndcg@20: 0.0846 ] 
2025-12-12 07:52:25,835 - Epoch 156 Validation set [recall@5: 0.0574 recall@10: 0.0917 recall@20: 0.1402 ] [ndcg@5: 0.0574 ndcg@10: 0.0690 ndcg@20: 0.0849 ] 
2025-12-12 07:52:36,303 - Epoch 159 Validation set [recall@5: 0.0570 recall@10: 0.0920 recall@20: 0.1413 ] [ndcg@5: 0.0572 ndcg@10: 0.0693 ndcg@20: 0.0853 ] 
2025-12-12 07:52:46,822 - Epoch 162 Validation set [recall@5: 0.0579 recall@10: 0.0916 recall@20: 0.1420 ] [ndcg@5: 0.0576 ndcg@10: 0.0692 ndcg@20: 0.0856 ] 
2025-12-12 07:52:57,239 - Epoch 165 Validation set [recall@5: 0.0581 recall@10: 0.0919 recall@20: 0.1420 ] [ndcg@5: 0.0582 ndcg@10: 0.0697 ndcg@20: 0.0861 ] 
2025-12-12 07:53:07,717 - Epoch 168 Validation set [recall@5: 0.0580 recall@10: 0.0915 recall@20: 0.1416 ] [ndcg@5: 0.0583 ndcg@10: 0.0698 ndcg@20: 0.0861 ] 
2025-12-12 07:53:17,893 - Epoch 171 Validation set [recall@5: 0.0580 recall@10: 0.0912 recall@20: 0.1430 ] [ndcg@5: 0.0581 ndcg@10: 0.0694 ndcg@20: 0.0863 ] 
2025-12-12 07:53:28,181 - Epoch 174 Validation set [recall@5: 0.0578 recall@10: 0.0920 recall@20: 0.1426 ] [ndcg@5: 0.0583 ndcg@10: 0.0700 ndcg@20: 0.0864 ] 
2025-12-12 07:53:38,130 - Epoch 177 Validation set [recall@5: 0.0582 recall@10: 0.0924 recall@20: 0.1429 ] [ndcg@5: 0.0587 ndcg@10: 0.0702 ndcg@20: 0.0866 ] 
2025-12-12 07:53:48,750 - Epoch 180 Validation set [recall@5: 0.0585 recall@10: 0.0919 recall@20: 0.1435 ] [ndcg@5: 0.0588 ndcg@10: 0.0701 ndcg@20: 0.0869 ] 
2025-12-12 07:53:58,939 - Epoch 183 Validation set [recall@5: 0.0584 recall@10: 0.0927 recall@20: 0.1439 ] [ndcg@5: 0.0585 ndcg@10: 0.0704 ndcg@20: 0.0869 ] 
2025-12-12 07:54:09,294 - Epoch 186 Validation set [recall@5: 0.0584 recall@10: 0.0932 recall@20: 0.1429 ] [ndcg@5: 0.0582 ndcg@10: 0.0703 ndcg@20: 0.0864 ] 
2025-12-12 07:54:19,727 - Epoch 189 Validation set [recall@5: 0.0589 recall@10: 0.0935 recall@20: 0.1436 ] [ndcg@5: 0.0585 ndcg@10: 0.0706 ndcg@20: 0.0868 ] 
2025-12-12 07:54:29,946 - Epoch 192 Validation set [recall@5: 0.0591 recall@10: 0.0924 recall@20: 0.1443 ] [ndcg@5: 0.0587 ndcg@10: 0.0703 ndcg@20: 0.0870 ] 
2025-12-12 07:54:40,450 - Epoch 195 Validation set [recall@5: 0.0587 recall@10: 0.0928 recall@20: 0.1438 ] [ndcg@5: 0.0585 ndcg@10: 0.0702 ndcg@20: 0.0867 ] 
2025-12-12 07:54:50,633 - Epoch 198 Validation set [recall@5: 0.0589 recall@10: 0.0935 recall@20: 0.1436 ] [ndcg@5: 0.0588 ndcg@10: 0.0707 ndcg@20: 0.0869 ] 
2025-12-12 07:55:01,077 - Epoch 201 Validation set [recall@5: 0.0593 recall@10: 0.0943 recall@20: 0.1445 ] [ndcg@5: 0.0592 ndcg@10: 0.0712 ndcg@20: 0.0874 ] 
2025-12-12 07:55:11,127 - Epoch 204 Validation set [recall@5: 0.0584 recall@10: 0.0935 recall@20: 0.1437 ] [ndcg@5: 0.0587 ndcg@10: 0.0709 ndcg@20: 0.0872 ] 
2025-12-12 07:55:21,591 - Epoch 207 Validation set [recall@5: 0.0590 recall@10: 0.0940 recall@20: 0.1448 ] [ndcg@5: 0.0592 ndcg@10: 0.0710 ndcg@20: 0.0874 ] 
2025-12-12 07:55:31,738 - Epoch 210 Validation set [recall@5: 0.0587 recall@10: 0.0946 recall@20: 0.1440 ] [ndcg@5: 0.0592 ndcg@10: 0.0714 ndcg@20: 0.0875 ] 
2025-12-12 07:55:42,356 - Epoch 213 Validation set [recall@5: 0.0586 recall@10: 0.0946 recall@20: 0.1447 ] [ndcg@5: 0.0591 ndcg@10: 0.0715 ndcg@20: 0.0878 ] 
2025-12-12 07:55:52,481 - Epoch 216 Validation set [recall@5: 0.0583 recall@10: 0.0951 recall@20: 0.1446 ] [ndcg@5: 0.0590 ndcg@10: 0.0718 ndcg@20: 0.0879 ] 
2025-12-12 07:56:02,975 - Epoch 219 Validation set [recall@5: 0.0595 recall@10: 0.0938 recall@20: 0.1449 ] [ndcg@5: 0.0598 ndcg@10: 0.0714 ndcg@20: 0.0880 ] 
2025-12-12 07:56:13,414 - Epoch 222 Validation set [recall@5: 0.0595 recall@10: 0.0939 recall@20: 0.1445 ] [ndcg@5: 0.0598 ndcg@10: 0.0716 ndcg@20: 0.0881 ] 
2025-12-12 07:56:23,619 - Epoch 225 Validation set [recall@5: 0.0595 recall@10: 0.0931 recall@20: 0.1447 ] [ndcg@5: 0.0599 ndcg@10: 0.0715 ndcg@20: 0.0882 ] 
2025-12-12 07:56:33,996 - Epoch 228 Validation set [recall@5: 0.0597 recall@10: 0.0935 recall@20: 0.1444 ] [ndcg@5: 0.0600 ndcg@10: 0.0716 ndcg@20: 0.0880 ] 
2025-12-12 07:56:44,923 - Epoch 231 Validation set [recall@5: 0.0599 recall@10: 0.0939 recall@20: 0.1458 ] [ndcg@5: 0.0602 ndcg@10: 0.0717 ndcg@20: 0.0884 ] 
2025-12-12 07:56:55,132 - Epoch 234 Validation set [recall@5: 0.0597 recall@10: 0.0943 recall@20: 0.1444 ] [ndcg@5: 0.0601 ndcg@10: 0.0720 ndcg@20: 0.0882 ] 
2025-12-12 07:57:05,605 - Epoch 237 Validation set [recall@5: 0.0601 recall@10: 0.0945 recall@20: 0.1447 ] [ndcg@5: 0.0601 ndcg@10: 0.0720 ndcg@20: 0.0882 ] 
2025-12-12 07:57:15,784 - Epoch 240 Validation set [recall@5: 0.0606 recall@10: 0.0949 recall@20: 0.1456 ] [ndcg@5: 0.0605 ndcg@10: 0.0722 ndcg@20: 0.0886 ] 
2025-12-12 07:57:25,756 - Epoch 243 Validation set [recall@5: 0.0599 recall@10: 0.0945 recall@20: 0.1453 ] [ndcg@5: 0.0602 ndcg@10: 0.0721 ndcg@20: 0.0885 ] 
2025-12-12 07:57:35,857 - Epoch 246 Validation set [recall@5: 0.0601 recall@10: 0.0950 recall@20: 0.1452 ] [ndcg@5: 0.0605 ndcg@10: 0.0725 ndcg@20: 0.0887 ] 
2025-12-12 07:57:36,977 - [recall@5: 0.0599 recall@10: 0.0939 recall@20: 0.1458 ] [ndcg@5: 0.0602 ndcg@10: 0.0717 ndcg@20: 0.0884 ] 
2025-12-12 07:57:38,083 - [recall@5: 0.0579 recall@10: 0.0916 recall@20: 0.1434 ] [ndcg@5: 0.0584 ndcg@10: 0.0700 ndcg@20: 0.0869 ] 
2025-12-12 07:57:38,087 - Save model parameters to ./encoder/checkpoint/lightgcn/lightgcn-amazon-2023.pth
2025-12-12 07:57:38,088 - Best Epoch 231. Final test result: {'recall': array([0.05788505, 0.09157402, 0.14343611]), 'ndcg': array([0.05839271, 0.06999667, 0.08693956])}.
layer_num: 3