2025-12-24 08:02:11,716 - {'optimizer': {'name': 'adam', 'lr': 0.001, 'weight_decay': 0}, 'train': {'epoch': 3000, 'batch_size': 4096, 'save_model': False, 'loss': 'pairwise', 'test_step': 3, 'reproducible': True, 'seed': 2023, 'patience': 5}, 'test': {'metrics': ['recall', 'ndcg'], 'k': [5, 10, 20], 'batch_size': 1024}, 'data': {'type': 'general_cf', 'name': 'amazon', 'user_num': 11000, 'item_num': 9332}, 'model': {'name': 'lightgcn', 'keep_rate': 0.8, 'embedding_size': 32, 'layer_num': 3, 'reg_weight': 1e-06, 'amazon': {'layer_num': 1, 'reg_weight': 1e-06}, 'yelp': {'layer_num': 3, 'reg_weight': 1e-06}, 'steam': {'layer_num': 2, 'reg_weight': 1e-06}}}
2025-12-24 08:02:17,143 - Epoch   0 Validation set [recall@5: 0.0068 recall@10: 0.0104 recall@20: 0.0180 ] [ndcg@5: 0.0073 ndcg@10: 0.0083 ndcg@20: 0.0106 ] 
2025-12-24 08:02:28,206 - Epoch   3 Validation set [recall@5: 0.0237 recall@10: 0.0395 recall@20: 0.0641 ] [ndcg@5: 0.0249 ndcg@10: 0.0303 ndcg@20: 0.0382 ] 
2025-12-24 08:02:39,248 - Epoch   6 Validation set [recall@5: 0.0258 recall@10: 0.0416 recall@20: 0.0674 ] [ndcg@5: 0.0267 ndcg@10: 0.0320 ndcg@20: 0.0403 ] 
2025-12-24 08:02:50,110 - Epoch   9 Validation set [recall@5: 0.0292 recall@10: 0.0460 recall@20: 0.0748 ] [ndcg@5: 0.0303 ndcg@10: 0.0359 ndcg@20: 0.0451 ] 
2025-12-24 08:03:00,976 - Epoch  12 Validation set [recall@5: 0.0321 recall@10: 0.0508 recall@20: 0.0793 ] [ndcg@5: 0.0327 ndcg@10: 0.0389 ndcg@20: 0.0481 ] 
2025-12-24 08:03:11,722 - Epoch  15 Validation set [recall@5: 0.0339 recall@10: 0.0541 recall@20: 0.0849 ] [ndcg@5: 0.0344 ndcg@10: 0.0411 ndcg@20: 0.0511 ] 
2025-12-24 08:03:22,438 - Epoch  18 Validation set [recall@5: 0.0353 recall@10: 0.0570 recall@20: 0.0897 ] [ndcg@5: 0.0357 ndcg@10: 0.0431 ndcg@20: 0.0537 ] 
2025-12-24 08:03:33,022 - Epoch  21 Validation set [recall@5: 0.0367 recall@10: 0.0591 recall@20: 0.0933 ] [ndcg@5: 0.0371 ndcg@10: 0.0447 ndcg@20: 0.0558 ] 
2025-12-24 08:03:43,931 - Epoch  24 Validation set [recall@5: 0.0381 recall@10: 0.0619 recall@20: 0.0958 ] [ndcg@5: 0.0387 ndcg@10: 0.0469 ndcg@20: 0.0578 ] 
2025-12-24 08:03:54,671 - Epoch  27 Validation set [recall@5: 0.0391 recall@10: 0.0633 recall@20: 0.0988 ] [ndcg@5: 0.0396 ndcg@10: 0.0479 ndcg@20: 0.0593 ] 
2025-12-24 08:04:05,343 - Epoch  30 Validation set [recall@5: 0.0408 recall@10: 0.0652 recall@20: 0.1017 ] [ndcg@5: 0.0408 ndcg@10: 0.0491 ndcg@20: 0.0608 ] 
2025-12-24 08:04:16,107 - Epoch  33 Validation set [recall@5: 0.0411 recall@10: 0.0672 recall@20: 0.1035 ] [ndcg@5: 0.0410 ndcg@10: 0.0500 ndcg@20: 0.0617 ] 
2025-12-24 08:04:26,659 - Epoch  36 Validation set [recall@5: 0.0422 recall@10: 0.0686 recall@20: 0.1068 ] [ndcg@5: 0.0423 ndcg@10: 0.0515 ndcg@20: 0.0638 ] 
2025-12-24 08:04:38,203 - Epoch  39 Validation set [recall@5: 0.0438 recall@10: 0.0701 recall@20: 0.1086 ] [ndcg@5: 0.0435 ndcg@10: 0.0526 ndcg@20: 0.0650 ] 
2025-12-24 08:04:49,096 - Epoch  42 Validation set [recall@5: 0.0444 recall@10: 0.0716 recall@20: 0.1109 ] [ndcg@5: 0.0442 ndcg@10: 0.0535 ndcg@20: 0.0662 ] 
2025-12-24 08:04:59,880 - Epoch  45 Validation set [recall@5: 0.0456 recall@10: 0.0729 recall@20: 0.1121 ] [ndcg@5: 0.0450 ndcg@10: 0.0545 ndcg@20: 0.0671 ] 
2025-12-24 08:05:10,563 - Epoch  48 Validation set [recall@5: 0.0462 recall@10: 0.0739 recall@20: 0.1134 ] [ndcg@5: 0.0459 ndcg@10: 0.0555 ndcg@20: 0.0683 ] 
2025-12-24 08:05:21,614 - Epoch  51 Validation set [recall@5: 0.0460 recall@10: 0.0752 recall@20: 0.1146 ] [ndcg@5: 0.0462 ndcg@10: 0.0564 ndcg@20: 0.0690 ] 
2025-12-24 08:05:32,140 - Epoch  54 Validation set [recall@5: 0.0465 recall@10: 0.0764 recall@20: 0.1151 ] [ndcg@5: 0.0467 ndcg@10: 0.0572 ndcg@20: 0.0697 ] 
2025-12-24 08:05:43,101 - Epoch  57 Validation set [recall@5: 0.0472 recall@10: 0.0766 recall@20: 0.1175 ] [ndcg@5: 0.0473 ndcg@10: 0.0576 ndcg@20: 0.0709 ] 
2025-12-24 08:05:53,822 - Epoch  60 Validation set [recall@5: 0.0489 recall@10: 0.0780 recall@20: 0.1178 ] [ndcg@5: 0.0483 ndcg@10: 0.0585 ndcg@20: 0.0713 ] 
2025-12-24 08:06:04,552 - Epoch  63 Validation set [recall@5: 0.0498 recall@10: 0.0773 recall@20: 0.1183 ] [ndcg@5: 0.0492 ndcg@10: 0.0588 ndcg@20: 0.0720 ] 
2025-12-24 08:06:15,406 - Epoch  66 Validation set [recall@5: 0.0502 recall@10: 0.0781 recall@20: 0.1187 ] [ndcg@5: 0.0498 ndcg@10: 0.0593 ndcg@20: 0.0724 ] 
2025-12-24 08:06:25,952 - Epoch  69 Validation set [recall@5: 0.0503 recall@10: 0.0788 recall@20: 0.1213 ] [ndcg@5: 0.0497 ndcg@10: 0.0595 ndcg@20: 0.0732 ] 
2025-12-24 08:06:36,958 - Epoch  72 Validation set [recall@5: 0.0507 recall@10: 0.0796 recall@20: 0.1232 ] [ndcg@5: 0.0507 ndcg@10: 0.0605 ndcg@20: 0.0745 ] 
2025-12-24 08:06:48,742 - Epoch  75 Validation set [recall@5: 0.0512 recall@10: 0.0799 recall@20: 0.1235 ] [ndcg@5: 0.0512 ndcg@10: 0.0610 ndcg@20: 0.0750 ] 
2025-12-24 08:06:59,752 - Epoch  78 Validation set [recall@5: 0.0518 recall@10: 0.0807 recall@20: 0.1247 ] [ndcg@5: 0.0514 ndcg@10: 0.0613 ndcg@20: 0.0755 ] 
2025-12-24 08:07:10,549 - Epoch  81 Validation set [recall@5: 0.0518 recall@10: 0.0814 recall@20: 0.1260 ] [ndcg@5: 0.0513 ndcg@10: 0.0616 ndcg@20: 0.0759 ] 
2025-12-24 08:07:21,582 - Epoch  84 Validation set [recall@5: 0.0526 recall@10: 0.0818 recall@20: 0.1271 ] [ndcg@5: 0.0520 ndcg@10: 0.0621 ndcg@20: 0.0766 ] 
2025-12-24 08:07:32,842 - Epoch  87 Validation set [recall@5: 0.0516 recall@10: 0.0828 recall@20: 0.1268 ] [ndcg@5: 0.0514 ndcg@10: 0.0622 ndcg@20: 0.0765 ] 
2025-12-24 08:07:43,684 - Epoch  90 Validation set [recall@5: 0.0520 recall@10: 0.0828 recall@20: 0.1263 ] [ndcg@5: 0.0518 ndcg@10: 0.0623 ndcg@20: 0.0765 ] 
2025-12-24 08:07:55,454 - Epoch  93 Validation set [recall@5: 0.0525 recall@10: 0.0837 recall@20: 0.1278 ] [ndcg@5: 0.0522 ndcg@10: 0.0630 ndcg@20: 0.0773 ] 
2025-12-24 08:08:06,245 - Epoch  96 Validation set [recall@5: 0.0534 recall@10: 0.0850 recall@20: 0.1288 ] [ndcg@5: 0.0528 ndcg@10: 0.0636 ndcg@20: 0.0777 ] 
2025-12-24 08:08:16,982 - Epoch  99 Validation set [recall@5: 0.0536 recall@10: 0.0849 recall@20: 0.1294 ] [ndcg@5: 0.0529 ndcg@10: 0.0635 ndcg@20: 0.0779 ] 
2025-12-24 08:08:27,721 - Epoch 102 Validation set [recall@5: 0.0543 recall@10: 0.0859 recall@20: 0.1290 ] [ndcg@5: 0.0532 ndcg@10: 0.0639 ndcg@20: 0.0779 ] 
2025-12-24 08:08:38,422 - Epoch 105 Validation set [recall@5: 0.0543 recall@10: 0.0856 recall@20: 0.1298 ] [ndcg@5: 0.0535 ndcg@10: 0.0642 ndcg@20: 0.0785 ] 
2025-12-24 08:08:49,409 - Epoch 108 Validation set [recall@5: 0.0542 recall@10: 0.0866 recall@20: 0.1306 ] [ndcg@5: 0.0538 ndcg@10: 0.0648 ndcg@20: 0.0791 ] 
2025-12-24 08:09:00,128 - Epoch 111 Validation set [recall@5: 0.0543 recall@10: 0.0859 recall@20: 0.1304 ] [ndcg@5: 0.0540 ndcg@10: 0.0647 ndcg@20: 0.0792 ] 
2025-12-24 08:09:10,869 - Epoch 114 Validation set [recall@5: 0.0545 recall@10: 0.0871 recall@20: 0.1320 ] [ndcg@5: 0.0542 ndcg@10: 0.0652 ndcg@20: 0.0798 ] 
2025-12-24 08:09:21,675 - Epoch 117 Validation set [recall@5: 0.0545 recall@10: 0.0868 recall@20: 0.1321 ] [ndcg@5: 0.0541 ndcg@10: 0.0653 ndcg@20: 0.0800 ] 
2025-12-24 08:09:32,706 - Epoch 120 Validation set [recall@5: 0.0551 recall@10: 0.0871 recall@20: 0.1333 ] [ndcg@5: 0.0545 ndcg@10: 0.0654 ndcg@20: 0.0804 ] 
2025-12-24 08:09:43,837 - Epoch 123 Validation set [recall@5: 0.0558 recall@10: 0.0869 recall@20: 0.1329 ] [ndcg@5: 0.0550 ndcg@10: 0.0656 ndcg@20: 0.0805 ] 
2025-12-24 08:10:00,220 - Epoch 126 Validation set [recall@5: 0.0556 recall@10: 0.0875 recall@20: 0.1334 ] [ndcg@5: 0.0551 ndcg@10: 0.0660 ndcg@20: 0.0808 ] 
2025-12-24 08:10:16,559 - Epoch 129 Validation set [recall@5: 0.0571 recall@10: 0.0881 recall@20: 0.1342 ] [ndcg@5: 0.0557 ndcg@10: 0.0661 ndcg@20: 0.0810 ] 
2025-12-24 08:10:31,333 - Epoch 132 Validation set [recall@5: 0.0568 recall@10: 0.0876 recall@20: 0.1337 ] [ndcg@5: 0.0554 ndcg@10: 0.0658 ndcg@20: 0.0807 ] 
2025-12-24 08:10:45,955 - Epoch 135 Validation set [recall@5: 0.0570 recall@10: 0.0878 recall@20: 0.1345 ] [ndcg@5: 0.0560 ndcg@10: 0.0663 ndcg@20: 0.0814 ] 
2025-12-24 08:11:00,712 - Epoch 138 Validation set [recall@5: 0.0567 recall@10: 0.0877 recall@20: 0.1353 ] [ndcg@5: 0.0559 ndcg@10: 0.0662 ndcg@20: 0.0815 ] 
2025-12-24 08:11:15,485 - Epoch 141 Validation set [recall@5: 0.0562 recall@10: 0.0876 recall@20: 0.1357 ] [ndcg@5: 0.0559 ndcg@10: 0.0666 ndcg@20: 0.0820 ] 
2025-12-24 08:11:29,829 - Epoch 144 Validation set [recall@5: 0.0562 recall@10: 0.0879 recall@20: 0.1355 ] [ndcg@5: 0.0558 ndcg@10: 0.0666 ndcg@20: 0.0819 ] 
2025-12-24 08:11:44,264 - Epoch 147 Validation set [recall@5: 0.0573 recall@10: 0.0881 recall@20: 0.1352 ] [ndcg@5: 0.0563 ndcg@10: 0.0666 ndcg@20: 0.0818 ] 
2025-12-24 08:11:58,547 - Epoch 150 Validation set [recall@5: 0.0570 recall@10: 0.0886 recall@20: 0.1362 ] [ndcg@5: 0.0563 ndcg@10: 0.0670 ndcg@20: 0.0823 ] 
2025-12-24 08:12:13,108 - Epoch 153 Validation set [recall@5: 0.0565 recall@10: 0.0885 recall@20: 0.1367 ] [ndcg@5: 0.0561 ndcg@10: 0.0669 ndcg@20: 0.0825 ] 
2025-12-24 08:12:27,353 - Epoch 156 Validation set [recall@5: 0.0565 recall@10: 0.0886 recall@20: 0.1366 ] [ndcg@5: 0.0562 ndcg@10: 0.0672 ndcg@20: 0.0827 ] 
2025-12-24 08:12:41,933 - Epoch 159 Validation set [recall@5: 0.0570 recall@10: 0.0886 recall@20: 0.1363 ] [ndcg@5: 0.0563 ndcg@10: 0.0670 ndcg@20: 0.0824 ] 
2025-12-24 08:12:56,330 - Epoch 162 Validation set [recall@5: 0.0568 recall@10: 0.0891 recall@20: 0.1375 ] [ndcg@5: 0.0562 ndcg@10: 0.0673 ndcg@20: 0.0829 ] 
2025-12-24 08:13:10,920 - Epoch 165 Validation set [recall@5: 0.0570 recall@10: 0.0894 recall@20: 0.1375 ] [ndcg@5: 0.0565 ndcg@10: 0.0676 ndcg@20: 0.0830 ] 
2025-12-24 08:13:25,158 - Epoch 168 Validation set [recall@5: 0.0574 recall@10: 0.0899 recall@20: 0.1388 ] [ndcg@5: 0.0567 ndcg@10: 0.0678 ndcg@20: 0.0836 ] 
2025-12-24 08:13:39,498 - Epoch 171 Validation set [recall@5: 0.0569 recall@10: 0.0901 recall@20: 0.1382 ] [ndcg@5: 0.0563 ndcg@10: 0.0678 ndcg@20: 0.0832 ] 
2025-12-24 08:13:53,830 - Epoch 174 Validation set [recall@5: 0.0572 recall@10: 0.0900 recall@20: 0.1394 ] [ndcg@5: 0.0567 ndcg@10: 0.0678 ndcg@20: 0.0837 ] 
2025-12-24 08:14:08,347 - Epoch 177 Validation set [recall@5: 0.0572 recall@10: 0.0898 recall@20: 0.1394 ] [ndcg@5: 0.0566 ndcg@10: 0.0676 ndcg@20: 0.0837 ] 
2025-12-24 08:14:23,106 - Epoch 180 Validation set [recall@5: 0.0580 recall@10: 0.0898 recall@20: 0.1382 ] [ndcg@5: 0.0575 ndcg@10: 0.0681 ndcg@20: 0.0838 ] 
2025-12-24 08:14:37,563 - Epoch 183 Validation set [recall@5: 0.0577 recall@10: 0.0902 recall@20: 0.1386 ] [ndcg@5: 0.0573 ndcg@10: 0.0682 ndcg@20: 0.0839 ] 
2025-12-24 08:14:52,432 - Epoch 186 Validation set [recall@5: 0.0586 recall@10: 0.0904 recall@20: 0.1390 ] [ndcg@5: 0.0575 ndcg@10: 0.0682 ndcg@20: 0.0840 ] 
2025-12-24 08:15:06,718 - Epoch 189 Validation set [recall@5: 0.0575 recall@10: 0.0899 recall@20: 0.1390 ] [ndcg@5: 0.0567 ndcg@10: 0.0680 ndcg@20: 0.0840 ] 
2025-12-24 08:15:20,729 - Epoch 192 Validation set [recall@5: 0.0583 recall@10: 0.0905 recall@20: 0.1392 ] [ndcg@5: 0.0574 ndcg@10: 0.0684 ndcg@20: 0.0842 ] 
2025-12-24 08:15:21,974 - [recall@5: 0.0572 recall@10: 0.0898 recall@20: 0.1394 ] [ndcg@5: 0.0566 ndcg@10: 0.0676 ndcg@20: 0.0837 ] 
2025-12-24 08:15:23,179 - [recall@5: 0.0557 recall@10: 0.0865 recall@20: 0.1346 ] [ndcg@5: 0.0557 ndcg@10: 0.0661 ndcg@20: 0.0818 ] 
2025-12-24 08:15:23,180 - Best Epoch 177. Final test result: {'recall': array([0.05566814, 0.08645807, 0.13458952]), 'ndcg': array([0.05572074, 0.06605995, 0.08177603])}.
layer_num: 1