2025-12-24 08:19:35,375 - {'optimizer': {'name': 'adam', 'lr': 0.001, 'weight_decay': 0}, 'train': {'epoch': 3000, 'batch_size': 4096, 'save_model': False, 'loss': 'pairwise', 'test_step': 3, 'reproducible': True, 'seed': 2023, 'patience': 5}, 'test': {'metrics': ['recall', 'ndcg'], 'k': [5, 10, 20], 'batch_size': 1024}, 'data': {'type': 'general_cf', 'name': 'amazon', 'user_num': 11000, 'item_num': 9332}, 'model': {'name': 'lightgcn', 'keep_rate': 0.8, 'embedding_size': 32, 'layer_num': 3, 'reg_weight': 1e-06, 'amazon': {'layer_num': 2, 'reg_weight': 1e-06}, 'yelp': {'layer_num': 3, 'reg_weight': 1e-06}, 'steam': {'layer_num': 2, 'reg_weight': 1e-06}}}
2025-12-24 08:19:47,329 - Epoch   0 Validation set [recall@5: 0.0176 recall@10: 0.0286 recall@20: 0.0472 ] [ndcg@5: 0.0178 ndcg@10: 0.0215 ndcg@20: 0.0274 ] 
2025-12-24 08:20:11,132 - Epoch   3 Validation set [recall@5: 0.0206 recall@10: 0.0344 recall@20: 0.0562 ] [ndcg@5: 0.0214 ndcg@10: 0.0261 ndcg@20: 0.0332 ] 
2025-12-24 08:20:34,372 - Epoch   6 Validation set [recall@5: 0.0249 recall@10: 0.0399 recall@20: 0.0658 ] [ndcg@5: 0.0250 ndcg@10: 0.0302 ndcg@20: 0.0386 ] 
2025-12-24 08:20:57,031 - Epoch   9 Validation set [recall@5: 0.0298 recall@10: 0.0474 recall@20: 0.0754 ] [ndcg@5: 0.0299 ndcg@10: 0.0358 ndcg@20: 0.0448 ] 
2025-12-24 08:21:19,935 - Epoch  12 Validation set [recall@5: 0.0331 recall@10: 0.0509 recall@20: 0.0805 ] [ndcg@5: 0.0333 ndcg@10: 0.0392 ndcg@20: 0.0487 ] 
2025-12-24 08:21:43,466 - Epoch  15 Validation set [recall@5: 0.0343 recall@10: 0.0544 recall@20: 0.0868 ] [ndcg@5: 0.0349 ndcg@10: 0.0415 ndcg@20: 0.0518 ] 
2025-12-24 08:22:07,102 - Epoch  18 Validation set [recall@5: 0.0355 recall@10: 0.0569 recall@20: 0.0905 ] [ndcg@5: 0.0359 ndcg@10: 0.0430 ndcg@20: 0.0539 ] 
2025-12-24 08:22:30,261 - Epoch  21 Validation set [recall@5: 0.0363 recall@10: 0.0585 recall@20: 0.0934 ] [ndcg@5: 0.0367 ndcg@10: 0.0442 ndcg@20: 0.0557 ] 
2025-12-24 08:22:53,808 - Epoch  24 Validation set [recall@5: 0.0378 recall@10: 0.0609 recall@20: 0.0973 ] [ndcg@5: 0.0382 ndcg@10: 0.0461 ndcg@20: 0.0579 ] 
2025-12-24 08:23:15,957 - Epoch  27 Validation set [recall@5: 0.0392 recall@10: 0.0633 recall@20: 0.1006 ] [ndcg@5: 0.0395 ndcg@10: 0.0476 ndcg@20: 0.0597 ] 
2025-12-24 08:23:38,700 - Epoch  30 Validation set [recall@5: 0.0404 recall@10: 0.0645 recall@20: 0.1031 ] [ndcg@5: 0.0408 ndcg@10: 0.0490 ndcg@20: 0.0615 ] 
2025-12-24 08:23:55,380 - Epoch  33 Validation set [recall@5: 0.0408 recall@10: 0.0661 recall@20: 0.1045 ] [ndcg@5: 0.0413 ndcg@10: 0.0500 ndcg@20: 0.0625 ] 
2025-12-24 08:24:11,794 - Epoch  36 Validation set [recall@5: 0.0419 recall@10: 0.0681 recall@20: 0.1075 ] [ndcg@5: 0.0424 ndcg@10: 0.0514 ndcg@20: 0.0642 ] 
2025-12-24 08:24:28,222 - Epoch  39 Validation set [recall@5: 0.0430 recall@10: 0.0696 recall@20: 0.1097 ] [ndcg@5: 0.0434 ndcg@10: 0.0526 ndcg@20: 0.0655 ] 
2025-12-24 08:24:44,659 - Epoch  42 Validation set [recall@5: 0.0442 recall@10: 0.0716 recall@20: 0.1120 ] [ndcg@5: 0.0448 ndcg@10: 0.0540 ndcg@20: 0.0670 ] 
2025-12-24 08:25:01,184 - Epoch  45 Validation set [recall@5: 0.0449 recall@10: 0.0728 recall@20: 0.1132 ] [ndcg@5: 0.0451 ndcg@10: 0.0547 ndcg@20: 0.0677 ] 
2025-12-24 08:25:17,574 - Epoch  48 Validation set [recall@5: 0.0461 recall@10: 0.0738 recall@20: 0.1149 ] [ndcg@5: 0.0461 ndcg@10: 0.0556 ndcg@20: 0.0688 ] 
2025-12-24 08:25:34,229 - Epoch  51 Validation set [recall@5: 0.0465 recall@10: 0.0750 recall@20: 0.1163 ] [ndcg@5: 0.0466 ndcg@10: 0.0565 ndcg@20: 0.0697 ] 
2025-12-24 08:25:50,263 - Epoch  54 Validation set [recall@5: 0.0465 recall@10: 0.0755 recall@20: 0.1172 ] [ndcg@5: 0.0473 ndcg@10: 0.0572 ndcg@20: 0.0706 ] 
2025-12-24 08:26:08,930 - Epoch  57 Validation set [recall@5: 0.0475 recall@10: 0.0765 recall@20: 0.1184 ] [ndcg@5: 0.0477 ndcg@10: 0.0576 ndcg@20: 0.0711 ] 
2025-12-24 08:26:26,167 - Epoch  60 Validation set [recall@5: 0.0490 recall@10: 0.0775 recall@20: 0.1203 ] [ndcg@5: 0.0488 ndcg@10: 0.0583 ndcg@20: 0.0721 ] 
2025-12-24 08:26:43,362 - Epoch  63 Validation set [recall@5: 0.0500 recall@10: 0.0780 recall@20: 0.1210 ] [ndcg@5: 0.0495 ndcg@10: 0.0590 ndcg@20: 0.0729 ] 
2025-12-24 08:27:00,155 - Epoch  66 Validation set [recall@5: 0.0503 recall@10: 0.0786 recall@20: 0.1215 ] [ndcg@5: 0.0499 ndcg@10: 0.0595 ndcg@20: 0.0734 ] 
2025-12-24 08:27:17,370 - Epoch  69 Validation set [recall@5: 0.0508 recall@10: 0.0790 recall@20: 0.1230 ] [ndcg@5: 0.0503 ndcg@10: 0.0599 ndcg@20: 0.0741 ] 
2025-12-24 08:27:34,123 - Epoch  72 Validation set [recall@5: 0.0505 recall@10: 0.0797 recall@20: 0.1251 ] [ndcg@5: 0.0503 ndcg@10: 0.0602 ndcg@20: 0.0748 ] 
2025-12-24 08:27:53,674 - Epoch  75 Validation set [recall@5: 0.0517 recall@10: 0.0799 recall@20: 0.1264 ] [ndcg@5: 0.0513 ndcg@10: 0.0608 ndcg@20: 0.0757 ] 
2025-12-24 08:28:19,842 - Epoch  78 Validation set [recall@5: 0.0523 recall@10: 0.0802 recall@20: 0.1267 ] [ndcg@5: 0.0517 ndcg@10: 0.0610 ndcg@20: 0.0761 ] 
2025-12-24 08:28:39,901 - Epoch  81 Validation set [recall@5: 0.0527 recall@10: 0.0819 recall@20: 0.1269 ] [ndcg@5: 0.0522 ndcg@10: 0.0621 ndcg@20: 0.0767 ] 
2025-12-24 08:28:59,196 - Epoch  84 Validation set [recall@5: 0.0524 recall@10: 0.0831 recall@20: 0.1276 ] [ndcg@5: 0.0524 ndcg@10: 0.0628 ndcg@20: 0.0772 ] 
2025-12-24 08:29:18,511 - Epoch  87 Validation set [recall@5: 0.0529 recall@10: 0.0820 recall@20: 0.1292 ] [ndcg@5: 0.0528 ndcg@10: 0.0625 ndcg@20: 0.0779 ] 
2025-12-24 08:29:42,358 - Epoch  90 Validation set [recall@5: 0.0537 recall@10: 0.0835 recall@20: 0.1286 ] [ndcg@5: 0.0531 ndcg@10: 0.0630 ndcg@20: 0.0777 ] 
2025-12-24 08:30:03,383 - Epoch  93 Validation set [recall@5: 0.0545 recall@10: 0.0849 recall@20: 0.1304 ] [ndcg@5: 0.0536 ndcg@10: 0.0638 ndcg@20: 0.0786 ] 
2025-12-24 08:30:22,989 - Epoch  96 Validation set [recall@5: 0.0547 recall@10: 0.0851 recall@20: 0.1304 ] [ndcg@5: 0.0540 ndcg@10: 0.0642 ndcg@20: 0.0790 ] 
2025-12-24 08:30:40,507 - Epoch  99 Validation set [recall@5: 0.0542 recall@10: 0.0851 recall@20: 0.1310 ] [ndcg@5: 0.0538 ndcg@10: 0.0642 ndcg@20: 0.0791 ] 
2025-12-24 08:30:57,049 - Epoch 102 Validation set [recall@5: 0.0545 recall@10: 0.0851 recall@20: 0.1312 ] [ndcg@5: 0.0540 ndcg@10: 0.0644 ndcg@20: 0.0794 ] 
2025-12-24 08:31:13,846 - Epoch 105 Validation set [recall@5: 0.0546 recall@10: 0.0863 recall@20: 0.1322 ] [ndcg@5: 0.0541 ndcg@10: 0.0649 ndcg@20: 0.0798 ] 
2025-12-24 08:31:30,073 - Epoch 108 Validation set [recall@5: 0.0555 recall@10: 0.0867 recall@20: 0.1328 ] [ndcg@5: 0.0549 ndcg@10: 0.0655 ndcg@20: 0.0804 ] 
2025-12-24 08:31:50,773 - Epoch 111 Validation set [recall@5: 0.0557 recall@10: 0.0862 recall@20: 0.1337 ] [ndcg@5: 0.0552 ndcg@10: 0.0654 ndcg@20: 0.0808 ] 
2025-12-24 08:32:12,398 - Epoch 114 Validation set [recall@5: 0.0555 recall@10: 0.0858 recall@20: 0.1344 ] [ndcg@5: 0.0553 ndcg@10: 0.0655 ndcg@20: 0.0813 ] 
2025-12-24 08:32:33,310 - Epoch 117 Validation set [recall@5: 0.0560 recall@10: 0.0866 recall@20: 0.1354 ] [ndcg@5: 0.0555 ndcg@10: 0.0658 ndcg@20: 0.0816 ] 
2025-12-24 08:32:57,040 - Epoch 120 Validation set [recall@5: 0.0570 recall@10: 0.0883 recall@20: 0.1348 ] [ndcg@5: 0.0563 ndcg@10: 0.0668 ndcg@20: 0.0820 ] 
2025-12-24 08:33:18,644 - Epoch 123 Validation set [recall@5: 0.0566 recall@10: 0.0884 recall@20: 0.1353 ] [ndcg@5: 0.0563 ndcg@10: 0.0669 ndcg@20: 0.0822 ] 
2025-12-24 08:33:38,561 - Epoch 126 Validation set [recall@5: 0.0570 recall@10: 0.0881 recall@20: 0.1360 ] [ndcg@5: 0.0564 ndcg@10: 0.0670 ndcg@20: 0.0825 ] 
2025-12-24 08:33:57,266 - Epoch 129 Validation set [recall@5: 0.0570 recall@10: 0.0890 recall@20: 0.1359 ] [ndcg@5: 0.0566 ndcg@10: 0.0674 ndcg@20: 0.0827 ] 
2025-12-24 08:34:15,913 - Epoch 132 Validation set [recall@5: 0.0573 recall@10: 0.0891 recall@20: 0.1361 ] [ndcg@5: 0.0566 ndcg@10: 0.0675 ndcg@20: 0.0827 ] 
2025-12-24 08:34:26,701 - Epoch 135 Validation set [recall@5: 0.0572 recall@10: 0.0888 recall@20: 0.1373 ] [ndcg@5: 0.0568 ndcg@10: 0.0674 ndcg@20: 0.0832 ] 
2025-12-24 08:34:37,545 - Epoch 138 Validation set [recall@5: 0.0576 recall@10: 0.0889 recall@20: 0.1387 ] [ndcg@5: 0.0571 ndcg@10: 0.0675 ndcg@20: 0.0836 ] 
2025-12-24 08:34:48,574 - Epoch 141 Validation set [recall@5: 0.0574 recall@10: 0.0895 recall@20: 0.1385 ] [ndcg@5: 0.0573 ndcg@10: 0.0680 ndcg@20: 0.0839 ] 
2025-12-24 08:34:59,656 - Epoch 144 Validation set [recall@5: 0.0579 recall@10: 0.0899 recall@20: 0.1387 ] [ndcg@5: 0.0576 ndcg@10: 0.0683 ndcg@20: 0.0841 ] 
2025-12-24 08:35:10,522 - Epoch 147 Validation set [recall@5: 0.0570 recall@10: 0.0904 recall@20: 0.1383 ] [ndcg@5: 0.0568 ndcg@10: 0.0682 ndcg@20: 0.0837 ] 
2025-12-24 08:35:21,259 - Epoch 150 Validation set [recall@5: 0.0574 recall@10: 0.0912 recall@20: 0.1395 ] [ndcg@5: 0.0572 ndcg@10: 0.0687 ndcg@20: 0.0843 ] 
2025-12-24 08:35:32,097 - Epoch 153 Validation set [recall@5: 0.0571 recall@10: 0.0907 recall@20: 0.1397 ] [ndcg@5: 0.0572 ndcg@10: 0.0685 ndcg@20: 0.0844 ] 
2025-12-24 08:35:42,969 - Epoch 156 Validation set [recall@5: 0.0572 recall@10: 0.0905 recall@20: 0.1408 ] [ndcg@5: 0.0573 ndcg@10: 0.0686 ndcg@20: 0.0848 ] 
2025-12-24 08:35:53,860 - Epoch 159 Validation set [recall@5: 0.0576 recall@10: 0.0916 recall@20: 0.1402 ] [ndcg@5: 0.0576 ndcg@10: 0.0692 ndcg@20: 0.0849 ] 
2025-12-24 08:36:04,626 - Epoch 162 Validation set [recall@5: 0.0574 recall@10: 0.0917 recall@20: 0.1407 ] [ndcg@5: 0.0577 ndcg@10: 0.0694 ndcg@20: 0.0852 ] 
2025-12-24 08:36:15,609 - Epoch 165 Validation set [recall@5: 0.0580 recall@10: 0.0920 recall@20: 0.1421 ] [ndcg@5: 0.0583 ndcg@10: 0.0698 ndcg@20: 0.0861 ] 
2025-12-24 08:36:26,310 - Epoch 168 Validation set [recall@5: 0.0581 recall@10: 0.0923 recall@20: 0.1418 ] [ndcg@5: 0.0584 ndcg@10: 0.0699 ndcg@20: 0.0859 ] 
2025-12-24 08:36:37,106 - Epoch 171 Validation set [recall@5: 0.0578 recall@10: 0.0922 recall@20: 0.1418 ] [ndcg@5: 0.0583 ndcg@10: 0.0700 ndcg@20: 0.0861 ] 
2025-12-24 08:36:47,612 - Epoch 174 Validation set [recall@5: 0.0579 recall@10: 0.0918 recall@20: 0.1429 ] [ndcg@5: 0.0587 ndcg@10: 0.0702 ndcg@20: 0.0867 ] 
2025-12-24 08:36:58,425 - Epoch 177 Validation set [recall@5: 0.0589 recall@10: 0.0926 recall@20: 0.1438 ] [ndcg@5: 0.0591 ndcg@10: 0.0705 ndcg@20: 0.0870 ] 
2025-12-24 08:37:09,520 - Epoch 180 Validation set [recall@5: 0.0593 recall@10: 0.0936 recall@20: 0.1433 ] [ndcg@5: 0.0590 ndcg@10: 0.0706 ndcg@20: 0.0866 ] 
2025-12-24 08:37:20,842 - Epoch 183 Validation set [recall@5: 0.0592 recall@10: 0.0928 recall@20: 0.1439 ] [ndcg@5: 0.0589 ndcg@10: 0.0703 ndcg@20: 0.0869 ] 
2025-12-24 08:37:31,764 - Epoch 186 Validation set [recall@5: 0.0590 recall@10: 0.0932 recall@20: 0.1432 ] [ndcg@5: 0.0585 ndcg@10: 0.0702 ndcg@20: 0.0864 ] 
2025-12-24 08:37:44,288 - Epoch 189 Validation set [recall@5: 0.0585 recall@10: 0.0929 recall@20: 0.1435 ] [ndcg@5: 0.0582 ndcg@10: 0.0700 ndcg@20: 0.0864 ] 
2025-12-24 08:38:03,065 - Epoch 192 Validation set [recall@5: 0.0580 recall@10: 0.0937 recall@20: 0.1431 ] [ndcg@5: 0.0582 ndcg@10: 0.0707 ndcg@20: 0.0865 ] 
2025-12-24 08:38:20,017 - Epoch 195 Validation set [recall@5: 0.0586 recall@10: 0.0935 recall@20: 0.1430 ] [ndcg@5: 0.0588 ndcg@10: 0.0708 ndcg@20: 0.0867 ] 
2025-12-24 08:38:36,904 - Epoch 198 Validation set [recall@5: 0.0585 recall@10: 0.0930 recall@20: 0.1436 ] [ndcg@5: 0.0590 ndcg@10: 0.0708 ndcg@20: 0.0870 ] 
2025-12-24 08:38:38,123 - [recall@5: 0.0592 recall@10: 0.0928 recall@20: 0.1439 ] [ndcg@5: 0.0589 ndcg@10: 0.0703 ndcg@20: 0.0869 ] 
2025-12-24 08:38:39,283 - [recall@5: 0.0561 recall@10: 0.0902 recall@20: 0.1389 ] [ndcg@5: 0.0578 ndcg@10: 0.0694 ndcg@20: 0.0851 ] 
2025-12-24 08:38:39,283 - Best Epoch 183. Final test result: {'recall': array([0.05612366, 0.09024639, 0.13892229]), 'ndcg': array([0.05782512, 0.06940097, 0.08505138])}.
layer_num: 2