2025-12-24 08:42:28,896 - {'optimizer': {'name': 'adam', 'lr': 0.001, 'weight_decay': 0}, 'train': {'epoch': 3000, 'batch_size': 4096, 'save_model': False, 'loss': 'pairwise', 'test_step': 3, 'reproducible': True, 'seed': 2023, 'patience': 5}, 'test': {'metrics': ['recall', 'ndcg'], 'k': [5, 10, 20], 'batch_size': 1024}, 'data': {'type': 'general_cf', 'name': 'amazon', 'user_num': 11000, 'item_num': 9332}, 'model': {'name': 'lightgcn', 'keep_rate': 0.8, 'embedding_size': 32, 'layer_num': 3, 'reg_weight': 1e-06, 'amazon': {'layer_num': 4, 'reg_weight': 1e-06}, 'yelp': {'layer_num': 3, 'reg_weight': 1e-06}, 'steam': {'layer_num': 2, 'reg_weight': 1e-06}}}
2025-12-24 08:42:36,290 - Epoch   0 Validation set [recall@5: 0.0184 recall@10: 0.0310 recall@20: 0.0502 ] [ndcg@5: 0.0180 ndcg@10: 0.0226 ndcg@20: 0.0288 ] 
2025-12-24 08:42:51,504 - Epoch   3 Validation set [recall@5: 0.0196 recall@10: 0.0328 recall@20: 0.0544 ] [ndcg@5: 0.0200 ndcg@10: 0.0245 ndcg@20: 0.0317 ] 
2025-12-24 08:43:07,879 - Epoch   6 Validation set [recall@5: 0.0243 recall@10: 0.0404 recall@20: 0.0664 ] [ndcg@5: 0.0244 ndcg@10: 0.0301 ndcg@20: 0.0385 ] 
2025-12-24 08:43:25,866 - Epoch   9 Validation set [recall@5: 0.0278 recall@10: 0.0460 recall@20: 0.0745 ] [ndcg@5: 0.0284 ndcg@10: 0.0346 ndcg@20: 0.0438 ] 
2025-12-24 08:43:42,316 - Epoch  12 Validation set [recall@5: 0.0307 recall@10: 0.0503 recall@20: 0.0803 ] [ndcg@5: 0.0315 ndcg@10: 0.0382 ndcg@20: 0.0478 ] 
2025-12-24 08:44:01,624 - Epoch  15 Validation set [recall@5: 0.0330 recall@10: 0.0524 recall@20: 0.0843 ] [ndcg@5: 0.0336 ndcg@10: 0.0402 ndcg@20: 0.0504 ] 
2025-12-24 08:44:23,567 - Epoch  18 Validation set [recall@5: 0.0346 recall@10: 0.0547 recall@20: 0.0884 ] [ndcg@5: 0.0351 ndcg@10: 0.0419 ndcg@20: 0.0528 ] 
2025-12-24 08:44:44,584 - Epoch  21 Validation set [recall@5: 0.0358 recall@10: 0.0571 recall@20: 0.0915 ] [ndcg@5: 0.0364 ndcg@10: 0.0435 ndcg@20: 0.0548 ] 
2025-12-24 08:45:11,742 - Epoch  24 Validation set [recall@5: 0.0374 recall@10: 0.0601 recall@20: 0.0957 ] [ndcg@5: 0.0377 ndcg@10: 0.0455 ndcg@20: 0.0571 ] 
2025-12-24 08:45:38,688 - Epoch  27 Validation set [recall@5: 0.0383 recall@10: 0.0622 recall@20: 0.0987 ] [ndcg@5: 0.0388 ndcg@10: 0.0469 ndcg@20: 0.0589 ] 
2025-12-24 08:45:59,449 - Epoch  30 Validation set [recall@5: 0.0387 recall@10: 0.0639 recall@20: 0.1014 ] [ndcg@5: 0.0395 ndcg@10: 0.0483 ndcg@20: 0.0605 ] 
2025-12-24 08:46:20,123 - Epoch  33 Validation set [recall@5: 0.0396 recall@10: 0.0657 recall@20: 0.1039 ] [ndcg@5: 0.0404 ndcg@10: 0.0494 ndcg@20: 0.0618 ] 
2025-12-24 08:46:40,534 - Epoch  36 Validation set [recall@5: 0.0409 recall@10: 0.0674 recall@20: 0.1053 ] [ndcg@5: 0.0419 ndcg@10: 0.0510 ndcg@20: 0.0633 ] 
2025-12-24 08:47:00,932 - Epoch  39 Validation set [recall@5: 0.0420 recall@10: 0.0687 recall@20: 0.1063 ] [ndcg@5: 0.0427 ndcg@10: 0.0520 ndcg@20: 0.0642 ] 
2025-12-24 08:47:22,400 - Epoch  42 Validation set [recall@5: 0.0430 recall@10: 0.0697 recall@20: 0.1087 ] [ndcg@5: 0.0436 ndcg@10: 0.0528 ndcg@20: 0.0655 ] 
2025-12-24 08:47:43,900 - Epoch  45 Validation set [recall@5: 0.0438 recall@10: 0.0712 recall@20: 0.1098 ] [ndcg@5: 0.0440 ndcg@10: 0.0536 ndcg@20: 0.0661 ] 
2025-12-24 08:48:05,780 - Epoch  48 Validation set [recall@5: 0.0444 recall@10: 0.0715 recall@20: 0.1109 ] [ndcg@5: 0.0448 ndcg@10: 0.0542 ndcg@20: 0.0670 ] 
2025-12-24 08:48:27,701 - Epoch  51 Validation set [recall@5: 0.0457 recall@10: 0.0732 recall@20: 0.1130 ] [ndcg@5: 0.0458 ndcg@10: 0.0554 ndcg@20: 0.0682 ] 
2025-12-24 08:48:48,413 - Epoch  54 Validation set [recall@5: 0.0455 recall@10: 0.0734 recall@20: 0.1138 ] [ndcg@5: 0.0455 ndcg@10: 0.0553 ndcg@20: 0.0684 ] 
2025-12-24 08:49:09,260 - Epoch  57 Validation set [recall@5: 0.0467 recall@10: 0.0739 recall@20: 0.1145 ] [ndcg@5: 0.0465 ndcg@10: 0.0559 ndcg@20: 0.0691 ] 
2025-12-24 08:49:30,540 - Epoch  60 Validation set [recall@5: 0.0474 recall@10: 0.0755 recall@20: 0.1164 ] [ndcg@5: 0.0472 ndcg@10: 0.0568 ndcg@20: 0.0701 ] 
2025-12-24 08:49:51,737 - Epoch  63 Validation set [recall@5: 0.0486 recall@10: 0.0763 recall@20: 0.1176 ] [ndcg@5: 0.0481 ndcg@10: 0.0574 ndcg@20: 0.0709 ] 
2025-12-24 08:50:15,732 - Epoch  66 Validation set [recall@5: 0.0488 recall@10: 0.0765 recall@20: 0.1188 ] [ndcg@5: 0.0482 ndcg@10: 0.0576 ndcg@20: 0.0713 ] 
2025-12-24 08:50:36,436 - Epoch  69 Validation set [recall@5: 0.0486 recall@10: 0.0769 recall@20: 0.1204 ] [ndcg@5: 0.0486 ndcg@10: 0.0583 ndcg@20: 0.0724 ] 
2025-12-24 08:50:56,884 - Epoch  72 Validation set [recall@5: 0.0490 recall@10: 0.0773 recall@20: 0.1209 ] [ndcg@5: 0.0487 ndcg@10: 0.0584 ndcg@20: 0.0725 ] 
2025-12-24 08:51:17,702 - Epoch  75 Validation set [recall@5: 0.0498 recall@10: 0.0775 recall@20: 0.1214 ] [ndcg@5: 0.0495 ndcg@10: 0.0590 ndcg@20: 0.0731 ] 
2025-12-24 08:51:39,211 - Epoch  78 Validation set [recall@5: 0.0503 recall@10: 0.0780 recall@20: 0.1225 ] [ndcg@5: 0.0499 ndcg@10: 0.0594 ndcg@20: 0.0738 ] 
2025-12-24 08:52:00,467 - Epoch  81 Validation set [recall@5: 0.0500 recall@10: 0.0798 recall@20: 0.1223 ] [ndcg@5: 0.0504 ndcg@10: 0.0606 ndcg@20: 0.0743 ] 
2025-12-24 08:52:21,549 - Epoch  84 Validation set [recall@5: 0.0502 recall@10: 0.0803 recall@20: 0.1241 ] [ndcg@5: 0.0505 ndcg@10: 0.0607 ndcg@20: 0.0749 ] 
2025-12-24 08:52:42,304 - Epoch  87 Validation set [recall@5: 0.0506 recall@10: 0.0807 recall@20: 0.1248 ] [ndcg@5: 0.0510 ndcg@10: 0.0612 ndcg@20: 0.0755 ] 
2025-12-24 08:53:02,330 - Epoch  90 Validation set [recall@5: 0.0512 recall@10: 0.0812 recall@20: 0.1251 ] [ndcg@5: 0.0514 ndcg@10: 0.0615 ndcg@20: 0.0758 ] 
2025-12-24 08:53:23,457 - Epoch  93 Validation set [recall@5: 0.0522 recall@10: 0.0818 recall@20: 0.1262 ] [ndcg@5: 0.0521 ndcg@10: 0.0620 ndcg@20: 0.0765 ] 
2025-12-24 08:53:44,767 - Epoch  96 Validation set [recall@5: 0.0528 recall@10: 0.0826 recall@20: 0.1261 ] [ndcg@5: 0.0524 ndcg@10: 0.0625 ndcg@20: 0.0766 ] 
2025-12-24 08:54:07,630 - Epoch  99 Validation set [recall@5: 0.0537 recall@10: 0.0824 recall@20: 0.1275 ] [ndcg@5: 0.0531 ndcg@10: 0.0627 ndcg@20: 0.0774 ] 
2025-12-24 08:54:32,537 - Epoch 102 Validation set [recall@5: 0.0540 recall@10: 0.0830 recall@20: 0.1283 ] [ndcg@5: 0.0532 ndcg@10: 0.0629 ndcg@20: 0.0777 ] 
2025-12-24 08:54:52,764 - Epoch 105 Validation set [recall@5: 0.0540 recall@10: 0.0834 recall@20: 0.1293 ] [ndcg@5: 0.0535 ndcg@10: 0.0633 ndcg@20: 0.0782 ] 
2025-12-24 08:55:13,772 - Epoch 108 Validation set [recall@5: 0.0540 recall@10: 0.0838 recall@20: 0.1299 ] [ndcg@5: 0.0535 ndcg@10: 0.0636 ndcg@20: 0.0786 ] 
2025-12-24 08:55:34,862 - Epoch 111 Validation set [recall@5: 0.0543 recall@10: 0.0846 recall@20: 0.1297 ] [ndcg@5: 0.0540 ndcg@10: 0.0642 ndcg@20: 0.0789 ] 
2025-12-24 08:55:55,720 - Epoch 114 Validation set [recall@5: 0.0548 recall@10: 0.0847 recall@20: 0.1309 ] [ndcg@5: 0.0543 ndcg@10: 0.0644 ndcg@20: 0.0794 ] 
2025-12-24 08:56:17,017 - Epoch 117 Validation set [recall@5: 0.0543 recall@10: 0.0857 recall@20: 0.1310 ] [ndcg@5: 0.0544 ndcg@10: 0.0650 ndcg@20: 0.0798 ] 
2025-12-24 08:56:37,776 - Epoch 120 Validation set [recall@5: 0.0550 recall@10: 0.0857 recall@20: 0.1326 ] [ndcg@5: 0.0549 ndcg@10: 0.0652 ndcg@20: 0.0805 ] 
2025-12-24 08:56:57,994 - Epoch 123 Validation set [recall@5: 0.0554 recall@10: 0.0861 recall@20: 0.1333 ] [ndcg@5: 0.0549 ndcg@10: 0.0653 ndcg@20: 0.0807 ] 
2025-12-24 08:57:09,333 - Epoch 126 Validation set [recall@5: 0.0558 recall@10: 0.0870 recall@20: 0.1332 ] [ndcg@5: 0.0556 ndcg@10: 0.0661 ndcg@20: 0.0812 ] 
2025-12-24 08:57:20,331 - Epoch 129 Validation set [recall@5: 0.0562 recall@10: 0.0868 recall@20: 0.1338 ] [ndcg@5: 0.0560 ndcg@10: 0.0662 ndcg@20: 0.0816 ] 
2025-12-24 08:57:31,371 - Epoch 132 Validation set [recall@5: 0.0563 recall@10: 0.0874 recall@20: 0.1346 ] [ndcg@5: 0.0559 ndcg@10: 0.0664 ndcg@20: 0.0817 ] 
2025-12-24 08:57:42,540 - Epoch 135 Validation set [recall@5: 0.0558 recall@10: 0.0874 recall@20: 0.1351 ] [ndcg@5: 0.0559 ndcg@10: 0.0665 ndcg@20: 0.0821 ] 
2025-12-24 08:57:53,742 - Epoch 138 Validation set [recall@5: 0.0555 recall@10: 0.0872 recall@20: 0.1357 ] [ndcg@5: 0.0557 ndcg@10: 0.0664 ndcg@20: 0.0823 ] 
2025-12-24 08:58:04,871 - Epoch 141 Validation set [recall@5: 0.0559 recall@10: 0.0879 recall@20: 0.1365 ] [ndcg@5: 0.0561 ndcg@10: 0.0669 ndcg@20: 0.0827 ] 
2025-12-24 08:58:15,949 - Epoch 144 Validation set [recall@5: 0.0562 recall@10: 0.0888 recall@20: 0.1369 ] [ndcg@5: 0.0563 ndcg@10: 0.0672 ndcg@20: 0.0829 ] 
2025-12-24 08:58:26,916 - Epoch 147 Validation set [recall@5: 0.0561 recall@10: 0.0887 recall@20: 0.1366 ] [ndcg@5: 0.0564 ndcg@10: 0.0676 ndcg@20: 0.0832 ] 
2025-12-24 08:58:37,939 - Epoch 150 Validation set [recall@5: 0.0563 recall@10: 0.0894 recall@20: 0.1373 ] [ndcg@5: 0.0564 ndcg@10: 0.0678 ndcg@20: 0.0835 ] 
2025-12-24 08:58:49,044 - Epoch 153 Validation set [recall@5: 0.0565 recall@10: 0.0896 recall@20: 0.1378 ] [ndcg@5: 0.0566 ndcg@10: 0.0679 ndcg@20: 0.0837 ] 
2025-12-24 08:59:00,032 - Epoch 156 Validation set [recall@5: 0.0569 recall@10: 0.0902 recall@20: 0.1384 ] [ndcg@5: 0.0566 ndcg@10: 0.0681 ndcg@20: 0.0839 ] 
2025-12-24 08:59:11,437 - Epoch 159 Validation set [recall@5: 0.0564 recall@10: 0.0898 recall@20: 0.1389 ] [ndcg@5: 0.0565 ndcg@10: 0.0682 ndcg@20: 0.0843 ] 
2025-12-24 08:59:22,420 - Epoch 162 Validation set [recall@5: 0.0570 recall@10: 0.0903 recall@20: 0.1394 ] [ndcg@5: 0.0569 ndcg@10: 0.0685 ndcg@20: 0.0846 ] 
2025-12-24 08:59:33,360 - Epoch 165 Validation set [recall@5: 0.0577 recall@10: 0.0903 recall@20: 0.1402 ] [ndcg@5: 0.0573 ndcg@10: 0.0685 ndcg@20: 0.0848 ] 
2025-12-24 08:59:44,717 - Epoch 168 Validation set [recall@5: 0.0576 recall@10: 0.0912 recall@20: 0.1412 ] [ndcg@5: 0.0575 ndcg@10: 0.0690 ndcg@20: 0.0854 ] 
2025-12-24 08:59:56,008 - Epoch 171 Validation set [recall@5: 0.0577 recall@10: 0.0916 recall@20: 0.1408 ] [ndcg@5: 0.0576 ndcg@10: 0.0691 ndcg@20: 0.0852 ] 
2025-12-24 09:00:07,435 - Epoch 174 Validation set [recall@5: 0.0566 recall@10: 0.0922 recall@20: 0.1404 ] [ndcg@5: 0.0572 ndcg@10: 0.0694 ndcg@20: 0.0852 ] 
2025-12-24 09:00:18,693 - Epoch 177 Validation set [recall@5: 0.0573 recall@10: 0.0923 recall@20: 0.1410 ] [ndcg@5: 0.0577 ndcg@10: 0.0697 ndcg@20: 0.0856 ] 
2025-12-24 09:00:29,657 - Epoch 180 Validation set [recall@5: 0.0572 recall@10: 0.0925 recall@20: 0.1425 ] [ndcg@5: 0.0574 ndcg@10: 0.0695 ndcg@20: 0.0858 ] 
2025-12-24 09:00:40,988 - Epoch 183 Validation set [recall@5: 0.0573 recall@10: 0.0916 recall@20: 0.1419 ] [ndcg@5: 0.0574 ndcg@10: 0.0693 ndcg@20: 0.0858 ] 
2025-12-24 09:00:52,202 - Epoch 186 Validation set [recall@5: 0.0576 recall@10: 0.0926 recall@20: 0.1420 ] [ndcg@5: 0.0573 ndcg@10: 0.0696 ndcg@20: 0.0857 ] 
2025-12-24 09:01:03,342 - Epoch 189 Validation set [recall@5: 0.0575 recall@10: 0.0920 recall@20: 0.1421 ] [ndcg@5: 0.0575 ndcg@10: 0.0696 ndcg@20: 0.0859 ] 
2025-12-24 09:01:14,289 - Epoch 192 Validation set [recall@5: 0.0580 recall@10: 0.0928 recall@20: 0.1430 ] [ndcg@5: 0.0577 ndcg@10: 0.0699 ndcg@20: 0.0861 ] 
2025-12-24 09:01:25,371 - Epoch 195 Validation set [recall@5: 0.0577 recall@10: 0.0921 recall@20: 0.1426 ] [ndcg@5: 0.0576 ndcg@10: 0.0696 ndcg@20: 0.0861 ] 
2025-12-24 09:01:36,600 - Epoch 198 Validation set [recall@5: 0.0578 recall@10: 0.0933 recall@20: 0.1424 ] [ndcg@5: 0.0577 ndcg@10: 0.0701 ndcg@20: 0.0861 ] 
2025-12-24 09:01:47,528 - Epoch 201 Validation set [recall@5: 0.0585 recall@10: 0.0937 recall@20: 0.1417 ] [ndcg@5: 0.0583 ndcg@10: 0.0706 ndcg@20: 0.0863 ] 
2025-12-24 09:01:58,655 - Epoch 204 Validation set [recall@5: 0.0585 recall@10: 0.0935 recall@20: 0.1427 ] [ndcg@5: 0.0583 ndcg@10: 0.0706 ndcg@20: 0.0866 ] 
2025-12-24 09:02:09,634 - Epoch 207 Validation set [recall@5: 0.0583 recall@10: 0.0939 recall@20: 0.1431 ] [ndcg@5: 0.0585 ndcg@10: 0.0708 ndcg@20: 0.0869 ] 
2025-12-24 09:02:20,442 - Epoch 210 Validation set [recall@5: 0.0583 recall@10: 0.0941 recall@20: 0.1434 ] [ndcg@5: 0.0584 ndcg@10: 0.0708 ndcg@20: 0.0869 ] 
2025-12-24 09:02:31,670 - Epoch 213 Validation set [recall@5: 0.0584 recall@10: 0.0946 recall@20: 0.1431 ] [ndcg@5: 0.0585 ndcg@10: 0.0711 ndcg@20: 0.0870 ] 
2025-12-24 09:02:42,627 - Epoch 216 Validation set [recall@5: 0.0584 recall@10: 0.0945 recall@20: 0.1440 ] [ndcg@5: 0.0586 ndcg@10: 0.0712 ndcg@20: 0.0874 ] 
2025-12-24 09:02:53,773 - Epoch 219 Validation set [recall@5: 0.0585 recall@10: 0.0946 recall@20: 0.1439 ] [ndcg@5: 0.0587 ndcg@10: 0.0711 ndcg@20: 0.0872 ] 
2025-12-24 09:03:04,684 - Epoch 222 Validation set [recall@5: 0.0584 recall@10: 0.0937 recall@20: 0.1428 ] [ndcg@5: 0.0588 ndcg@10: 0.0711 ndcg@20: 0.0871 ] 
2025-12-24 09:03:15,793 - Epoch 225 Validation set [recall@5: 0.0587 recall@10: 0.0931 recall@20: 0.1431 ] [ndcg@5: 0.0588 ndcg@10: 0.0707 ndcg@20: 0.0871 ] 
2025-12-24 09:03:26,843 - Epoch 228 Validation set [recall@5: 0.0580 recall@10: 0.0936 recall@20: 0.1439 ] [ndcg@5: 0.0589 ndcg@10: 0.0712 ndcg@20: 0.0875 ] 
2025-12-24 09:03:38,087 - Epoch 231 Validation set [recall@5: 0.0575 recall@10: 0.0939 recall@20: 0.1447 ] [ndcg@5: 0.0586 ndcg@10: 0.0712 ndcg@20: 0.0877 ] 
2025-12-24 09:03:49,115 - Epoch 234 Validation set [recall@5: 0.0580 recall@10: 0.0943 recall@20: 0.1440 ] [ndcg@5: 0.0590 ndcg@10: 0.0715 ndcg@20: 0.0877 ] 
2025-12-24 09:03:59,991 - Epoch 237 Validation set [recall@5: 0.0591 recall@10: 0.0944 recall@20: 0.1453 ] [ndcg@5: 0.0594 ndcg@10: 0.0716 ndcg@20: 0.0881 ] 
2025-12-24 09:04:11,193 - Epoch 240 Validation set [recall@5: 0.0587 recall@10: 0.0936 recall@20: 0.1447 ] [ndcg@5: 0.0592 ndcg@10: 0.0713 ndcg@20: 0.0879 ] 
2025-12-24 09:04:22,397 - Epoch 243 Validation set [recall@5: 0.0584 recall@10: 0.0933 recall@20: 0.1453 ] [ndcg@5: 0.0589 ndcg@10: 0.0712 ndcg@20: 0.0881 ] 
2025-12-24 09:04:33,439 - Epoch 246 Validation set [recall@5: 0.0588 recall@10: 0.0941 recall@20: 0.1448 ] [ndcg@5: 0.0591 ndcg@10: 0.0715 ndcg@20: 0.0879 ] 
2025-12-24 09:04:44,366 - Epoch 249 Validation set [recall@5: 0.0583 recall@10: 0.0945 recall@20: 0.1448 ] [ndcg@5: 0.0589 ndcg@10: 0.0715 ndcg@20: 0.0879 ] 
2025-12-24 09:04:54,996 - Epoch 252 Validation set [recall@5: 0.0586 recall@10: 0.0942 recall@20: 0.1446 ] [ndcg@5: 0.0591 ndcg@10: 0.0715 ndcg@20: 0.0879 ] 
2025-12-24 09:05:05,745 - Epoch 255 Validation set [recall@5: 0.0591 recall@10: 0.0944 recall@20: 0.1460 ] [ndcg@5: 0.0590 ndcg@10: 0.0713 ndcg@20: 0.0882 ] 
2025-12-24 09:05:16,524 - Epoch 258 Validation set [recall@5: 0.0589 recall@10: 0.0939 recall@20: 0.1458 ] [ndcg@5: 0.0591 ndcg@10: 0.0713 ndcg@20: 0.0883 ] 
2025-12-24 09:05:27,608 - Epoch 261 Validation set [recall@5: 0.0593 recall@10: 0.0931 recall@20: 0.1454 ] [ndcg@5: 0.0592 ndcg@10: 0.0711 ndcg@20: 0.0881 ] 
2025-12-24 09:05:38,476 - Epoch 264 Validation set [recall@5: 0.0587 recall@10: 0.0943 recall@20: 0.1450 ] [ndcg@5: 0.0589 ndcg@10: 0.0714 ndcg@20: 0.0880 ] 
2025-12-24 09:05:49,365 - Epoch 267 Validation set [recall@5: 0.0588 recall@10: 0.0939 recall@20: 0.1459 ] [ndcg@5: 0.0592 ndcg@10: 0.0716 ndcg@20: 0.0886 ] 
2025-12-24 09:06:00,568 - Epoch 270 Validation set [recall@5: 0.0590 recall@10: 0.0937 recall@20: 0.1452 ] [ndcg@5: 0.0595 ndcg@10: 0.0716 ndcg@20: 0.0885 ] 
2025-12-24 09:06:01,802 - [recall@5: 0.0591 recall@10: 0.0944 recall@20: 0.1460 ] [ndcg@5: 0.0590 ndcg@10: 0.0713 ndcg@20: 0.0882 ] 
2025-12-24 09:06:02,916 - [recall@5: 0.0581 recall@10: 0.0923 recall@20: 0.1422 ] [ndcg@5: 0.0586 ndcg@10: 0.0701 ndcg@20: 0.0867 ] 
2025-12-24 09:06:02,917 - Best Epoch 255. Final test result: {'recall': array([0.05814429, 0.09225129, 0.14221161]), 'ndcg': array([0.0585541 , 0.07013899, 0.08666775])}.
layer_num: 4