2025-12-15 12:08:34,123 - {'optimizer': {'name': 'adam', 'lr': 0.001, 'weight_decay': 0}, 'train': {'epoch': 3000, 'batch_size': 4096, 'save_model': True, 'loss': 'pairwise', 'test_step': 3, 'reproducible': True, 'seed': 2023, 'patience': 5}, 'test': {'metrics': ['recall', 'ndcg'], 'k': [5, 10, 20], 'batch_size': 1024}, 'data': {'type': 'general_cf', 'name': 'steam', 'user_num': 23310, 'item_num': 5237}, 'model': {'name': 'lightgcn', 'keep_rate': 0.8, 'embedding_size': 32, 'layer_num': 3, 'reg_weight': 1e-06, 'amazon': {'layer_num': 3, 'reg_weight': 1e-06}, 'yelp': {'layer_num': 3, 'reg_weight': 1e-06}, 'steam': {'layer_num': 2, 'reg_weight': 1e-06}}}
2025-12-15 12:08:45,870 - Epoch   0 Validation set [recall@5: 0.0352 recall@10: 0.0556 recall@20: 0.0907 ] [ndcg@5: 0.0414 ndcg@10: 0.0472 ndcg@20: 0.0587 ] 
2025-12-15 12:09:14,044 - Epoch   3 Validation set [recall@5: 0.0353 recall@10: 0.0565 recall@20: 0.0929 ] [ndcg@5: 0.0417 ndcg@10: 0.0478 ndcg@20: 0.0597 ] 
2025-12-15 12:09:42,048 - Epoch   6 Validation set [recall@5: 0.0358 recall@10: 0.0594 recall@20: 0.0985 ] [ndcg@5: 0.0422 ndcg@10: 0.0495 ndcg@20: 0.0624 ] 
2025-12-15 12:10:10,722 - Epoch   9 Validation set [recall@5: 0.0374 recall@10: 0.0629 recall@20: 0.1034 ] [ndcg@5: 0.0442 ndcg@10: 0.0521 ndcg@20: 0.0655 ] 
2025-12-15 12:10:39,101 - Epoch  12 Validation set [recall@5: 0.0393 recall@10: 0.0653 recall@20: 0.1067 ] [ndcg@5: 0.0463 ndcg@10: 0.0543 ndcg@20: 0.0681 ] 
2025-12-15 12:11:08,006 - Epoch  15 Validation set [recall@5: 0.0403 recall@10: 0.0669 recall@20: 0.1097 ] [ndcg@5: 0.0475 ndcg@10: 0.0559 ndcg@20: 0.0700 ] 
2025-12-15 12:11:36,329 - Epoch  18 Validation set [recall@5: 0.0416 recall@10: 0.0694 recall@20: 0.1134 ] [ndcg@5: 0.0487 ndcg@10: 0.0575 ndcg@20: 0.0720 ] 
2025-12-15 12:12:04,816 - Epoch  21 Validation set [recall@5: 0.0432 recall@10: 0.0723 recall@20: 0.1170 ] [ndcg@5: 0.0501 ndcg@10: 0.0595 ndcg@20: 0.0742 ] 
2025-12-15 12:12:33,255 - Epoch  24 Validation set [recall@5: 0.0446 recall@10: 0.0756 recall@20: 0.1202 ] [ndcg@5: 0.0517 ndcg@10: 0.0615 ndcg@20: 0.0763 ] 
2025-12-15 12:13:01,427 - Epoch  27 Validation set [recall@5: 0.0458 recall@10: 0.0774 recall@20: 0.1226 ] [ndcg@5: 0.0529 ndcg@10: 0.0629 ndcg@20: 0.0780 ] 
2025-12-15 12:13:28,944 - Epoch  30 Validation set [recall@5: 0.0473 recall@10: 0.0791 recall@20: 0.1249 ] [ndcg@5: 0.0540 ndcg@10: 0.0641 ndcg@20: 0.0795 ] 
2025-12-15 12:13:57,153 - Epoch  33 Validation set [recall@5: 0.0487 recall@10: 0.0804 recall@20: 0.1275 ] [ndcg@5: 0.0555 ndcg@10: 0.0655 ndcg@20: 0.0812 ] 
2025-12-15 12:14:25,531 - Epoch  36 Validation set [recall@5: 0.0495 recall@10: 0.0816 recall@20: 0.1297 ] [ndcg@5: 0.0563 ndcg@10: 0.0665 ndcg@20: 0.0825 ] 
2025-12-15 12:14:53,797 - Epoch  39 Validation set [recall@5: 0.0500 recall@10: 0.0825 recall@20: 0.1316 ] [ndcg@5: 0.0568 ndcg@10: 0.0672 ndcg@20: 0.0836 ] 
2025-12-15 12:15:22,052 - Epoch  42 Validation set [recall@5: 0.0509 recall@10: 0.0839 recall@20: 0.1332 ] [ndcg@5: 0.0576 ndcg@10: 0.0681 ndcg@20: 0.0846 ] 
2025-12-15 12:15:50,282 - Epoch  45 Validation set [recall@5: 0.0515 recall@10: 0.0850 recall@20: 0.1339 ] [ndcg@5: 0.0579 ndcg@10: 0.0686 ndcg@20: 0.0850 ] 
2025-12-15 12:16:18,602 - Epoch  48 Validation set [recall@5: 0.0519 recall@10: 0.0857 recall@20: 0.1353 ] [ndcg@5: 0.0586 ndcg@10: 0.0693 ndcg@20: 0.0859 ] 
2025-12-15 12:16:46,512 - Epoch  51 Validation set [recall@5: 0.0521 recall@10: 0.0860 recall@20: 0.1362 ] [ndcg@5: 0.0587 ndcg@10: 0.0695 ndcg@20: 0.0863 ] 
2025-12-15 12:17:15,364 - Epoch  54 Validation set [recall@5: 0.0522 recall@10: 0.0864 recall@20: 0.1361 ] [ndcg@5: 0.0593 ndcg@10: 0.0702 ndcg@20: 0.0869 ] 
2025-12-15 12:17:43,859 - Epoch  57 Validation set [recall@5: 0.0524 recall@10: 0.0866 recall@20: 0.1367 ] [ndcg@5: 0.0594 ndcg@10: 0.0702 ndcg@20: 0.0870 ] 
2025-12-15 12:18:12,744 - Epoch  60 Validation set [recall@5: 0.0523 recall@10: 0.0863 recall@20: 0.1369 ] [ndcg@5: 0.0594 ndcg@10: 0.0701 ndcg@20: 0.0871 ] 
2025-12-15 12:18:40,918 - Epoch  63 Validation set [recall@5: 0.0524 recall@10: 0.0870 recall@20: 0.1369 ] [ndcg@5: 0.0595 ndcg@10: 0.0705 ndcg@20: 0.0873 ] 
2025-12-15 12:19:09,638 - Epoch  66 Validation set [recall@5: 0.0526 recall@10: 0.0873 recall@20: 0.1375 ] [ndcg@5: 0.0598 ndcg@10: 0.0709 ndcg@20: 0.0877 ] 
2025-12-15 12:19:38,100 - Epoch  69 Validation set [recall@5: 0.0522 recall@10: 0.0873 recall@20: 0.1375 ] [ndcg@5: 0.0595 ndcg@10: 0.0707 ndcg@20: 0.0876 ] 
2025-12-15 12:20:06,849 - Epoch  72 Validation set [recall@5: 0.0525 recall@10: 0.0872 recall@20: 0.1373 ] [ndcg@5: 0.0597 ndcg@10: 0.0708 ndcg@20: 0.0876 ] 
2025-12-15 12:20:35,562 - Epoch  75 Validation set [recall@5: 0.0524 recall@10: 0.0872 recall@20: 0.1371 ] [ndcg@5: 0.0594 ndcg@10: 0.0707 ndcg@20: 0.0876 ] 
2025-12-15 12:21:03,705 - Epoch  78 Validation set [recall@5: 0.0526 recall@10: 0.0877 recall@20: 0.1376 ] [ndcg@5: 0.0595 ndcg@10: 0.0708 ndcg@20: 0.0876 ] 
2025-12-15 12:21:31,929 - Epoch  81 Validation set [recall@5: 0.0530 recall@10: 0.0875 recall@20: 0.1373 ] [ndcg@5: 0.0597 ndcg@10: 0.0707 ndcg@20: 0.0875 ] 
2025-12-15 12:22:00,513 - Epoch  84 Validation set [recall@5: 0.0531 recall@10: 0.0873 recall@20: 0.1370 ] [ndcg@5: 0.0596 ndcg@10: 0.0704 ndcg@20: 0.0872 ] 
2025-12-15 12:22:29,305 - Epoch  87 Validation set [recall@5: 0.0531 recall@10: 0.0879 recall@20: 0.1370 ] [ndcg@5: 0.0595 ndcg@10: 0.0707 ndcg@20: 0.0873 ] 
2025-12-15 12:22:57,879 - Epoch  90 Validation set [recall@5: 0.0529 recall@10: 0.0873 recall@20: 0.1366 ] [ndcg@5: 0.0593 ndcg@10: 0.0705 ndcg@20: 0.0872 ] 
2025-12-15 12:23:26,358 - Epoch  93 Validation set [recall@5: 0.0534 recall@10: 0.0870 recall@20: 0.1363 ] [ndcg@5: 0.0597 ndcg@10: 0.0704 ndcg@20: 0.0871 ] 
2025-12-15 12:23:28,845 - [recall@5: 0.0526 recall@10: 0.0877 recall@20: 0.1376 ] [ndcg@5: 0.0595 ndcg@10: 0.0708 ndcg@20: 0.0876 ] 
2025-12-15 12:23:31,312 - [recall@5: 0.0519 recall@10: 0.0863 recall@20: 0.1351 ] [ndcg@5: 0.0571 ndcg@10: 0.0688 ndcg@20: 0.0852 ] 
2025-12-15 12:23:31,317 - Save model parameters to ./encoder/checkpoint/lightgcn/lightgcn-steam-2023.pth
2025-12-15 12:23:31,318 - Best Epoch 78. Final test result: {'recall': array([0.05190571, 0.08625579, 0.13508474]), 'ndcg': array([0.05712755, 0.06875977, 0.0852351 ])}.
