2025-12-15 12:26:32,868 - {'optimizer': {'name': 'adam', 'lr': 0.001, 'weight_decay': 0}, 'train': {'epoch': 3000, 'batch_size': 4096, 'save_model': True, 'loss': 'pairwise', 'test_step': 3, 'reproducible': True, 'seed': 2023, 'patience': 5}, 'test': {'metrics': ['recall', 'ndcg'], 'k': [5, 10, 20], 'batch_size': 1024}, 'data': {'type': 'general_cf', 'name': 'yelp', 'user_num': 11091, 'item_num': 11010}, 'model': {'name': 'lightgcn', 'keep_rate': 0.8, 'embedding_size': 32, 'layer_num': 3, 'reg_weight': 1e-06, 'amazon': {'layer_num': 3, 'reg_weight': 1e-06}, 'yelp': {'layer_num': 3, 'reg_weight': 1e-06}, 'steam': {'layer_num': 2, 'reg_weight': 1e-06}}}
2025-12-15 12:26:39,381 - Epoch   0 Validation set [recall@5: 0.0308 recall@10: 0.0500 recall@20: 0.0815 ] [ndcg@5: 0.0376 ndcg@10: 0.0429 ndcg@20: 0.0534 ] 
2025-12-15 12:26:53,750 - Epoch   3 Validation set [recall@5: 0.0310 recall@10: 0.0515 recall@20: 0.0847 ] [ndcg@5: 0.0377 ndcg@10: 0.0437 ndcg@20: 0.0549 ] 
2025-12-15 12:27:08,000 - Epoch   6 Validation set [recall@5: 0.0316 recall@10: 0.0521 recall@20: 0.0867 ] [ndcg@5: 0.0383 ndcg@10: 0.0444 ndcg@20: 0.0559 ] 
2025-12-15 12:27:21,786 - Epoch   9 Validation set [recall@5: 0.0319 recall@10: 0.0535 recall@20: 0.0872 ] [ndcg@5: 0.0385 ndcg@10: 0.0449 ndcg@20: 0.0562 ] 
2025-12-15 12:27:35,839 - Epoch  12 Validation set [recall@5: 0.0322 recall@10: 0.0533 recall@20: 0.0875 ] [ndcg@5: 0.0386 ndcg@10: 0.0449 ndcg@20: 0.0564 ] 
2025-12-15 12:27:50,231 - Epoch  15 Validation set [recall@5: 0.0328 recall@10: 0.0537 recall@20: 0.0894 ] [ndcg@5: 0.0389 ndcg@10: 0.0452 ndcg@20: 0.0572 ] 
2025-12-15 12:28:04,478 - Epoch  18 Validation set [recall@5: 0.0321 recall@10: 0.0538 recall@20: 0.0898 ] [ndcg@5: 0.0385 ndcg@10: 0.0450 ndcg@20: 0.0572 ] 
2025-12-15 12:28:18,801 - Epoch  21 Validation set [recall@5: 0.0330 recall@10: 0.0551 recall@20: 0.0898 ] [ndcg@5: 0.0393 ndcg@10: 0.0459 ndcg@20: 0.0577 ] 
2025-12-15 12:28:33,020 - Epoch  24 Validation set [recall@5: 0.0330 recall@10: 0.0554 recall@20: 0.0910 ] [ndcg@5: 0.0392 ndcg@10: 0.0460 ndcg@20: 0.0580 ] 
2025-12-15 12:28:46,924 - Epoch  27 Validation set [recall@5: 0.0337 recall@10: 0.0559 recall@20: 0.0926 ] [ndcg@5: 0.0398 ndcg@10: 0.0465 ndcg@20: 0.0589 ] 
2025-12-15 12:29:00,766 - Epoch  30 Validation set [recall@5: 0.0337 recall@10: 0.0572 recall@20: 0.0937 ] [ndcg@5: 0.0399 ndcg@10: 0.0471 ndcg@20: 0.0595 ] 
2025-12-15 12:29:14,953 - Epoch  33 Validation set [recall@5: 0.0341 recall@10: 0.0577 recall@20: 0.0959 ] [ndcg@5: 0.0404 ndcg@10: 0.0477 ndcg@20: 0.0606 ] 
2025-12-15 12:29:29,319 - Epoch  36 Validation set [recall@5: 0.0342 recall@10: 0.0582 recall@20: 0.0965 ] [ndcg@5: 0.0406 ndcg@10: 0.0480 ndcg@20: 0.0609 ] 
2025-12-15 12:29:43,402 - Epoch  39 Validation set [recall@5: 0.0346 recall@10: 0.0591 recall@20: 0.0967 ] [ndcg@5: 0.0409 ndcg@10: 0.0484 ndcg@20: 0.0611 ] 
2025-12-15 12:29:57,346 - Epoch  42 Validation set [recall@5: 0.0346 recall@10: 0.0592 recall@20: 0.0976 ] [ndcg@5: 0.0410 ndcg@10: 0.0487 ndcg@20: 0.0616 ] 
2025-12-15 12:30:11,563 - Epoch  45 Validation set [recall@5: 0.0348 recall@10: 0.0586 recall@20: 0.0975 ] [ndcg@5: 0.0413 ndcg@10: 0.0487 ndcg@20: 0.0617 ] 
2025-12-15 12:30:25,979 - Epoch  48 Validation set [recall@5: 0.0348 recall@10: 0.0595 recall@20: 0.0981 ] [ndcg@5: 0.0408 ndcg@10: 0.0487 ndcg@20: 0.0617 ] 
2025-12-15 12:30:39,784 - Epoch  51 Validation set [recall@5: 0.0352 recall@10: 0.0601 recall@20: 0.0984 ] [ndcg@5: 0.0417 ndcg@10: 0.0496 ndcg@20: 0.0624 ] 
2025-12-15 12:30:54,350 - Epoch  54 Validation set [recall@5: 0.0349 recall@10: 0.0605 recall@20: 0.0996 ] [ndcg@5: 0.0415 ndcg@10: 0.0498 ndcg@20: 0.0628 ] 
2025-12-15 12:31:08,635 - Epoch  57 Validation set [recall@5: 0.0355 recall@10: 0.0601 recall@20: 0.0996 ] [ndcg@5: 0.0420 ndcg@10: 0.0498 ndcg@20: 0.0631 ] 
2025-12-15 12:31:22,624 - Epoch  60 Validation set [recall@5: 0.0355 recall@10: 0.0605 recall@20: 0.1004 ] [ndcg@5: 0.0417 ndcg@10: 0.0497 ndcg@20: 0.0633 ] 
2025-12-15 12:31:36,639 - Epoch  63 Validation set [recall@5: 0.0361 recall@10: 0.0606 recall@20: 0.1011 ] [ndcg@5: 0.0427 ndcg@10: 0.0504 ndcg@20: 0.0641 ] 
2025-12-15 12:31:50,350 - Epoch  66 Validation set [recall@5: 0.0363 recall@10: 0.0612 recall@20: 0.1021 ] [ndcg@5: 0.0428 ndcg@10: 0.0506 ndcg@20: 0.0645 ] 
2025-12-15 12:32:04,507 - Epoch  69 Validation set [recall@5: 0.0362 recall@10: 0.0615 recall@20: 0.1013 ] [ndcg@5: 0.0426 ndcg@10: 0.0507 ndcg@20: 0.0642 ] 
2025-12-15 12:32:19,148 - Epoch  72 Validation set [recall@5: 0.0361 recall@10: 0.0618 recall@20: 0.1022 ] [ndcg@5: 0.0429 ndcg@10: 0.0510 ndcg@20: 0.0648 ] 
2025-12-15 12:32:33,270 - Epoch  75 Validation set [recall@5: 0.0363 recall@10: 0.0622 recall@20: 0.1035 ] [ndcg@5: 0.0429 ndcg@10: 0.0512 ndcg@20: 0.0652 ] 
2025-12-15 12:32:47,362 - Epoch  78 Validation set [recall@5: 0.0365 recall@10: 0.0620 recall@20: 0.1032 ] [ndcg@5: 0.0433 ndcg@10: 0.0513 ndcg@20: 0.0654 ] 
2025-12-15 12:33:01,385 - Epoch  81 Validation set [recall@5: 0.0372 recall@10: 0.0628 recall@20: 0.1038 ] [ndcg@5: 0.0439 ndcg@10: 0.0519 ndcg@20: 0.0658 ] 
2025-12-15 12:33:15,286 - Epoch  84 Validation set [recall@5: 0.0369 recall@10: 0.0635 recall@20: 0.1043 ] [ndcg@5: 0.0443 ndcg@10: 0.0526 ndcg@20: 0.0664 ] 
2025-12-15 12:33:28,772 - Epoch  87 Validation set [recall@5: 0.0372 recall@10: 0.0632 recall@20: 0.1051 ] [ndcg@5: 0.0442 ndcg@10: 0.0524 ndcg@20: 0.0667 ] 
2025-12-15 12:33:42,639 - Epoch  90 Validation set [recall@5: 0.0372 recall@10: 0.0636 recall@20: 0.1058 ] [ndcg@5: 0.0443 ndcg@10: 0.0527 ndcg@20: 0.0670 ] 
2025-12-15 12:33:57,057 - Epoch  93 Validation set [recall@5: 0.0371 recall@10: 0.0640 recall@20: 0.1064 ] [ndcg@5: 0.0443 ndcg@10: 0.0530 ndcg@20: 0.0673 ] 
2025-12-15 12:34:11,304 - Epoch  96 Validation set [recall@5: 0.0380 recall@10: 0.0645 recall@20: 0.1071 ] [ndcg@5: 0.0449 ndcg@10: 0.0534 ndcg@20: 0.0678 ] 
2025-12-15 12:34:25,227 - Epoch  99 Validation set [recall@5: 0.0379 recall@10: 0.0644 recall@20: 0.1072 ] [ndcg@5: 0.0449 ndcg@10: 0.0533 ndcg@20: 0.0678 ] 
2025-12-15 12:34:40,033 - Epoch 102 Validation set [recall@5: 0.0380 recall@10: 0.0646 recall@20: 0.1077 ] [ndcg@5: 0.0455 ndcg@10: 0.0539 ndcg@20: 0.0685 ] 
2025-12-15 12:34:54,454 - Epoch 105 Validation set [recall@5: 0.0382 recall@10: 0.0652 recall@20: 0.1083 ] [ndcg@5: 0.0456 ndcg@10: 0.0542 ndcg@20: 0.0687 ] 
2025-12-15 12:35:09,011 - Epoch 108 Validation set [recall@5: 0.0388 recall@10: 0.0657 recall@20: 0.1093 ] [ndcg@5: 0.0460 ndcg@10: 0.0545 ndcg@20: 0.0692 ] 
2025-12-15 12:35:23,727 - Epoch 111 Validation set [recall@5: 0.0386 recall@10: 0.0659 recall@20: 0.1092 ] [ndcg@5: 0.0460 ndcg@10: 0.0547 ndcg@20: 0.0693 ] 
2025-12-15 12:35:37,735 - Epoch 114 Validation set [recall@5: 0.0394 recall@10: 0.0668 recall@20: 0.1104 ] [ndcg@5: 0.0466 ndcg@10: 0.0552 ndcg@20: 0.0700 ] 
2025-12-15 12:35:51,804 - Epoch 117 Validation set [recall@5: 0.0398 recall@10: 0.0671 recall@20: 0.1095 ] [ndcg@5: 0.0465 ndcg@10: 0.0551 ndcg@20: 0.0696 ] 
2025-12-15 12:36:06,343 - Epoch 120 Validation set [recall@5: 0.0394 recall@10: 0.0675 recall@20: 0.1105 ] [ndcg@5: 0.0466 ndcg@10: 0.0555 ndcg@20: 0.0701 ] 
2025-12-15 12:36:20,326 - Epoch 123 Validation set [recall@5: 0.0389 recall@10: 0.0682 recall@20: 0.1103 ] [ndcg@5: 0.0466 ndcg@10: 0.0559 ndcg@20: 0.0702 ] 
2025-12-15 12:36:34,273 - Epoch 126 Validation set [recall@5: 0.0389 recall@10: 0.0683 recall@20: 0.1110 ] [ndcg@5: 0.0467 ndcg@10: 0.0561 ndcg@20: 0.0707 ] 
2025-12-15 12:36:48,578 - Epoch 129 Validation set [recall@5: 0.0391 recall@10: 0.0677 recall@20: 0.1110 ] [ndcg@5: 0.0466 ndcg@10: 0.0558 ndcg@20: 0.0707 ] 
2025-12-15 12:37:02,862 - Epoch 132 Validation set [recall@5: 0.0393 recall@10: 0.0685 recall@20: 0.1121 ] [ndcg@5: 0.0467 ndcg@10: 0.0560 ndcg@20: 0.0709 ] 
2025-12-15 12:37:17,111 - Epoch 135 Validation set [recall@5: 0.0402 recall@10: 0.0679 recall@20: 0.1125 ] [ndcg@5: 0.0478 ndcg@10: 0.0565 ndcg@20: 0.0718 ] 
2025-12-15 12:37:31,669 - Epoch 138 Validation set [recall@5: 0.0409 recall@10: 0.0675 recall@20: 0.1119 ] [ndcg@5: 0.0484 ndcg@10: 0.0565 ndcg@20: 0.0718 ] 
2025-12-15 12:37:45,462 - Epoch 141 Validation set [recall@5: 0.0410 recall@10: 0.0678 recall@20: 0.1118 ] [ndcg@5: 0.0484 ndcg@10: 0.0566 ndcg@20: 0.0717 ] 
2025-12-15 12:37:59,154 - Epoch 144 Validation set [recall@5: 0.0413 recall@10: 0.0687 recall@20: 0.1135 ] [ndcg@5: 0.0487 ndcg@10: 0.0570 ndcg@20: 0.0724 ] 
2025-12-15 12:38:13,183 - Epoch 147 Validation set [recall@5: 0.0413 recall@10: 0.0691 recall@20: 0.1140 ] [ndcg@5: 0.0487 ndcg@10: 0.0570 ndcg@20: 0.0723 ] 
2025-12-15 12:38:27,591 - Epoch 150 Validation set [recall@5: 0.0408 recall@10: 0.0693 recall@20: 0.1132 ] [ndcg@5: 0.0484 ndcg@10: 0.0572 ndcg@20: 0.0723 ] 
2025-12-15 12:38:41,767 - Epoch 153 Validation set [recall@5: 0.0408 recall@10: 0.0698 recall@20: 0.1138 ] [ndcg@5: 0.0485 ndcg@10: 0.0574 ndcg@20: 0.0726 ] 
2025-12-15 12:38:55,759 - Epoch 156 Validation set [recall@5: 0.0408 recall@10: 0.0690 recall@20: 0.1135 ] [ndcg@5: 0.0483 ndcg@10: 0.0571 ndcg@20: 0.0723 ] 
2025-12-15 12:39:09,751 - Epoch 159 Validation set [recall@5: 0.0405 recall@10: 0.0700 recall@20: 0.1141 ] [ndcg@5: 0.0480 ndcg@10: 0.0574 ndcg@20: 0.0725 ] 
2025-12-15 12:39:23,933 - Epoch 162 Validation set [recall@5: 0.0407 recall@10: 0.0686 recall@20: 0.1134 ] [ndcg@5: 0.0483 ndcg@10: 0.0570 ndcg@20: 0.0723 ] 
2025-12-15 12:39:37,886 - Epoch 165 Validation set [recall@5: 0.0407 recall@10: 0.0695 recall@20: 0.1136 ] [ndcg@5: 0.0482 ndcg@10: 0.0573 ndcg@20: 0.0724 ] 
2025-12-15 12:39:52,205 - Epoch 168 Validation set [recall@5: 0.0408 recall@10: 0.0701 recall@20: 0.1136 ] [ndcg@5: 0.0483 ndcg@10: 0.0577 ndcg@20: 0.0724 ] 
2025-12-15 12:40:06,402 - Epoch 171 Validation set [recall@5: 0.0411 recall@10: 0.0701 recall@20: 0.1138 ] [ndcg@5: 0.0487 ndcg@10: 0.0580 ndcg@20: 0.0727 ] 
2025-12-15 12:40:20,898 - Epoch 174 Validation set [recall@5: 0.0408 recall@10: 0.0707 recall@20: 0.1150 ] [ndcg@5: 0.0488 ndcg@10: 0.0582 ndcg@20: 0.0733 ] 
2025-12-15 12:40:35,320 - Epoch 177 Validation set [recall@5: 0.0403 recall@10: 0.0697 recall@20: 0.1147 ] [ndcg@5: 0.0488 ndcg@10: 0.0582 ndcg@20: 0.0736 ] 
2025-12-15 12:40:49,530 - Epoch 180 Validation set [recall@5: 0.0410 recall@10: 0.0702 recall@20: 0.1154 ] [ndcg@5: 0.0488 ndcg@10: 0.0582 ndcg@20: 0.0736 ] 
2025-12-15 12:41:03,289 - Epoch 183 Validation set [recall@5: 0.0413 recall@10: 0.0700 recall@20: 0.1154 ] [ndcg@5: 0.0498 ndcg@10: 0.0587 ndcg@20: 0.0741 ] 
2025-12-15 12:41:17,863 - Epoch 186 Validation set [recall@5: 0.0413 recall@10: 0.0697 recall@20: 0.1150 ] [ndcg@5: 0.0498 ndcg@10: 0.0588 ndcg@20: 0.0741 ] 
2025-12-15 12:41:31,795 - Epoch 189 Validation set [recall@5: 0.0411 recall@10: 0.0702 recall@20: 0.1159 ] [ndcg@5: 0.0498 ndcg@10: 0.0587 ndcg@20: 0.0742 ] 
2025-12-15 12:41:45,907 - Epoch 192 Validation set [recall@5: 0.0413 recall@10: 0.0707 recall@20: 0.1165 ] [ndcg@5: 0.0497 ndcg@10: 0.0587 ndcg@20: 0.0743 ] 
2025-12-15 12:41:59,589 - Epoch 195 Validation set [recall@5: 0.0418 recall@10: 0.0698 recall@20: 0.1160 ] [ndcg@5: 0.0501 ndcg@10: 0.0586 ndcg@20: 0.0742 ] 
2025-12-15 12:42:13,563 - Epoch 198 Validation set [recall@5: 0.0414 recall@10: 0.0703 recall@20: 0.1171 ] [ndcg@5: 0.0497 ndcg@10: 0.0587 ndcg@20: 0.0746 ] 
2025-12-15 12:42:28,051 - Epoch 201 Validation set [recall@5: 0.0421 recall@10: 0.0705 recall@20: 0.1169 ] [ndcg@5: 0.0500 ndcg@10: 0.0587 ndcg@20: 0.0745 ] 
2025-12-15 12:42:42,051 - Epoch 204 Validation set [recall@5: 0.0423 recall@10: 0.0712 recall@20: 0.1166 ] [ndcg@5: 0.0502 ndcg@10: 0.0591 ndcg@20: 0.0745 ] 
2025-12-15 12:42:56,103 - Epoch 207 Validation set [recall@5: 0.0428 recall@10: 0.0707 recall@20: 0.1181 ] [ndcg@5: 0.0505 ndcg@10: 0.0589 ndcg@20: 0.0751 ] 
2025-12-15 12:43:10,155 - Epoch 210 Validation set [recall@5: 0.0425 recall@10: 0.0713 recall@20: 0.1179 ] [ndcg@5: 0.0505 ndcg@10: 0.0593 ndcg@20: 0.0751 ] 
2025-12-15 12:43:24,170 - Epoch 213 Validation set [recall@5: 0.0422 recall@10: 0.0722 recall@20: 0.1175 ] [ndcg@5: 0.0507 ndcg@10: 0.0599 ndcg@20: 0.0753 ] 
2025-12-15 12:43:38,225 - Epoch 216 Validation set [recall@5: 0.0427 recall@10: 0.0716 recall@20: 0.1173 ] [ndcg@5: 0.0510 ndcg@10: 0.0598 ndcg@20: 0.0753 ] 
2025-12-15 12:43:52,027 - Epoch 219 Validation set [recall@5: 0.0424 recall@10: 0.0714 recall@20: 0.1172 ] [ndcg@5: 0.0508 ndcg@10: 0.0597 ndcg@20: 0.0752 ] 
2025-12-15 12:44:06,008 - Epoch 222 Validation set [recall@5: 0.0425 recall@10: 0.0715 recall@20: 0.1176 ] [ndcg@5: 0.0508 ndcg@10: 0.0598 ndcg@20: 0.0754 ] 
2025-12-15 12:44:07,375 - [recall@5: 0.0428 recall@10: 0.0707 recall@20: 0.1181 ] [ndcg@5: 0.0505 ndcg@10: 0.0589 ndcg@20: 0.0751 ] 
2025-12-15 12:44:08,663 - [recall@5: 0.0416 recall@10: 0.0706 recall@20: 0.1150 ] [ndcg@5: 0.0485 ndcg@10: 0.0577 ndcg@20: 0.0728 ] 
2025-12-15 12:44:08,668 - Save model parameters to ./encoder/checkpoint/lightgcn/lightgcn-yelp-2023.pth
2025-12-15 12:44:08,669 - Best Epoch 207. Final test result: {'recall': array([0.04155854, 0.07060713, 0.11496361]), 'ndcg': array([0.04854923, 0.05771526, 0.07277739])}.
layer_num: 3