2025-12-24 09:33:37,915 - {'optimizer': {'name': 'adam', 'lr': 0.001, 'weight_decay': 0}, 'train': {'epoch': 3000, 'batch_size': 4096, 'save_model': False, 'loss': 'pairwise', 'test_step': 3, 'reproducible': True, 'seed': 2023, 'patience': 5}, 'test': {'metrics': ['recall', 'ndcg'], 'k': [5, 10, 20], 'batch_size': 1024}, 'data': {'type': 'general_cf', 'name': 'yelp', 'user_num': 11091, 'item_num': 11010}, 'model': {'name': 'lightgcn', 'keep_rate': 0.8, 'embedding_size': 32, 'layer_num': 3, 'reg_weight': 1e-06, 'amazon': {'layer_num': 3, 'reg_weight': 1e-06}, 'yelp': {'layer_num': 4, 'reg_weight': 1e-06}, 'steam': {'layer_num': 2, 'reg_weight': 1e-06}}}
2025-12-24 09:33:52,195 - Epoch   0 Validation set [recall@5: 0.0308 recall@10: 0.0500 recall@20: 0.0812 ] [ndcg@5: 0.0378 ndcg@10: 0.0430 ndcg@20: 0.0534 ] 
2025-12-24 09:34:28,270 - Epoch   3 Validation set [recall@5: 0.0308 recall@10: 0.0511 recall@20: 0.0840 ] [ndcg@5: 0.0375 ndcg@10: 0.0435 ndcg@20: 0.0545 ] 
2025-12-24 09:35:03,687 - Epoch   6 Validation set [recall@5: 0.0315 recall@10: 0.0525 recall@20: 0.0865 ] [ndcg@5: 0.0382 ndcg@10: 0.0445 ndcg@20: 0.0558 ] 
2025-12-24 09:35:38,559 - Epoch   9 Validation set [recall@5: 0.0316 recall@10: 0.0534 recall@20: 0.0878 ] [ndcg@5: 0.0383 ndcg@10: 0.0448 ndcg@20: 0.0564 ] 
2025-12-24 09:36:14,068 - Epoch  12 Validation set [recall@5: 0.0326 recall@10: 0.0531 recall@20: 0.0881 ] [ndcg@5: 0.0387 ndcg@10: 0.0447 ndcg@20: 0.0566 ] 
2025-12-24 09:36:48,158 - Epoch  15 Validation set [recall@5: 0.0327 recall@10: 0.0538 recall@20: 0.0891 ] [ndcg@5: 0.0389 ndcg@10: 0.0452 ndcg@20: 0.0571 ] 
2025-12-24 09:37:22,577 - Epoch  18 Validation set [recall@5: 0.0326 recall@10: 0.0536 recall@20: 0.0897 ] [ndcg@5: 0.0387 ndcg@10: 0.0449 ndcg@20: 0.0571 ] 
2025-12-24 09:37:56,462 - Epoch  21 Validation set [recall@5: 0.0329 recall@10: 0.0550 recall@20: 0.0903 ] [ndcg@5: 0.0392 ndcg@10: 0.0459 ndcg@20: 0.0578 ] 
2025-12-24 09:38:31,240 - Epoch  24 Validation set [recall@5: 0.0335 recall@10: 0.0555 recall@20: 0.0910 ] [ndcg@5: 0.0394 ndcg@10: 0.0460 ndcg@20: 0.0580 ] 
2025-12-24 09:39:05,668 - Epoch  27 Validation set [recall@5: 0.0332 recall@10: 0.0560 recall@20: 0.0930 ] [ndcg@5: 0.0393 ndcg@10: 0.0464 ndcg@20: 0.0589 ] 
2025-12-24 09:39:40,306 - Epoch  30 Validation set [recall@5: 0.0338 recall@10: 0.0568 recall@20: 0.0943 ] [ndcg@5: 0.0400 ndcg@10: 0.0470 ndcg@20: 0.0597 ] 
2025-12-24 09:40:15,411 - Epoch  33 Validation set [recall@5: 0.0339 recall@10: 0.0575 recall@20: 0.0953 ] [ndcg@5: 0.0403 ndcg@10: 0.0475 ndcg@20: 0.0603 ] 
2025-12-24 09:40:50,705 - Epoch  36 Validation set [recall@5: 0.0343 recall@10: 0.0582 recall@20: 0.0965 ] [ndcg@5: 0.0407 ndcg@10: 0.0481 ndcg@20: 0.0609 ] 
2025-12-24 09:41:25,655 - Epoch  39 Validation set [recall@5: 0.0344 recall@10: 0.0585 recall@20: 0.0967 ] [ndcg@5: 0.0409 ndcg@10: 0.0482 ndcg@20: 0.0611 ] 
2025-12-24 09:42:00,742 - Epoch  42 Validation set [recall@5: 0.0344 recall@10: 0.0588 recall@20: 0.0975 ] [ndcg@5: 0.0411 ndcg@10: 0.0487 ndcg@20: 0.0616 ] 
2025-12-24 09:42:36,692 - Epoch  45 Validation set [recall@5: 0.0346 recall@10: 0.0590 recall@20: 0.0984 ] [ndcg@5: 0.0412 ndcg@10: 0.0488 ndcg@20: 0.0621 ] 
2025-12-24 09:43:12,317 - Epoch  48 Validation set [recall@5: 0.0349 recall@10: 0.0593 recall@20: 0.0987 ] [ndcg@5: 0.0413 ndcg@10: 0.0489 ndcg@20: 0.0622 ] 
2025-12-24 09:43:48,896 - Epoch  51 Validation set [recall@5: 0.0355 recall@10: 0.0593 recall@20: 0.0985 ] [ndcg@5: 0.0418 ndcg@10: 0.0491 ndcg@20: 0.0623 ] 
2025-12-24 09:44:24,241 - Epoch  54 Validation set [recall@5: 0.0347 recall@10: 0.0603 recall@20: 0.0991 ] [ndcg@5: 0.0416 ndcg@10: 0.0497 ndcg@20: 0.0627 ] 
2025-12-24 09:44:59,477 - Epoch  57 Validation set [recall@5: 0.0352 recall@10: 0.0603 recall@20: 0.0994 ] [ndcg@5: 0.0419 ndcg@10: 0.0498 ndcg@20: 0.0630 ] 
2025-12-24 09:45:34,058 - Epoch  60 Validation set [recall@5: 0.0351 recall@10: 0.0605 recall@20: 0.1007 ] [ndcg@5: 0.0419 ndcg@10: 0.0499 ndcg@20: 0.0635 ] 
2025-12-24 09:46:08,384 - Epoch  63 Validation set [recall@5: 0.0354 recall@10: 0.0608 recall@20: 0.1008 ] [ndcg@5: 0.0422 ndcg@10: 0.0503 ndcg@20: 0.0638 ] 
2025-12-24 09:46:43,171 - Epoch  66 Validation set [recall@5: 0.0359 recall@10: 0.0610 recall@20: 0.1017 ] [ndcg@5: 0.0427 ndcg@10: 0.0505 ndcg@20: 0.0642 ] 
2025-12-24 09:47:17,129 - Epoch  69 Validation set [recall@5: 0.0363 recall@10: 0.0609 recall@20: 0.1012 ] [ndcg@5: 0.0429 ndcg@10: 0.0505 ndcg@20: 0.0641 ] 
2025-12-24 09:47:51,040 - Epoch  72 Validation set [recall@5: 0.0356 recall@10: 0.0612 recall@20: 0.1016 ] [ndcg@5: 0.0426 ndcg@10: 0.0506 ndcg@20: 0.0644 ] 
2025-12-24 09:48:26,301 - Epoch  75 Validation set [recall@5: 0.0368 recall@10: 0.0619 recall@20: 0.1017 ] [ndcg@5: 0.0430 ndcg@10: 0.0508 ndcg@20: 0.0645 ] 
2025-12-24 09:49:00,751 - Epoch  78 Validation set [recall@5: 0.0366 recall@10: 0.0620 recall@20: 0.1025 ] [ndcg@5: 0.0433 ndcg@10: 0.0512 ndcg@20: 0.0650 ] 
2025-12-24 09:49:36,038 - Epoch  81 Validation set [recall@5: 0.0367 recall@10: 0.0621 recall@20: 0.1028 ] [ndcg@5: 0.0435 ndcg@10: 0.0515 ndcg@20: 0.0653 ] 
2025-12-24 09:50:11,893 - Epoch  84 Validation set [recall@5: 0.0366 recall@10: 0.0622 recall@20: 0.1033 ] [ndcg@5: 0.0441 ndcg@10: 0.0521 ndcg@20: 0.0659 ] 
2025-12-24 09:50:47,614 - Epoch  87 Validation set [recall@5: 0.0369 recall@10: 0.0622 recall@20: 0.1041 ] [ndcg@5: 0.0437 ndcg@10: 0.0518 ndcg@20: 0.0660 ] 
2025-12-24 09:51:21,320 - Epoch  90 Validation set [recall@5: 0.0368 recall@10: 0.0627 recall@20: 0.1038 ] [ndcg@5: 0.0439 ndcg@10: 0.0521 ndcg@20: 0.0662 ] 
2025-12-24 09:51:57,277 - Epoch  93 Validation set [recall@5: 0.0375 recall@10: 0.0631 recall@20: 0.1045 ] [ndcg@5: 0.0441 ndcg@10: 0.0523 ndcg@20: 0.0663 ] 
2025-12-24 09:52:32,041 - Epoch  96 Validation set [recall@5: 0.0376 recall@10: 0.0635 recall@20: 0.1047 ] [ndcg@5: 0.0443 ndcg@10: 0.0525 ndcg@20: 0.0666 ] 
2025-12-24 09:53:06,593 - Epoch  99 Validation set [recall@5: 0.0376 recall@10: 0.0630 recall@20: 0.1051 ] [ndcg@5: 0.0446 ndcg@10: 0.0526 ndcg@20: 0.0669 ] 
2025-12-24 09:53:31,670 - Epoch 102 Validation set [recall@5: 0.0378 recall@10: 0.0635 recall@20: 0.1057 ] [ndcg@5: 0.0451 ndcg@10: 0.0532 ndcg@20: 0.0674 ] 
2025-12-24 09:53:55,634 - Epoch 105 Validation set [recall@5: 0.0379 recall@10: 0.0644 recall@20: 0.1071 ] [ndcg@5: 0.0452 ndcg@10: 0.0535 ndcg@20: 0.0679 ] 
2025-12-24 09:54:20,011 - Epoch 108 Validation set [recall@5: 0.0386 recall@10: 0.0647 recall@20: 0.1079 ] [ndcg@5: 0.0456 ndcg@10: 0.0538 ndcg@20: 0.0684 ] 
2025-12-24 09:54:44,512 - Epoch 111 Validation set [recall@5: 0.0392 recall@10: 0.0647 recall@20: 0.1076 ] [ndcg@5: 0.0461 ndcg@10: 0.0539 ndcg@20: 0.0684 ] 
2025-12-24 09:55:08,388 - Epoch 114 Validation set [recall@5: 0.0392 recall@10: 0.0657 recall@20: 0.1082 ] [ndcg@5: 0.0462 ndcg@10: 0.0543 ndcg@20: 0.0688 ] 
2025-12-24 09:55:32,213 - Epoch 117 Validation set [recall@5: 0.0390 recall@10: 0.0658 recall@20: 0.1082 ] [ndcg@5: 0.0457 ndcg@10: 0.0541 ndcg@20: 0.0685 ] 
2025-12-24 09:55:56,199 - Epoch 120 Validation set [recall@5: 0.0395 recall@10: 0.0660 recall@20: 0.1087 ] [ndcg@5: 0.0461 ndcg@10: 0.0544 ndcg@20: 0.0689 ] 
2025-12-24 09:56:20,407 - Epoch 123 Validation set [recall@5: 0.0389 recall@10: 0.0670 recall@20: 0.1083 ] [ndcg@5: 0.0460 ndcg@10: 0.0550 ndcg@20: 0.0690 ] 
2025-12-24 09:56:45,072 - Epoch 126 Validation set [recall@5: 0.0391 recall@10: 0.0668 recall@20: 0.1096 ] [ndcg@5: 0.0465 ndcg@10: 0.0552 ndcg@20: 0.0698 ] 
2025-12-24 09:57:08,690 - Epoch 129 Validation set [recall@5: 0.0392 recall@10: 0.0667 recall@20: 0.1096 ] [ndcg@5: 0.0464 ndcg@10: 0.0550 ndcg@20: 0.0697 ] 
2025-12-24 09:57:32,348 - Epoch 132 Validation set [recall@5: 0.0389 recall@10: 0.0675 recall@20: 0.1100 ] [ndcg@5: 0.0462 ndcg@10: 0.0553 ndcg@20: 0.0698 ] 
2025-12-24 09:57:56,339 - Epoch 135 Validation set [recall@5: 0.0393 recall@10: 0.0674 recall@20: 0.1114 ] [ndcg@5: 0.0467 ndcg@10: 0.0557 ndcg@20: 0.0706 ] 
2025-12-24 09:58:20,499 - Epoch 138 Validation set [recall@5: 0.0399 recall@10: 0.0671 recall@20: 0.1109 ] [ndcg@5: 0.0473 ndcg@10: 0.0557 ndcg@20: 0.0707 ] 
2025-12-24 09:58:44,621 - Epoch 141 Validation set [recall@5: 0.0405 recall@10: 0.0670 recall@20: 0.1112 ] [ndcg@5: 0.0474 ndcg@10: 0.0556 ndcg@20: 0.0706 ] 
2025-12-24 09:59:08,036 - Epoch 144 Validation set [recall@5: 0.0405 recall@10: 0.0684 recall@20: 0.1122 ] [ndcg@5: 0.0478 ndcg@10: 0.0563 ndcg@20: 0.0712 ] 
2025-12-24 09:59:31,619 - Epoch 147 Validation set [recall@5: 0.0400 recall@10: 0.0687 recall@20: 0.1114 ] [ndcg@5: 0.0474 ndcg@10: 0.0562 ndcg@20: 0.0708 ] 
2025-12-24 09:59:55,008 - Epoch 150 Validation set [recall@5: 0.0401 recall@10: 0.0685 recall@20: 0.1119 ] [ndcg@5: 0.0473 ndcg@10: 0.0563 ndcg@20: 0.0711 ] 
2025-12-24 10:00:19,113 - Epoch 153 Validation set [recall@5: 0.0402 recall@10: 0.0685 recall@20: 0.1124 ] [ndcg@5: 0.0476 ndcg@10: 0.0565 ndcg@20: 0.0715 ] 
2025-12-24 10:00:43,082 - Epoch 156 Validation set [recall@5: 0.0402 recall@10: 0.0686 recall@20: 0.1118 ] [ndcg@5: 0.0477 ndcg@10: 0.0566 ndcg@20: 0.0714 ] 
2025-12-24 10:01:07,038 - Epoch 159 Validation set [recall@5: 0.0405 recall@10: 0.0688 recall@20: 0.1120 ] [ndcg@5: 0.0474 ndcg@10: 0.0564 ndcg@20: 0.0712 ] 
2025-12-24 10:01:30,810 - Epoch 162 Validation set [recall@5: 0.0404 recall@10: 0.0680 recall@20: 0.1117 ] [ndcg@5: 0.0476 ndcg@10: 0.0562 ndcg@20: 0.0711 ] 
2025-12-24 10:01:54,996 - Epoch 165 Validation set [recall@5: 0.0403 recall@10: 0.0678 recall@20: 0.1117 ] [ndcg@5: 0.0476 ndcg@10: 0.0562 ndcg@20: 0.0712 ] 
2025-12-24 10:02:16,756 - Epoch 168 Validation set [recall@5: 0.0406 recall@10: 0.0684 recall@20: 0.1117 ] [ndcg@5: 0.0477 ndcg@10: 0.0564 ndcg@20: 0.0712 ] 
2025-12-24 10:02:18,112 - [recall@5: 0.0402 recall@10: 0.0685 recall@20: 0.1124 ] [ndcg@5: 0.0476 ndcg@10: 0.0565 ndcg@20: 0.0715 ] 
2025-12-24 10:02:19,431 - [recall@5: 0.0389 recall@10: 0.0665 recall@20: 0.1101 ] [ndcg@5: 0.0459 ndcg@10: 0.0545 ndcg@20: 0.0693 ] 
2025-12-24 10:02:19,431 - Best Epoch 153. Final test result: {'recall': array([0.03889546, 0.0664505 , 0.11014335]), 'ndcg': array([0.04586718, 0.05451813, 0.06925665])}.
'layer_num': 4