2025-12-24 09:30:56,111 - {'optimizer': {'name': 'adam', 'lr': 0.001, 'weight_decay': 0}, 'train': {'epoch': 3000, 'batch_size': 4096, 'save_model': False, 'loss': 'pairwise', 'test_step': 3, 'reproducible': True, 'seed': 2023, 'patience': 5}, 'test': {'metrics': ['recall', 'ndcg'], 'k': [5, 10, 20], 'batch_size': 1024}, 'data': {'type': 'general_cf', 'name': 'yelp', 'user_num': 11091, 'item_num': 11010}, 'model': {'name': 'lightgcn', 'keep_rate': 0.8, 'embedding_size': 32, 'layer_num': 3, 'reg_weight': 1e-06, 'amazon': {'layer_num': 3, 'reg_weight': 1e-06}, 'yelp': {'layer_num': 2, 'reg_weight': 1e-06}, 'steam': {'layer_num': 2, 'reg_weight': 1e-06}}}
2025-12-24 09:31:05,543 - Epoch   0 Validation set [recall@5: 0.0303 recall@10: 0.0493 recall@20: 0.0807 ] [ndcg@5: 0.0370 ndcg@10: 0.0422 ndcg@20: 0.0527 ] 
2025-12-24 09:31:29,182 - Epoch   3 Validation set [recall@5: 0.0310 recall@10: 0.0516 recall@20: 0.0847 ] [ndcg@5: 0.0376 ndcg@10: 0.0437 ndcg@20: 0.0548 ] 
2025-12-24 09:31:52,981 - Epoch   6 Validation set [recall@5: 0.0316 recall@10: 0.0522 recall@20: 0.0865 ] [ndcg@5: 0.0383 ndcg@10: 0.0444 ndcg@20: 0.0558 ] 
2025-12-24 09:32:16,078 - Epoch   9 Validation set [recall@5: 0.0317 recall@10: 0.0532 recall@20: 0.0868 ] [ndcg@5: 0.0383 ndcg@10: 0.0447 ndcg@20: 0.0560 ] 
2025-12-24 09:32:38,163 - Epoch  12 Validation set [recall@5: 0.0327 recall@10: 0.0532 recall@20: 0.0882 ] [ndcg@5: 0.0390 ndcg@10: 0.0450 ndcg@20: 0.0568 ] 
2025-12-24 09:33:00,526 - Epoch  15 Validation set [recall@5: 0.0328 recall@10: 0.0540 recall@20: 0.0889 ] [ndcg@5: 0.0389 ndcg@10: 0.0453 ndcg@20: 0.0571 ] 
2025-12-24 09:33:24,057 - Epoch  18 Validation set [recall@5: 0.0321 recall@10: 0.0541 recall@20: 0.0895 ] [ndcg@5: 0.0383 ndcg@10: 0.0451 ndcg@20: 0.0571 ] 
2025-12-24 09:33:50,824 - Epoch  21 Validation set [recall@5: 0.0323 recall@10: 0.0546 recall@20: 0.0900 ] [ndcg@5: 0.0389 ndcg@10: 0.0457 ndcg@20: 0.0577 ] 
2025-12-24 09:34:26,608 - Epoch  24 Validation set [recall@5: 0.0326 recall@10: 0.0549 recall@20: 0.0911 ] [ndcg@5: 0.0389 ndcg@10: 0.0457 ndcg@20: 0.0580 ] 
2025-12-24 09:35:00,973 - Epoch  27 Validation set [recall@5: 0.0332 recall@10: 0.0555 recall@20: 0.0922 ] [ndcg@5: 0.0396 ndcg@10: 0.0464 ndcg@20: 0.0588 ] 
2025-12-24 09:35:34,966 - Epoch  30 Validation set [recall@5: 0.0335 recall@10: 0.0566 recall@20: 0.0936 ] [ndcg@5: 0.0400 ndcg@10: 0.0470 ndcg@20: 0.0595 ] 
2025-12-24 09:36:09,999 - Epoch  33 Validation set [recall@5: 0.0340 recall@10: 0.0573 recall@20: 0.0960 ] [ndcg@5: 0.0404 ndcg@10: 0.0476 ndcg@20: 0.0606 ] 
2025-12-24 09:36:44,661 - Epoch  36 Validation set [recall@5: 0.0346 recall@10: 0.0580 recall@20: 0.0952 ] [ndcg@5: 0.0408 ndcg@10: 0.0480 ndcg@20: 0.0605 ] 
2025-12-24 09:37:18,902 - Epoch  39 Validation set [recall@5: 0.0338 recall@10: 0.0585 recall@20: 0.0964 ] [ndcg@5: 0.0405 ndcg@10: 0.0481 ndcg@20: 0.0609 ] 
2025-12-24 09:37:53,013 - Epoch  42 Validation set [recall@5: 0.0342 recall@10: 0.0592 recall@20: 0.0973 ] [ndcg@5: 0.0407 ndcg@10: 0.0485 ndcg@20: 0.0614 ] 
2025-12-24 09:38:27,938 - Epoch  45 Validation set [recall@5: 0.0344 recall@10: 0.0592 recall@20: 0.0978 ] [ndcg@5: 0.0412 ndcg@10: 0.0490 ndcg@20: 0.0619 ] 
2025-12-24 09:39:02,026 - Epoch  48 Validation set [recall@5: 0.0346 recall@10: 0.0596 recall@20: 0.0984 ] [ndcg@5: 0.0410 ndcg@10: 0.0490 ndcg@20: 0.0620 ] 
2025-12-24 09:39:35,310 - Epoch  51 Validation set [recall@5: 0.0350 recall@10: 0.0608 recall@20: 0.0982 ] [ndcg@5: 0.0415 ndcg@10: 0.0499 ndcg@20: 0.0624 ] 
2025-12-24 09:40:08,449 - Epoch  54 Validation set [recall@5: 0.0340 recall@10: 0.0605 recall@20: 0.0995 ] [ndcg@5: 0.0409 ndcg@10: 0.0496 ndcg@20: 0.0627 ] 
2025-12-24 09:40:42,512 - Epoch  57 Validation set [recall@5: 0.0353 recall@10: 0.0608 recall@20: 0.0988 ] [ndcg@5: 0.0419 ndcg@10: 0.0502 ndcg@20: 0.0631 ] 
2025-12-24 09:41:16,152 - Epoch  60 Validation set [recall@5: 0.0353 recall@10: 0.0611 recall@20: 0.1000 ] [ndcg@5: 0.0416 ndcg@10: 0.0501 ndcg@20: 0.0633 ] 
2025-12-24 09:41:51,279 - Epoch  63 Validation set [recall@5: 0.0358 recall@10: 0.0617 recall@20: 0.1008 ] [ndcg@5: 0.0424 ndcg@10: 0.0509 ndcg@20: 0.0640 ] 
2025-12-24 09:42:27,222 - Epoch  66 Validation set [recall@5: 0.0362 recall@10: 0.0612 recall@20: 0.1018 ] [ndcg@5: 0.0426 ndcg@10: 0.0506 ndcg@20: 0.0645 ] 
2025-12-24 09:43:01,258 - Epoch  69 Validation set [recall@5: 0.0363 recall@10: 0.0618 recall@20: 0.1020 ] [ndcg@5: 0.0428 ndcg@10: 0.0509 ndcg@20: 0.0645 ] 
2025-12-24 09:43:37,131 - Epoch  72 Validation set [recall@5: 0.0363 recall@10: 0.0625 recall@20: 0.1025 ] [ndcg@5: 0.0431 ndcg@10: 0.0514 ndcg@20: 0.0651 ] 
2025-12-24 09:44:12,257 - Epoch  75 Validation set [recall@5: 0.0359 recall@10: 0.0631 recall@20: 0.1034 ] [ndcg@5: 0.0430 ndcg@10: 0.0518 ndcg@20: 0.0655 ] 
2025-12-24 09:44:46,992 - Epoch  78 Validation set [recall@5: 0.0368 recall@10: 0.0630 recall@20: 0.1041 ] [ndcg@5: 0.0438 ndcg@10: 0.0521 ndcg@20: 0.0660 ] 
2025-12-24 09:45:21,568 - Epoch  81 Validation set [recall@5: 0.0365 recall@10: 0.0633 recall@20: 0.1040 ] [ndcg@5: 0.0440 ndcg@10: 0.0523 ndcg@20: 0.0662 ] 
2025-12-24 09:45:55,958 - Epoch  84 Validation set [recall@5: 0.0371 recall@10: 0.0638 recall@20: 0.1047 ] [ndcg@5: 0.0445 ndcg@10: 0.0528 ndcg@20: 0.0667 ] 
2025-12-24 09:46:30,898 - Epoch  87 Validation set [recall@5: 0.0369 recall@10: 0.0636 recall@20: 0.1055 ] [ndcg@5: 0.0444 ndcg@10: 0.0528 ndcg@20: 0.0671 ] 
2025-12-24 09:47:05,285 - Epoch  90 Validation set [recall@5: 0.0370 recall@10: 0.0642 recall@20: 0.1067 ] [ndcg@5: 0.0445 ndcg@10: 0.0532 ndcg@20: 0.0675 ] 
2025-12-24 09:47:39,933 - Epoch  93 Validation set [recall@5: 0.0377 recall@10: 0.0650 recall@20: 0.1063 ] [ndcg@5: 0.0450 ndcg@10: 0.0536 ndcg@20: 0.0677 ] 
2025-12-24 09:48:14,237 - Epoch  96 Validation set [recall@5: 0.0377 recall@10: 0.0657 recall@20: 0.1075 ] [ndcg@5: 0.0451 ndcg@10: 0.0540 ndcg@20: 0.0681 ] 
2025-12-24 09:48:49,173 - Epoch  99 Validation set [recall@5: 0.0379 recall@10: 0.0651 recall@20: 0.1085 ] [ndcg@5: 0.0453 ndcg@10: 0.0540 ndcg@20: 0.0686 ] 
2025-12-24 09:49:24,521 - Epoch 102 Validation set [recall@5: 0.0384 recall@10: 0.0653 recall@20: 0.1087 ] [ndcg@5: 0.0460 ndcg@10: 0.0545 ndcg@20: 0.0690 ] 
2025-12-24 09:50:00,545 - Epoch 105 Validation set [recall@5: 0.0385 recall@10: 0.0660 recall@20: 0.1098 ] [ndcg@5: 0.0462 ndcg@10: 0.0548 ndcg@20: 0.0694 ] 
2025-12-24 09:50:37,220 - Epoch 108 Validation set [recall@5: 0.0384 recall@10: 0.0668 recall@20: 0.1102 ] [ndcg@5: 0.0462 ndcg@10: 0.0551 ndcg@20: 0.0696 ] 
2025-12-24 09:51:12,028 - Epoch 111 Validation set [recall@5: 0.0387 recall@10: 0.0660 recall@20: 0.1101 ] [ndcg@5: 0.0462 ndcg@10: 0.0548 ndcg@20: 0.0697 ] 
2025-12-24 09:51:46,721 - Epoch 114 Validation set [recall@5: 0.0390 recall@10: 0.0676 recall@20: 0.1104 ] [ndcg@5: 0.0469 ndcg@10: 0.0559 ndcg@20: 0.0704 ] 
2025-12-24 09:52:22,219 - Epoch 117 Validation set [recall@5: 0.0393 recall@10: 0.0679 recall@20: 0.1105 ] [ndcg@5: 0.0469 ndcg@10: 0.0558 ndcg@20: 0.0702 ] 
2025-12-24 09:52:57,759 - Epoch 120 Validation set [recall@5: 0.0394 recall@10: 0.0680 recall@20: 0.1114 ] [ndcg@5: 0.0471 ndcg@10: 0.0561 ndcg@20: 0.0708 ] 
2025-12-24 09:53:25,659 - Epoch 123 Validation set [recall@5: 0.0391 recall@10: 0.0690 recall@20: 0.1112 ] [ndcg@5: 0.0471 ndcg@10: 0.0566 ndcg@20: 0.0709 ] 
2025-12-24 09:53:48,956 - Epoch 126 Validation set [recall@5: 0.0394 recall@10: 0.0685 recall@20: 0.1114 ] [ndcg@5: 0.0473 ndcg@10: 0.0565 ndcg@20: 0.0712 ] 
2025-12-24 09:54:12,942 - Epoch 129 Validation set [recall@5: 0.0392 recall@10: 0.0685 recall@20: 0.1115 ] [ndcg@5: 0.0471 ndcg@10: 0.0565 ndcg@20: 0.0712 ] 
2025-12-24 09:54:37,008 - Epoch 132 Validation set [recall@5: 0.0397 recall@10: 0.0683 recall@20: 0.1125 ] [ndcg@5: 0.0474 ndcg@10: 0.0564 ndcg@20: 0.0715 ] 
2025-12-24 09:55:00,618 - Epoch 135 Validation set [recall@5: 0.0405 recall@10: 0.0685 recall@20: 0.1132 ] [ndcg@5: 0.0481 ndcg@10: 0.0569 ndcg@20: 0.0721 ] 
2025-12-24 09:55:24,376 - Epoch 138 Validation set [recall@5: 0.0406 recall@10: 0.0684 recall@20: 0.1134 ] [ndcg@5: 0.0482 ndcg@10: 0.0570 ndcg@20: 0.0722 ] 
2025-12-24 09:55:48,340 - Epoch 141 Validation set [recall@5: 0.0405 recall@10: 0.0686 recall@20: 0.1133 ] [ndcg@5: 0.0483 ndcg@10: 0.0571 ndcg@20: 0.0723 ] 
2025-12-24 09:56:12,228 - Epoch 144 Validation set [recall@5: 0.0416 recall@10: 0.0692 recall@20: 0.1139 ] [ndcg@5: 0.0492 ndcg@10: 0.0576 ndcg@20: 0.0729 ] 
2025-12-24 09:56:36,368 - Epoch 147 Validation set [recall@5: 0.0411 recall@10: 0.0691 recall@20: 0.1146 ] [ndcg@5: 0.0490 ndcg@10: 0.0575 ndcg@20: 0.0730 ] 
2025-12-24 09:57:00,152 - Epoch 150 Validation set [recall@5: 0.0414 recall@10: 0.0694 recall@20: 0.1143 ] [ndcg@5: 0.0492 ndcg@10: 0.0578 ndcg@20: 0.0731 ] 
2025-12-24 09:57:23,877 - Epoch 153 Validation set [recall@5: 0.0410 recall@10: 0.0699 recall@20: 0.1148 ] [ndcg@5: 0.0493 ndcg@10: 0.0582 ndcg@20: 0.0734 ] 
2025-12-24 09:57:47,537 - Epoch 156 Validation set [recall@5: 0.0410 recall@10: 0.0694 recall@20: 0.1145 ] [ndcg@5: 0.0488 ndcg@10: 0.0577 ndcg@20: 0.0730 ] 
2025-12-24 09:58:11,276 - Epoch 159 Validation set [recall@5: 0.0409 recall@10: 0.0691 recall@20: 0.1151 ] [ndcg@5: 0.0486 ndcg@10: 0.0574 ndcg@20: 0.0731 ] 
2025-12-24 09:58:35,255 - Epoch 162 Validation set [recall@5: 0.0406 recall@10: 0.0690 recall@20: 0.1143 ] [ndcg@5: 0.0489 ndcg@10: 0.0578 ndcg@20: 0.0732 ] 
2025-12-24 09:58:59,231 - Epoch 165 Validation set [recall@5: 0.0405 recall@10: 0.0698 recall@20: 0.1152 ] [ndcg@5: 0.0486 ndcg@10: 0.0579 ndcg@20: 0.0733 ] 
2025-12-24 09:59:23,230 - Epoch 168 Validation set [recall@5: 0.0412 recall@10: 0.0698 recall@20: 0.1148 ] [ndcg@5: 0.0492 ndcg@10: 0.0581 ndcg@20: 0.0734 ] 
2025-12-24 09:59:47,201 - Epoch 171 Validation set [recall@5: 0.0415 recall@10: 0.0701 recall@20: 0.1158 ] [ndcg@5: 0.0494 ndcg@10: 0.0583 ndcg@20: 0.0738 ] 
2025-12-24 10:00:11,629 - Epoch 174 Validation set [recall@5: 0.0413 recall@10: 0.0703 recall@20: 0.1162 ] [ndcg@5: 0.0493 ndcg@10: 0.0583 ndcg@20: 0.0739 ] 
2025-12-24 10:00:35,709 - Epoch 177 Validation set [recall@5: 0.0412 recall@10: 0.0704 recall@20: 0.1154 ] [ndcg@5: 0.0496 ndcg@10: 0.0585 ndcg@20: 0.0740 ] 
2025-12-24 10:00:59,627 - Epoch 180 Validation set [recall@5: 0.0410 recall@10: 0.0695 recall@20: 0.1156 ] [ndcg@5: 0.0493 ndcg@10: 0.0582 ndcg@20: 0.0739 ] 
2025-12-24 10:01:23,423 - Epoch 183 Validation set [recall@5: 0.0416 recall@10: 0.0698 recall@20: 0.1159 ] [ndcg@5: 0.0501 ndcg@10: 0.0589 ndcg@20: 0.0744 ] 
2025-12-24 10:01:47,567 - Epoch 186 Validation set [recall@5: 0.0410 recall@10: 0.0702 recall@20: 0.1156 ] [ndcg@5: 0.0496 ndcg@10: 0.0588 ndcg@20: 0.0741 ] 
2025-12-24 10:02:11,694 - Epoch 189 Validation set [recall@5: 0.0417 recall@10: 0.0698 recall@20: 0.1159 ] [ndcg@5: 0.0501 ndcg@10: 0.0586 ndcg@20: 0.0742 ] 
2025-12-24 10:02:13,115 - [recall@5: 0.0413 recall@10: 0.0703 recall@20: 0.1162 ] [ndcg@5: 0.0493 ndcg@10: 0.0583 ndcg@20: 0.0739 ] 
2025-12-24 10:02:14,493 - [recall@5: 0.0411 recall@10: 0.0684 recall@20: 0.1142 ] [ndcg@5: 0.0481 ndcg@10: 0.0565 ndcg@20: 0.0721 ] 
2025-12-24 10:02:14,493 - Best Epoch 174. Final test result: {'recall': array([0.04107481, 0.06843429, 0.11416802]), 'ndcg': array([0.04810384, 0.0564596 , 0.07206651])}.
'layer_num': 2