2025-12-24 09:19:04,238 - {'optimizer': {'name': 'adam', 'lr': 0.001, 'weight_decay': 0}, 'train': {'epoch': 3000, 'batch_size': 4096, 'save_model': False, 'loss': 'pairwise', 'test_step': 3, 'reproducible': True, 'seed': 2023, 'patience': 5}, 'test': {'metrics': ['recall', 'ndcg'], 'k': [5, 10, 20], 'batch_size': 1024}, 'data': {'type': 'general_cf', 'name': 'yelp', 'user_num': 11091, 'item_num': 11010}, 'model': {'name': 'lightgcn', 'keep_rate': 0.8, 'embedding_size': 32, 'layer_num': 3, 'reg_weight': 1e-06, 'amazon': {'layer_num': 3, 'reg_weight': 1e-06}, 'yelp': {'layer_num': 1, 'reg_weight': 1e-06}, 'steam': {'layer_num': 2, 'reg_weight': 1e-06}}}
2025-12-24 09:19:10,558 - Epoch   0 Validation set [recall@5: 0.0189 recall@10: 0.0306 recall@20: 0.0489 ] [ndcg@5: 0.0241 ndcg@10: 0.0272 ndcg@20: 0.0331 ] 
2025-12-24 09:19:25,067 - Epoch   3 Validation set [recall@5: 0.0314 recall@10: 0.0524 recall@20: 0.0849 ] [ndcg@5: 0.0381 ndcg@10: 0.0444 ndcg@20: 0.0553 ] 
2025-12-24 09:19:39,051 - Epoch   6 Validation set [recall@5: 0.0319 recall@10: 0.0528 recall@20: 0.0872 ] [ndcg@5: 0.0384 ndcg@10: 0.0446 ndcg@20: 0.0561 ] 
2025-12-24 09:19:53,235 - Epoch   9 Validation set [recall@5: 0.0320 recall@10: 0.0535 recall@20: 0.0880 ] [ndcg@5: 0.0384 ndcg@10: 0.0449 ndcg@20: 0.0565 ] 
2025-12-24 09:20:07,386 - Epoch  12 Validation set [recall@5: 0.0321 recall@10: 0.0537 recall@20: 0.0885 ] [ndcg@5: 0.0389 ndcg@10: 0.0453 ndcg@20: 0.0570 ] 
2025-12-24 09:20:21,302 - Epoch  15 Validation set [recall@5: 0.0323 recall@10: 0.0544 recall@20: 0.0890 ] [ndcg@5: 0.0385 ndcg@10: 0.0454 ndcg@20: 0.0570 ] 
2025-12-24 09:20:35,370 - Epoch  18 Validation set [recall@5: 0.0319 recall@10: 0.0543 recall@20: 0.0895 ] [ndcg@5: 0.0384 ndcg@10: 0.0454 ndcg@20: 0.0572 ] 
2025-12-24 09:20:48,968 - Epoch  21 Validation set [recall@5: 0.0318 recall@10: 0.0546 recall@20: 0.0904 ] [ndcg@5: 0.0384 ndcg@10: 0.0455 ndcg@20: 0.0577 ] 
2025-12-24 09:21:02,874 - Epoch  24 Validation set [recall@5: 0.0321 recall@10: 0.0543 recall@20: 0.0909 ] [ndcg@5: 0.0385 ndcg@10: 0.0453 ndcg@20: 0.0578 ] 
2025-12-24 09:21:17,293 - Epoch  27 Validation set [recall@5: 0.0323 recall@10: 0.0551 recall@20: 0.0911 ] [ndcg@5: 0.0389 ndcg@10: 0.0459 ndcg@20: 0.0581 ] 
2025-12-24 09:21:31,422 - Epoch  30 Validation set [recall@5: 0.0325 recall@10: 0.0560 recall@20: 0.0923 ] [ndcg@5: 0.0391 ndcg@10: 0.0464 ndcg@20: 0.0586 ] 
2025-12-24 09:21:45,229 - Epoch  33 Validation set [recall@5: 0.0334 recall@10: 0.0564 recall@20: 0.0941 ] [ndcg@5: 0.0396 ndcg@10: 0.0467 ndcg@20: 0.0594 ] 
2025-12-24 09:22:00,140 - Epoch  36 Validation set [recall@5: 0.0335 recall@10: 0.0574 recall@20: 0.0947 ] [ndcg@5: 0.0397 ndcg@10: 0.0472 ndcg@20: 0.0597 ] 
2025-12-24 09:22:15,812 - Epoch  39 Validation set [recall@5: 0.0336 recall@10: 0.0580 recall@20: 0.0956 ] [ndcg@5: 0.0400 ndcg@10: 0.0474 ndcg@20: 0.0602 ] 
2025-12-24 09:22:31,070 - Epoch  42 Validation set [recall@5: 0.0335 recall@10: 0.0577 recall@20: 0.0970 ] [ndcg@5: 0.0399 ndcg@10: 0.0474 ndcg@20: 0.0607 ] 
2025-12-24 09:22:46,510 - Epoch  45 Validation set [recall@5: 0.0341 recall@10: 0.0584 recall@20: 0.0971 ] [ndcg@5: 0.0405 ndcg@10: 0.0481 ndcg@20: 0.0612 ] 
2025-12-24 09:23:02,256 - Epoch  48 Validation set [recall@5: 0.0345 recall@10: 0.0593 recall@20: 0.0967 ] [ndcg@5: 0.0407 ndcg@10: 0.0486 ndcg@20: 0.0612 ] 
2025-12-24 09:23:18,207 - Epoch  51 Validation set [recall@5: 0.0343 recall@10: 0.0599 recall@20: 0.0973 ] [ndcg@5: 0.0408 ndcg@10: 0.0491 ndcg@20: 0.0616 ] 
2025-12-24 09:23:34,619 - Epoch  54 Validation set [recall@5: 0.0337 recall@10: 0.0598 recall@20: 0.0984 ] [ndcg@5: 0.0403 ndcg@10: 0.0487 ndcg@20: 0.0619 ] 
2025-12-24 09:23:49,425 - Epoch  57 Validation set [recall@5: 0.0338 recall@10: 0.0602 recall@20: 0.0989 ] [ndcg@5: 0.0407 ndcg@10: 0.0493 ndcg@20: 0.0624 ] 
2025-12-24 09:24:03,564 - Epoch  60 Validation set [recall@5: 0.0342 recall@10: 0.0606 recall@20: 0.0990 ] [ndcg@5: 0.0408 ndcg@10: 0.0495 ndcg@20: 0.0625 ] 
2025-12-24 09:24:17,748 - Epoch  63 Validation set [recall@5: 0.0347 recall@10: 0.0610 recall@20: 0.0995 ] [ndcg@5: 0.0414 ndcg@10: 0.0499 ndcg@20: 0.0630 ] 
2025-12-24 09:24:32,122 - Epoch  66 Validation set [recall@5: 0.0355 recall@10: 0.0611 recall@20: 0.1001 ] [ndcg@5: 0.0418 ndcg@10: 0.0499 ndcg@20: 0.0633 ] 
2025-12-24 09:24:46,156 - Epoch  69 Validation set [recall@5: 0.0356 recall@10: 0.0609 recall@20: 0.1003 ] [ndcg@5: 0.0419 ndcg@10: 0.0500 ndcg@20: 0.0635 ] 
2025-12-24 09:25:00,144 - Epoch  72 Validation set [recall@5: 0.0354 recall@10: 0.0614 recall@20: 0.1013 ] [ndcg@5: 0.0420 ndcg@10: 0.0504 ndcg@20: 0.0640 ] 
2025-12-24 09:25:14,081 - Epoch  75 Validation set [recall@5: 0.0352 recall@10: 0.0628 recall@20: 0.1024 ] [ndcg@5: 0.0419 ndcg@10: 0.0510 ndcg@20: 0.0645 ] 
2025-12-24 09:25:27,699 - Epoch  78 Validation set [recall@5: 0.0358 recall@10: 0.0627 recall@20: 0.1023 ] [ndcg@5: 0.0427 ndcg@10: 0.0514 ndcg@20: 0.0649 ] 
2025-12-24 09:25:41,512 - Epoch  81 Validation set [recall@5: 0.0357 recall@10: 0.0629 recall@20: 0.1026 ] [ndcg@5: 0.0428 ndcg@10: 0.0517 ndcg@20: 0.0652 ] 
2025-12-24 09:25:55,445 - Epoch  84 Validation set [recall@5: 0.0360 recall@10: 0.0631 recall@20: 0.1038 ] [ndcg@5: 0.0432 ndcg@10: 0.0520 ndcg@20: 0.0656 ] 
2025-12-24 09:26:09,555 - Epoch  87 Validation set [recall@5: 0.0360 recall@10: 0.0628 recall@20: 0.1041 ] [ndcg@5: 0.0431 ndcg@10: 0.0518 ndcg@20: 0.0657 ] 
2025-12-24 09:26:23,815 - Epoch  90 Validation set [recall@5: 0.0364 recall@10: 0.0630 recall@20: 0.1044 ] [ndcg@5: 0.0437 ndcg@10: 0.0521 ndcg@20: 0.0661 ] 
2025-12-24 09:26:37,807 - Epoch  93 Validation set [recall@5: 0.0368 recall@10: 0.0633 recall@20: 0.1050 ] [ndcg@5: 0.0440 ndcg@10: 0.0525 ndcg@20: 0.0666 ] 
2025-12-24 09:26:51,830 - Epoch  96 Validation set [recall@5: 0.0369 recall@10: 0.0638 recall@20: 0.1064 ] [ndcg@5: 0.0441 ndcg@10: 0.0526 ndcg@20: 0.0671 ] 
2025-12-24 09:27:06,151 - Epoch  99 Validation set [recall@5: 0.0373 recall@10: 0.0651 recall@20: 0.1061 ] [ndcg@5: 0.0442 ndcg@10: 0.0534 ndcg@20: 0.0671 ] 
2025-12-24 09:27:20,322 - Epoch 102 Validation set [recall@5: 0.0379 recall@10: 0.0644 recall@20: 0.1069 ] [ndcg@5: 0.0449 ndcg@10: 0.0533 ndcg@20: 0.0676 ] 
2025-12-24 09:27:34,889 - Epoch 105 Validation set [recall@5: 0.0377 recall@10: 0.0649 recall@20: 0.1081 ] [ndcg@5: 0.0450 ndcg@10: 0.0537 ndcg@20: 0.0682 ] 
2025-12-24 09:27:49,271 - Epoch 108 Validation set [recall@5: 0.0377 recall@10: 0.0664 recall@20: 0.1086 ] [ndcg@5: 0.0449 ndcg@10: 0.0543 ndcg@20: 0.0684 ] 
2025-12-24 09:28:03,772 - Epoch 111 Validation set [recall@5: 0.0385 recall@10: 0.0660 recall@20: 0.1088 ] [ndcg@5: 0.0454 ndcg@10: 0.0542 ndcg@20: 0.0686 ] 
2025-12-24 09:28:17,488 - Epoch 114 Validation set [recall@5: 0.0387 recall@10: 0.0675 recall@20: 0.1097 ] [ndcg@5: 0.0455 ndcg@10: 0.0547 ndcg@20: 0.0691 ] 
2025-12-24 09:28:32,134 - Epoch 117 Validation set [recall@5: 0.0384 recall@10: 0.0677 recall@20: 0.1097 ] [ndcg@5: 0.0453 ndcg@10: 0.0547 ndcg@20: 0.0690 ] 
2025-12-24 09:28:46,429 - Epoch 120 Validation set [recall@5: 0.0390 recall@10: 0.0682 recall@20: 0.1099 ] [ndcg@5: 0.0461 ndcg@10: 0.0554 ndcg@20: 0.0696 ] 
2025-12-24 09:29:00,518 - Epoch 123 Validation set [recall@5: 0.0388 recall@10: 0.0674 recall@20: 0.1103 ] [ndcg@5: 0.0460 ndcg@10: 0.0551 ndcg@20: 0.0696 ] 
2025-12-24 09:29:14,672 - Epoch 126 Validation set [recall@5: 0.0384 recall@10: 0.0677 recall@20: 0.1103 ] [ndcg@5: 0.0458 ndcg@10: 0.0555 ndcg@20: 0.0699 ] 
2025-12-24 09:29:28,767 - Epoch 129 Validation set [recall@5: 0.0387 recall@10: 0.0682 recall@20: 0.1096 ] [ndcg@5: 0.0459 ndcg@10: 0.0556 ndcg@20: 0.0697 ] 
2025-12-24 09:29:42,847 - Epoch 132 Validation set [recall@5: 0.0387 recall@10: 0.0671 recall@20: 0.1102 ] [ndcg@5: 0.0460 ndcg@10: 0.0553 ndcg@20: 0.0699 ] 
2025-12-24 09:29:56,833 - Epoch 135 Validation set [recall@5: 0.0387 recall@10: 0.0674 recall@20: 0.1111 ] [ndcg@5: 0.0462 ndcg@10: 0.0555 ndcg@20: 0.0703 ] 
2025-12-24 09:30:11,290 - Epoch 138 Validation set [recall@5: 0.0394 recall@10: 0.0678 recall@20: 0.1116 ] [ndcg@5: 0.0469 ndcg@10: 0.0560 ndcg@20: 0.0708 ] 
2025-12-24 09:30:25,265 - Epoch 141 Validation set [recall@5: 0.0394 recall@10: 0.0691 recall@20: 0.1105 ] [ndcg@5: 0.0466 ndcg@10: 0.0564 ndcg@20: 0.0705 ] 
2025-12-24 09:30:39,653 - Epoch 144 Validation set [recall@5: 0.0398 recall@10: 0.0690 recall@20: 0.1122 ] [ndcg@5: 0.0472 ndcg@10: 0.0565 ndcg@20: 0.0711 ] 
2025-12-24 09:30:53,707 - Epoch 147 Validation set [recall@5: 0.0402 recall@10: 0.0689 recall@20: 0.1122 ] [ndcg@5: 0.0473 ndcg@10: 0.0564 ndcg@20: 0.0709 ] 
2025-12-24 09:31:14,810 - Epoch 150 Validation set [recall@5: 0.0403 recall@10: 0.0689 recall@20: 0.1132 ] [ndcg@5: 0.0475 ndcg@10: 0.0567 ndcg@20: 0.0716 ] 
2025-12-24 09:31:38,588 - Epoch 153 Validation set [recall@5: 0.0411 recall@10: 0.0687 recall@20: 0.1131 ] [ndcg@5: 0.0482 ndcg@10: 0.0567 ndcg@20: 0.0716 ] 
2025-12-24 09:32:01,731 - Epoch 156 Validation set [recall@5: 0.0408 recall@10: 0.0688 recall@20: 0.1132 ] [ndcg@5: 0.0479 ndcg@10: 0.0566 ndcg@20: 0.0716 ] 
2025-12-24 09:32:25,247 - Epoch 159 Validation set [recall@5: 0.0400 recall@10: 0.0693 recall@20: 0.1129 ] [ndcg@5: 0.0473 ndcg@10: 0.0568 ndcg@20: 0.0716 ] 
2025-12-24 09:32:47,748 - Epoch 162 Validation set [recall@5: 0.0401 recall@10: 0.0689 recall@20: 0.1128 ] [ndcg@5: 0.0473 ndcg@10: 0.0564 ndcg@20: 0.0715 ] 
2025-12-24 09:33:11,460 - Epoch 165 Validation set [recall@5: 0.0404 recall@10: 0.0693 recall@20: 0.1135 ] [ndcg@5: 0.0474 ndcg@10: 0.0566 ndcg@20: 0.0717 ] 
2025-12-24 09:33:34,297 - Epoch 168 Validation set [recall@5: 0.0401 recall@10: 0.0697 recall@20: 0.1131 ] [ndcg@5: 0.0474 ndcg@10: 0.0569 ndcg@20: 0.0716 ] 
2025-12-24 09:34:08,078 - Epoch 171 Validation set [recall@5: 0.0404 recall@10: 0.0702 recall@20: 0.1142 ] [ndcg@5: 0.0477 ndcg@10: 0.0573 ndcg@20: 0.0722 ] 
2025-12-24 09:34:42,838 - Epoch 174 Validation set [recall@5: 0.0409 recall@10: 0.0696 recall@20: 0.1150 ] [ndcg@5: 0.0480 ndcg@10: 0.0570 ndcg@20: 0.0725 ] 
2025-12-24 09:35:17,942 - Epoch 177 Validation set [recall@5: 0.0403 recall@10: 0.0699 recall@20: 0.1142 ] [ndcg@5: 0.0480 ndcg@10: 0.0574 ndcg@20: 0.0724 ] 
2025-12-24 09:35:53,922 - Epoch 180 Validation set [recall@5: 0.0405 recall@10: 0.0692 recall@20: 0.1145 ] [ndcg@5: 0.0478 ndcg@10: 0.0570 ndcg@20: 0.0724 ] 
2025-12-24 09:36:28,708 - Epoch 183 Validation set [recall@5: 0.0404 recall@10: 0.0698 recall@20: 0.1143 ] [ndcg@5: 0.0485 ndcg@10: 0.0578 ndcg@20: 0.0729 ] 
2025-12-24 09:37:02,255 - Epoch 186 Validation set [recall@5: 0.0399 recall@10: 0.0690 recall@20: 0.1155 ] [ndcg@5: 0.0480 ndcg@10: 0.0574 ndcg@20: 0.0730 ] 
2025-12-24 09:37:35,949 - Epoch 189 Validation set [recall@5: 0.0407 recall@10: 0.0683 recall@20: 0.1148 ] [ndcg@5: 0.0482 ndcg@10: 0.0569 ndcg@20: 0.0726 ] 
2025-12-24 09:38:09,744 - Epoch 192 Validation set [recall@5: 0.0399 recall@10: 0.0698 recall@20: 0.1147 ] [ndcg@5: 0.0480 ndcg@10: 0.0575 ndcg@20: 0.0726 ] 
2025-12-24 09:38:44,661 - Epoch 195 Validation set [recall@5: 0.0401 recall@10: 0.0697 recall@20: 0.1157 ] [ndcg@5: 0.0480 ndcg@10: 0.0575 ndcg@20: 0.0730 ] 
2025-12-24 09:39:18,801 - Epoch 198 Validation set [recall@5: 0.0402 recall@10: 0.0696 recall@20: 0.1161 ] [ndcg@5: 0.0484 ndcg@10: 0.0577 ndcg@20: 0.0734 ] 
2025-12-24 09:39:52,759 - Epoch 201 Validation set [recall@5: 0.0406 recall@10: 0.0694 recall@20: 0.1152 ] [ndcg@5: 0.0486 ndcg@10: 0.0575 ndcg@20: 0.0730 ] 
2025-12-24 09:40:28,160 - Epoch 204 Validation set [recall@5: 0.0412 recall@10: 0.0702 recall@20: 0.1157 ] [ndcg@5: 0.0490 ndcg@10: 0.0580 ndcg@20: 0.0734 ] 
2025-12-24 09:41:01,582 - Epoch 207 Validation set [recall@5: 0.0401 recall@10: 0.0697 recall@20: 0.1158 ] [ndcg@5: 0.0483 ndcg@10: 0.0576 ndcg@20: 0.0733 ] 
2025-12-24 09:41:36,087 - Epoch 210 Validation set [recall@5: 0.0411 recall@10: 0.0705 recall@20: 0.1155 ] [ndcg@5: 0.0489 ndcg@10: 0.0582 ndcg@20: 0.0734 ] 
2025-12-24 09:42:12,267 - Epoch 213 Validation set [recall@5: 0.0416 recall@10: 0.0705 recall@20: 0.1162 ] [ndcg@5: 0.0496 ndcg@10: 0.0586 ndcg@20: 0.0741 ] 
2025-12-24 09:42:48,161 - Epoch 216 Validation set [recall@5: 0.0420 recall@10: 0.0708 recall@20: 0.1160 ] [ndcg@5: 0.0497 ndcg@10: 0.0583 ndcg@20: 0.0737 ] 
2025-12-24 09:43:23,564 - Epoch 219 Validation set [recall@5: 0.0415 recall@10: 0.0715 recall@20: 0.1170 ] [ndcg@5: 0.0493 ndcg@10: 0.0586 ndcg@20: 0.0740 ] 
2025-12-24 09:43:59,074 - Epoch 222 Validation set [recall@5: 0.0418 recall@10: 0.0718 recall@20: 0.1166 ] [ndcg@5: 0.0496 ndcg@10: 0.0589 ndcg@20: 0.0741 ] 
2025-12-24 09:44:33,467 - Epoch 225 Validation set [recall@5: 0.0414 recall@10: 0.0719 recall@20: 0.1162 ] [ndcg@5: 0.0492 ndcg@10: 0.0588 ndcg@20: 0.0738 ] 
2025-12-24 09:45:07,299 - Epoch 228 Validation set [recall@5: 0.0424 recall@10: 0.0725 recall@20: 0.1171 ] [ndcg@5: 0.0496 ndcg@10: 0.0590 ndcg@20: 0.0742 ] 
2025-12-24 09:45:41,149 - Epoch 231 Validation set [recall@5: 0.0421 recall@10: 0.0729 recall@20: 0.1166 ] [ndcg@5: 0.0496 ndcg@10: 0.0592 ndcg@20: 0.0741 ] 
2025-12-24 09:46:14,813 - Epoch 234 Validation set [recall@5: 0.0417 recall@10: 0.0733 recall@20: 0.1174 ] [ndcg@5: 0.0496 ndcg@10: 0.0595 ndcg@20: 0.0745 ] 
2025-12-24 09:46:49,100 - Epoch 237 Validation set [recall@5: 0.0417 recall@10: 0.0735 recall@20: 0.1183 ] [ndcg@5: 0.0495 ndcg@10: 0.0596 ndcg@20: 0.0747 ] 
2025-12-24 09:47:23,042 - Epoch 240 Validation set [recall@5: 0.0418 recall@10: 0.0732 recall@20: 0.1169 ] [ndcg@5: 0.0496 ndcg@10: 0.0595 ndcg@20: 0.0742 ] 
2025-12-24 09:47:56,689 - Epoch 243 Validation set [recall@5: 0.0418 recall@10: 0.0736 recall@20: 0.1172 ] [ndcg@5: 0.0494 ndcg@10: 0.0597 ndcg@20: 0.0743 ] 
2025-12-24 09:48:29,852 - Epoch 246 Validation set [recall@5: 0.0425 recall@10: 0.0727 recall@20: 0.1174 ] [ndcg@5: 0.0501 ndcg@10: 0.0596 ndcg@20: 0.0748 ] 
2025-12-24 09:49:03,488 - Epoch 249 Validation set [recall@5: 0.0425 recall@10: 0.0723 recall@20: 0.1180 ] [ndcg@5: 0.0498 ndcg@10: 0.0592 ndcg@20: 0.0747 ] 
2025-12-24 09:49:37,609 - Epoch 252 Validation set [recall@5: 0.0416 recall@10: 0.0719 recall@20: 0.1185 ] [ndcg@5: 0.0494 ndcg@10: 0.0592 ndcg@20: 0.0748 ] 
2025-12-24 09:50:13,290 - Epoch 255 Validation set [recall@5: 0.0420 recall@10: 0.0707 recall@20: 0.1190 ] [ndcg@5: 0.0500 ndcg@10: 0.0589 ndcg@20: 0.0751 ] 
2025-12-24 09:50:49,511 - Epoch 258 Validation set [recall@5: 0.0426 recall@10: 0.0711 recall@20: 0.1189 ] [ndcg@5: 0.0506 ndcg@10: 0.0594 ndcg@20: 0.0752 ] 
2025-12-24 09:51:24,114 - Epoch 261 Validation set [recall@5: 0.0419 recall@10: 0.0718 recall@20: 0.1177 ] [ndcg@5: 0.0504 ndcg@10: 0.0597 ndcg@20: 0.0751 ] 
2025-12-24 09:51:59,086 - Epoch 264 Validation set [recall@5: 0.0410 recall@10: 0.0710 recall@20: 0.1186 ] [ndcg@5: 0.0497 ndcg@10: 0.0593 ndcg@20: 0.0752 ] 
2025-12-24 09:52:34,150 - Epoch 267 Validation set [recall@5: 0.0413 recall@10: 0.0707 recall@20: 0.1185 ] [ndcg@5: 0.0498 ndcg@10: 0.0590 ndcg@20: 0.0749 ] 
2025-12-24 09:53:09,655 - Epoch 270 Validation set [recall@5: 0.0418 recall@10: 0.0711 recall@20: 0.1184 ] [ndcg@5: 0.0505 ndcg@10: 0.0595 ndcg@20: 0.0753 ] 
2025-12-24 09:53:11,502 - [recall@5: 0.0420 recall@10: 0.0707 recall@20: 0.1190 ] [ndcg@5: 0.0500 ndcg@10: 0.0589 ndcg@20: 0.0751 ] 
2025-12-24 09:53:13,314 - [recall@5: 0.0420 recall@10: 0.0715 recall@20: 0.1184 ] [ndcg@5: 0.0488 ndcg@10: 0.0581 ndcg@20: 0.0740 ] 
2025-12-24 09:53:13,315 - Best Epoch 255. Final test result: {'recall': array([0.04202389, 0.0714546 , 0.11837749]), 'ndcg': array([0.04876995, 0.05810814, 0.07401359])}.
'layer_num': 1