2026-01-08 12:50:31,651 - {'optimizer': {'name': 'adam', 'lr': 0.001, 'weight_decay': 0}, 'train': {'epoch': 3000, 'batch_size': 4096, 'save_model': True, 'loss': 'pairwise', 'test_step': 3, 'reproducible': True, 'seed': 2023, 'patience': 5}, 'test': {'metrics': ['recall', 'ndcg'], 'k': [5, 10, 20], 'batch_size': 1024}, 'data': {'type': 'general_cf', 'name': 'amazon', 'user_num': 11000, 'item_num': 9332}, 'model': {'name': 'gccf_plus', 'keep_rate': 0.8, 'embedding_size': 32, 'layer_num': 3, 'reg_weight': 1e-06, 'kd_weight': 0.001, 'kd_temperature': 0.1, 'amazon': {'layer_num': 2, 'reg_weight': 1e-06, 'kd_weight': 0.001, 'kd_temperature': 0.1}, 'yelp': {'layer_num': 2, 'reg_weight': 1e-06, 'kd_weight': 0.001, 'kd_temperature': 0.2}, 'steam': {'layer_num': 2, 'reg_weight': 1e-06, 'kd_weight': 0.01, 'kd_temperature': 0.5}}}
2026-01-08 12:50:35,392 - Epoch   0 Validation set [recall@5: 0.0195 recall@10: 0.0336 recall@20: 0.0548 ] [ndcg@5: 0.0199 ndcg@10: 0.0247 ndcg@20: 0.0316 ] 
2026-01-08 12:50:40,455 - Epoch   3 Validation set [recall@5: 0.0221 recall@10: 0.0378 recall@20: 0.0631 ] [ndcg@5: 0.0229 ndcg@10: 0.0284 ndcg@20: 0.0367 ] 
2026-01-08 12:50:45,480 - Epoch   6 Validation set [recall@5: 0.0251 recall@10: 0.0410 recall@20: 0.0654 ] [ndcg@5: 0.0256 ndcg@10: 0.0310 ndcg@20: 0.0390 ] 
2026-01-08 12:50:50,525 - Epoch   9 Validation set [recall@5: 0.0287 recall@10: 0.0471 recall@20: 0.0733 ] [ndcg@5: 0.0292 ndcg@10: 0.0355 ndcg@20: 0.0439 ] 
2026-01-08 12:50:55,666 - Epoch  12 Validation set [recall@5: 0.0314 recall@10: 0.0516 recall@20: 0.0821 ] [ndcg@5: 0.0317 ndcg@10: 0.0387 ndcg@20: 0.0484 ] 
2026-01-08 12:51:00,729 - Epoch  15 Validation set [recall@5: 0.0332 recall@10: 0.0555 recall@20: 0.0875 ] [ndcg@5: 0.0336 ndcg@10: 0.0412 ndcg@20: 0.0517 ] 
2026-01-08 12:51:05,941 - Epoch  18 Validation set [recall@5: 0.0346 recall@10: 0.0585 recall@20: 0.0915 ] [ndcg@5: 0.0348 ndcg@10: 0.0430 ndcg@20: 0.0538 ] 
2026-01-08 12:51:10,915 - Epoch  21 Validation set [recall@5: 0.0361 recall@10: 0.0600 recall@20: 0.0957 ] [ndcg@5: 0.0359 ndcg@10: 0.0440 ndcg@20: 0.0557 ] 
2026-01-08 12:51:17,102 - Epoch  24 Validation set [recall@5: 0.0381 recall@10: 0.0625 recall@20: 0.0992 ] [ndcg@5: 0.0375 ndcg@10: 0.0459 ndcg@20: 0.0579 ] 
2026-01-08 12:51:22,351 - Epoch  27 Validation set [recall@5: 0.0390 recall@10: 0.0652 recall@20: 0.1014 ] [ndcg@5: 0.0384 ndcg@10: 0.0476 ndcg@20: 0.0593 ] 
2026-01-08 12:51:29,205 - Epoch  30 Validation set [recall@5: 0.0406 recall@10: 0.0668 recall@20: 0.1040 ] [ndcg@5: 0.0402 ndcg@10: 0.0492 ndcg@20: 0.0613 ] 
2026-01-08 12:51:36,006 - Epoch  33 Validation set [recall@5: 0.0417 recall@10: 0.0682 recall@20: 0.1046 ] [ndcg@5: 0.0411 ndcg@10: 0.0503 ndcg@20: 0.0622 ] 
2026-01-08 12:51:42,606 - Epoch  36 Validation set [recall@5: 0.0430 recall@10: 0.0699 recall@20: 0.1069 ] [ndcg@5: 0.0429 ndcg@10: 0.0520 ndcg@20: 0.0643 ] 
2026-01-08 12:51:49,312 - Epoch  39 Validation set [recall@5: 0.0443 recall@10: 0.0706 recall@20: 0.1083 ] [ndcg@5: 0.0438 ndcg@10: 0.0528 ndcg@20: 0.0652 ] 
2026-01-08 12:51:54,540 - Epoch  42 Validation set [recall@5: 0.0449 recall@10: 0.0718 recall@20: 0.1102 ] [ndcg@5: 0.0445 ndcg@10: 0.0537 ndcg@20: 0.0663 ] 
2026-01-08 12:52:01,149 - Epoch  45 Validation set [recall@5: 0.0453 recall@10: 0.0735 recall@20: 0.1120 ] [ndcg@5: 0.0449 ndcg@10: 0.0547 ndcg@20: 0.0673 ] 
2026-01-08 12:52:07,877 - Epoch  48 Validation set [recall@5: 0.0461 recall@10: 0.0735 recall@20: 0.1140 ] [ndcg@5: 0.0456 ndcg@10: 0.0550 ndcg@20: 0.0682 ] 
2026-01-08 12:52:14,278 - Epoch  51 Validation set [recall@5: 0.0465 recall@10: 0.0744 recall@20: 0.1151 ] [ndcg@5: 0.0459 ndcg@10: 0.0556 ndcg@20: 0.0689 ] 
2026-01-08 12:52:20,963 - Epoch  54 Validation set [recall@5: 0.0471 recall@10: 0.0755 recall@20: 0.1160 ] [ndcg@5: 0.0464 ndcg@10: 0.0564 ndcg@20: 0.0697 ] 
2026-01-08 12:52:26,459 - Epoch  57 Validation set [recall@5: 0.0471 recall@10: 0.0765 recall@20: 0.1177 ] [ndcg@5: 0.0467 ndcg@10: 0.0569 ndcg@20: 0.0704 ] 
2026-01-08 12:52:33,410 - Epoch  60 Validation set [recall@5: 0.0483 recall@10: 0.0765 recall@20: 0.1179 ] [ndcg@5: 0.0473 ndcg@10: 0.0572 ndcg@20: 0.0708 ] 
2026-01-08 12:52:40,208 - Epoch  63 Validation set [recall@5: 0.0485 recall@10: 0.0769 recall@20: 0.1190 ] [ndcg@5: 0.0477 ndcg@10: 0.0577 ndcg@20: 0.0714 ] 
2026-01-08 12:52:46,089 - Epoch  66 Validation set [recall@5: 0.0489 recall@10: 0.0778 recall@20: 0.1200 ] [ndcg@5: 0.0480 ndcg@10: 0.0582 ndcg@20: 0.0719 ] 
2026-01-08 12:52:52,838 - Epoch  69 Validation set [recall@5: 0.0490 recall@10: 0.0786 recall@20: 0.1214 ] [ndcg@5: 0.0483 ndcg@10: 0.0588 ndcg@20: 0.0727 ] 
2026-01-08 12:52:58,756 - Epoch  72 Validation set [recall@5: 0.0493 recall@10: 0.0789 recall@20: 0.1225 ] [ndcg@5: 0.0486 ndcg@10: 0.0591 ndcg@20: 0.0733 ] 
2026-01-08 12:53:05,431 - Epoch  75 Validation set [recall@5: 0.0495 recall@10: 0.0796 recall@20: 0.1221 ] [ndcg@5: 0.0488 ndcg@10: 0.0594 ndcg@20: 0.0733 ] 
2026-01-08 12:53:12,594 - Epoch  78 Validation set [recall@5: 0.0498 recall@10: 0.0800 recall@20: 0.1244 ] [ndcg@5: 0.0492 ndcg@10: 0.0598 ndcg@20: 0.0743 ] 
2026-01-08 12:53:18,332 - Epoch  81 Validation set [recall@5: 0.0501 recall@10: 0.0804 recall@20: 0.1253 ] [ndcg@5: 0.0494 ndcg@10: 0.0600 ndcg@20: 0.0746 ] 
2026-01-08 12:53:25,221 - Epoch  84 Validation set [recall@5: 0.0509 recall@10: 0.0812 recall@20: 0.1257 ] [ndcg@5: 0.0499 ndcg@10: 0.0605 ndcg@20: 0.0751 ] 
2026-01-08 12:53:31,437 - Epoch  87 Validation set [recall@5: 0.0505 recall@10: 0.0815 recall@20: 0.1263 ] [ndcg@5: 0.0499 ndcg@10: 0.0609 ndcg@20: 0.0755 ] 
2026-01-08 12:53:38,301 - Epoch  90 Validation set [recall@5: 0.0511 recall@10: 0.0824 recall@20: 0.1268 ] [ndcg@5: 0.0505 ndcg@10: 0.0612 ndcg@20: 0.0758 ] 
2026-01-08 12:53:45,156 - Epoch  93 Validation set [recall@5: 0.0509 recall@10: 0.0838 recall@20: 0.1275 ] [ndcg@5: 0.0505 ndcg@10: 0.0619 ndcg@20: 0.0762 ] 
2026-01-08 12:53:50,744 - Epoch  96 Validation set [recall@5: 0.0517 recall@10: 0.0837 recall@20: 0.1280 ] [ndcg@5: 0.0510 ndcg@10: 0.0618 ndcg@20: 0.0764 ] 
2026-01-08 12:53:57,830 - Epoch  99 Validation set [recall@5: 0.0515 recall@10: 0.0839 recall@20: 0.1291 ] [ndcg@5: 0.0509 ndcg@10: 0.0621 ndcg@20: 0.0769 ] 
2026-01-08 12:54:04,521 - Epoch 102 Validation set [recall@5: 0.0517 recall@10: 0.0846 recall@20: 0.1289 ] [ndcg@5: 0.0511 ndcg@10: 0.0625 ndcg@20: 0.0769 ] 
2026-01-08 12:54:11,370 - Epoch 105 Validation set [recall@5: 0.0519 recall@10: 0.0841 recall@20: 0.1292 ] [ndcg@5: 0.0516 ndcg@10: 0.0626 ndcg@20: 0.0773 ] 
2026-01-08 12:54:18,790 - Epoch 108 Validation set [recall@5: 0.0520 recall@10: 0.0851 recall@20: 0.1297 ] [ndcg@5: 0.0515 ndcg@10: 0.0630 ndcg@20: 0.0775 ] 
2026-01-08 12:54:24,765 - Epoch 111 Validation set [recall@5: 0.0527 recall@10: 0.0851 recall@20: 0.1307 ] [ndcg@5: 0.0522 ndcg@10: 0.0634 ndcg@20: 0.0782 ] 
2026-01-08 12:54:31,843 - Epoch 114 Validation set [recall@5: 0.0533 recall@10: 0.0855 recall@20: 0.1312 ] [ndcg@5: 0.0526 ndcg@10: 0.0637 ndcg@20: 0.0786 ] 
2026-01-08 12:54:39,571 - Epoch 117 Validation set [recall@5: 0.0538 recall@10: 0.0860 recall@20: 0.1315 ] [ndcg@5: 0.0528 ndcg@10: 0.0638 ndcg@20: 0.0787 ] 
2026-01-08 12:54:46,396 - Epoch 120 Validation set [recall@5: 0.0538 recall@10: 0.0868 recall@20: 0.1316 ] [ndcg@5: 0.0531 ndcg@10: 0.0645 ndcg@20: 0.0792 ] 
2026-01-08 12:54:54,030 - Epoch 123 Validation set [recall@5: 0.0542 recall@10: 0.0866 recall@20: 0.1318 ] [ndcg@5: 0.0535 ndcg@10: 0.0646 ndcg@20: 0.0794 ] 
2026-01-08 12:55:00,313 - Epoch 126 Validation set [recall@5: 0.0550 recall@10: 0.0857 recall@20: 0.1319 ] [ndcg@5: 0.0541 ndcg@10: 0.0644 ndcg@20: 0.0795 ] 
2026-01-08 12:55:07,894 - Epoch 129 Validation set [recall@5: 0.0555 recall@10: 0.0861 recall@20: 0.1327 ] [ndcg@5: 0.0545 ndcg@10: 0.0649 ndcg@20: 0.0801 ] 
2026-01-08 12:55:15,541 - Epoch 132 Validation set [recall@5: 0.0550 recall@10: 0.0863 recall@20: 0.1326 ] [ndcg@5: 0.0541 ndcg@10: 0.0648 ndcg@20: 0.0800 ] 
2026-01-08 12:55:22,641 - Epoch 135 Validation set [recall@5: 0.0553 recall@10: 0.0866 recall@20: 0.1332 ] [ndcg@5: 0.0543 ndcg@10: 0.0650 ndcg@20: 0.0803 ] 
2026-01-08 12:55:30,690 - Epoch 138 Validation set [recall@5: 0.0556 recall@10: 0.0869 recall@20: 0.1333 ] [ndcg@5: 0.0548 ndcg@10: 0.0654 ndcg@20: 0.0806 ] 
2026-01-08 12:55:37,029 - Epoch 141 Validation set [recall@5: 0.0562 recall@10: 0.0875 recall@20: 0.1336 ] [ndcg@5: 0.0550 ndcg@10: 0.0656 ndcg@20: 0.0807 ] 
2026-01-08 12:55:44,965 - Epoch 144 Validation set [recall@5: 0.0560 recall@10: 0.0873 recall@20: 0.1342 ] [ndcg@5: 0.0549 ndcg@10: 0.0655 ndcg@20: 0.0809 ] 
2026-01-08 12:55:52,091 - Epoch 147 Validation set [recall@5: 0.0564 recall@10: 0.0877 recall@20: 0.1344 ] [ndcg@5: 0.0553 ndcg@10: 0.0659 ndcg@20: 0.0812 ] 
2026-01-08 12:55:59,402 - Epoch 150 Validation set [recall@5: 0.0563 recall@10: 0.0885 recall@20: 0.1348 ] [ndcg@5: 0.0552 ndcg@10: 0.0662 ndcg@20: 0.0813 ] 
2026-01-08 12:56:06,985 - Epoch 153 Validation set [recall@5: 0.0554 recall@10: 0.0881 recall@20: 0.1356 ] [ndcg@5: 0.0547 ndcg@10: 0.0660 ndcg@20: 0.0815 ] 
2026-01-08 12:56:13,699 - Epoch 156 Validation set [recall@5: 0.0558 recall@10: 0.0876 recall@20: 0.1360 ] [ndcg@5: 0.0552 ndcg@10: 0.0660 ndcg@20: 0.0818 ] 
2026-01-08 12:56:21,456 - Epoch 159 Validation set [recall@5: 0.0563 recall@10: 0.0891 recall@20: 0.1370 ] [ndcg@5: 0.0558 ndcg@10: 0.0669 ndcg@20: 0.0825 ] 
2026-01-08 12:56:28,242 - Epoch 162 Validation set [recall@5: 0.0566 recall@10: 0.0881 recall@20: 0.1374 ] [ndcg@5: 0.0556 ndcg@10: 0.0663 ndcg@20: 0.0824 ] 
2026-01-08 12:56:36,130 - Epoch 165 Validation set [recall@5: 0.0569 recall@10: 0.0886 recall@20: 0.1373 ] [ndcg@5: 0.0560 ndcg@10: 0.0669 ndcg@20: 0.0827 ] 
2026-01-08 12:56:43,927 - Epoch 168 Validation set [recall@5: 0.0578 recall@10: 0.0894 recall@20: 0.1384 ] [ndcg@5: 0.0566 ndcg@10: 0.0673 ndcg@20: 0.0832 ] 
2026-01-08 12:56:51,213 - Epoch 171 Validation set [recall@5: 0.0577 recall@10: 0.0894 recall@20: 0.1401 ] [ndcg@5: 0.0568 ndcg@10: 0.0674 ndcg@20: 0.0838 ] 
2026-01-08 12:56:59,088 - Epoch 174 Validation set [recall@5: 0.0574 recall@10: 0.0885 recall@20: 0.1405 ] [ndcg@5: 0.0568 ndcg@10: 0.0673 ndcg@20: 0.0841 ] 
2026-01-08 12:57:05,553 - Epoch 177 Validation set [recall@5: 0.0565 recall@10: 0.0895 recall@20: 0.1408 ] [ndcg@5: 0.0563 ndcg@10: 0.0675 ndcg@20: 0.0840 ] 
2026-01-08 12:57:13,150 - Epoch 180 Validation set [recall@5: 0.0562 recall@10: 0.0893 recall@20: 0.1412 ] [ndcg@5: 0.0563 ndcg@10: 0.0675 ndcg@20: 0.0844 ] 
2026-01-08 12:57:20,602 - Epoch 183 Validation set [recall@5: 0.0566 recall@10: 0.0888 recall@20: 0.1407 ] [ndcg@5: 0.0566 ndcg@10: 0.0676 ndcg@20: 0.0844 ] 
2026-01-08 12:57:27,819 - Epoch 186 Validation set [recall@5: 0.0576 recall@10: 0.0906 recall@20: 0.1424 ] [ndcg@5: 0.0572 ndcg@10: 0.0683 ndcg@20: 0.0850 ] 
2026-01-08 12:57:35,259 - Epoch 189 Validation set [recall@5: 0.0571 recall@10: 0.0908 recall@20: 0.1420 ] [ndcg@5: 0.0570 ndcg@10: 0.0685 ndcg@20: 0.0851 ] 
2026-01-08 12:57:41,585 - Epoch 192 Validation set [recall@5: 0.0577 recall@10: 0.0900 recall@20: 0.1422 ] [ndcg@5: 0.0577 ndcg@10: 0.0685 ndcg@20: 0.0853 ] 
2026-01-08 12:57:49,044 - Epoch 195 Validation set [recall@5: 0.0576 recall@10: 0.0900 recall@20: 0.1423 ] [ndcg@5: 0.0576 ndcg@10: 0.0685 ndcg@20: 0.0854 ] 
2026-01-08 12:57:56,440 - Epoch 198 Validation set [recall@5: 0.0578 recall@10: 0.0904 recall@20: 0.1415 ] [ndcg@5: 0.0579 ndcg@10: 0.0689 ndcg@20: 0.0853 ] 
2026-01-08 12:58:02,603 - Epoch 201 Validation set [recall@5: 0.0575 recall@10: 0.0906 recall@20: 0.1421 ] [ndcg@5: 0.0575 ndcg@10: 0.0686 ndcg@20: 0.0852 ] 
2026-01-08 12:58:05,030 - [recall@5: 0.0576 recall@10: 0.0906 recall@20: 0.1424 ] [ndcg@5: 0.0572 ndcg@10: 0.0683 ndcg@20: 0.0850 ] 
2026-01-08 12:58:07,324 - [recall@5: 0.0546 recall@10: 0.0889 recall@20: 0.1370 ] [ndcg@5: 0.0541 ndcg@10: 0.0661 ndcg@20: 0.0819 ] 
2026-01-08 12:58:07,335 - Save model parameters to ./encoder/checkpoint/gccf_plus/gccf_plus-amazon-2023.pth
2026-01-08 12:58:07,336 - Best Epoch 186. Final test result: {'recall': array([0.05456277, 0.08893515, 0.13701631]), 'ndcg': array([0.0541078 , 0.06613894, 0.08186345])}.
