2026-01-08 12:51:11,452 - {'optimizer': {'name': 'adam', 'lr': 0.001, 'weight_decay': 0}, 'train': {'epoch': 3000, 'batch_size': 4096, 'save_model': True, 'loss': 'pairwise', 'test_step': 3, 'reproducible': True, 'seed': 2023, 'patience': 5}, 'test': {'metrics': ['recall', 'ndcg'], 'k': [5, 10, 20], 'batch_size': 1024}, 'data': {'type': 'general_cf', 'name': 'steam', 'user_num': 23310, 'item_num': 5237}, 'model': {'name': 'gccf_plus', 'keep_rate': 0.8, 'embedding_size': 32, 'layer_num': 3, 'reg_weight': 1e-06, 'kd_weight': 0.001, 'kd_temperature': 0.1, 'amazon': {'layer_num': 2, 'reg_weight': 1e-06, 'kd_weight': 0.001, 'kd_temperature': 0.1}, 'yelp': {'layer_num': 2, 'reg_weight': 1e-06, 'kd_weight': 0.001, 'kd_temperature': 0.2}, 'steam': {'layer_num': 2, 'reg_weight': 1e-06, 'kd_weight': 0.01, 'kd_temperature': 0.5}}}
2026-01-08 12:51:20,093 - Epoch   0 Validation set [recall@5: 0.0201 recall@10: 0.0336 recall@20: 0.0526 ] [ndcg@5: 0.0217 ndcg@10: 0.0264 ndcg@20: 0.0329 ] 
2026-01-08 12:51:36,788 - Epoch   3 Validation set [recall@5: 0.0401 recall@10: 0.0651 recall@20: 0.1034 ] [ndcg@5: 0.0440 ndcg@10: 0.0521 ndcg@20: 0.0650 ] 
2026-01-08 12:51:52,616 - Epoch   6 Validation set [recall@5: 0.0395 recall@10: 0.0665 recall@20: 0.1066 ] [ndcg@5: 0.0464 ndcg@10: 0.0549 ndcg@20: 0.0680 ] 
2026-01-08 12:52:08,933 - Epoch   9 Validation set [recall@5: 0.0440 recall@10: 0.0749 recall@20: 0.1198 ] [ndcg@5: 0.0506 ndcg@10: 0.0606 ndcg@20: 0.0756 ] 
2026-01-08 12:52:25,246 - Epoch  12 Validation set [recall@5: 0.0479 recall@10: 0.0805 recall@20: 0.1281 ] [ndcg@5: 0.0544 ndcg@10: 0.0649 ndcg@20: 0.0809 ] 
2026-01-08 12:52:41,512 - Epoch  15 Validation set [recall@5: 0.0509 recall@10: 0.0836 recall@20: 0.1327 ] [ndcg@5: 0.0569 ndcg@10: 0.0674 ndcg@20: 0.0839 ] 
2026-01-08 12:52:57,633 - Epoch  18 Validation set [recall@5: 0.0523 recall@10: 0.0849 recall@20: 0.1357 ] [ndcg@5: 0.0581 ndcg@10: 0.0685 ndcg@20: 0.0856 ] 
2026-01-08 12:53:14,334 - Epoch  21 Validation set [recall@5: 0.0533 recall@10: 0.0863 recall@20: 0.1376 ] [ndcg@5: 0.0589 ndcg@10: 0.0696 ndcg@20: 0.0869 ] 
2026-01-08 12:53:30,684 - Epoch  24 Validation set [recall@5: 0.0539 recall@10: 0.0879 recall@20: 0.1385 ] [ndcg@5: 0.0594 ndcg@10: 0.0703 ndcg@20: 0.0875 ] 
2026-01-08 12:53:47,725 - Epoch  27 Validation set [recall@5: 0.0536 recall@10: 0.0876 recall@20: 0.1393 ] [ndcg@5: 0.0594 ndcg@10: 0.0705 ndcg@20: 0.0880 ] 
2026-01-08 12:54:04,649 - Epoch  30 Validation set [recall@5: 0.0540 recall@10: 0.0879 recall@20: 0.1402 ] [ndcg@5: 0.0599 ndcg@10: 0.0710 ndcg@20: 0.0887 ] 
2026-01-08 12:54:22,115 - Epoch  33 Validation set [recall@5: 0.0540 recall@10: 0.0876 recall@20: 0.1404 ] [ndcg@5: 0.0600 ndcg@10: 0.0709 ndcg@20: 0.0889 ] 
2026-01-08 12:54:40,708 - Epoch  36 Validation set [recall@5: 0.0545 recall@10: 0.0884 recall@20: 0.1411 ] [ndcg@5: 0.0604 ndcg@10: 0.0714 ndcg@20: 0.0894 ] 
2026-01-08 12:54:58,248 - Epoch  39 Validation set [recall@5: 0.0539 recall@10: 0.0884 recall@20: 0.1411 ] [ndcg@5: 0.0602 ndcg@10: 0.0714 ndcg@20: 0.0893 ] 
2026-01-08 12:55:16,659 - Epoch  42 Validation set [recall@5: 0.0545 recall@10: 0.0888 recall@20: 0.1415 ] [ndcg@5: 0.0604 ndcg@10: 0.0715 ndcg@20: 0.0893 ] 
2026-01-08 12:55:34,292 - Epoch  45 Validation set [recall@5: 0.0547 recall@10: 0.0887 recall@20: 0.1416 ] [ndcg@5: 0.0608 ndcg@10: 0.0718 ndcg@20: 0.0897 ] 
2026-01-08 12:55:51,719 - Epoch  48 Validation set [recall@5: 0.0544 recall@10: 0.0891 recall@20: 0.1416 ] [ndcg@5: 0.0606 ndcg@10: 0.0720 ndcg@20: 0.0896 ] 
2026-01-08 12:56:09,339 - Epoch  51 Validation set [recall@5: 0.0545 recall@10: 0.0888 recall@20: 0.1417 ] [ndcg@5: 0.0607 ndcg@10: 0.0719 ndcg@20: 0.0897 ] 
2026-01-08 12:56:27,267 - Epoch  54 Validation set [recall@5: 0.0547 recall@10: 0.0891 recall@20: 0.1422 ] [ndcg@5: 0.0607 ndcg@10: 0.0719 ndcg@20: 0.0898 ] 
2026-01-08 12:56:45,421 - Epoch  57 Validation set [recall@5: 0.0551 recall@10: 0.0889 recall@20: 0.1416 ] [ndcg@5: 0.0610 ndcg@10: 0.0720 ndcg@20: 0.0897 ] 
2026-01-08 12:57:03,993 - Epoch  60 Validation set [recall@5: 0.0545 recall@10: 0.0885 recall@20: 0.1412 ] [ndcg@5: 0.0605 ndcg@10: 0.0716 ndcg@20: 0.0894 ] 
2026-01-08 12:57:22,106 - Epoch  63 Validation set [recall@5: 0.0543 recall@10: 0.0884 recall@20: 0.1412 ] [ndcg@5: 0.0604 ndcg@10: 0.0716 ndcg@20: 0.0894 ] 
2026-01-08 12:57:39,179 - Epoch  66 Validation set [recall@5: 0.0540 recall@10: 0.0889 recall@20: 0.1406 ] [ndcg@5: 0.0603 ndcg@10: 0.0718 ndcg@20: 0.0892 ] 
2026-01-08 12:57:57,974 - Epoch  69 Validation set [recall@5: 0.0542 recall@10: 0.0888 recall@20: 0.1404 ] [ndcg@5: 0.0604 ndcg@10: 0.0717 ndcg@20: 0.0891 ] 
2026-01-08 12:58:01,885 - [recall@5: 0.0547 recall@10: 0.0891 recall@20: 0.1422 ] [ndcg@5: 0.0607 ndcg@10: 0.0719 ndcg@20: 0.0898 ] 
2026-01-08 12:58:05,760 - [recall@5: 0.0535 recall@10: 0.0880 recall@20: 0.1403 ] [ndcg@5: 0.0598 ndcg@10: 0.0712 ndcg@20: 0.0889 ] 
2026-01-08 12:58:05,777 - Save model parameters to ./encoder/checkpoint/gccf_plus/gccf_plus-steam-2023.pth
2026-01-08 12:58:05,777 - Best Epoch 54. Final test result: {'recall': array([0.05353633, 0.08799419, 0.14030561]), 'ndcg': array([0.05979977, 0.07122239, 0.08890215])}.
