2026-01-08 12:49:46,082 - {'optimizer': {'name': 'adam', 'lr': 0.001, 'weight_decay': 0}, 'train': {'epoch': 3000, 'batch_size': 4096, 'save_model': True, 'loss': 'pairwise', 'test_step': 3, 'reproducible': True, 'seed': 2023, 'patience': 5}, 'test': {'metrics': ['recall', 'ndcg'], 'k': [5, 10, 20], 'batch_size': 1024}, 'data': {'type': 'general_cf', 'name': 'yelp', 'user_num': 11091, 'item_num': 11010}, 'model': {'name': 'gccf_plus', 'keep_rate': 0.8, 'embedding_size': 32, 'layer_num': 3, 'reg_weight': 1e-06, 'kd_weight': 0.001, 'kd_temperature': 0.1, 'amazon': {'layer_num': 2, 'reg_weight': 1e-06, 'kd_weight': 0.001, 'kd_temperature': 0.1}, 'yelp': {'layer_num': 2, 'reg_weight': 1e-06, 'kd_weight': 0.001, 'kd_temperature': 0.2}, 'steam': {'layer_num': 2, 'reg_weight': 1e-06, 'kd_weight': 0.01, 'kd_temperature': 0.5}}}
2026-01-08 12:49:50,519 - Epoch   0 Validation set [recall@5: 0.0256 recall@10: 0.0437 recall@20: 0.0737 ] [ndcg@5: 0.0320 ndcg@10: 0.0370 ndcg@20: 0.0468 ] 
2026-01-08 12:49:56,991 - Epoch   3 Validation set [recall@5: 0.0315 recall@10: 0.0511 recall@20: 0.0836 ] [ndcg@5: 0.0380 ndcg@10: 0.0434 ndcg@20: 0.0544 ] 
2026-01-08 12:50:03,400 - Epoch   6 Validation set [recall@5: 0.0314 recall@10: 0.0521 recall@20: 0.0859 ] [ndcg@5: 0.0381 ndcg@10: 0.0442 ndcg@20: 0.0556 ] 
2026-01-08 12:50:09,819 - Epoch   9 Validation set [recall@5: 0.0318 recall@10: 0.0531 recall@20: 0.0865 ] [ndcg@5: 0.0383 ndcg@10: 0.0446 ndcg@20: 0.0560 ] 
2026-01-08 12:50:16,455 - Epoch  12 Validation set [recall@5: 0.0325 recall@10: 0.0537 recall@20: 0.0878 ] [ndcg@5: 0.0389 ndcg@10: 0.0451 ndcg@20: 0.0566 ] 
2026-01-08 12:50:23,336 - Epoch  15 Validation set [recall@5: 0.0330 recall@10: 0.0545 recall@20: 0.0888 ] [ndcg@5: 0.0390 ndcg@10: 0.0455 ndcg@20: 0.0570 ] 
2026-01-08 12:50:30,017 - Epoch  18 Validation set [recall@5: 0.0326 recall@10: 0.0544 recall@20: 0.0894 ] [ndcg@5: 0.0388 ndcg@10: 0.0455 ndcg@20: 0.0574 ] 
2026-01-08 12:50:36,640 - Epoch  21 Validation set [recall@5: 0.0327 recall@10: 0.0554 recall@20: 0.0895 ] [ndcg@5: 0.0391 ndcg@10: 0.0460 ndcg@20: 0.0576 ] 
2026-01-08 12:50:43,246 - Epoch  24 Validation set [recall@5: 0.0331 recall@10: 0.0551 recall@20: 0.0906 ] [ndcg@5: 0.0393 ndcg@10: 0.0460 ndcg@20: 0.0580 ] 
2026-01-08 12:50:49,803 - Epoch  27 Validation set [recall@5: 0.0330 recall@10: 0.0553 recall@20: 0.0916 ] [ndcg@5: 0.0393 ndcg@10: 0.0462 ndcg@20: 0.0584 ] 
2026-01-08 12:50:56,731 - Epoch  30 Validation set [recall@5: 0.0334 recall@10: 0.0566 recall@20: 0.0926 ] [ndcg@5: 0.0396 ndcg@10: 0.0468 ndcg@20: 0.0589 ] 
2026-01-08 12:51:03,561 - Epoch  33 Validation set [recall@5: 0.0338 recall@10: 0.0569 recall@20: 0.0937 ] [ndcg@5: 0.0400 ndcg@10: 0.0472 ndcg@20: 0.0596 ] 
2026-01-08 12:51:10,195 - Epoch  36 Validation set [recall@5: 0.0341 recall@10: 0.0578 recall@20: 0.0943 ] [ndcg@5: 0.0405 ndcg@10: 0.0478 ndcg@20: 0.0601 ] 
2026-01-08 12:51:16,790 - Epoch  39 Validation set [recall@5: 0.0339 recall@10: 0.0580 recall@20: 0.0950 ] [ndcg@5: 0.0405 ndcg@10: 0.0480 ndcg@20: 0.0604 ] 
2026-01-08 12:51:23,632 - Epoch  42 Validation set [recall@5: 0.0347 recall@10: 0.0587 recall@20: 0.0961 ] [ndcg@5: 0.0410 ndcg@10: 0.0483 ndcg@20: 0.0610 ] 
2026-01-08 12:51:30,405 - Epoch  45 Validation set [recall@5: 0.0350 recall@10: 0.0580 recall@20: 0.0971 ] [ndcg@5: 0.0411 ndcg@10: 0.0480 ndcg@20: 0.0613 ] 
2026-01-08 12:51:37,369 - Epoch  48 Validation set [recall@5: 0.0354 recall@10: 0.0590 recall@20: 0.0976 ] [ndcg@5: 0.0411 ndcg@10: 0.0484 ndcg@20: 0.0614 ] 
2026-01-08 12:51:44,307 - Epoch  51 Validation set [recall@5: 0.0353 recall@10: 0.0596 recall@20: 0.0986 ] [ndcg@5: 0.0414 ndcg@10: 0.0490 ndcg@20: 0.0620 ] 
2026-01-08 12:51:50,915 - Epoch  54 Validation set [recall@5: 0.0352 recall@10: 0.0594 recall@20: 0.1002 ] [ndcg@5: 0.0416 ndcg@10: 0.0490 ndcg@20: 0.0628 ] 
2026-01-08 12:51:57,677 - Epoch  57 Validation set [recall@5: 0.0348 recall@10: 0.0596 recall@20: 0.1005 ] [ndcg@5: 0.0415 ndcg@10: 0.0492 ndcg@20: 0.0630 ] 
2026-01-08 12:52:04,132 - Epoch  60 Validation set [recall@5: 0.0347 recall@10: 0.0604 recall@20: 0.1012 ] [ndcg@5: 0.0417 ndcg@10: 0.0497 ndcg@20: 0.0635 ] 
2026-01-08 12:52:10,942 - Epoch  63 Validation set [recall@5: 0.0351 recall@10: 0.0602 recall@20: 0.1021 ] [ndcg@5: 0.0421 ndcg@10: 0.0499 ndcg@20: 0.0640 ] 
2026-01-08 12:52:17,738 - Epoch  66 Validation set [recall@5: 0.0351 recall@10: 0.0609 recall@20: 0.1016 ] [ndcg@5: 0.0422 ndcg@10: 0.0502 ndcg@20: 0.0641 ] 
2026-01-08 12:52:24,455 - Epoch  69 Validation set [recall@5: 0.0351 recall@10: 0.0612 recall@20: 0.1028 ] [ndcg@5: 0.0423 ndcg@10: 0.0505 ndcg@20: 0.0646 ] 
2026-01-08 12:52:31,156 - Epoch  72 Validation set [recall@5: 0.0356 recall@10: 0.0616 recall@20: 0.1037 ] [ndcg@5: 0.0428 ndcg@10: 0.0509 ndcg@20: 0.0651 ] 
2026-01-08 12:52:37,696 - Epoch  75 Validation set [recall@5: 0.0359 recall@10: 0.0616 recall@20: 0.1042 ] [ndcg@5: 0.0428 ndcg@10: 0.0509 ndcg@20: 0.0652 ] 
2026-01-08 12:52:44,365 - Epoch  78 Validation set [recall@5: 0.0363 recall@10: 0.0621 recall@20: 0.1044 ] [ndcg@5: 0.0433 ndcg@10: 0.0513 ndcg@20: 0.0656 ] 
2026-01-08 12:52:51,183 - Epoch  81 Validation set [recall@5: 0.0362 recall@10: 0.0628 recall@20: 0.1042 ] [ndcg@5: 0.0434 ndcg@10: 0.0517 ndcg@20: 0.0658 ] 
2026-01-08 12:52:58,010 - Epoch  84 Validation set [recall@5: 0.0360 recall@10: 0.0625 recall@20: 0.1046 ] [ndcg@5: 0.0436 ndcg@10: 0.0519 ndcg@20: 0.0662 ] 
2026-01-08 12:53:05,033 - Epoch  87 Validation set [recall@5: 0.0358 recall@10: 0.0629 recall@20: 0.1052 ] [ndcg@5: 0.0432 ndcg@10: 0.0519 ndcg@20: 0.0663 ] 
2026-01-08 12:53:11,686 - Epoch  90 Validation set [recall@5: 0.0360 recall@10: 0.0626 recall@20: 0.1054 ] [ndcg@5: 0.0436 ndcg@10: 0.0520 ndcg@20: 0.0665 ] 
2026-01-08 12:53:18,247 - Epoch  93 Validation set [recall@5: 0.0365 recall@10: 0.0633 recall@20: 0.1058 ] [ndcg@5: 0.0438 ndcg@10: 0.0522 ndcg@20: 0.0668 ] 
2026-01-08 12:53:25,044 - Epoch  96 Validation set [recall@5: 0.0366 recall@10: 0.0638 recall@20: 0.1064 ] [ndcg@5: 0.0436 ndcg@10: 0.0523 ndcg@20: 0.0669 ] 
2026-01-08 12:53:32,302 - Epoch  99 Validation set [recall@5: 0.0369 recall@10: 0.0640 recall@20: 0.1060 ] [ndcg@5: 0.0442 ndcg@10: 0.0527 ndcg@20: 0.0671 ] 
2026-01-08 12:53:39,259 - Epoch 102 Validation set [recall@5: 0.0370 recall@10: 0.0641 recall@20: 0.1063 ] [ndcg@5: 0.0446 ndcg@10: 0.0530 ndcg@20: 0.0675 ] 
2026-01-08 12:53:46,233 - Epoch 105 Validation set [recall@5: 0.0370 recall@10: 0.0652 recall@20: 0.1073 ] [ndcg@5: 0.0446 ndcg@10: 0.0535 ndcg@20: 0.0679 ] 
2026-01-08 12:53:53,193 - Epoch 108 Validation set [recall@5: 0.0374 recall@10: 0.0648 recall@20: 0.1073 ] [ndcg@5: 0.0448 ndcg@10: 0.0534 ndcg@20: 0.0681 ] 
2026-01-08 12:54:00,268 - Epoch 111 Validation set [recall@5: 0.0375 recall@10: 0.0655 recall@20: 0.1076 ] [ndcg@5: 0.0447 ndcg@10: 0.0536 ndcg@20: 0.0680 ] 
2026-01-08 12:54:07,347 - Epoch 114 Validation set [recall@5: 0.0367 recall@10: 0.0658 recall@20: 0.1081 ] [ndcg@5: 0.0445 ndcg@10: 0.0540 ndcg@20: 0.0684 ] 
2026-01-08 12:54:14,417 - Epoch 117 Validation set [recall@5: 0.0372 recall@10: 0.0664 recall@20: 0.1081 ] [ndcg@5: 0.0448 ndcg@10: 0.0542 ndcg@20: 0.0684 ] 
2026-01-08 12:54:22,294 - Epoch 120 Validation set [recall@5: 0.0378 recall@10: 0.0659 recall@20: 0.1084 ] [ndcg@5: 0.0452 ndcg@10: 0.0542 ndcg@20: 0.0686 ] 
2026-01-08 12:54:29,489 - Epoch 123 Validation set [recall@5: 0.0380 recall@10: 0.0671 recall@20: 0.1091 ] [ndcg@5: 0.0453 ndcg@10: 0.0547 ndcg@20: 0.0690 ] 
2026-01-08 12:54:37,476 - Epoch 126 Validation set [recall@5: 0.0385 recall@10: 0.0663 recall@20: 0.1095 ] [ndcg@5: 0.0457 ndcg@10: 0.0547 ndcg@20: 0.0693 ] 
2026-01-08 12:54:45,251 - Epoch 129 Validation set [recall@5: 0.0381 recall@10: 0.0665 recall@20: 0.1084 ] [ndcg@5: 0.0455 ndcg@10: 0.0546 ndcg@20: 0.0689 ] 
2026-01-08 12:54:53,470 - Epoch 132 Validation set [recall@5: 0.0381 recall@10: 0.0665 recall@20: 0.1092 ] [ndcg@5: 0.0455 ndcg@10: 0.0546 ndcg@20: 0.0692 ] 
2026-01-08 12:55:01,572 - Epoch 135 Validation set [recall@5: 0.0385 recall@10: 0.0662 recall@20: 0.1095 ] [ndcg@5: 0.0457 ndcg@10: 0.0545 ndcg@20: 0.0693 ] 
2026-01-08 12:55:09,306 - Epoch 138 Validation set [recall@5: 0.0386 recall@10: 0.0668 recall@20: 0.1100 ] [ndcg@5: 0.0459 ndcg@10: 0.0549 ndcg@20: 0.0696 ] 
2026-01-08 12:55:17,663 - Epoch 141 Validation set [recall@5: 0.0392 recall@10: 0.0669 recall@20: 0.1102 ] [ndcg@5: 0.0461 ndcg@10: 0.0549 ndcg@20: 0.0697 ] 
2026-01-08 12:55:25,165 - Epoch 144 Validation set [recall@5: 0.0393 recall@10: 0.0675 recall@20: 0.1099 ] [ndcg@5: 0.0465 ndcg@10: 0.0553 ndcg@20: 0.0698 ] 
2026-01-08 12:55:32,818 - Epoch 147 Validation set [recall@5: 0.0393 recall@10: 0.0676 recall@20: 0.1107 ] [ndcg@5: 0.0465 ndcg@10: 0.0555 ndcg@20: 0.0701 ] 
2026-01-08 12:55:40,890 - Epoch 150 Validation set [recall@5: 0.0392 recall@10: 0.0675 recall@20: 0.1112 ] [ndcg@5: 0.0466 ndcg@10: 0.0556 ndcg@20: 0.0704 ] 
2026-01-08 12:55:48,459 - Epoch 153 Validation set [recall@5: 0.0394 recall@10: 0.0678 recall@20: 0.1110 ] [ndcg@5: 0.0468 ndcg@10: 0.0557 ndcg@20: 0.0704 ] 
2026-01-08 12:55:56,271 - Epoch 156 Validation set [recall@5: 0.0397 recall@10: 0.0678 recall@20: 0.1115 ] [ndcg@5: 0.0468 ndcg@10: 0.0558 ndcg@20: 0.0706 ] 
2026-01-08 12:56:03,929 - Epoch 159 Validation set [recall@5: 0.0396 recall@10: 0.0677 recall@20: 0.1123 ] [ndcg@5: 0.0469 ndcg@10: 0.0557 ndcg@20: 0.0708 ] 
2026-01-08 12:56:11,953 - Epoch 162 Validation set [recall@5: 0.0392 recall@10: 0.0674 recall@20: 0.1128 ] [ndcg@5: 0.0468 ndcg@10: 0.0557 ndcg@20: 0.0710 ] 
2026-01-08 12:56:19,597 - Epoch 165 Validation set [recall@5: 0.0394 recall@10: 0.0682 recall@20: 0.1120 ] [ndcg@5: 0.0470 ndcg@10: 0.0560 ndcg@20: 0.0709 ] 
2026-01-08 12:56:27,480 - Epoch 168 Validation set [recall@5: 0.0397 recall@10: 0.0683 recall@20: 0.1116 ] [ndcg@5: 0.0471 ndcg@10: 0.0560 ndcg@20: 0.0708 ] 
2026-01-08 12:56:34,963 - Epoch 171 Validation set [recall@5: 0.0394 recall@10: 0.0690 recall@20: 0.1129 ] [ndcg@5: 0.0472 ndcg@10: 0.0566 ndcg@20: 0.0715 ] 
2026-01-08 12:56:43,359 - Epoch 174 Validation set [recall@5: 0.0397 recall@10: 0.0685 recall@20: 0.1136 ] [ndcg@5: 0.0473 ndcg@10: 0.0564 ndcg@20: 0.0717 ] 
2026-01-08 12:56:51,943 - Epoch 177 Validation set [recall@5: 0.0401 recall@10: 0.0682 recall@20: 0.1131 ] [ndcg@5: 0.0476 ndcg@10: 0.0564 ndcg@20: 0.0717 ] 
2026-01-08 12:57:00,068 - Epoch 180 Validation set [recall@5: 0.0397 recall@10: 0.0686 recall@20: 0.1137 ] [ndcg@5: 0.0474 ndcg@10: 0.0565 ndcg@20: 0.0719 ] 
2026-01-08 12:57:08,065 - Epoch 183 Validation set [recall@5: 0.0400 recall@10: 0.0686 recall@20: 0.1136 ] [ndcg@5: 0.0477 ndcg@10: 0.0566 ndcg@20: 0.0720 ] 
2026-01-08 12:57:16,038 - Epoch 186 Validation set [recall@5: 0.0397 recall@10: 0.0687 recall@20: 0.1142 ] [ndcg@5: 0.0475 ndcg@10: 0.0568 ndcg@20: 0.0722 ] 
2026-01-08 12:57:24,108 - Epoch 189 Validation set [recall@5: 0.0406 recall@10: 0.0680 recall@20: 0.1142 ] [ndcg@5: 0.0479 ndcg@10: 0.0565 ndcg@20: 0.0721 ] 
2026-01-08 12:57:31,860 - Epoch 192 Validation set [recall@5: 0.0401 recall@10: 0.0686 recall@20: 0.1143 ] [ndcg@5: 0.0477 ndcg@10: 0.0566 ndcg@20: 0.0721 ] 
2026-01-08 12:57:39,986 - Epoch 195 Validation set [recall@5: 0.0399 recall@10: 0.0680 recall@20: 0.1152 ] [ndcg@5: 0.0476 ndcg@10: 0.0564 ndcg@20: 0.0725 ] 
2026-01-08 12:57:47,715 - Epoch 198 Validation set [recall@5: 0.0399 recall@10: 0.0686 recall@20: 0.1157 ] [ndcg@5: 0.0477 ndcg@10: 0.0568 ndcg@20: 0.0727 ] 
2026-01-08 12:57:55,588 - Epoch 201 Validation set [recall@5: 0.0397 recall@10: 0.0683 recall@20: 0.1153 ] [ndcg@5: 0.0477 ndcg@10: 0.0566 ndcg@20: 0.0727 ] 
2026-01-08 12:58:03,784 - Epoch 204 Validation set [recall@5: 0.0401 recall@10: 0.0689 recall@20: 0.1160 ] [ndcg@5: 0.0480 ndcg@10: 0.0570 ndcg@20: 0.0730 ] 
2026-01-08 12:58:11,998 - Epoch 207 Validation set [recall@5: 0.0399 recall@10: 0.0696 recall@20: 0.1154 ] [ndcg@5: 0.0477 ndcg@10: 0.0574 ndcg@20: 0.0729 ] 
2026-01-08 12:58:19,717 - Epoch 210 Validation set [recall@5: 0.0405 recall@10: 0.0690 recall@20: 0.1164 ] [ndcg@5: 0.0481 ndcg@10: 0.0571 ndcg@20: 0.0732 ] 
2026-01-08 12:58:27,403 - Epoch 213 Validation set [recall@5: 0.0405 recall@10: 0.0696 recall@20: 0.1166 ] [ndcg@5: 0.0482 ndcg@10: 0.0575 ndcg@20: 0.0734 ] 
2026-01-08 12:58:35,223 - Epoch 216 Validation set [recall@5: 0.0407 recall@10: 0.0697 recall@20: 0.1166 ] [ndcg@5: 0.0483 ndcg@10: 0.0574 ndcg@20: 0.0733 ] 
2026-01-08 12:58:42,886 - Epoch 219 Validation set [recall@5: 0.0411 recall@10: 0.0703 recall@20: 0.1167 ] [ndcg@5: 0.0485 ndcg@10: 0.0577 ndcg@20: 0.0734 ] 
2026-01-08 12:58:50,478 - Epoch 222 Validation set [recall@5: 0.0407 recall@10: 0.0698 recall@20: 0.1173 ] [ndcg@5: 0.0485 ndcg@10: 0.0576 ndcg@20: 0.0737 ] 
2026-01-08 12:58:57,870 - Epoch 225 Validation set [recall@5: 0.0403 recall@10: 0.0691 recall@20: 0.1174 ] [ndcg@5: 0.0482 ndcg@10: 0.0572 ndcg@20: 0.0736 ] 
2026-01-08 12:59:05,329 - Epoch 228 Validation set [recall@5: 0.0405 recall@10: 0.0699 recall@20: 0.1174 ] [ndcg@5: 0.0483 ndcg@10: 0.0576 ndcg@20: 0.0737 ] 
2026-01-08 12:59:12,743 - Epoch 231 Validation set [recall@5: 0.0407 recall@10: 0.0705 recall@20: 0.1182 ] [ndcg@5: 0.0485 ndcg@10: 0.0580 ndcg@20: 0.0740 ] 
2026-01-08 12:59:20,380 - Epoch 234 Validation set [recall@5: 0.0408 recall@10: 0.0715 recall@20: 0.1188 ] [ndcg@5: 0.0486 ndcg@10: 0.0584 ndcg@20: 0.0743 ] 
2026-01-08 12:59:27,859 - Epoch 237 Validation set [recall@5: 0.0407 recall@10: 0.0716 recall@20: 0.1187 ] [ndcg@5: 0.0486 ndcg@10: 0.0586 ndcg@20: 0.0744 ] 
2026-01-08 12:59:35,221 - Epoch 240 Validation set [recall@5: 0.0408 recall@10: 0.0717 recall@20: 0.1186 ] [ndcg@5: 0.0487 ndcg@10: 0.0585 ndcg@20: 0.0744 ] 
2026-01-08 12:59:42,368 - Epoch 243 Validation set [recall@5: 0.0410 recall@10: 0.0718 recall@20: 0.1188 ] [ndcg@5: 0.0489 ndcg@10: 0.0588 ndcg@20: 0.0746 ] 
2026-01-08 12:59:50,358 - Epoch 246 Validation set [recall@5: 0.0412 recall@10: 0.0717 recall@20: 0.1188 ] [ndcg@5: 0.0489 ndcg@10: 0.0585 ndcg@20: 0.0744 ] 
2026-01-08 12:59:58,075 - Epoch 249 Validation set [recall@5: 0.0417 recall@10: 0.0713 recall@20: 0.1188 ] [ndcg@5: 0.0494 ndcg@10: 0.0586 ndcg@20: 0.0746 ] 
2026-01-08 13:00:00,582 - [recall@5: 0.0408 recall@10: 0.0715 recall@20: 0.1188 ] [ndcg@5: 0.0486 ndcg@10: 0.0584 ndcg@20: 0.0743 ] 
2026-01-08 13:00:03,284 - [recall@5: 0.0410 recall@10: 0.0684 recall@20: 0.1149 ] [ndcg@5: 0.0480 ndcg@10: 0.0568 ndcg@20: 0.0727 ] 
2026-01-08 13:00:03,297 - Save model parameters to ./encoder/checkpoint/gccf_plus/gccf_plus-yelp-2023.pth
2026-01-08 13:00:03,298 - Best Epoch 234. Final test result: {'recall': array([0.04103466, 0.0684194 , 0.11487834]), 'ndcg': array([0.04801556, 0.05677634, 0.07272741])}.
