2026-01-08 12:53:27,575 - {'optimizer': {'name': 'adam', 'lr': 0.001, 'weight_decay': 0}, 'train': {'epoch': 3000, 'batch_size': 4096, 'save_model': True, 'loss': 'pairwise', 'test_step': 3, 'reproducible': True, 'seed': 2023, 'patience': 5}, 'test': {'metrics': ['recall', 'ndcg'], 'k': [5, 10, 20], 'batch_size': 1024}, 'data': {'type': 'general_cf', 'name': 'steam', 'user_num': 23310, 'item_num': 5237}, 'model': {'name': 'lightgcn_plus', 'keep_rate': 0.8, 'embedding_size': 32, 'layer_num': 3, 'reg_weight': 1e-07, 'kd_weight': 0.01, 'kd_temperature': 0.2, 'amazon': {'layer_num': 3, 'reg_weight': 1e-07, 'kd_weight': 0.01, 'kd_temperature': 0.2}, 'yelp': {'layer_num': 3, 'reg_weight': 1e-07, 'kd_weight': 0.01, 'kd_temperature': 0.2}, 'steam': {'layer_num': 3, 'reg_weight': 1e-08, 'kd_weight': 0.001, 'kd_temperature': 0.1}}}
2026-01-08 12:53:43,606 - Epoch   0 Validation set [recall@5: 0.0352 recall@10: 0.0574 recall@20: 0.0926 ] [ndcg@5: 0.0415 ndcg@10: 0.0482 ndcg@20: 0.0595 ] 
2026-01-08 12:54:27,602 - Epoch   3 Validation set [recall@5: 0.0357 recall@10: 0.0596 recall@20: 0.0946 ] [ndcg@5: 0.0423 ndcg@10: 0.0497 ndcg@20: 0.0610 ] 
2026-01-08 12:55:26,940 - Epoch   6 Validation set [recall@5: 0.0378 recall@10: 0.0646 recall@20: 0.1049 ] [ndcg@5: 0.0443 ndcg@10: 0.0530 ndcg@20: 0.0663 ] 
2026-01-08 12:56:28,682 - Epoch   9 Validation set [recall@5: 0.0416 recall@10: 0.0708 recall@20: 0.1147 ] [ndcg@5: 0.0481 ndcg@10: 0.0575 ndcg@20: 0.0720 ] 
2026-01-08 12:57:29,112 - Epoch  12 Validation set [recall@5: 0.0444 recall@10: 0.0746 recall@20: 0.1212 ] [ndcg@5: 0.0508 ndcg@10: 0.0605 ndcg@20: 0.0760 ] 
2026-01-08 12:58:27,357 - Epoch  15 Validation set [recall@5: 0.0464 recall@10: 0.0777 recall@20: 0.1259 ] [ndcg@5: 0.0532 ndcg@10: 0.0632 ndcg@20: 0.0792 ] 
2026-01-08 12:59:22,724 - Epoch  18 Validation set [recall@5: 0.0482 recall@10: 0.0805 recall@20: 0.1295 ] [ndcg@5: 0.0548 ndcg@10: 0.0652 ndcg@20: 0.0816 ] 
2026-01-08 13:00:18,555 - Epoch  21 Validation set [recall@5: 0.0501 recall@10: 0.0832 recall@20: 0.1325 ] [ndcg@5: 0.0567 ndcg@10: 0.0672 ndcg@20: 0.0838 ] 
2026-01-08 13:01:09,541 - Epoch  24 Validation set [recall@5: 0.0519 recall@10: 0.0853 recall@20: 0.1348 ] [ndcg@5: 0.0580 ndcg@10: 0.0686 ndcg@20: 0.0853 ] 
2026-01-08 13:02:02,373 - Epoch  27 Validation set [recall@5: 0.0527 recall@10: 0.0867 recall@20: 0.1369 ] [ndcg@5: 0.0590 ndcg@10: 0.0698 ndcg@20: 0.0867 ] 
2026-01-08 13:02:54,920 - Epoch  30 Validation set [recall@5: 0.0531 recall@10: 0.0878 recall@20: 0.1385 ] [ndcg@5: 0.0596 ndcg@10: 0.0708 ndcg@20: 0.0879 ] 
2026-01-08 13:03:46,499 - Epoch  33 Validation set [recall@5: 0.0536 recall@10: 0.0892 recall@20: 0.1402 ] [ndcg@5: 0.0603 ndcg@10: 0.0717 ndcg@20: 0.0889 ] 
2026-01-08 13:04:38,516 - Epoch  36 Validation set [recall@5: 0.0544 recall@10: 0.0889 recall@20: 0.1414 ] [ndcg@5: 0.0609 ndcg@10: 0.0719 ndcg@20: 0.0896 ] 
2026-01-08 13:05:31,334 - Epoch  39 Validation set [recall@5: 0.0549 recall@10: 0.0903 recall@20: 0.1425 ] [ndcg@5: 0.0615 ndcg@10: 0.0728 ndcg@20: 0.0904 ] 
2026-01-08 13:06:22,959 - Epoch  42 Validation set [recall@5: 0.0557 recall@10: 0.0907 recall@20: 0.1427 ] [ndcg@5: 0.0620 ndcg@10: 0.0731 ndcg@20: 0.0907 ] 
2026-01-08 13:07:14,871 - Epoch  45 Validation set [recall@5: 0.0561 recall@10: 0.0913 recall@20: 0.1433 ] [ndcg@5: 0.0623 ndcg@10: 0.0735 ndcg@20: 0.0911 ] 
2026-01-08 13:08:06,468 - Epoch  48 Validation set [recall@5: 0.0559 recall@10: 0.0915 recall@20: 0.1438 ] [ndcg@5: 0.0622 ndcg@10: 0.0737 ndcg@20: 0.0914 ] 
2026-01-08 13:09:05,454 - Epoch  51 Validation set [recall@5: 0.0561 recall@10: 0.0917 recall@20: 0.1447 ] [ndcg@5: 0.0624 ndcg@10: 0.0739 ndcg@20: 0.0918 ] 
2026-01-08 13:10:05,176 - Epoch  54 Validation set [recall@5: 0.0556 recall@10: 0.0921 recall@20: 0.1448 ] [ndcg@5: 0.0621 ndcg@10: 0.0741 ndcg@20: 0.0919 ] 
2026-01-08 13:11:07,912 - Epoch  57 Validation set [recall@5: 0.0565 recall@10: 0.0918 recall@20: 0.1446 ] [ndcg@5: 0.0629 ndcg@10: 0.0743 ndcg@20: 0.0922 ] 
2026-01-08 13:12:09,675 - Epoch  60 Validation set [recall@5: 0.0564 recall@10: 0.0923 recall@20: 0.1449 ] [ndcg@5: 0.0628 ndcg@10: 0.0744 ndcg@20: 0.0922 ] 
2026-01-08 13:13:11,475 - Epoch  63 Validation set [recall@5: 0.0569 recall@10: 0.0921 recall@20: 0.1448 ] [ndcg@5: 0.0628 ndcg@10: 0.0741 ndcg@20: 0.0919 ] 
2026-01-08 13:14:14,701 - Epoch  66 Validation set [recall@5: 0.0562 recall@10: 0.0918 recall@20: 0.1441 ] [ndcg@5: 0.0625 ndcg@10: 0.0741 ndcg@20: 0.0918 ] 
2026-01-08 14:14:41,526 - Epoch  69 Validation set [recall@5: 0.0563 recall@10: 0.0920 recall@20: 0.1437 ] [ndcg@5: 0.0626 ndcg@10: 0.0742 ndcg@20: 0.0917 ] 
2026-01-08 14:15:43,324 - Epoch  72 Validation set [recall@5: 0.0563 recall@10: 0.0917 recall@20: 0.1436 ] [ndcg@5: 0.0625 ndcg@10: 0.0740 ndcg@20: 0.0916 ] 
2026-01-08 14:16:43,386 - Epoch  75 Validation set [recall@5: 0.0562 recall@10: 0.0917 recall@20: 0.1436 ] [ndcg@5: 0.0624 ndcg@10: 0.0740 ndcg@20: 0.0915 ] 
2026-01-08 14:16:46,719 - [recall@5: 0.0564 recall@10: 0.0923 recall@20: 0.1449 ] [ndcg@5: 0.0628 ndcg@10: 0.0744 ndcg@20: 0.0922 ] 
2026-01-08 14:16:50,133 - [recall@5: 0.0549 recall@10: 0.0892 recall@20: 0.1420 ] [ndcg@5: 0.0609 ndcg@10: 0.0722 ndcg@20: 0.0900 ] 
2026-01-08 14:16:50,239 - Save model parameters to ./encoder/checkpoint/lightgcn_plus/lightgcn_plus-steam-2023.pth
2026-01-08 14:16:50,240 - Best Epoch 60. Final test result: {'recall': array([0.05487145, 0.08922135, 0.14198516]), 'ndcg': array([0.06086839, 0.07224236, 0.09000465])}.
