2026-01-08 12:17:05,711 - {'optimizer': {'name': 'adam', 'lr': 0.001, 'weight_decay': 0}, 'train': {'epoch': 3000, 'batch_size': 4096, 'save_model': True, 'loss': 'pairwise', 'test_step': 3, 'reproducible': True, 'seed': 2023, 'patience': 5}, 'test': {'metrics': ['recall', 'ndcg'], 'k': [5, 10, 20], 'batch_size': 1024}, 'data': {'type': 'general_cf', 'name': 'yelp', 'user_num': 11091, 'item_num': 11010}, 'model': {'name': 'lightgcn_plus', 'keep_rate': 0.8, 'embedding_size': 32, 'layer_num': 3, 'reg_weight': 1e-07, 'kd_weight': 0.01, 'kd_temperature': 0.2, 'amazon': {'layer_num': 3, 'reg_weight': 1e-07, 'kd_weight': 0.01, 'kd_temperature': 0.2}, 'yelp': {'layer_num': 3, 'reg_weight': 1e-07, 'kd_weight': 0.01, 'kd_temperature': 0.2}, 'steam': {'layer_num': 3, 'reg_weight': 1e-08, 'kd_weight': 0.001, 'kd_temperature': 0.1}}}
2026-01-08 12:17:16,924 - Epoch   0 Validation set [recall@5: 0.0196 recall@10: 0.0319 recall@20: 0.0505 ] [ndcg@5: 0.0227 ndcg@10: 0.0266 ndcg@20: 0.0328 ] 
2026-01-08 12:17:43,941 - Epoch   3 Validation set [recall@5: 0.0157 recall@10: 0.0276 recall@20: 0.0438 ] [ndcg@5: 0.0179 ndcg@10: 0.0220 ndcg@20: 0.0274 ] 
2026-01-08 12:18:12,384 - Epoch   6 Validation set [recall@5: 0.0221 recall@10: 0.0382 recall@20: 0.0618 ] [ndcg@5: 0.0270 ndcg@10: 0.0319 ndcg@20: 0.0398 ] 
2026-01-08 12:18:46,892 - Epoch   9 Validation set [recall@5: 0.0313 recall@10: 0.0524 recall@20: 0.0844 ] [ndcg@5: 0.0374 ndcg@10: 0.0437 ndcg@20: 0.0545 ] 
2026-01-08 12:19:28,470 - Epoch  12 Validation set [recall@5: 0.0332 recall@10: 0.0553 recall@20: 0.0895 ] [ndcg@5: 0.0392 ndcg@10: 0.0461 ndcg@20: 0.0577 ] 
2026-01-08 12:20:13,646 - Epoch  15 Validation set [recall@5: 0.0342 recall@10: 0.0577 recall@20: 0.0923 ] [ndcg@5: 0.0403 ndcg@10: 0.0477 ndcg@20: 0.0594 ] 
2026-01-08 12:20:57,017 - Epoch  18 Validation set [recall@5: 0.0348 recall@10: 0.0594 recall@20: 0.0954 ] [ndcg@5: 0.0410 ndcg@10: 0.0488 ndcg@20: 0.0610 ] 
2026-01-08 12:21:42,943 - Epoch  21 Validation set [recall@5: 0.0360 recall@10: 0.0615 recall@20: 0.0981 ] [ndcg@5: 0.0423 ndcg@10: 0.0503 ndcg@20: 0.0627 ] 
2026-01-08 12:22:27,030 - Epoch  24 Validation set [recall@5: 0.0369 recall@10: 0.0621 recall@20: 0.1011 ] [ndcg@5: 0.0434 ndcg@10: 0.0511 ndcg@20: 0.0644 ] 
2026-01-08 12:23:12,487 - Epoch  27 Validation set [recall@5: 0.0377 recall@10: 0.0629 recall@20: 0.1035 ] [ndcg@5: 0.0443 ndcg@10: 0.0521 ndcg@20: 0.0659 ] 
2026-01-08 12:23:54,820 - Epoch  30 Validation set [recall@5: 0.0378 recall@10: 0.0653 recall@20: 0.1062 ] [ndcg@5: 0.0451 ndcg@10: 0.0536 ndcg@20: 0.0675 ] 
2026-01-08 12:24:41,794 - Epoch  33 Validation set [recall@5: 0.0382 recall@10: 0.0664 recall@20: 0.1077 ] [ndcg@5: 0.0460 ndcg@10: 0.0547 ndcg@20: 0.0688 ] 
2026-01-08 12:25:23,773 - Epoch  36 Validation set [recall@5: 0.0393 recall@10: 0.0672 recall@20: 0.1098 ] [ndcg@5: 0.0469 ndcg@10: 0.0555 ndcg@20: 0.0700 ] 
2026-01-08 12:26:00,812 - Epoch  39 Validation set [recall@5: 0.0397 recall@10: 0.0685 recall@20: 0.1115 ] [ndcg@5: 0.0474 ndcg@10: 0.0565 ndcg@20: 0.0710 ] 
2026-01-08 12:26:22,178 - Epoch  42 Validation set [recall@5: 0.0402 recall@10: 0.0693 recall@20: 0.1127 ] [ndcg@5: 0.0478 ndcg@10: 0.0572 ndcg@20: 0.0719 ] 
2026-01-08 12:26:42,548 - Epoch  45 Validation set [recall@5: 0.0410 recall@10: 0.0707 recall@20: 0.1137 ] [ndcg@5: 0.0489 ndcg@10: 0.0583 ndcg@20: 0.0728 ] 
2026-01-08 12:27:02,816 - Epoch  48 Validation set [recall@5: 0.0416 recall@10: 0.0721 recall@20: 0.1143 ] [ndcg@5: 0.0493 ndcg@10: 0.0591 ndcg@20: 0.0733 ] 
2026-01-08 12:27:23,207 - Epoch  51 Validation set [recall@5: 0.0421 recall@10: 0.0720 recall@20: 0.1150 ] [ndcg@5: 0.0499 ndcg@10: 0.0594 ndcg@20: 0.0740 ] 
2026-01-08 12:27:43,902 - Epoch  54 Validation set [recall@5: 0.0424 recall@10: 0.0729 recall@20: 0.1170 ] [ndcg@5: 0.0504 ndcg@10: 0.0600 ndcg@20: 0.0750 ] 
2026-01-08 12:28:03,856 - Epoch  57 Validation set [recall@5: 0.0423 recall@10: 0.0729 recall@20: 0.1181 ] [ndcg@5: 0.0506 ndcg@10: 0.0602 ndcg@20: 0.0756 ] 
2026-01-08 12:28:24,689 - Epoch  60 Validation set [recall@5: 0.0424 recall@10: 0.0732 recall@20: 0.1186 ] [ndcg@5: 0.0506 ndcg@10: 0.0603 ndcg@20: 0.0758 ] 
2026-01-08 12:28:44,704 - Epoch  63 Validation set [recall@5: 0.0427 recall@10: 0.0738 recall@20: 0.1202 ] [ndcg@5: 0.0511 ndcg@10: 0.0608 ndcg@20: 0.0766 ] 
2026-01-08 12:29:05,506 - Epoch  66 Validation set [recall@5: 0.0426 recall@10: 0.0739 recall@20: 0.1204 ] [ndcg@5: 0.0511 ndcg@10: 0.0610 ndcg@20: 0.0768 ] 
2026-01-08 12:29:26,243 - Epoch  69 Validation set [recall@5: 0.0434 recall@10: 0.0746 recall@20: 0.1212 ] [ndcg@5: 0.0516 ndcg@10: 0.0615 ndcg@20: 0.0773 ] 
2026-01-08 12:29:47,242 - Epoch  72 Validation set [recall@5: 0.0436 recall@10: 0.0745 recall@20: 0.1217 ] [ndcg@5: 0.0517 ndcg@10: 0.0615 ndcg@20: 0.0774 ] 
2026-01-08 12:30:08,034 - Epoch  75 Validation set [recall@5: 0.0437 recall@10: 0.0752 recall@20: 0.1216 ] [ndcg@5: 0.0519 ndcg@10: 0.0619 ndcg@20: 0.0776 ] 
2026-01-08 12:30:28,297 - Epoch  78 Validation set [recall@5: 0.0438 recall@10: 0.0757 recall@20: 0.1226 ] [ndcg@5: 0.0519 ndcg@10: 0.0622 ndcg@20: 0.0779 ] 
2026-01-08 12:30:48,843 - Epoch  81 Validation set [recall@5: 0.0438 recall@10: 0.0758 recall@20: 0.1223 ] [ndcg@5: 0.0521 ndcg@10: 0.0624 ndcg@20: 0.0780 ] 
2026-01-08 12:31:06,009 - Epoch  84 Validation set [recall@5: 0.0441 recall@10: 0.0764 recall@20: 0.1228 ] [ndcg@5: 0.0527 ndcg@10: 0.0630 ndcg@20: 0.0787 ] 
2026-01-08 12:31:23,204 - Epoch  87 Validation set [recall@5: 0.0447 recall@10: 0.0757 recall@20: 0.1221 ] [ndcg@5: 0.0530 ndcg@10: 0.0627 ndcg@20: 0.0784 ] 
2026-01-08 12:31:40,529 - Epoch  90 Validation set [recall@5: 0.0444 recall@10: 0.0757 recall@20: 0.1225 ] [ndcg@5: 0.0528 ndcg@10: 0.0626 ndcg@20: 0.0785 ] 
2026-01-08 12:31:57,824 - Epoch  93 Validation set [recall@5: 0.0441 recall@10: 0.0760 recall@20: 0.1230 ] [ndcg@5: 0.0530 ndcg@10: 0.0630 ndcg@20: 0.0789 ] 
2026-01-08 12:32:15,415 - Epoch  96 Validation set [recall@5: 0.0446 recall@10: 0.0760 recall@20: 0.1227 ] [ndcg@5: 0.0530 ndcg@10: 0.0628 ndcg@20: 0.0787 ] 
2026-01-08 12:32:32,475 - Epoch  99 Validation set [recall@5: 0.0454 recall@10: 0.0762 recall@20: 0.1233 ] [ndcg@5: 0.0535 ndcg@10: 0.0631 ndcg@20: 0.0790 ] 
2026-01-08 12:32:49,790 - Epoch 102 Validation set [recall@5: 0.0457 recall@10: 0.0760 recall@20: 0.1234 ] [ndcg@5: 0.0539 ndcg@10: 0.0631 ndcg@20: 0.0790 ] 
2026-01-08 12:33:07,140 - Epoch 105 Validation set [recall@5: 0.0451 recall@10: 0.0761 recall@20: 0.1236 ] [ndcg@5: 0.0535 ndcg@10: 0.0631 ndcg@20: 0.0791 ] 
2026-01-08 12:33:26,177 - Epoch 108 Validation set [recall@5: 0.0451 recall@10: 0.0752 recall@20: 0.1240 ] [ndcg@5: 0.0536 ndcg@10: 0.0628 ndcg@20: 0.0792 ] 
2026-01-08 12:33:47,260 - Epoch 111 Validation set [recall@5: 0.0452 recall@10: 0.0758 recall@20: 0.1237 ] [ndcg@5: 0.0537 ndcg@10: 0.0633 ndcg@20: 0.0794 ] 
2026-01-08 12:34:14,175 - Epoch 114 Validation set [recall@5: 0.0451 recall@10: 0.0755 recall@20: 0.1235 ] [ndcg@5: 0.0539 ndcg@10: 0.0632 ndcg@20: 0.0794 ] 
2026-01-08 12:34:42,061 - Epoch 117 Validation set [recall@5: 0.0444 recall@10: 0.0754 recall@20: 0.1235 ] [ndcg@5: 0.0534 ndcg@10: 0.0630 ndcg@20: 0.0792 ] 
2026-01-08 12:35:11,836 - Epoch 120 Validation set [recall@5: 0.0449 recall@10: 0.0759 recall@20: 0.1235 ] [ndcg@5: 0.0532 ndcg@10: 0.0628 ndcg@20: 0.0789 ] 
2026-01-08 12:35:42,028 - Epoch 123 Validation set [recall@5: 0.0444 recall@10: 0.0760 recall@20: 0.1241 ] [ndcg@5: 0.0534 ndcg@10: 0.0631 ndcg@20: 0.0794 ] 
2026-01-08 12:36:11,431 - Epoch 126 Validation set [recall@5: 0.0443 recall@10: 0.0752 recall@20: 0.1241 ] [ndcg@5: 0.0532 ndcg@10: 0.0626 ndcg@20: 0.0792 ] 
2026-01-08 12:36:42,820 - Epoch 129 Validation set [recall@5: 0.0442 recall@10: 0.0755 recall@20: 0.1236 ] [ndcg@5: 0.0534 ndcg@10: 0.0628 ndcg@20: 0.0791 ] 
2026-01-08 12:37:13,146 - Epoch 132 Validation set [recall@5: 0.0442 recall@10: 0.0746 recall@20: 0.1230 ] [ndcg@5: 0.0534 ndcg@10: 0.0624 ndcg@20: 0.0788 ] 
2026-01-08 12:37:41,811 - Epoch 135 Validation set [recall@5: 0.0443 recall@10: 0.0753 recall@20: 0.1238 ] [ndcg@5: 0.0534 ndcg@10: 0.0627 ndcg@20: 0.0791 ] 
2026-01-08 12:38:12,976 - Epoch 138 Validation set [recall@5: 0.0442 recall@10: 0.0753 recall@20: 0.1235 ] [ndcg@5: 0.0534 ndcg@10: 0.0627 ndcg@20: 0.0790 ] 
2026-01-08 12:38:45,156 - Epoch 141 Validation set [recall@5: 0.0443 recall@10: 0.0753 recall@20: 0.1233 ] [ndcg@5: 0.0533 ndcg@10: 0.0627 ndcg@20: 0.0789 ] 
2026-01-08 12:38:47,624 - [recall@5: 0.0443 recall@10: 0.0752 recall@20: 0.1241 ] [ndcg@5: 0.0532 ndcg@10: 0.0626 ndcg@20: 0.0792 ] 
2026-01-08 12:38:50,103 - [recall@5: 0.0456 recall@10: 0.0759 recall@20: 0.1242 ] [ndcg@5: 0.0527 ndcg@10: 0.0620 ndcg@20: 0.0784 ] 
2026-01-08 12:38:50,140 - Save model parameters to ./encoder/checkpoint/lightgcn_plus/lightgcn_plus-yelp-2023.pth
2026-01-08 12:38:50,141 - Best Epoch 126. Final test result: {'recall': array([0.04564191, 0.07585782, 0.12420032]), 'ndcg': array([0.05266006, 0.06196821, 0.07837075])}.
