2026-01-08 13:08:17,334 - {'optimizer': {'name': 'adam', 'lr': 0.001, 'weight_decay': 0}, 'train': {'epoch': 3000, 'batch_size': 4096, 'save_model': True, 'loss': 'pairwise', 'test_step': 3, 'reproducible': True, 'seed': 2023, 'patience': 5}, 'test': {'metrics': ['recall', 'ndcg'], 'k': [5, 10, 20], 'batch_size': 1024}, 'data': {'type': 'general_cf', 'name': 'amazon', 'user_num': 11000, 'item_num': 9332}, 'model': {'name': 'gccf_gene', 'keep_rate': 0.8, 'embedding_size': 32, 'layer_num': 3, 'reg_weight': 1e-06, 'mask_ratio': 0.05, 'recon_weight': 0.1, 're_temperature': 1.0, 'amazon': {'layer_num': 2, 'reg_weight': 1e-07, 'mask_ratio': 0.1, 'recon_weight': 0.01, 're_temperature': 0.1}, 'yelp': {'layer_num': 2, 'reg_weight': 1e-06, 'mask_ratio': 0.05, 'recon_weight': 0.01, 're_temperature': 1.0}, 'steam': {'layer_num': 2, 'reg_weight': 1e-06, 'mask_ratio': 0.1, 'recon_weight': 0.01, 're_temperature': 0.1}}}
2026-01-08 13:08:21,334 - Epoch   0 Validation set [recall@5: 0.0072 recall@10: 0.0123 recall@20: 0.0210 ] [ndcg@5: 0.0080 ndcg@10: 0.0097 ndcg@20: 0.0125 ] 
2026-01-08 13:08:26,095 - Epoch   3 Validation set [recall@5: 0.0182 recall@10: 0.0307 recall@20: 0.0512 ] [ndcg@5: 0.0185 ndcg@10: 0.0229 ndcg@20: 0.0296 ] 
2026-01-08 13:08:31,259 - Epoch   6 Validation set [recall@5: 0.0192 recall@10: 0.0332 recall@20: 0.0551 ] [ndcg@5: 0.0198 ndcg@10: 0.0248 ndcg@20: 0.0320 ] 
2026-01-08 13:08:36,680 - Epoch   9 Validation set [recall@5: 0.0225 recall@10: 0.0370 recall@20: 0.0620 ] [ndcg@5: 0.0228 ndcg@10: 0.0279 ndcg@20: 0.0360 ] 
2026-01-08 13:08:41,891 - Epoch  12 Validation set [recall@5: 0.0254 recall@10: 0.0419 recall@20: 0.0669 ] [ndcg@5: 0.0252 ndcg@10: 0.0310 ndcg@20: 0.0390 ] 
2026-01-08 13:08:47,310 - Epoch  15 Validation set [recall@5: 0.0271 recall@10: 0.0451 recall@20: 0.0715 ] [ndcg@5: 0.0271 ndcg@10: 0.0333 ndcg@20: 0.0419 ] 
2026-01-08 13:08:52,694 - Epoch  18 Validation set [recall@5: 0.0289 recall@10: 0.0480 recall@20: 0.0770 ] [ndcg@5: 0.0290 ndcg@10: 0.0355 ndcg@20: 0.0449 ] 
2026-01-08 13:08:58,075 - Epoch  21 Validation set [recall@5: 0.0308 recall@10: 0.0508 recall@20: 0.0814 ] [ndcg@5: 0.0307 ndcg@10: 0.0376 ndcg@20: 0.0476 ] 
2026-01-08 13:09:03,239 - Epoch  24 Validation set [recall@5: 0.0328 recall@10: 0.0525 recall@20: 0.0844 ] [ndcg@5: 0.0327 ndcg@10: 0.0393 ndcg@20: 0.0498 ] 
2026-01-08 13:09:08,898 - Epoch  27 Validation set [recall@5: 0.0337 recall@10: 0.0548 recall@20: 0.0877 ] [ndcg@5: 0.0339 ndcg@10: 0.0410 ndcg@20: 0.0517 ] 
2026-01-08 13:09:14,578 - Epoch  30 Validation set [recall@5: 0.0350 recall@10: 0.0572 recall@20: 0.0907 ] [ndcg@5: 0.0352 ndcg@10: 0.0427 ndcg@20: 0.0536 ] 
2026-01-08 13:09:20,229 - Epoch  33 Validation set [recall@5: 0.0360 recall@10: 0.0586 recall@20: 0.0944 ] [ndcg@5: 0.0361 ndcg@10: 0.0438 ndcg@20: 0.0554 ] 
2026-01-08 13:09:26,066 - Epoch  36 Validation set [recall@5: 0.0366 recall@10: 0.0604 recall@20: 0.0970 ] [ndcg@5: 0.0370 ndcg@10: 0.0453 ndcg@20: 0.0572 ] 
2026-01-08 13:09:31,277 - Epoch  39 Validation set [recall@5: 0.0376 recall@10: 0.0627 recall@20: 0.0988 ] [ndcg@5: 0.0382 ndcg@10: 0.0469 ndcg@20: 0.0586 ] 
2026-01-08 13:09:36,640 - Epoch  42 Validation set [recall@5: 0.0385 recall@10: 0.0646 recall@20: 0.1006 ] [ndcg@5: 0.0392 ndcg@10: 0.0483 ndcg@20: 0.0600 ] 
2026-01-08 13:09:41,813 - Epoch  45 Validation set [recall@5: 0.0386 recall@10: 0.0652 recall@20: 0.1017 ] [ndcg@5: 0.0398 ndcg@10: 0.0491 ndcg@20: 0.0610 ] 
2026-01-08 13:09:47,475 - Epoch  48 Validation set [recall@5: 0.0396 recall@10: 0.0669 recall@20: 0.1037 ] [ndcg@5: 0.0405 ndcg@10: 0.0501 ndcg@20: 0.0622 ] 
2026-01-08 13:09:53,260 - Epoch  51 Validation set [recall@5: 0.0404 recall@10: 0.0678 recall@20: 0.1049 ] [ndcg@5: 0.0412 ndcg@10: 0.0508 ndcg@20: 0.0629 ] 
2026-01-08 13:09:58,984 - Epoch  54 Validation set [recall@5: 0.0412 recall@10: 0.0681 recall@20: 0.1076 ] [ndcg@5: 0.0419 ndcg@10: 0.0513 ndcg@20: 0.0642 ] 
2026-01-08 13:10:04,230 - Epoch  57 Validation set [recall@5: 0.0419 recall@10: 0.0693 recall@20: 0.1078 ] [ndcg@5: 0.0423 ndcg@10: 0.0519 ndcg@20: 0.0645 ] 
2026-01-08 13:10:09,751 - Epoch  60 Validation set [recall@5: 0.0420 recall@10: 0.0699 recall@20: 0.1090 ] [ndcg@5: 0.0426 ndcg@10: 0.0524 ndcg@20: 0.0651 ] 
2026-01-08 13:10:14,890 - Epoch  63 Validation set [recall@5: 0.0421 recall@10: 0.0706 recall@20: 0.1097 ] [ndcg@5: 0.0430 ndcg@10: 0.0530 ndcg@20: 0.0658 ] 
2026-01-08 13:10:20,468 - Epoch  66 Validation set [recall@5: 0.0428 recall@10: 0.0710 recall@20: 0.1112 ] [ndcg@5: 0.0436 ndcg@10: 0.0535 ndcg@20: 0.0667 ] 
2026-01-08 13:10:25,841 - Epoch  69 Validation set [recall@5: 0.0434 recall@10: 0.0713 recall@20: 0.1120 ] [ndcg@5: 0.0440 ndcg@10: 0.0539 ndcg@20: 0.0671 ] 
2026-01-08 13:10:32,031 - Epoch  72 Validation set [recall@5: 0.0444 recall@10: 0.0729 recall@20: 0.1135 ] [ndcg@5: 0.0447 ndcg@10: 0.0547 ndcg@20: 0.0678 ] 
2026-01-08 13:10:37,589 - Epoch  75 Validation set [recall@5: 0.0451 recall@10: 0.0738 recall@20: 0.1142 ] [ndcg@5: 0.0452 ndcg@10: 0.0554 ndcg@20: 0.0685 ] 
2026-01-08 13:10:43,526 - Epoch  78 Validation set [recall@5: 0.0461 recall@10: 0.0740 recall@20: 0.1158 ] [ndcg@5: 0.0460 ndcg@10: 0.0555 ndcg@20: 0.0691 ] 
2026-01-08 13:10:49,200 - Epoch  81 Validation set [recall@5: 0.0460 recall@10: 0.0748 recall@20: 0.1166 ] [ndcg@5: 0.0462 ndcg@10: 0.0562 ndcg@20: 0.0697 ] 
2026-01-08 13:10:55,177 - Epoch  84 Validation set [recall@5: 0.0473 recall@10: 0.0750 recall@20: 0.1179 ] [ndcg@5: 0.0469 ndcg@10: 0.0565 ndcg@20: 0.0704 ] 
2026-01-08 13:11:00,407 - Epoch  87 Validation set [recall@5: 0.0479 recall@10: 0.0762 recall@20: 0.1181 ] [ndcg@5: 0.0475 ndcg@10: 0.0572 ndcg@20: 0.0709 ] 
2026-01-08 13:11:05,460 - Epoch  90 Validation set [recall@5: 0.0478 recall@10: 0.0764 recall@20: 0.1183 ] [ndcg@5: 0.0477 ndcg@10: 0.0577 ndcg@20: 0.0712 ] 
2026-01-08 13:11:10,923 - Epoch  93 Validation set [recall@5: 0.0478 recall@10: 0.0769 recall@20: 0.1200 ] [ndcg@5: 0.0480 ndcg@10: 0.0580 ndcg@20: 0.0719 ] 
2026-01-08 13:11:16,591 - Epoch  96 Validation set [recall@5: 0.0490 recall@10: 0.0773 recall@20: 0.1201 ] [ndcg@5: 0.0489 ndcg@10: 0.0585 ndcg@20: 0.0725 ] 
2026-01-08 13:11:22,448 - Epoch  99 Validation set [recall@5: 0.0488 recall@10: 0.0780 recall@20: 0.1211 ] [ndcg@5: 0.0489 ndcg@10: 0.0588 ndcg@20: 0.0728 ] 
2026-01-08 13:11:28,277 - Epoch 102 Validation set [recall@5: 0.0495 recall@10: 0.0784 recall@20: 0.1215 ] [ndcg@5: 0.0494 ndcg@10: 0.0592 ndcg@20: 0.0731 ] 
2026-01-08 13:11:33,696 - Epoch 105 Validation set [recall@5: 0.0485 recall@10: 0.0786 recall@20: 0.1215 ] [ndcg@5: 0.0490 ndcg@10: 0.0593 ndcg@20: 0.0733 ] 
2026-01-08 13:11:39,837 - Epoch 108 Validation set [recall@5: 0.0487 recall@10: 0.0792 recall@20: 0.1224 ] [ndcg@5: 0.0492 ndcg@10: 0.0596 ndcg@20: 0.0737 ] 
2026-01-08 13:11:45,179 - Epoch 111 Validation set [recall@5: 0.0497 recall@10: 0.0804 recall@20: 0.1235 ] [ndcg@5: 0.0498 ndcg@10: 0.0604 ndcg@20: 0.0743 ] 
2026-01-08 13:11:50,746 - Epoch 114 Validation set [recall@5: 0.0505 recall@10: 0.0806 recall@20: 0.1237 ] [ndcg@5: 0.0503 ndcg@10: 0.0607 ndcg@20: 0.0747 ] 
2026-01-08 13:11:56,875 - Epoch 117 Validation set [recall@5: 0.0509 recall@10: 0.0803 recall@20: 0.1250 ] [ndcg@5: 0.0508 ndcg@10: 0.0609 ndcg@20: 0.0754 ] 
2026-01-08 13:12:02,569 - Epoch 120 Validation set [recall@5: 0.0513 recall@10: 0.0807 recall@20: 0.1248 ] [ndcg@5: 0.0509 ndcg@10: 0.0611 ndcg@20: 0.0754 ] 
2026-01-08 13:12:08,624 - Epoch 123 Validation set [recall@5: 0.0520 recall@10: 0.0824 recall@20: 0.1254 ] [ndcg@5: 0.0515 ndcg@10: 0.0620 ndcg@20: 0.0759 ] 
2026-01-08 13:12:13,624 - Epoch 126 Validation set [recall@5: 0.0518 recall@10: 0.0825 recall@20: 0.1259 ] [ndcg@5: 0.0514 ndcg@10: 0.0620 ndcg@20: 0.0760 ] 
2026-01-08 13:12:19,559 - Epoch 129 Validation set [recall@5: 0.0520 recall@10: 0.0828 recall@20: 0.1264 ] [ndcg@5: 0.0517 ndcg@10: 0.0624 ndcg@20: 0.0765 ] 
2026-01-08 13:12:25,450 - Epoch 132 Validation set [recall@5: 0.0527 recall@10: 0.0828 recall@20: 0.1270 ] [ndcg@5: 0.0521 ndcg@10: 0.0625 ndcg@20: 0.0768 ] 
2026-01-08 13:12:31,042 - Epoch 135 Validation set [recall@5: 0.0530 recall@10: 0.0829 recall@20: 0.1274 ] [ndcg@5: 0.0525 ndcg@10: 0.0627 ndcg@20: 0.0772 ] 
2026-01-08 13:12:36,700 - Epoch 138 Validation set [recall@5: 0.0532 recall@10: 0.0827 recall@20: 0.1280 ] [ndcg@5: 0.0524 ndcg@10: 0.0625 ndcg@20: 0.0772 ] 
2026-01-08 13:12:42,276 - Epoch 141 Validation set [recall@5: 0.0532 recall@10: 0.0830 recall@20: 0.1286 ] [ndcg@5: 0.0525 ndcg@10: 0.0628 ndcg@20: 0.0776 ] 
2026-01-08 13:12:48,267 - Epoch 144 Validation set [recall@5: 0.0534 recall@10: 0.0839 recall@20: 0.1295 ] [ndcg@5: 0.0527 ndcg@10: 0.0631 ndcg@20: 0.0780 ] 
2026-01-08 13:12:53,618 - Epoch 147 Validation set [recall@5: 0.0536 recall@10: 0.0842 recall@20: 0.1303 ] [ndcg@5: 0.0529 ndcg@10: 0.0633 ndcg@20: 0.0783 ] 
2026-01-08 13:12:59,518 - Epoch 150 Validation set [recall@5: 0.0542 recall@10: 0.0841 recall@20: 0.1298 ] [ndcg@5: 0.0534 ndcg@10: 0.0636 ndcg@20: 0.0786 ] 
2026-01-08 13:13:05,021 - Epoch 153 Validation set [recall@5: 0.0548 recall@10: 0.0837 recall@20: 0.1306 ] [ndcg@5: 0.0536 ndcg@10: 0.0636 ndcg@20: 0.0788 ] 
2026-01-08 13:13:10,686 - Epoch 156 Validation set [recall@5: 0.0544 recall@10: 0.0838 recall@20: 0.1320 ] [ndcg@5: 0.0533 ndcg@10: 0.0634 ndcg@20: 0.0791 ] 
2026-01-08 13:13:16,350 - Epoch 159 Validation set [recall@5: 0.0544 recall@10: 0.0839 recall@20: 0.1321 ] [ndcg@5: 0.0537 ndcg@10: 0.0638 ndcg@20: 0.0796 ] 
2026-01-08 13:13:21,939 - Epoch 162 Validation set [recall@5: 0.0547 recall@10: 0.0845 recall@20: 0.1325 ] [ndcg@5: 0.0537 ndcg@10: 0.0640 ndcg@20: 0.0796 ] 
2026-01-08 13:13:27,399 - Epoch 165 Validation set [recall@5: 0.0541 recall@10: 0.0846 recall@20: 0.1333 ] [ndcg@5: 0.0535 ndcg@10: 0.0641 ndcg@20: 0.0800 ] 
2026-01-08 13:13:32,914 - Epoch 168 Validation set [recall@5: 0.0542 recall@10: 0.0849 recall@20: 0.1331 ] [ndcg@5: 0.0540 ndcg@10: 0.0646 ndcg@20: 0.0803 ] 
2026-01-08 13:13:38,424 - Epoch 171 Validation set [recall@5: 0.0552 recall@10: 0.0853 recall@20: 0.1330 ] [ndcg@5: 0.0543 ndcg@10: 0.0646 ndcg@20: 0.0802 ] 
2026-01-08 13:13:43,741 - Epoch 174 Validation set [recall@5: 0.0549 recall@10: 0.0851 recall@20: 0.1344 ] [ndcg@5: 0.0541 ndcg@10: 0.0645 ndcg@20: 0.0807 ] 
2026-01-08 13:13:48,786 - Epoch 177 Validation set [recall@5: 0.0554 recall@10: 0.0859 recall@20: 0.1345 ] [ndcg@5: 0.0543 ndcg@10: 0.0648 ndcg@20: 0.0807 ] 
2026-01-08 13:13:54,019 - Epoch 180 Validation set [recall@5: 0.0550 recall@10: 0.0852 recall@20: 0.1348 ] [ndcg@5: 0.0544 ndcg@10: 0.0648 ndcg@20: 0.0809 ] 
2026-01-08 13:13:59,284 - Epoch 183 Validation set [recall@5: 0.0557 recall@10: 0.0862 recall@20: 0.1353 ] [ndcg@5: 0.0548 ndcg@10: 0.0653 ndcg@20: 0.0813 ] 
2026-01-08 13:14:05,273 - Epoch 186 Validation set [recall@5: 0.0562 recall@10: 0.0863 recall@20: 0.1351 ] [ndcg@5: 0.0549 ndcg@10: 0.0654 ndcg@20: 0.0813 ] 
2026-01-08 13:14:11,385 - Epoch 189 Validation set [recall@5: 0.0563 recall@10: 0.0871 recall@20: 0.1351 ] [ndcg@5: 0.0551 ndcg@10: 0.0658 ndcg@20: 0.0813 ] 
2026-01-08 14:14:01,281 - Epoch 192 Validation set [recall@5: 0.0562 recall@10: 0.0874 recall@20: 0.1353 ] [ndcg@5: 0.0551 ndcg@10: 0.0660 ndcg@20: 0.0815 ] 
2026-01-08 14:14:07,022 - Epoch 195 Validation set [recall@5: 0.0562 recall@10: 0.0874 recall@20: 0.1358 ] [ndcg@5: 0.0552 ndcg@10: 0.0660 ndcg@20: 0.0816 ] 
2026-01-08 14:14:12,100 - Epoch 198 Validation set [recall@5: 0.0568 recall@10: 0.0874 recall@20: 0.1363 ] [ndcg@5: 0.0554 ndcg@10: 0.0660 ndcg@20: 0.0819 ] 
2026-01-08 14:14:17,740 - Epoch 201 Validation set [recall@5: 0.0565 recall@10: 0.0881 recall@20: 0.1369 ] [ndcg@5: 0.0552 ndcg@10: 0.0662 ndcg@20: 0.0821 ] 
2026-01-08 14:14:23,402 - Epoch 204 Validation set [recall@5: 0.0573 recall@10: 0.0887 recall@20: 0.1370 ] [ndcg@5: 0.0561 ndcg@10: 0.0669 ndcg@20: 0.0826 ] 
2026-01-08 14:14:29,263 - Epoch 207 Validation set [recall@5: 0.0574 recall@10: 0.0889 recall@20: 0.1366 ] [ndcg@5: 0.0565 ndcg@10: 0.0673 ndcg@20: 0.0829 ] 
2026-01-08 14:14:34,711 - Epoch 210 Validation set [recall@5: 0.0571 recall@10: 0.0897 recall@20: 0.1365 ] [ndcg@5: 0.0562 ndcg@10: 0.0675 ndcg@20: 0.0828 ] 
2026-01-08 14:14:40,391 - Epoch 213 Validation set [recall@5: 0.0569 recall@10: 0.0896 recall@20: 0.1373 ] [ndcg@5: 0.0561 ndcg@10: 0.0674 ndcg@20: 0.0830 ] 
2026-01-08 14:14:46,363 - Epoch 216 Validation set [recall@5: 0.0568 recall@10: 0.0897 recall@20: 0.1374 ] [ndcg@5: 0.0558 ndcg@10: 0.0673 ndcg@20: 0.0829 ] 
2026-01-08 14:14:52,146 - Epoch 219 Validation set [recall@5: 0.0570 recall@10: 0.0897 recall@20: 0.1388 ] [ndcg@5: 0.0559 ndcg@10: 0.0672 ndcg@20: 0.0833 ] 
2026-01-08 14:14:57,708 - Epoch 222 Validation set [recall@5: 0.0575 recall@10: 0.0894 recall@20: 0.1390 ] [ndcg@5: 0.0562 ndcg@10: 0.0673 ndcg@20: 0.0836 ] 
2026-01-08 14:15:03,260 - Epoch 225 Validation set [recall@5: 0.0573 recall@10: 0.0896 recall@20: 0.1375 ] [ndcg@5: 0.0562 ndcg@10: 0.0674 ndcg@20: 0.0832 ] 
2026-01-08 14:15:09,331 - Epoch 228 Validation set [recall@5: 0.0574 recall@10: 0.0903 recall@20: 0.1389 ] [ndcg@5: 0.0564 ndcg@10: 0.0677 ndcg@20: 0.0836 ] 
2026-01-08 14:15:15,270 - Epoch 231 Validation set [recall@5: 0.0576 recall@10: 0.0903 recall@20: 0.1390 ] [ndcg@5: 0.0566 ndcg@10: 0.0678 ndcg@20: 0.0838 ] 
2026-01-08 14:15:21,066 - Epoch 234 Validation set [recall@5: 0.0582 recall@10: 0.0908 recall@20: 0.1389 ] [ndcg@5: 0.0572 ndcg@10: 0.0683 ndcg@20: 0.0841 ] 
2026-01-08 14:15:26,842 - Epoch 237 Validation set [recall@5: 0.0589 recall@10: 0.0908 recall@20: 0.1377 ] [ndcg@5: 0.0573 ndcg@10: 0.0682 ndcg@20: 0.0837 ] 
2026-01-08 14:15:29,505 - [recall@5: 0.0575 recall@10: 0.0894 recall@20: 0.1390 ] [ndcg@5: 0.0562 ndcg@10: 0.0673 ndcg@20: 0.0836 ] 
2026-01-08 14:15:31,927 - [recall@5: 0.0553 recall@10: 0.0886 recall@20: 0.1383 ] [ndcg@5: 0.0566 ndcg@10: 0.0678 ndcg@20: 0.0839 ] 
2026-01-08 14:15:31,937 - Save model parameters to ./encoder/checkpoint/gccf_gene/gccf_gene-amazon-2023.pth
2026-01-08 14:15:31,938 - Best Epoch 222. Final test result: {'recall': array([0.05526261, 0.08857784, 0.13826795]), 'ndcg': array([0.05658545, 0.06783223, 0.08389413])}.
