2026-01-08 13:08:39,753 - {'optimizer': {'name': 'adam', 'lr': 0.001, 'weight_decay': 0}, 'train': {'epoch': 3000, 'batch_size': 4096, 'save_model': True, 'loss': 'pairwise', 'test_step': 3, 'reproducible': True, 'seed': 2023, 'patience': 5}, 'test': {'metrics': ['recall', 'ndcg'], 'k': [5, 10, 20], 'batch_size': 1024}, 'data': {'type': 'general_cf', 'name': 'steam', 'user_num': 23310, 'item_num': 5237}, 'model': {'name': 'gccf_gene', 'keep_rate': 0.8, 'embedding_size': 32, 'layer_num': 3, 'reg_weight': 1e-06, 'mask_ratio': 0.05, 'recon_weight': 0.1, 're_temperature': 1.0, 'amazon': {'layer_num': 2, 'reg_weight': 1e-07, 'mask_ratio': 0.1, 'recon_weight': 0.01, 're_temperature': 0.1}, 'yelp': {'layer_num': 2, 'reg_weight': 1e-06, 'mask_ratio': 0.05, 'recon_weight': 0.01, 're_temperature': 1.0}, 'steam': {'layer_num': 2, 'reg_weight': 1e-06, 'mask_ratio': 0.1, 'recon_weight': 0.01, 're_temperature': 0.1}}}
2026-01-08 13:08:47,947 - Epoch   0 Validation set [recall@5: 0.0350 recall@10: 0.0554 recall@20: 0.0903 ] [ndcg@5: 0.0412 ndcg@10: 0.0471 ndcg@20: 0.0584 ] 
2026-01-08 13:09:01,514 - Epoch   3 Validation set [recall@5: 0.0353 recall@10: 0.0568 recall@20: 0.0917 ] [ndcg@5: 0.0414 ndcg@10: 0.0477 ndcg@20: 0.0590 ] 
2026-01-08 13:09:14,086 - Epoch   6 Validation set [recall@5: 0.0353 recall@10: 0.0569 recall@20: 0.0918 ] [ndcg@5: 0.0417 ndcg@10: 0.0481 ndcg@20: 0.0593 ] 
2026-01-08 13:09:27,660 - Epoch   9 Validation set [recall@5: 0.0353 recall@10: 0.0576 recall@20: 0.0934 ] [ndcg@5: 0.0417 ndcg@10: 0.0484 ndcg@20: 0.0600 ] 
2026-01-08 13:09:41,523 - Epoch  12 Validation set [recall@5: 0.0355 recall@10: 0.0590 recall@20: 0.0955 ] [ndcg@5: 0.0420 ndcg@10: 0.0492 ndcg@20: 0.0612 ] 
2026-01-08 13:09:54,902 - Epoch  15 Validation set [recall@5: 0.0367 recall@10: 0.0613 recall@20: 0.0994 ] [ndcg@5: 0.0431 ndcg@10: 0.0507 ndcg@20: 0.0632 ] 
2026-01-08 13:10:08,286 - Epoch  18 Validation set [recall@5: 0.0377 recall@10: 0.0630 recall@20: 0.1018 ] [ndcg@5: 0.0437 ndcg@10: 0.0518 ndcg@20: 0.0645 ] 
2026-01-08 13:10:21,741 - Epoch  21 Validation set [recall@5: 0.0388 recall@10: 0.0642 recall@20: 0.1050 ] [ndcg@5: 0.0449 ndcg@10: 0.0529 ndcg@20: 0.0664 ] 
2026-01-08 13:10:35,741 - Epoch  24 Validation set [recall@5: 0.0404 recall@10: 0.0663 recall@20: 0.1086 ] [ndcg@5: 0.0463 ndcg@10: 0.0545 ndcg@20: 0.0684 ] 
2026-01-08 13:10:48,933 - Epoch  27 Validation set [recall@5: 0.0415 recall@10: 0.0688 recall@20: 0.1125 ] [ndcg@5: 0.0477 ndcg@10: 0.0564 ndcg@20: 0.0709 ] 
2026-01-08 13:11:02,895 - Epoch  30 Validation set [recall@5: 0.0430 recall@10: 0.0709 recall@20: 0.1156 ] [ndcg@5: 0.0495 ndcg@10: 0.0583 ndcg@20: 0.0731 ] 
2026-01-08 13:11:15,734 - Epoch  33 Validation set [recall@5: 0.0441 recall@10: 0.0729 recall@20: 0.1191 ] [ndcg@5: 0.0509 ndcg@10: 0.0600 ndcg@20: 0.0754 ] 
2026-01-08 13:11:29,481 - Epoch  36 Validation set [recall@5: 0.0456 recall@10: 0.0757 recall@20: 0.1217 ] [ndcg@5: 0.0525 ndcg@10: 0.0620 ndcg@20: 0.0774 ] 
2026-01-08 13:11:43,376 - Epoch  39 Validation set [recall@5: 0.0469 recall@10: 0.0775 recall@20: 0.1243 ] [ndcg@5: 0.0540 ndcg@10: 0.0635 ndcg@20: 0.0791 ] 
2026-01-08 13:11:56,850 - Epoch  42 Validation set [recall@5: 0.0480 recall@10: 0.0795 recall@20: 0.1262 ] [ndcg@5: 0.0549 ndcg@10: 0.0648 ndcg@20: 0.0805 ] 
2026-01-08 13:12:10,325 - Epoch  45 Validation set [recall@5: 0.0491 recall@10: 0.0808 recall@20: 0.1286 ] [ndcg@5: 0.0557 ndcg@10: 0.0657 ndcg@20: 0.0818 ] 
2026-01-08 13:12:23,126 - Epoch  48 Validation set [recall@5: 0.0500 recall@10: 0.0821 recall@20: 0.1306 ] [ndcg@5: 0.0566 ndcg@10: 0.0668 ndcg@20: 0.0830 ] 
2026-01-08 13:12:35,777 - Epoch  51 Validation set [recall@5: 0.0502 recall@10: 0.0834 recall@20: 0.1317 ] [ndcg@5: 0.0570 ndcg@10: 0.0676 ndcg@20: 0.0837 ] 
2026-01-08 13:12:50,383 - Epoch  54 Validation set [recall@5: 0.0514 recall@10: 0.0841 recall@20: 0.1330 ] [ndcg@5: 0.0577 ndcg@10: 0.0681 ndcg@20: 0.0845 ] 
2026-01-08 13:13:05,380 - Epoch  57 Validation set [recall@5: 0.0515 recall@10: 0.0848 recall@20: 0.1339 ] [ndcg@5: 0.0581 ndcg@10: 0.0686 ndcg@20: 0.0850 ] 
2026-01-08 13:13:19,063 - Epoch  60 Validation set [recall@5: 0.0519 recall@10: 0.0855 recall@20: 0.1353 ] [ndcg@5: 0.0585 ndcg@10: 0.0691 ndcg@20: 0.0859 ] 
2026-01-08 13:13:31,862 - Epoch  63 Validation set [recall@5: 0.0522 recall@10: 0.0861 recall@20: 0.1360 ] [ndcg@5: 0.0590 ndcg@10: 0.0697 ndcg@20: 0.0865 ] 
2026-01-08 13:13:44,694 - Epoch  66 Validation set [recall@5: 0.0529 recall@10: 0.0863 recall@20: 0.1371 ] [ndcg@5: 0.0595 ndcg@10: 0.0701 ndcg@20: 0.0872 ] 
2026-01-08 13:13:57,777 - Epoch  69 Validation set [recall@5: 0.0532 recall@10: 0.0869 recall@20: 0.1378 ] [ndcg@5: 0.0597 ndcg@10: 0.0706 ndcg@20: 0.0876 ] 
2026-01-08 13:14:11,899 - Epoch  72 Validation set [recall@5: 0.0533 recall@10: 0.0872 recall@20: 0.1381 ] [ndcg@5: 0.0598 ndcg@10: 0.0707 ndcg@20: 0.0877 ] 
2026-01-08 14:14:09,113 - Epoch  75 Validation set [recall@5: 0.0534 recall@10: 0.0878 recall@20: 0.1387 ] [ndcg@5: 0.0600 ndcg@10: 0.0712 ndcg@20: 0.0882 ] 
2026-01-08 14:14:21,455 - Epoch  78 Validation set [recall@5: 0.0540 recall@10: 0.0880 recall@20: 0.1389 ] [ndcg@5: 0.0604 ndcg@10: 0.0714 ndcg@20: 0.0884 ] 
2026-01-08 14:14:34,910 - Epoch  81 Validation set [recall@5: 0.0538 recall@10: 0.0891 recall@20: 0.1394 ] [ndcg@5: 0.0602 ndcg@10: 0.0719 ndcg@20: 0.0886 ] 
2026-01-08 14:14:48,960 - Epoch  84 Validation set [recall@5: 0.0540 recall@10: 0.0894 recall@20: 0.1394 ] [ndcg@5: 0.0604 ndcg@10: 0.0721 ndcg@20: 0.0888 ] 
2026-01-08 14:15:02,318 - Epoch  87 Validation set [recall@5: 0.0540 recall@10: 0.0889 recall@20: 0.1394 ] [ndcg@5: 0.0604 ndcg@10: 0.0718 ndcg@20: 0.0888 ] 
2026-01-08 14:15:16,438 - Epoch  90 Validation set [recall@5: 0.0540 recall@10: 0.0889 recall@20: 0.1402 ] [ndcg@5: 0.0606 ndcg@10: 0.0720 ndcg@20: 0.0892 ] 
2026-01-08 14:15:29,652 - Epoch  93 Validation set [recall@5: 0.0547 recall@10: 0.0894 recall@20: 0.1404 ] [ndcg@5: 0.0610 ndcg@10: 0.0721 ndcg@20: 0.0893 ] 
2026-01-08 14:15:42,509 - Epoch  96 Validation set [recall@5: 0.0547 recall@10: 0.0890 recall@20: 0.1412 ] [ndcg@5: 0.0608 ndcg@10: 0.0720 ndcg@20: 0.0895 ] 
2026-01-08 14:15:55,074 - Epoch  99 Validation set [recall@5: 0.0546 recall@10: 0.0895 recall@20: 0.1416 ] [ndcg@5: 0.0609 ndcg@10: 0.0722 ndcg@20: 0.0897 ] 
2026-01-08 14:16:07,732 - Epoch 102 Validation set [recall@5: 0.0545 recall@10: 0.0897 recall@20: 0.1407 ] [ndcg@5: 0.0607 ndcg@10: 0.0722 ndcg@20: 0.0894 ] 
2026-01-08 14:16:21,207 - Epoch 105 Validation set [recall@5: 0.0546 recall@10: 0.0894 recall@20: 0.1413 ] [ndcg@5: 0.0608 ndcg@10: 0.0721 ndcg@20: 0.0895 ] 
2026-01-08 14:16:33,656 - Epoch 108 Validation set [recall@5: 0.0549 recall@10: 0.0893 recall@20: 0.1409 ] [ndcg@5: 0.0611 ndcg@10: 0.0721 ndcg@20: 0.0896 ] 
2026-01-08 14:16:45,547 - Epoch 111 Validation set [recall@5: 0.0545 recall@10: 0.0895 recall@20: 0.1414 ] [ndcg@5: 0.0608 ndcg@10: 0.0721 ndcg@20: 0.0896 ] 
2026-01-08 14:16:56,336 - Epoch 114 Validation set [recall@5: 0.0549 recall@10: 0.0894 recall@20: 0.1414 ] [ndcg@5: 0.0609 ndcg@10: 0.0720 ndcg@20: 0.0895 ] 
2026-01-08 14:16:59,821 - [recall@5: 0.0546 recall@10: 0.0895 recall@20: 0.1416 ] [ndcg@5: 0.0609 ndcg@10: 0.0722 ndcg@20: 0.0897 ] 
2026-01-08 14:17:03,442 - [recall@5: 0.0526 recall@10: 0.0867 recall@20: 0.1389 ] [ndcg@5: 0.0583 ndcg@10: 0.0697 ndcg@20: 0.0875 ] 
2026-01-08 14:17:03,452 - Save model parameters to ./encoder/checkpoint/gccf_gene/gccf_gene-steam-2023.pth
2026-01-08 14:17:03,452 - Best Epoch 99. Final test result: {'recall': array([0.05255708, 0.08667174, 0.13890704]), 'ndcg': array([0.05829324, 0.06972915, 0.08746216])}.
