2026-01-08 13:07:59,577 - {'optimizer': {'name': 'adam', 'lr': 0.001, 'weight_decay': 0}, 'train': {'epoch': 3000, 'batch_size': 4096, 'save_model': True, 'loss': 'pairwise', 'test_step': 3, 'reproducible': True, 'seed': 2023, 'patience': 5}, 'test': {'metrics': ['recall', 'ndcg'], 'k': [5, 10, 20], 'batch_size': 1024}, 'data': {'type': 'general_cf', 'name': 'yelp', 'user_num': 11091, 'item_num': 11010}, 'model': {'name': 'gccf_gene', 'keep_rate': 0.8, 'embedding_size': 32, 'layer_num': 3, 'reg_weight': 1e-06, 'mask_ratio': 0.05, 'recon_weight': 0.1, 're_temperature': 1.0, 'amazon': {'layer_num': 2, 'reg_weight': 1e-07, 'mask_ratio': 0.1, 'recon_weight': 0.01, 're_temperature': 0.1}, 'yelp': {'layer_num': 2, 'reg_weight': 1e-06, 'mask_ratio': 0.05, 'recon_weight': 0.01, 're_temperature': 1.0}, 'steam': {'layer_num': 2, 'reg_weight': 1e-06, 'mask_ratio': 0.1, 'recon_weight': 0.01, 're_temperature': 0.1}}}
2026-01-08 13:08:04,295 - Epoch   0 Validation set [recall@5: 0.0235 recall@10: 0.0408 recall@20: 0.0678 ] [ndcg@5: 0.0297 ndcg@10: 0.0346 ndcg@20: 0.0436 ] 
2026-01-08 13:08:10,196 - Epoch   3 Validation set [recall@5: 0.0310 recall@10: 0.0511 recall@20: 0.0841 ] [ndcg@5: 0.0378 ndcg@10: 0.0436 ndcg@20: 0.0546 ] 
2026-01-08 13:08:16,451 - Epoch   6 Validation set [recall@5: 0.0311 recall@10: 0.0525 recall@20: 0.0862 ] [ndcg@5: 0.0380 ndcg@10: 0.0445 ndcg@20: 0.0559 ] 
2026-01-08 13:08:22,970 - Epoch   9 Validation set [recall@5: 0.0316 recall@10: 0.0539 recall@20: 0.0877 ] [ndcg@5: 0.0380 ndcg@10: 0.0449 ndcg@20: 0.0563 ] 
2026-01-08 13:08:28,825 - Epoch  12 Validation set [recall@5: 0.0319 recall@10: 0.0542 recall@20: 0.0886 ] [ndcg@5: 0.0384 ndcg@10: 0.0453 ndcg@20: 0.0569 ] 
2026-01-08 13:08:35,184 - Epoch  15 Validation set [recall@5: 0.0326 recall@10: 0.0547 recall@20: 0.0890 ] [ndcg@5: 0.0388 ndcg@10: 0.0456 ndcg@20: 0.0572 ] 
2026-01-08 13:08:41,155 - Epoch  18 Validation set [recall@5: 0.0324 recall@10: 0.0553 recall@20: 0.0902 ] [ndcg@5: 0.0389 ndcg@10: 0.0460 ndcg@20: 0.0578 ] 
2026-01-08 13:08:47,779 - Epoch  21 Validation set [recall@5: 0.0321 recall@10: 0.0549 recall@20: 0.0897 ] [ndcg@5: 0.0388 ndcg@10: 0.0460 ndcg@20: 0.0577 ] 
2026-01-08 13:08:53,926 - Epoch  24 Validation set [recall@5: 0.0325 recall@10: 0.0548 recall@20: 0.0904 ] [ndcg@5: 0.0392 ndcg@10: 0.0460 ndcg@20: 0.0581 ] 
2026-01-08 13:09:00,573 - Epoch  27 Validation set [recall@5: 0.0327 recall@10: 0.0553 recall@20: 0.0911 ] [ndcg@5: 0.0393 ndcg@10: 0.0463 ndcg@20: 0.0583 ] 
2026-01-08 13:09:06,685 - Epoch  30 Validation set [recall@5: 0.0327 recall@10: 0.0554 recall@20: 0.0919 ] [ndcg@5: 0.0393 ndcg@10: 0.0463 ndcg@20: 0.0585 ] 
2026-01-08 13:09:13,504 - Epoch  33 Validation set [recall@5: 0.0330 recall@10: 0.0558 recall@20: 0.0916 ] [ndcg@5: 0.0395 ndcg@10: 0.0464 ndcg@20: 0.0585 ] 
2026-01-08 13:09:20,318 - Epoch  36 Validation set [recall@5: 0.0331 recall@10: 0.0563 recall@20: 0.0920 ] [ndcg@5: 0.0395 ndcg@10: 0.0467 ndcg@20: 0.0586 ] 
2026-01-08 13:09:26,656 - Epoch  39 Validation set [recall@5: 0.0334 recall@10: 0.0561 recall@20: 0.0922 ] [ndcg@5: 0.0396 ndcg@10: 0.0466 ndcg@20: 0.0587 ] 
2026-01-08 13:09:33,287 - Epoch  42 Validation set [recall@5: 0.0338 recall@10: 0.0568 recall@20: 0.0930 ] [ndcg@5: 0.0396 ndcg@10: 0.0471 ndcg@20: 0.0591 ] 
2026-01-08 13:09:39,530 - Epoch  45 Validation set [recall@5: 0.0339 recall@10: 0.0571 recall@20: 0.0934 ] [ndcg@5: 0.0396 ndcg@10: 0.0471 ndcg@20: 0.0592 ] 
2026-01-08 13:09:45,979 - Epoch  48 Validation set [recall@5: 0.0334 recall@10: 0.0576 recall@20: 0.0947 ] [ndcg@5: 0.0395 ndcg@10: 0.0474 ndcg@20: 0.0597 ] 
2026-01-08 13:09:53,093 - Epoch  51 Validation set [recall@5: 0.0335 recall@10: 0.0581 recall@20: 0.0944 ] [ndcg@5: 0.0397 ndcg@10: 0.0477 ndcg@20: 0.0599 ] 
2026-01-08 13:09:59,913 - Epoch  54 Validation set [recall@5: 0.0337 recall@10: 0.0581 recall@20: 0.0949 ] [ndcg@5: 0.0400 ndcg@10: 0.0478 ndcg@20: 0.0602 ] 
2026-01-08 13:10:05,986 - Epoch  57 Validation set [recall@5: 0.0343 recall@10: 0.0582 recall@20: 0.0954 ] [ndcg@5: 0.0401 ndcg@10: 0.0477 ndcg@20: 0.0603 ] 
2026-01-08 13:10:13,134 - Epoch  60 Validation set [recall@5: 0.0339 recall@10: 0.0584 recall@20: 0.0957 ] [ndcg@5: 0.0400 ndcg@10: 0.0478 ndcg@20: 0.0605 ] 
2026-01-08 13:10:19,513 - Epoch  63 Validation set [recall@5: 0.0341 recall@10: 0.0583 recall@20: 0.0967 ] [ndcg@5: 0.0404 ndcg@10: 0.0479 ndcg@20: 0.0610 ] 
2026-01-08 13:10:26,158 - Epoch  66 Validation set [recall@5: 0.0346 recall@10: 0.0586 recall@20: 0.0963 ] [ndcg@5: 0.0405 ndcg@10: 0.0480 ndcg@20: 0.0609 ] 
2026-01-08 13:10:32,988 - Epoch  69 Validation set [recall@5: 0.0345 recall@10: 0.0583 recall@20: 0.0972 ] [ndcg@5: 0.0405 ndcg@10: 0.0479 ndcg@20: 0.0612 ] 
2026-01-08 13:10:39,611 - Epoch  72 Validation set [recall@5: 0.0347 recall@10: 0.0588 recall@20: 0.0972 ] [ndcg@5: 0.0408 ndcg@10: 0.0483 ndcg@20: 0.0614 ] 
2026-01-08 13:10:46,027 - Epoch  75 Validation set [recall@5: 0.0349 recall@10: 0.0592 recall@20: 0.0974 ] [ndcg@5: 0.0411 ndcg@10: 0.0485 ndcg@20: 0.0615 ] 
2026-01-08 13:10:52,799 - Epoch  78 Validation set [recall@5: 0.0352 recall@10: 0.0598 recall@20: 0.0979 ] [ndcg@5: 0.0411 ndcg@10: 0.0487 ndcg@20: 0.0616 ] 
2026-01-08 13:10:59,637 - Epoch  81 Validation set [recall@5: 0.0351 recall@10: 0.0594 recall@20: 0.0983 ] [ndcg@5: 0.0413 ndcg@10: 0.0488 ndcg@20: 0.0619 ] 
2026-01-08 13:11:06,537 - Epoch  84 Validation set [recall@5: 0.0355 recall@10: 0.0600 recall@20: 0.0982 ] [ndcg@5: 0.0417 ndcg@10: 0.0493 ndcg@20: 0.0622 ] 
2026-01-08 13:11:12,914 - Epoch  87 Validation set [recall@5: 0.0349 recall@10: 0.0598 recall@20: 0.0992 ] [ndcg@5: 0.0416 ndcg@10: 0.0494 ndcg@20: 0.0627 ] 
2026-01-08 13:11:20,147 - Epoch  90 Validation set [recall@5: 0.0355 recall@10: 0.0597 recall@20: 0.0987 ] [ndcg@5: 0.0421 ndcg@10: 0.0495 ndcg@20: 0.0627 ] 
2026-01-08 13:11:26,529 - Epoch  93 Validation set [recall@5: 0.0353 recall@10: 0.0598 recall@20: 0.0991 ] [ndcg@5: 0.0418 ndcg@10: 0.0495 ndcg@20: 0.0628 ] 
2026-01-08 13:11:33,151 - Epoch  96 Validation set [recall@5: 0.0354 recall@10: 0.0599 recall@20: 0.0996 ] [ndcg@5: 0.0419 ndcg@10: 0.0496 ndcg@20: 0.0630 ] 
2026-01-08 13:11:39,927 - Epoch  99 Validation set [recall@5: 0.0356 recall@10: 0.0603 recall@20: 0.0991 ] [ndcg@5: 0.0420 ndcg@10: 0.0497 ndcg@20: 0.0629 ] 
2026-01-08 13:11:46,236 - Epoch 102 Validation set [recall@5: 0.0354 recall@10: 0.0608 recall@20: 0.1004 ] [ndcg@5: 0.0420 ndcg@10: 0.0500 ndcg@20: 0.0634 ] 
2026-01-08 13:11:52,228 - Epoch 105 Validation set [recall@5: 0.0357 recall@10: 0.0610 recall@20: 0.1003 ] [ndcg@5: 0.0422 ndcg@10: 0.0501 ndcg@20: 0.0634 ] 
2026-01-08 13:11:59,142 - Epoch 108 Validation set [recall@5: 0.0357 recall@10: 0.0613 recall@20: 0.1012 ] [ndcg@5: 0.0425 ndcg@10: 0.0504 ndcg@20: 0.0639 ] 
2026-01-08 13:12:05,452 - Epoch 111 Validation set [recall@5: 0.0359 recall@10: 0.0616 recall@20: 0.1010 ] [ndcg@5: 0.0427 ndcg@10: 0.0507 ndcg@20: 0.0641 ] 
2026-01-08 13:12:11,693 - Epoch 114 Validation set [recall@5: 0.0358 recall@10: 0.0613 recall@20: 0.1000 ] [ndcg@5: 0.0426 ndcg@10: 0.0506 ndcg@20: 0.0637 ] 
2026-01-08 13:12:18,304 - Epoch 117 Validation set [recall@5: 0.0358 recall@10: 0.0618 recall@20: 0.1015 ] [ndcg@5: 0.0427 ndcg@10: 0.0509 ndcg@20: 0.0644 ] 
2026-01-08 13:12:25,256 - Epoch 120 Validation set [recall@5: 0.0359 recall@10: 0.0617 recall@20: 0.1017 ] [ndcg@5: 0.0426 ndcg@10: 0.0508 ndcg@20: 0.0644 ] 
2026-01-08 13:12:31,577 - Epoch 123 Validation set [recall@5: 0.0361 recall@10: 0.0621 recall@20: 0.1020 ] [ndcg@5: 0.0429 ndcg@10: 0.0512 ndcg@20: 0.0646 ] 
2026-01-08 13:12:38,293 - Epoch 126 Validation set [recall@5: 0.0359 recall@10: 0.0616 recall@20: 0.1022 ] [ndcg@5: 0.0430 ndcg@10: 0.0510 ndcg@20: 0.0648 ] 
2026-01-08 13:12:45,550 - Epoch 129 Validation set [recall@5: 0.0365 recall@10: 0.0624 recall@20: 0.1027 ] [ndcg@5: 0.0432 ndcg@10: 0.0512 ndcg@20: 0.0649 ] 
2026-01-08 13:12:52,306 - Epoch 132 Validation set [recall@5: 0.0362 recall@10: 0.0623 recall@20: 0.1031 ] [ndcg@5: 0.0431 ndcg@10: 0.0514 ndcg@20: 0.0652 ] 
2026-01-08 13:12:58,749 - Epoch 135 Validation set [recall@5: 0.0365 recall@10: 0.0628 recall@20: 0.1034 ] [ndcg@5: 0.0431 ndcg@10: 0.0515 ndcg@20: 0.0653 ] 
2026-01-08 13:13:05,718 - Epoch 138 Validation set [recall@5: 0.0364 recall@10: 0.0627 recall@20: 0.1029 ] [ndcg@5: 0.0434 ndcg@10: 0.0517 ndcg@20: 0.0654 ] 
2026-01-08 13:13:12,028 - Epoch 141 Validation set [recall@5: 0.0364 recall@10: 0.0622 recall@20: 0.1029 ] [ndcg@5: 0.0431 ndcg@10: 0.0513 ndcg@20: 0.0653 ] 
2026-01-08 13:13:18,679 - Epoch 144 Validation set [recall@5: 0.0363 recall@10: 0.0624 recall@20: 0.1035 ] [ndcg@5: 0.0432 ndcg@10: 0.0515 ndcg@20: 0.0655 ] 
2026-01-08 13:13:25,151 - Epoch 147 Validation set [recall@5: 0.0361 recall@10: 0.0625 recall@20: 0.1033 ] [ndcg@5: 0.0431 ndcg@10: 0.0517 ndcg@20: 0.0656 ] 
2026-01-08 13:13:32,307 - Epoch 150 Validation set [recall@5: 0.0368 recall@10: 0.0626 recall@20: 0.1038 ] [ndcg@5: 0.0436 ndcg@10: 0.0520 ndcg@20: 0.0660 ] 
2026-01-08 13:13:38,622 - Epoch 153 Validation set [recall@5: 0.0371 recall@10: 0.0625 recall@20: 0.1033 ] [ndcg@5: 0.0439 ndcg@10: 0.0519 ndcg@20: 0.0659 ] 
2026-01-08 13:13:45,703 - Epoch 156 Validation set [recall@5: 0.0372 recall@10: 0.0629 recall@20: 0.1045 ] [ndcg@5: 0.0438 ndcg@10: 0.0521 ndcg@20: 0.0662 ] 
2026-01-08 13:13:52,067 - Epoch 159 Validation set [recall@5: 0.0375 recall@10: 0.0632 recall@20: 0.1048 ] [ndcg@5: 0.0439 ndcg@10: 0.0521 ndcg@20: 0.0663 ] 
2026-01-08 13:13:58,654 - Epoch 162 Validation set [recall@5: 0.0374 recall@10: 0.0633 recall@20: 0.1050 ] [ndcg@5: 0.0440 ndcg@10: 0.0522 ndcg@20: 0.0664 ] 
2026-01-08 13:14:04,676 - Epoch 165 Validation set [recall@5: 0.0370 recall@10: 0.0631 recall@20: 0.1059 ] [ndcg@5: 0.0438 ndcg@10: 0.0521 ndcg@20: 0.0666 ] 
2026-01-08 13:14:11,067 - Epoch 168 Validation set [recall@5: 0.0369 recall@10: 0.0637 recall@20: 0.1062 ] [ndcg@5: 0.0441 ndcg@10: 0.0526 ndcg@20: 0.0669 ] 
2026-01-08 13:14:16,893 - Epoch 171 Validation set [recall@5: 0.0370 recall@10: 0.0641 recall@20: 0.1062 ] [ndcg@5: 0.0442 ndcg@10: 0.0529 ndcg@20: 0.0671 ] 
2026-01-08 13:14:22,388 - Epoch 174 Validation set [recall@5: 0.0373 recall@10: 0.0638 recall@20: 0.1060 ] [ndcg@5: 0.0446 ndcg@10: 0.0529 ndcg@20: 0.0673 ] 
2026-01-08 14:14:01,154 - Epoch 177 Validation set [recall@5: 0.0371 recall@10: 0.0638 recall@20: 0.1059 ] [ndcg@5: 0.0441 ndcg@10: 0.0527 ndcg@20: 0.0671 ] 
2026-01-08 14:14:08,458 - Epoch 180 Validation set [recall@5: 0.0366 recall@10: 0.0644 recall@20: 0.1070 ] [ndcg@5: 0.0441 ndcg@10: 0.0531 ndcg@20: 0.0677 ] 
2026-01-08 14:14:14,821 - Epoch 183 Validation set [recall@5: 0.0377 recall@10: 0.0645 recall@20: 0.1072 ] [ndcg@5: 0.0448 ndcg@10: 0.0534 ndcg@20: 0.0679 ] 
2026-01-08 14:14:21,483 - Epoch 186 Validation set [recall@5: 0.0374 recall@10: 0.0644 recall@20: 0.1069 ] [ndcg@5: 0.0447 ndcg@10: 0.0534 ndcg@20: 0.0678 ] 
2026-01-08 14:14:27,764 - Epoch 189 Validation set [recall@5: 0.0370 recall@10: 0.0645 recall@20: 0.1070 ] [ndcg@5: 0.0445 ndcg@10: 0.0534 ndcg@20: 0.0678 ] 
2026-01-08 14:14:34,449 - Epoch 192 Validation set [recall@5: 0.0373 recall@10: 0.0651 recall@20: 0.1072 ] [ndcg@5: 0.0446 ndcg@10: 0.0536 ndcg@20: 0.0679 ] 
2026-01-08 14:14:40,714 - Epoch 195 Validation set [recall@5: 0.0379 recall@10: 0.0645 recall@20: 0.1078 ] [ndcg@5: 0.0453 ndcg@10: 0.0537 ndcg@20: 0.0684 ] 
2026-01-08 14:14:47,448 - Epoch 198 Validation set [recall@5: 0.0381 recall@10: 0.0654 recall@20: 0.1085 ] [ndcg@5: 0.0454 ndcg@10: 0.0540 ndcg@20: 0.0687 ] 
2026-01-08 14:14:54,191 - Epoch 201 Validation set [recall@5: 0.0379 recall@10: 0.0656 recall@20: 0.1082 ] [ndcg@5: 0.0455 ndcg@10: 0.0542 ndcg@20: 0.0687 ] 
2026-01-08 14:15:00,675 - Epoch 204 Validation set [recall@5: 0.0380 recall@10: 0.0656 recall@20: 0.1092 ] [ndcg@5: 0.0457 ndcg@10: 0.0544 ndcg@20: 0.0691 ] 
2026-01-08 14:15:06,527 - Epoch 207 Validation set [recall@5: 0.0379 recall@10: 0.0652 recall@20: 0.1087 ] [ndcg@5: 0.0457 ndcg@10: 0.0544 ndcg@20: 0.0691 ] 
2026-01-08 14:15:12,701 - Epoch 210 Validation set [recall@5: 0.0382 recall@10: 0.0657 recall@20: 0.1088 ] [ndcg@5: 0.0456 ndcg@10: 0.0544 ndcg@20: 0.0690 ] 
2026-01-08 14:15:19,482 - Epoch 213 Validation set [recall@5: 0.0383 recall@10: 0.0661 recall@20: 0.1089 ] [ndcg@5: 0.0454 ndcg@10: 0.0544 ndcg@20: 0.0689 ] 
2026-01-08 14:15:25,957 - Epoch 216 Validation set [recall@5: 0.0382 recall@10: 0.0662 recall@20: 0.1089 ] [ndcg@5: 0.0456 ndcg@10: 0.0547 ndcg@20: 0.0691 ] 
2026-01-08 14:15:32,860 - Epoch 219 Validation set [recall@5: 0.0384 recall@10: 0.0663 recall@20: 0.1098 ] [ndcg@5: 0.0460 ndcg@10: 0.0549 ndcg@20: 0.0696 ] 
2026-01-08 14:15:39,497 - Epoch 222 Validation set [recall@5: 0.0386 recall@10: 0.0662 recall@20: 0.1094 ] [ndcg@5: 0.0461 ndcg@10: 0.0549 ndcg@20: 0.0694 ] 
2026-01-08 14:15:44,970 - Epoch 225 Validation set [recall@5: 0.0383 recall@10: 0.0660 recall@20: 0.1094 ] [ndcg@5: 0.0460 ndcg@10: 0.0548 ndcg@20: 0.0695 ] 
2026-01-08 14:15:51,958 - Epoch 228 Validation set [recall@5: 0.0384 recall@10: 0.0662 recall@20: 0.1090 ] [ndcg@5: 0.0462 ndcg@10: 0.0550 ndcg@20: 0.0695 ] 
2026-01-08 14:15:58,432 - Epoch 231 Validation set [recall@5: 0.0386 recall@10: 0.0661 recall@20: 0.1106 ] [ndcg@5: 0.0462 ndcg@10: 0.0550 ndcg@20: 0.0700 ] 
2026-01-08 14:16:04,301 - Epoch 234 Validation set [recall@5: 0.0393 recall@10: 0.0668 recall@20: 0.1112 ] [ndcg@5: 0.0465 ndcg@10: 0.0551 ndcg@20: 0.0701 ] 
2026-01-08 14:16:10,647 - Epoch 237 Validation set [recall@5: 0.0402 recall@10: 0.0663 recall@20: 0.1110 ] [ndcg@5: 0.0472 ndcg@10: 0.0552 ndcg@20: 0.0704 ] 
2026-01-08 14:16:17,266 - Epoch 240 Validation set [recall@5: 0.0400 recall@10: 0.0668 recall@20: 0.1110 ] [ndcg@5: 0.0469 ndcg@10: 0.0554 ndcg@20: 0.0704 ] 
2026-01-08 14:16:23,757 - Epoch 243 Validation set [recall@5: 0.0399 recall@10: 0.0671 recall@20: 0.1114 ] [ndcg@5: 0.0469 ndcg@10: 0.0556 ndcg@20: 0.0706 ] 
2026-01-08 14:16:29,664 - Epoch 246 Validation set [recall@5: 0.0401 recall@10: 0.0676 recall@20: 0.1114 ] [ndcg@5: 0.0472 ndcg@10: 0.0558 ndcg@20: 0.0707 ] 
2026-01-08 14:16:35,659 - Epoch 249 Validation set [recall@5: 0.0398 recall@10: 0.0674 recall@20: 0.1110 ] [ndcg@5: 0.0473 ndcg@10: 0.0560 ndcg@20: 0.0707 ] 
2026-01-08 14:16:42,116 - Epoch 252 Validation set [recall@5: 0.0405 recall@10: 0.0668 recall@20: 0.1117 ] [ndcg@5: 0.0475 ndcg@10: 0.0556 ndcg@20: 0.0708 ] 
2026-01-08 14:16:47,972 - Epoch 255 Validation set [recall@5: 0.0402 recall@10: 0.0669 recall@20: 0.1118 ] [ndcg@5: 0.0475 ndcg@10: 0.0559 ndcg@20: 0.0711 ] 
2026-01-08 14:16:53,735 - Epoch 258 Validation set [recall@5: 0.0398 recall@10: 0.0671 recall@20: 0.1126 ] [ndcg@5: 0.0471 ndcg@10: 0.0557 ndcg@20: 0.0711 ] 
2026-01-08 14:16:59,534 - Epoch 261 Validation set [recall@5: 0.0401 recall@10: 0.0670 recall@20: 0.1119 ] [ndcg@5: 0.0473 ndcg@10: 0.0557 ndcg@20: 0.0709 ] 
2026-01-08 14:17:05,068 - Epoch 264 Validation set [recall@5: 0.0399 recall@10: 0.0671 recall@20: 0.1121 ] [ndcg@5: 0.0472 ndcg@10: 0.0559 ndcg@20: 0.0711 ] 
2026-01-08 14:17:10,706 - Epoch 267 Validation set [recall@5: 0.0402 recall@10: 0.0669 recall@20: 0.1125 ] [ndcg@5: 0.0472 ndcg@10: 0.0558 ndcg@20: 0.0711 ] 
2026-01-08 14:17:16,093 - Epoch 270 Validation set [recall@5: 0.0397 recall@10: 0.0672 recall@20: 0.1122 ] [ndcg@5: 0.0471 ndcg@10: 0.0559 ndcg@20: 0.0711 ] 
2026-01-08 14:17:21,756 - Epoch 273 Validation set [recall@5: 0.0395 recall@10: 0.0673 recall@20: 0.1116 ] [ndcg@5: 0.0470 ndcg@10: 0.0561 ndcg@20: 0.0709 ] 
2026-01-08 14:17:23,964 - [recall@5: 0.0398 recall@10: 0.0671 recall@20: 0.1126 ] [ndcg@5: 0.0471 ndcg@10: 0.0557 ndcg@20: 0.0711 ] 
2026-01-08 14:17:26,104 - [recall@5: 0.0394 recall@10: 0.0677 recall@20: 0.1092 ] [ndcg@5: 0.0460 ndcg@10: 0.0547 ndcg@20: 0.0689 ] 
2026-01-08 14:17:26,116 - Save model parameters to ./encoder/checkpoint/gccf_gene/gccf_gene-yelp-2023.pth
2026-01-08 14:17:26,117 - Best Epoch 258. Final test result: {'recall': array([0.03943368, 0.06771258, 0.10918823]), 'ndcg': array([0.04598018, 0.05474441, 0.06894859])}.
