2026-01-09 07:07:46,482 - {'optimizer': {'name': 'adam', 'lr': 0.001, 'weight_decay': 0}, 'train': {'epoch': 3000, 'batch_size': 4096, 'save_model': True, 'loss': 'pairwise', 'log_loss': False, 'test_step': 3, 'reproducible': True, 'seed': 2023, 'patience': 5}, 'test': {'metrics': ['recall', 'ndcg'], 'k': [5, 10, 20], 'batch_size': 1024}, 'data': {'type': 'general_cf', 'name': 'steam', 'user_num': 23310, 'item_num': 5237}, 'model': {'name': 'lightgcn_gene', 'keep_rate': 0.8, 'embedding_size': 32, 'layer_num': 3, 'reg_weight': 1e-07, 'mask_ratio': 0.1, 'recon_weight': 0.1, 're_temperature': 0.2, 'amazon': {'layer_num': 2, 'reg_weight': 1e-07, 'mask_ratio': 0.15, 'recon_weight': 0.1, 're_temperature': 0.5}, 'yelp': {'layer_num': 2, 'reg_weight': 1e-07, 'mask_ratio': 0.05, 'recon_weight': 0.01, 're_temperature': 0.1}, 'steam': {'layer_num': 2, 'reg_weight': 1e-06, 'mask_ratio': 0.15, 'recon_weight': 0.1, 're_temperature': 0.5}}}
2026-01-09 07:08:14,949 - Epoch   0 Validation set [recall@5: 0.0351 recall@10: 0.0555 recall@20: 0.0908 ] [ndcg@5: 0.0413 ndcg@10: 0.0472 ndcg@20: 0.0586 ] 
2026-01-09 07:09:06,352 - Epoch   3 Validation set [recall@5: 0.0353 recall@10: 0.0559 recall@20: 0.0917 ] [ndcg@5: 0.0414 ndcg@10: 0.0471 ndcg@20: 0.0587 ] 
2026-01-09 07:09:52,850 - Epoch   6 Validation set [recall@5: 0.0355 recall@10: 0.0562 recall@20: 0.0918 ] [ndcg@5: 0.0419 ndcg@10: 0.0477 ndcg@20: 0.0593 ] 
2026-01-09 07:11:04,825 - Epoch   9 Validation set [recall@5: 0.0353 recall@10: 0.0584 recall@20: 0.0940 ] [ndcg@5: 0.0418 ndcg@10: 0.0489 ndcg@20: 0.0604 ] 
2026-01-09 07:12:11,741 - Epoch  12 Validation set [recall@5: 0.0359 recall@10: 0.0613 recall@20: 0.0989 ] [ndcg@5: 0.0426 ndcg@10: 0.0506 ndcg@20: 0.0629 ] 
2026-01-09 07:13:22,497 - Epoch  15 Validation set [recall@5: 0.0379 recall@10: 0.0647 recall@20: 0.1042 ] [ndcg@5: 0.0444 ndcg@10: 0.0529 ndcg@20: 0.0659 ] 
2026-01-09 07:14:33,670 - Epoch  18 Validation set [recall@5: 0.0403 recall@10: 0.0665 recall@20: 0.1084 ] [ndcg@5: 0.0466 ndcg@10: 0.0548 ndcg@20: 0.0686 ] 
2026-01-09 07:15:45,178 - Epoch  21 Validation set [recall@5: 0.0422 recall@10: 0.0695 recall@20: 0.1131 ] [ndcg@5: 0.0490 ndcg@10: 0.0574 ndcg@20: 0.0719 ] 
2026-01-09 07:16:55,335 - Epoch  24 Validation set [recall@5: 0.0437 recall@10: 0.0725 recall@20: 0.1183 ] [ndcg@5: 0.0504 ndcg@10: 0.0596 ndcg@20: 0.0749 ] 
2026-01-09 07:18:03,685 - Epoch  27 Validation set [recall@5: 0.0452 recall@10: 0.0757 recall@20: 0.1219 ] [ndcg@5: 0.0524 ndcg@10: 0.0620 ndcg@20: 0.0774 ] 
2026-01-09 07:19:09,326 - Epoch  30 Validation set [recall@5: 0.0469 recall@10: 0.0781 recall@20: 0.1242 ] [ndcg@5: 0.0539 ndcg@10: 0.0638 ndcg@20: 0.0792 ] 
2026-01-09 07:20:11,569 - Epoch  33 Validation set [recall@5: 0.0482 recall@10: 0.0803 recall@20: 0.1277 ] [ndcg@5: 0.0549 ndcg@10: 0.0653 ndcg@20: 0.0811 ] 
2026-01-09 07:21:02,502 - Epoch  36 Validation set [recall@5: 0.0492 recall@10: 0.0824 recall@20: 0.1302 ] [ndcg@5: 0.0562 ndcg@10: 0.0668 ndcg@20: 0.0828 ] 
2026-01-09 07:21:53,590 - Epoch  39 Validation set [recall@5: 0.0503 recall@10: 0.0833 recall@20: 0.1321 ] [ndcg@5: 0.0570 ndcg@10: 0.0675 ndcg@20: 0.0838 ] 
2026-01-09 07:22:45,185 - Epoch  42 Validation set [recall@5: 0.0509 recall@10: 0.0843 recall@20: 0.1340 ] [ndcg@5: 0.0575 ndcg@10: 0.0682 ndcg@20: 0.0849 ] 
2026-01-09 07:23:35,970 - Epoch  45 Validation set [recall@5: 0.0512 recall@10: 0.0853 recall@20: 0.1359 ] [ndcg@5: 0.0579 ndcg@10: 0.0690 ndcg@20: 0.0860 ] 
2026-01-09 07:24:26,789 - Epoch  48 Validation set [recall@5: 0.0524 recall@10: 0.0855 recall@20: 0.1369 ] [ndcg@5: 0.0588 ndcg@10: 0.0695 ndcg@20: 0.0867 ] 
2026-01-09 07:25:17,976 - Epoch  51 Validation set [recall@5: 0.0533 recall@10: 0.0869 recall@20: 0.1375 ] [ndcg@5: 0.0596 ndcg@10: 0.0704 ndcg@20: 0.0873 ] 
2026-01-09 07:26:09,151 - Epoch  54 Validation set [recall@5: 0.0531 recall@10: 0.0875 recall@20: 0.1392 ] [ndcg@5: 0.0597 ndcg@10: 0.0710 ndcg@20: 0.0884 ] 
2026-01-09 07:27:00,433 - Epoch  57 Validation set [recall@5: 0.0534 recall@10: 0.0889 recall@20: 0.1402 ] [ndcg@5: 0.0602 ndcg@10: 0.0719 ndcg@20: 0.0890 ] 
2026-01-09 07:27:52,288 - Epoch  60 Validation set [recall@5: 0.0536 recall@10: 0.0886 recall@20: 0.1410 ] [ndcg@5: 0.0604 ndcg@10: 0.0718 ndcg@20: 0.0893 ] 
2026-01-09 07:28:44,583 - Epoch  63 Validation set [recall@5: 0.0540 recall@10: 0.0895 recall@20: 0.1414 ] [ndcg@5: 0.0607 ndcg@10: 0.0724 ndcg@20: 0.0897 ] 
2026-01-09 07:29:37,298 - Epoch  66 Validation set [recall@5: 0.0545 recall@10: 0.0899 recall@20: 0.1422 ] [ndcg@5: 0.0612 ndcg@10: 0.0728 ndcg@20: 0.0902 ] 
2026-01-09 07:30:28,961 - Epoch  69 Validation set [recall@5: 0.0548 recall@10: 0.0904 recall@20: 0.1428 ] [ndcg@5: 0.0612 ndcg@10: 0.0729 ndcg@20: 0.0905 ] 
2026-01-09 07:31:20,997 - Epoch  72 Validation set [recall@5: 0.0550 recall@10: 0.0904 recall@20: 0.1435 ] [ndcg@5: 0.0615 ndcg@10: 0.0731 ndcg@20: 0.0909 ] 
2026-01-09 07:32:10,757 - Epoch  75 Validation set [recall@5: 0.0554 recall@10: 0.0909 recall@20: 0.1445 ] [ndcg@5: 0.0618 ndcg@10: 0.0735 ndcg@20: 0.0915 ] 
2026-01-09 07:33:02,860 - Epoch  78 Validation set [recall@5: 0.0559 recall@10: 0.0912 recall@20: 0.1445 ] [ndcg@5: 0.0621 ndcg@10: 0.0736 ndcg@20: 0.0916 ] 
2026-01-09 07:33:56,275 - Epoch  81 Validation set [recall@5: 0.0559 recall@10: 0.0913 recall@20: 0.1444 ] [ndcg@5: 0.0620 ndcg@10: 0.0737 ndcg@20: 0.0916 ] 
2026-01-09 07:34:37,365 - Epoch  84 Validation set [recall@5: 0.0564 recall@10: 0.0918 recall@20: 0.1445 ] [ndcg@5: 0.0624 ndcg@10: 0.0740 ndcg@20: 0.0918 ] 
2026-01-09 07:35:15,333 - Epoch  87 Validation set [recall@5: 0.0563 recall@10: 0.0924 recall@20: 0.1444 ] [ndcg@5: 0.0626 ndcg@10: 0.0744 ndcg@20: 0.0919 ] 
2026-01-09 07:35:53,532 - Epoch  90 Validation set [recall@5: 0.0566 recall@10: 0.0925 recall@20: 0.1446 ] [ndcg@5: 0.0627 ndcg@10: 0.0744 ndcg@20: 0.0920 ] 
2026-01-09 07:36:32,100 - Epoch  93 Validation set [recall@5: 0.0565 recall@10: 0.0920 recall@20: 0.1447 ] [ndcg@5: 0.0628 ndcg@10: 0.0743 ndcg@20: 0.0921 ] 
2026-01-09 07:37:08,077 - Epoch  96 Validation set [recall@5: 0.0567 recall@10: 0.0921 recall@20: 0.1450 ] [ndcg@5: 0.0629 ndcg@10: 0.0745 ndcg@20: 0.0922 ] 
2026-01-09 07:37:41,623 - Epoch  99 Validation set [recall@5: 0.0566 recall@10: 0.0929 recall@20: 0.1452 ] [ndcg@5: 0.0630 ndcg@10: 0.0749 ndcg@20: 0.0924 ] 
2026-01-09 07:38:15,968 - Epoch 102 Validation set [recall@5: 0.0568 recall@10: 0.0928 recall@20: 0.1454 ] [ndcg@5: 0.0628 ndcg@10: 0.0747 ndcg@20: 0.0923 ] 
2026-01-09 07:38:49,975 - Epoch 105 Validation set [recall@5: 0.0562 recall@10: 0.0923 recall@20: 0.1454 ] [ndcg@5: 0.0626 ndcg@10: 0.0745 ndcg@20: 0.0924 ] 
2026-01-09 07:39:24,357 - Epoch 108 Validation set [recall@5: 0.0566 recall@10: 0.0927 recall@20: 0.1448 ] [ndcg@5: 0.0627 ndcg@10: 0.0744 ndcg@20: 0.0921 ] 
2026-01-09 07:39:58,646 - Epoch 111 Validation set [recall@5: 0.0560 recall@10: 0.0928 recall@20: 0.1459 ] [ndcg@5: 0.0626 ndcg@10: 0.0746 ndcg@20: 0.0926 ] 
2026-01-09 07:40:33,008 - Epoch 114 Validation set [recall@5: 0.0565 recall@10: 0.0928 recall@20: 0.1457 ] [ndcg@5: 0.0629 ndcg@10: 0.0748 ndcg@20: 0.0926 ] 
2026-01-09 07:41:07,409 - Epoch 117 Validation set [recall@5: 0.0567 recall@10: 0.0926 recall@20: 0.1463 ] [ndcg@5: 0.0629 ndcg@10: 0.0747 ndcg@20: 0.0928 ] 
2026-01-09 07:41:41,543 - Epoch 120 Validation set [recall@5: 0.0567 recall@10: 0.0929 recall@20: 0.1465 ] [ndcg@5: 0.0629 ndcg@10: 0.0748 ndcg@20: 0.0929 ] 
2026-01-09 07:42:15,782 - Epoch 123 Validation set [recall@5: 0.0568 recall@10: 0.0925 recall@20: 0.1457 ] [ndcg@5: 0.0628 ndcg@10: 0.0745 ndcg@20: 0.0925 ] 
2026-01-09 07:42:49,551 - Epoch 126 Validation set [recall@5: 0.0569 recall@10: 0.0928 recall@20: 0.1463 ] [ndcg@5: 0.0626 ndcg@10: 0.0743 ndcg@20: 0.0924 ] 
2026-01-09 07:43:23,645 - Epoch 129 Validation set [recall@5: 0.0567 recall@10: 0.0929 recall@20: 0.1457 ] [ndcg@5: 0.0628 ndcg@10: 0.0745 ndcg@20: 0.0924 ] 
2026-01-09 07:43:57,813 - Epoch 132 Validation set [recall@5: 0.0571 recall@10: 0.0929 recall@20: 0.1458 ] [ndcg@5: 0.0628 ndcg@10: 0.0746 ndcg@20: 0.0924 ] 
2026-01-09 07:44:32,182 - Epoch 135 Validation set [recall@5: 0.0567 recall@10: 0.0928 recall@20: 0.1453 ] [ndcg@5: 0.0626 ndcg@10: 0.0744 ndcg@20: 0.0922 ] 
2026-01-09 07:44:35,430 - [recall@5: 0.0567 recall@10: 0.0929 recall@20: 0.1465 ] [ndcg@5: 0.0629 ndcg@10: 0.0748 ndcg@20: 0.0929 ] 
2026-01-09 07:44:38,577 - [recall@5: 0.0546 recall@10: 0.0902 recall@20: 0.1441 ] [ndcg@5: 0.0602 ndcg@10: 0.0724 ndcg@20: 0.0908 ] 
2026-01-09 07:44:38,593 - Save model parameters to ./encoder/checkpoint/lightgcn_gene/lightgcn_gene-steam-2023.pth
2026-01-09 07:44:38,593 - Best Epoch 120. Final test result: {'recall': array([0.0545794 , 0.09020104, 0.14413772]), 'ndcg': array([0.06019503, 0.07238687, 0.09078485])}.
