2026-01-09 07:09:30,812 - {'optimizer': {'name': 'adam', 'lr': 0.001, 'weight_decay': 0}, 'train': {'epoch': 3000, 'batch_size': 4096, 'save_model': True, 'loss': 'pairwise', 'log_loss': False, 'test_step': 3, 'reproducible': True, 'seed': 2023, 'patience': 5}, 'test': {'metrics': ['recall', 'ndcg'], 'k': [5, 10, 20], 'batch_size': 1024}, 'data': {'type': 'general_cf', 'name': 'yelp', 'user_num': 11091, 'item_num': 11010}, 'model': {'name': 'lightgcn_gene', 'keep_rate': 0.8, 'embedding_size': 32, 'layer_num': 3, 'reg_weight': 1e-07, 'mask_ratio': 0.1, 'recon_weight': 0.1, 're_temperature': 0.2, 'amazon': {'layer_num': 2, 'reg_weight': 1e-07, 'mask_ratio': 0.15, 'recon_weight': 0.1, 're_temperature': 0.5}, 'yelp': {'layer_num': 2, 'reg_weight': 1e-07, 'mask_ratio': 0.05, 'recon_weight': 0.01, 're_temperature': 0.1}, 'steam': {'layer_num': 2, 'reg_weight': 1e-06, 'mask_ratio': 0.15, 'recon_weight': 0.1, 're_temperature': 0.5}}}
2026-01-09 07:09:56,664 - Epoch   0 Validation set [recall@5: 0.0309 recall@10: 0.0508 recall@20: 0.0824 ] [ndcg@5: 0.0372 ndcg@10: 0.0431 ndcg@20: 0.0535 ] 
2026-01-09 07:10:31,661 - Epoch   3 Validation set [recall@5: 0.0312 recall@10: 0.0521 recall@20: 0.0860 ] [ndcg@5: 0.0380 ndcg@10: 0.0443 ndcg@20: 0.0556 ] 
2026-01-09 07:11:07,326 - Epoch   6 Validation set [recall@5: 0.0314 recall@10: 0.0535 recall@20: 0.0872 ] [ndcg@5: 0.0380 ndcg@10: 0.0448 ndcg@20: 0.0561 ] 
2026-01-09 07:11:43,271 - Epoch   9 Validation set [recall@5: 0.0320 recall@10: 0.0539 recall@20: 0.0874 ] [ndcg@5: 0.0383 ndcg@10: 0.0449 ndcg@20: 0.0563 ] 
2026-01-09 07:12:21,165 - Epoch  12 Validation set [recall@5: 0.0328 recall@10: 0.0544 recall@20: 0.0883 ] [ndcg@5: 0.0388 ndcg@10: 0.0453 ndcg@20: 0.0567 ] 
2026-01-09 07:12:58,554 - Epoch  15 Validation set [recall@5: 0.0330 recall@10: 0.0553 recall@20: 0.0893 ] [ndcg@5: 0.0391 ndcg@10: 0.0460 ndcg@20: 0.0575 ] 
2026-01-09 07:13:31,996 - Epoch  18 Validation set [recall@5: 0.0327 recall@10: 0.0560 recall@20: 0.0912 ] [ndcg@5: 0.0393 ndcg@10: 0.0466 ndcg@20: 0.0584 ] 
2026-01-09 07:14:08,240 - Epoch  21 Validation set [recall@5: 0.0332 recall@10: 0.0558 recall@20: 0.0915 ] [ndcg@5: 0.0397 ndcg@10: 0.0466 ndcg@20: 0.0586 ] 
2026-01-09 07:14:40,778 - Epoch  24 Validation set [recall@5: 0.0336 recall@10: 0.0567 recall@20: 0.0920 ] [ndcg@5: 0.0399 ndcg@10: 0.0471 ndcg@20: 0.0589 ] 
2026-01-09 07:15:19,349 - Epoch  27 Validation set [recall@5: 0.0332 recall@10: 0.0567 recall@20: 0.0924 ] [ndcg@5: 0.0399 ndcg@10: 0.0473 ndcg@20: 0.0592 ] 
2026-01-09 07:15:49,697 - Epoch  30 Validation set [recall@5: 0.0333 recall@10: 0.0570 recall@20: 0.0933 ] [ndcg@5: 0.0401 ndcg@10: 0.0476 ndcg@20: 0.0597 ] 
2026-01-09 07:16:22,336 - Epoch  33 Validation set [recall@5: 0.0334 recall@10: 0.0579 recall@20: 0.0939 ] [ndcg@5: 0.0407 ndcg@10: 0.0484 ndcg@20: 0.0604 ] 
2026-01-09 07:16:55,182 - Epoch  36 Validation set [recall@5: 0.0341 recall@10: 0.0584 recall@20: 0.0948 ] [ndcg@5: 0.0410 ndcg@10: 0.0486 ndcg@20: 0.0608 ] 
2026-01-09 07:17:32,931 - Epoch  39 Validation set [recall@5: 0.0349 recall@10: 0.0588 recall@20: 0.0967 ] [ndcg@5: 0.0414 ndcg@10: 0.0489 ndcg@20: 0.0616 ] 
2026-01-09 07:18:07,370 - Epoch  42 Validation set [recall@5: 0.0352 recall@10: 0.0594 recall@20: 0.0975 ] [ndcg@5: 0.0417 ndcg@10: 0.0493 ndcg@20: 0.0621 ] 
2026-01-09 07:18:44,642 - Epoch  45 Validation set [recall@5: 0.0357 recall@10: 0.0603 recall@20: 0.0982 ] [ndcg@5: 0.0419 ndcg@10: 0.0497 ndcg@20: 0.0625 ] 
2026-01-09 07:19:18,788 - Epoch  48 Validation set [recall@5: 0.0358 recall@10: 0.0606 recall@20: 0.0986 ] [ndcg@5: 0.0422 ndcg@10: 0.0499 ndcg@20: 0.0628 ] 
2026-01-09 07:19:57,327 - Epoch  51 Validation set [recall@5: 0.0360 recall@10: 0.0607 recall@20: 0.0986 ] [ndcg@5: 0.0423 ndcg@10: 0.0501 ndcg@20: 0.0630 ] 
2026-01-09 07:20:22,303 - Epoch  54 Validation set [recall@5: 0.0365 recall@10: 0.0611 recall@20: 0.0994 ] [ndcg@5: 0.0428 ndcg@10: 0.0505 ndcg@20: 0.0635 ] 
2026-01-09 07:20:48,256 - Epoch  57 Validation set [recall@5: 0.0369 recall@10: 0.0615 recall@20: 0.0997 ] [ndcg@5: 0.0432 ndcg@10: 0.0508 ndcg@20: 0.0638 ] 
2026-01-09 07:21:13,329 - Epoch  60 Validation set [recall@5: 0.0369 recall@10: 0.0622 recall@20: 0.1005 ] [ndcg@5: 0.0433 ndcg@10: 0.0513 ndcg@20: 0.0643 ] 
2026-01-09 07:21:39,475 - Epoch  63 Validation set [recall@5: 0.0366 recall@10: 0.0621 recall@20: 0.1015 ] [ndcg@5: 0.0432 ndcg@10: 0.0512 ndcg@20: 0.0646 ] 
2026-01-09 07:22:05,193 - Epoch  66 Validation set [recall@5: 0.0367 recall@10: 0.0627 recall@20: 0.1021 ] [ndcg@5: 0.0432 ndcg@10: 0.0515 ndcg@20: 0.0649 ] 
2026-01-09 07:22:31,653 - Epoch  69 Validation set [recall@5: 0.0377 recall@10: 0.0630 recall@20: 0.1024 ] [ndcg@5: 0.0439 ndcg@10: 0.0518 ndcg@20: 0.0652 ] 
2026-01-09 07:22:56,366 - Epoch  72 Validation set [recall@5: 0.0371 recall@10: 0.0637 recall@20: 0.1027 ] [ndcg@5: 0.0439 ndcg@10: 0.0523 ndcg@20: 0.0655 ] 
2026-01-09 07:23:21,495 - Epoch  75 Validation set [recall@5: 0.0378 recall@10: 0.0642 recall@20: 0.1037 ] [ndcg@5: 0.0444 ndcg@10: 0.0526 ndcg@20: 0.0661 ] 
2026-01-09 07:23:46,193 - Epoch  78 Validation set [recall@5: 0.0381 recall@10: 0.0641 recall@20: 0.1053 ] [ndcg@5: 0.0449 ndcg@10: 0.0530 ndcg@20: 0.0670 ] 
2026-01-09 07:24:11,529 - Epoch  81 Validation set [recall@5: 0.0390 recall@10: 0.0639 recall@20: 0.1054 ] [ndcg@5: 0.0456 ndcg@10: 0.0533 ndcg@20: 0.0674 ] 
2026-01-09 07:24:36,732 - Epoch  84 Validation set [recall@5: 0.0388 recall@10: 0.0650 recall@20: 0.1056 ] [ndcg@5: 0.0456 ndcg@10: 0.0537 ndcg@20: 0.0675 ] 
2026-01-09 07:25:02,852 - Epoch  87 Validation set [recall@5: 0.0390 recall@10: 0.0651 recall@20: 0.1063 ] [ndcg@5: 0.0461 ndcg@10: 0.0542 ndcg@20: 0.0682 ] 
2026-01-09 07:25:29,031 - Epoch  90 Validation set [recall@5: 0.0391 recall@10: 0.0657 recall@20: 0.1066 ] [ndcg@5: 0.0465 ndcg@10: 0.0546 ndcg@20: 0.0685 ] 
2026-01-09 07:25:55,521 - Epoch  93 Validation set [recall@5: 0.0393 recall@10: 0.0658 recall@20: 0.1070 ] [ndcg@5: 0.0465 ndcg@10: 0.0546 ndcg@20: 0.0687 ] 
2026-01-09 07:26:20,559 - Epoch  96 Validation set [recall@5: 0.0402 recall@10: 0.0663 recall@20: 0.1072 ] [ndcg@5: 0.0473 ndcg@10: 0.0550 ndcg@20: 0.0688 ] 
2026-01-09 07:26:46,572 - Epoch  99 Validation set [recall@5: 0.0402 recall@10: 0.0665 recall@20: 0.1080 ] [ndcg@5: 0.0475 ndcg@10: 0.0553 ndcg@20: 0.0692 ] 
2026-01-09 07:27:12,391 - Epoch 102 Validation set [recall@5: 0.0409 recall@10: 0.0672 recall@20: 0.1091 ] [ndcg@5: 0.0484 ndcg@10: 0.0562 ndcg@20: 0.0703 ] 
2026-01-09 07:27:39,160 - Epoch 105 Validation set [recall@5: 0.0410 recall@10: 0.0681 recall@20: 0.1095 ] [ndcg@5: 0.0484 ndcg@10: 0.0566 ndcg@20: 0.0706 ] 
2026-01-09 07:28:04,468 - Epoch 108 Validation set [recall@5: 0.0409 recall@10: 0.0680 recall@20: 0.1104 ] [ndcg@5: 0.0487 ndcg@10: 0.0569 ndcg@20: 0.0712 ] 
2026-01-09 07:28:31,647 - Epoch 111 Validation set [recall@5: 0.0409 recall@10: 0.0682 recall@20: 0.1115 ] [ndcg@5: 0.0487 ndcg@10: 0.0570 ndcg@20: 0.0716 ] 
2026-01-09 07:28:57,123 - Epoch 114 Validation set [recall@5: 0.0414 recall@10: 0.0684 recall@20: 0.1111 ] [ndcg@5: 0.0491 ndcg@10: 0.0574 ndcg@20: 0.0718 ] 
2026-01-09 07:29:23,653 - Epoch 117 Validation set [recall@5: 0.0416 recall@10: 0.0686 recall@20: 0.1107 ] [ndcg@5: 0.0494 ndcg@10: 0.0575 ndcg@20: 0.0717 ] 
2026-01-09 07:29:48,157 - Epoch 120 Validation set [recall@5: 0.0417 recall@10: 0.0688 recall@20: 0.1113 ] [ndcg@5: 0.0496 ndcg@10: 0.0577 ndcg@20: 0.0721 ] 
2026-01-09 07:30:14,277 - Epoch 123 Validation set [recall@5: 0.0410 recall@10: 0.0690 recall@20: 0.1114 ] [ndcg@5: 0.0495 ndcg@10: 0.0578 ndcg@20: 0.0721 ] 
2026-01-09 07:30:39,443 - Epoch 126 Validation set [recall@5: 0.0415 recall@10: 0.0697 recall@20: 0.1125 ] [ndcg@5: 0.0496 ndcg@10: 0.0582 ndcg@20: 0.0727 ] 
2026-01-09 07:31:05,542 - Epoch 129 Validation set [recall@5: 0.0410 recall@10: 0.0703 recall@20: 0.1127 ] [ndcg@5: 0.0494 ndcg@10: 0.0585 ndcg@20: 0.0728 ] 
2026-01-09 07:31:31,738 - Epoch 132 Validation set [recall@5: 0.0412 recall@10: 0.0700 recall@20: 0.1138 ] [ndcg@5: 0.0494 ndcg@10: 0.0582 ndcg@20: 0.0731 ] 
2026-01-09 07:31:57,162 - Epoch 135 Validation set [recall@5: 0.0419 recall@10: 0.0707 recall@20: 0.1145 ] [ndcg@5: 0.0498 ndcg@10: 0.0586 ndcg@20: 0.0734 ] 
2026-01-09 07:32:22,647 - Epoch 138 Validation set [recall@5: 0.0421 recall@10: 0.0712 recall@20: 0.1143 ] [ndcg@5: 0.0500 ndcg@10: 0.0591 ndcg@20: 0.0735 ] 
2026-01-09 07:32:49,215 - Epoch 141 Validation set [recall@5: 0.0423 recall@10: 0.0714 recall@20: 0.1141 ] [ndcg@5: 0.0500 ndcg@10: 0.0588 ndcg@20: 0.0734 ] 
2026-01-09 07:33:14,412 - Epoch 144 Validation set [recall@5: 0.0419 recall@10: 0.0704 recall@20: 0.1141 ] [ndcg@5: 0.0497 ndcg@10: 0.0586 ndcg@20: 0.0735 ] 
2026-01-09 07:33:40,769 - Epoch 147 Validation set [recall@5: 0.0427 recall@10: 0.0712 recall@20: 0.1142 ] [ndcg@5: 0.0503 ndcg@10: 0.0592 ndcg@20: 0.0736 ] 
2026-01-09 07:34:06,463 - Epoch 150 Validation set [recall@5: 0.0416 recall@10: 0.0716 recall@20: 0.1142 ] [ndcg@5: 0.0497 ndcg@10: 0.0594 ndcg@20: 0.0737 ] 
2026-01-09 07:34:08,604 - [recall@5: 0.0419 recall@10: 0.0707 recall@20: 0.1145 ] [ndcg@5: 0.0498 ndcg@10: 0.0586 ndcg@20: 0.0734 ] 
2026-01-09 07:34:10,823 - [recall@5: 0.0403 recall@10: 0.0691 recall@20: 0.1145 ] [ndcg@5: 0.0473 ndcg@10: 0.0564 ndcg@20: 0.0720 ] 
2026-01-09 07:34:10,948 - Save model parameters to ./encoder/checkpoint/lightgcn_gene/lightgcn_gene-yelp-2023.pth
2026-01-09 07:34:10,949 - Best Epoch 135. Final test result: {'recall': array([0.04034747, 0.06908569, 0.1145234 ]), 'ndcg': array([0.04727807, 0.05638151, 0.07203161])}.
