2025-12-27 14:09:15,726 - {'optimizer': {'name': 'adam', 'lr': 0.001, 'weight_decay': 0}, 'train': {'epoch': 3000, 'batch_size': 4096, 'save_model': False, 'loss': 'pairwise', 'test_step': 3, 'reproducible': True, 'seed': 2023, 'patience': 5}, 'test': {'metrics': ['recall', 'ndcg'], 'k': [5, 10, 20], 'batch_size': 1024}, 'data': {'type': 'general_cf', 'name': 'amazon', 'user_num': 11000, 'item_num': 9332}, 'model': {'name': 'dccflk_gene', 'embedding_size': 64, 'intent_num': 128, 'layer_num': 2, 'reg_weight': 0.0001, 'cl_weight': 0.001, 'temperature': 0.15, 'mask_ratio': 0.1, 'recon_weight': 0.1, 're_temperature': 0.5, 'amazon': {'layer_num': 2, 'reg_weight': 0.0001, 'cl_weight': 0.001, 'temperature': 0.15, 'proto_reg': '8e-8', 'num_clusters': 300, 'm_step': 1, 'warm_up_step': 20, 'ssl_temp': 0.1, 'ssl_reg': '1e-7', 'embedding_size': 64, 'mask_ratio': 0.05, 'recon_weight': 0.1, 're_temperature': 0.2}, 'yelp': {'layer_num': 2, 'reg_weight': 0.0001, 'cl_weight': 0.001, 'temperature': 0.1, 'proto_reg': '8e-8', 'num_clusters': 200, 'm_step': 1, 'warm_up_step': 20, 'ssl_temp': 0.1, 'ssl_reg': '1e-7', 'embedding_size': 64, 'mask_ratio': 0.05, 'recon_weight': 0.01, 're_temperature': 0.1}, 'steam': {'layer_num': 3, 'reg_weight': 0.001, 'cl_weight': 0.001, 'temperature': 0.15, 'proto_reg': '8e-8', 'num_clusters': 300, 'm_step': 1, 'warm_up_step': 20, 'ssl_temp': 0.1, 'ssl_reg': '1e-7', 'embedding_size': 64, 'mask_ratio': 0.1, 'recon_weight': 0.01, 're_temperature': 0.2}}}
2025-12-27 14:09:22,147 - Epoch   0 Validation set [recall@5: 0.0335 recall@10: 0.0528 recall@20: 0.0838 ] [ndcg@5: 0.0334 ndcg@10: 0.0401 ndcg@20: 0.0503 ] 
2025-12-27 14:09:29,141 - Epoch   3 Validation set [recall@5: 0.0559 recall@10: 0.0896 recall@20: 0.1363 ] [ndcg@5: 0.0554 ndcg@10: 0.0674 ndcg@20: 0.0829 ] 
2025-12-27 14:09:36,300 - Epoch   6 Validation set [recall@5: 0.0641 recall@10: 0.0987 recall@20: 0.1490 ] [ndcg@5: 0.0630 ndcg@10: 0.0750 ndcg@20: 0.0916 ] 
2025-12-27 14:09:43,436 - Epoch   9 Validation set [recall@5: 0.0684 recall@10: 0.1041 recall@20: 0.1553 ] [ndcg@5: 0.0678 ndcg@10: 0.0801 ndcg@20: 0.0966 ] 
2025-12-27 14:09:50,399 - Epoch  12 Validation set [recall@5: 0.0699 recall@10: 0.1067 recall@20: 0.1576 ] [ndcg@5: 0.0692 ndcg@10: 0.0818 ndcg@20: 0.0985 ] 
2025-12-27 14:09:57,296 - Epoch  15 Validation set [recall@5: 0.0716 recall@10: 0.1079 recall@20: 0.1614 ] [ndcg@5: 0.0706 ndcg@10: 0.0831 ndcg@20: 0.1006 ] 
2025-12-27 14:10:04,110 - Epoch  18 Validation set [recall@5: 0.0725 recall@10: 0.1096 recall@20: 0.1613 ] [ndcg@5: 0.0714 ndcg@10: 0.0842 ndcg@20: 0.1012 ] 
2025-12-27 14:10:11,101 - Epoch  21 Validation set [recall@5: 0.0723 recall@10: 0.1092 recall@20: 0.1617 ] [ndcg@5: 0.0712 ndcg@10: 0.0840 ndcg@20: 0.1011 ] 
2025-12-27 14:10:17,822 - Epoch  24 Validation set [recall@5: 0.0732 recall@10: 0.1125 recall@20: 0.1629 ] [ndcg@5: 0.0719 ndcg@10: 0.0855 ndcg@20: 0.1021 ] 
2025-12-27 14:10:24,760 - Epoch  27 Validation set [recall@5: 0.0709 recall@10: 0.1105 recall@20: 0.1644 ] [ndcg@5: 0.0707 ndcg@10: 0.0845 ndcg@20: 0.1020 ] 
2025-12-27 14:10:31,472 - Epoch  30 Validation set [recall@5: 0.0717 recall@10: 0.1112 recall@20: 0.1643 ] [ndcg@5: 0.0708 ndcg@10: 0.0846 ndcg@20: 0.1021 ] 
2025-12-27 14:10:38,095 - Epoch  33 Validation set [recall@5: 0.0718 recall@10: 0.1112 recall@20: 0.1636 ] [ndcg@5: 0.0717 ndcg@10: 0.0853 ndcg@20: 0.1023 ] 
2025-12-27 14:10:44,944 - Epoch  36 Validation set [recall@5: 0.0718 recall@10: 0.1117 recall@20: 0.1660 ] [ndcg@5: 0.0712 ndcg@10: 0.0852 ndcg@20: 0.1029 ] 
2025-12-27 14:10:51,727 - Epoch  39 Validation set [recall@5: 0.0722 recall@10: 0.1114 recall@20: 0.1657 ] [ndcg@5: 0.0717 ndcg@10: 0.0853 ndcg@20: 0.1029 ] 
2025-12-27 14:10:58,395 - Epoch  42 Validation set [recall@5: 0.0708 recall@10: 0.1117 recall@20: 0.1646 ] [ndcg@5: 0.0703 ndcg@10: 0.0848 ndcg@20: 0.1020 ] 
2025-12-27 14:11:05,163 - Epoch  45 Validation set [recall@5: 0.0706 recall@10: 0.1096 recall@20: 0.1628 ] [ndcg@5: 0.0698 ndcg@10: 0.0834 ndcg@20: 0.1008 ] 
2025-12-27 14:11:11,931 - Epoch  48 Validation set [recall@5: 0.0711 recall@10: 0.1109 recall@20: 0.1645 ] [ndcg@5: 0.0704 ndcg@10: 0.0843 ndcg@20: 0.1018 ] 
2025-12-27 14:11:18,723 - Epoch  51 Validation set [recall@5: 0.0720 recall@10: 0.1129 recall@20: 0.1665 ] [ndcg@5: 0.0712 ndcg@10: 0.0856 ndcg@20: 0.1031 ] 
2025-12-27 14:11:25,431 - Epoch  54 Validation set [recall@5: 0.0719 recall@10: 0.1136 recall@20: 0.1653 ] [ndcg@5: 0.0701 ndcg@10: 0.0849 ndcg@20: 0.1018 ] 
2025-12-27 14:11:32,089 - Epoch  57 Validation set [recall@5: 0.0728 recall@10: 0.1134 recall@20: 0.1663 ] [ndcg@5: 0.0715 ndcg@10: 0.0857 ndcg@20: 0.1031 ] 
2025-12-27 14:11:39,011 - Epoch  60 Validation set [recall@5: 0.0727 recall@10: 0.1128 recall@20: 0.1663 ] [ndcg@5: 0.0720 ndcg@10: 0.0858 ndcg@20: 0.1033 ] 
2025-12-27 14:11:46,012 - Epoch  63 Validation set [recall@5: 0.0716 recall@10: 0.1105 recall@20: 0.1658 ] [ndcg@5: 0.0702 ndcg@10: 0.0836 ndcg@20: 0.1019 ] 
2025-12-27 14:11:52,669 - Epoch  66 Validation set [recall@5: 0.0728 recall@10: 0.1117 recall@20: 0.1667 ] [ndcg@5: 0.0709 ndcg@10: 0.0843 ndcg@20: 0.1023 ] 
2025-12-27 14:11:59,291 - Epoch  69 Validation set [recall@5: 0.0732 recall@10: 0.1112 recall@20: 0.1641 ] [ndcg@5: 0.0716 ndcg@10: 0.0846 ndcg@20: 0.1019 ] 
2025-12-27 14:12:05,984 - Epoch  72 Validation set [recall@5: 0.0725 recall@10: 0.1112 recall@20: 0.1647 ] [ndcg@5: 0.0712 ndcg@10: 0.0844 ndcg@20: 0.1020 ] 
2025-12-27 14:12:12,645 - Epoch  75 Validation set [recall@5: 0.0726 recall@10: 0.1141 recall@20: 0.1638 ] [ndcg@5: 0.0710 ndcg@10: 0.0856 ndcg@20: 0.1020 ] 
2025-12-27 14:12:19,523 - Epoch  78 Validation set [recall@5: 0.0738 recall@10: 0.1118 recall@20: 0.1661 ] [ndcg@5: 0.0718 ndcg@10: 0.0851 ndcg@20: 0.1028 ] 
2025-12-27 14:12:26,176 - Epoch  81 Validation set [recall@5: 0.0743 recall@10: 0.1132 recall@20: 0.1661 ] [ndcg@5: 0.0727 ndcg@10: 0.0864 ndcg@20: 0.1036 ] 
2025-12-27 14:12:27,603 - [recall@5: 0.0728 recall@10: 0.1117 recall@20: 0.1667 ] [ndcg@5: 0.0709 ndcg@10: 0.0843 ndcg@20: 0.1023 ] 
2025-12-27 14:12:29,032 - [recall@5: 0.0712 recall@10: 0.1096 recall@20: 0.1630 ] [ndcg@5: 0.0715 ndcg@10: 0.0845 ndcg@20: 0.1019 ] 
2025-12-27 14:12:29,033 - Best Epoch 66. Final test result: {'recall': array([0.07119082, 0.10960788, 0.16300044]), 'ndcg': array([0.07147593, 0.0844901 , 0.10194432])}.
'embedding_size': 64