2026-01-11 09:33:28,285 - {'optimizer': {'name': 'adam', 'lr': 0.001, 'weight_decay': 0}, 'train': {'epoch': 3000, 'batch_size': 4096, 'save_model': True, 'loss': 'pairwise', 'test_step': 3, 'reproducible': True, 'seed': 2023, 'patience': 5}, 'test': {'metrics': ['recall', 'ndcg'], 'k': [5, 10, 20], 'batch_size': 1024}, 'data': {'type': 'general_cf', 'name': 'amazon', 'user_num': 11000, 'item_num': 9332}, 'model': {'name': 'dccflk_gene', 'embedding_size': 64, 'intent_num': 128, 'layer_num': 2, 'reg_weight': 0.0001, 'cl_weight': 0.001, 'temperature': 0.15, 'mask_ratio': 0.1, 'recon_weight': 0.1, 're_temperature': 0.5, 'amazon': {'layer_num': 2, 'reg_weight': 0.0001, 'cl_weight': 0.001, 'temperature': 0.15, 'proto_reg': '8e-8', 'num_clusters': 300, 'm_step': 1, 'warm_up_step': 20, 'ssl_temp': 0.1, 'ssl_reg': '1e-7', 'embedding_size': 64, 'mask_ratio': 0.05, 'recon_weight': 0.1, 're_temperature': 0.2}, 'yelp': {'layer_num': 2, 'reg_weight': 0.0001, 'cl_weight': 0.001, 'temperature': 0.1, 'proto_reg': '8e-8', 'num_clusters': 200, 'm_step': 1, 'warm_up_step': 20, 'ssl_temp': 0.1, 'ssl_reg': '1e-7', 'embedding_size': 64, 'mask_ratio': 0.05, 'recon_weight': 0.01, 're_temperature': 0.1}, 'steam': {'layer_num': 3, 'reg_weight': 0.001, 'cl_weight': 0.001, 'temperature': 0.15, 'proto_reg': '8e-8', 'num_clusters': 300, 'm_step': 1, 'warm_up_step': 20, 'ssl_temp': 0.1, 'ssl_reg': '1e-7', 'embedding_size': 32, 'mask_ratio': 0.1, 'recon_weight': 0.01, 're_temperature': 0.2}}}
2026-01-11 09:33:35,409 - Epoch   0 Validation set [recall@5: 0.0335 recall@10: 0.0528 recall@20: 0.0838 ] [ndcg@5: 0.0334 ndcg@10: 0.0401 ndcg@20: 0.0503 ] 
2026-01-11 09:33:43,396 - Epoch   3 Validation set [recall@5: 0.0560 recall@10: 0.0896 recall@20: 0.1363 ] [ndcg@5: 0.0555 ndcg@10: 0.0674 ndcg@20: 0.0829 ] 
2026-01-11 09:33:51,047 - Epoch   6 Validation set [recall@5: 0.0641 recall@10: 0.0991 recall@20: 0.1490 ] [ndcg@5: 0.0632 ndcg@10: 0.0752 ndcg@20: 0.0917 ] 
2026-01-11 09:33:59,129 - Epoch   9 Validation set [recall@5: 0.0680 recall@10: 0.1037 recall@20: 0.1552 ] [ndcg@5: 0.0674 ndcg@10: 0.0797 ndcg@20: 0.0964 ] 
2026-01-11 09:34:06,723 - Epoch  12 Validation set [recall@5: 0.0702 recall@10: 0.1070 recall@20: 0.1578 ] [ndcg@5: 0.0694 ndcg@10: 0.0820 ndcg@20: 0.0987 ] 
2026-01-11 09:34:14,933 - Epoch  15 Validation set [recall@5: 0.0712 recall@10: 0.1076 recall@20: 0.1611 ] [ndcg@5: 0.0706 ndcg@10: 0.0831 ndcg@20: 0.1006 ] 
2026-01-11 09:34:22,660 - Epoch  18 Validation set [recall@5: 0.0715 recall@10: 0.1094 recall@20: 0.1616 ] [ndcg@5: 0.0709 ndcg@10: 0.0840 ndcg@20: 0.1010 ] 
2026-01-11 09:34:30,266 - Epoch  21 Validation set [recall@5: 0.0724 recall@10: 0.1092 recall@20: 0.1615 ] [ndcg@5: 0.0713 ndcg@10: 0.0840 ndcg@20: 0.1011 ] 
2026-01-11 09:34:38,334 - Epoch  24 Validation set [recall@5: 0.0734 recall@10: 0.1114 recall@20: 0.1635 ] [ndcg@5: 0.0716 ndcg@10: 0.0849 ndcg@20: 0.1020 ] 
2026-01-11 09:34:45,758 - Epoch  27 Validation set [recall@5: 0.0712 recall@10: 0.1103 recall@20: 0.1651 ] [ndcg@5: 0.0707 ndcg@10: 0.0843 ndcg@20: 0.1021 ] 
2026-01-11 09:34:53,082 - Epoch  30 Validation set [recall@5: 0.0712 recall@10: 0.1108 recall@20: 0.1639 ] [ndcg@5: 0.0707 ndcg@10: 0.0845 ndcg@20: 0.1019 ] 
2026-01-11 09:35:01,109 - Epoch  33 Validation set [recall@5: 0.0716 recall@10: 0.1105 recall@20: 0.1637 ] [ndcg@5: 0.0715 ndcg@10: 0.0847 ndcg@20: 0.1021 ] 
2026-01-11 09:35:08,529 - Epoch  36 Validation set [recall@5: 0.0714 recall@10: 0.1112 recall@20: 0.1665 ] [ndcg@5: 0.0709 ndcg@10: 0.0848 ndcg@20: 0.1028 ] 
2026-01-11 09:35:16,052 - Epoch  39 Validation set [recall@5: 0.0717 recall@10: 0.1115 recall@20: 0.1663 ] [ndcg@5: 0.0711 ndcg@10: 0.0850 ndcg@20: 0.1026 ] 
2026-01-11 09:35:24,078 - Epoch  42 Validation set [recall@5: 0.0706 recall@10: 0.1121 recall@20: 0.1645 ] [ndcg@5: 0.0704 ndcg@10: 0.0850 ndcg@20: 0.1021 ] 
2026-01-11 09:35:31,263 - Epoch  45 Validation set [recall@5: 0.0696 recall@10: 0.1087 recall@20: 0.1629 ] [ndcg@5: 0.0693 ndcg@10: 0.0828 ndcg@20: 0.1005 ] 
2026-01-11 09:35:38,748 - Epoch  48 Validation set [recall@5: 0.0711 recall@10: 0.1104 recall@20: 0.1654 ] [ndcg@5: 0.0704 ndcg@10: 0.0842 ndcg@20: 0.1020 ] 
2026-01-11 09:35:46,174 - Epoch  51 Validation set [recall@5: 0.0727 recall@10: 0.1136 recall@20: 0.1656 ] [ndcg@5: 0.0711 ndcg@10: 0.0854 ndcg@20: 0.1025 ] 
2026-01-11 09:35:48,250 - [recall@5: 0.0714 recall@10: 0.1112 recall@20: 0.1665 ] [ndcg@5: 0.0709 ndcg@10: 0.0848 ndcg@20: 0.1028 ] 
2026-01-11 09:35:50,269 - [recall@5: 0.0712 recall@10: 0.1113 recall@20: 0.1651 ] [ndcg@5: 0.0715 ndcg@10: 0.0852 ndcg@20: 0.1028 ] 
2026-01-11 09:35:50,292 - Save model parameters to ./encoder/checkpoint/dccflk_gene/dccflk_gene-amazon-2023.pth
2026-01-11 09:35:50,293 - Best Epoch 36. Final test result: {'recall': array([0.07118325, 0.11130562, 0.16513016]), 'ndcg': array([0.07151705, 0.08521965, 0.10275737])}.
