2026-01-11 09:34:35,286 - {'optimizer': {'name': 'adam', 'lr': 0.001, 'weight_decay': 0}, 'train': {'epoch': 3000, 'batch_size': 4096, 'save_model': True, 'loss': 'pairwise', 'test_step': 3, 'reproducible': True, 'seed': 2023, 'patience': 5}, 'test': {'metrics': ['recall', 'ndcg'], 'k': [5, 10, 20], 'batch_size': 1024}, 'data': {'type': 'general_cf', 'name': 'steam', 'user_num': 23310, 'item_num': 5237}, 'model': {'name': 'dccflk_gene', 'embedding_size': 64, 'intent_num': 128, 'layer_num': 2, 'reg_weight': 0.0001, 'cl_weight': 0.001, 'temperature': 0.15, 'mask_ratio': 0.1, 'recon_weight': 0.1, 're_temperature': 0.5, 'amazon': {'layer_num': 2, 'reg_weight': 0.0001, 'cl_weight': 0.001, 'temperature': 0.15, 'proto_reg': '8e-8', 'num_clusters': 300, 'm_step': 1, 'warm_up_step': 20, 'ssl_temp': 0.1, 'ssl_reg': '1e-7', 'embedding_size': 64, 'mask_ratio': 0.05, 'recon_weight': 0.1, 're_temperature': 0.2}, 'yelp': {'layer_num': 2, 'reg_weight': 0.0001, 'cl_weight': 0.001, 'temperature': 0.1, 'proto_reg': '8e-8', 'num_clusters': 200, 'm_step': 1, 'warm_up_step': 20, 'ssl_temp': 0.1, 'ssl_reg': '1e-7', 'embedding_size': 64, 'mask_ratio': 0.05, 'recon_weight': 0.01, 're_temperature': 0.1}, 'steam': {'layer_num': 3, 'reg_weight': 0.001, 'cl_weight': 0.001, 'temperature': 0.15, 'proto_reg': '8e-8', 'num_clusters': 300, 'm_step': 1, 'warm_up_step': 20, 'ssl_temp': 0.1, 'ssl_reg': '1e-7', 'embedding_size': 64, 'mask_ratio': 0.1, 'recon_weight': 0.01, 're_temperature': 0.2}}}
2026-01-11 09:35:02,744 - Epoch   0 Validation set [recall@5: 0.0521 recall@10: 0.0838 recall@20: 0.1327 ] [ndcg@5: 0.0585 ndcg@10: 0.0684 ndcg@20: 0.0848 ] 
2026-01-11 09:36:04,638 - Epoch   3 Validation set [recall@5: 0.0562 recall@10: 0.0909 recall@20: 0.1417 ] [ndcg@5: 0.0614 ndcg@10: 0.0726 ndcg@20: 0.0898 ] 
2026-01-11 09:37:03,767 - Epoch   6 Validation set [recall@5: 0.0539 recall@10: 0.0897 recall@20: 0.1411 ] [ndcg@5: 0.0591 ndcg@10: 0.0710 ndcg@20: 0.0887 ] 
2026-01-11 09:38:04,566 - Epoch   9 Validation set [recall@5: 0.0557 recall@10: 0.0916 recall@20: 0.1432 ] [ndcg@5: 0.0615 ndcg@10: 0.0735 ndcg@20: 0.0910 ] 
2026-01-11 09:39:07,616 - Epoch  12 Validation set [recall@5: 0.0551 recall@10: 0.0897 recall@20: 0.1407 ] [ndcg@5: 0.0600 ndcg@10: 0.0713 ndcg@20: 0.0888 ] 
2026-01-11 09:40:07,715 - Epoch  15 Validation set [recall@5: 0.0554 recall@10: 0.0906 recall@20: 0.1417 ] [ndcg@5: 0.0609 ndcg@10: 0.0725 ndcg@20: 0.0898 ] 
2026-01-11 09:41:09,306 - Epoch  18 Validation set [recall@5: 0.0569 recall@10: 0.0927 recall@20: 0.1442 ] [ndcg@5: 0.0620 ndcg@10: 0.0739 ndcg@20: 0.0915 ] 
2026-01-11 09:42:07,711 - Epoch  21 Validation set [recall@5: 0.0552 recall@10: 0.0922 recall@20: 0.1425 ] [ndcg@5: 0.0607 ndcg@10: 0.0732 ndcg@20: 0.0904 ] 
2026-01-11 09:43:08,230 - Epoch  24 Validation set [recall@5: 0.0561 recall@10: 0.0909 recall@20: 0.1427 ] [ndcg@5: 0.0609 ndcg@10: 0.0725 ndcg@20: 0.0902 ] 
2026-01-11 09:43:42,066 - Epoch  27 Validation set [recall@5: 0.0560 recall@10: 0.0928 recall@20: 0.1444 ] [ndcg@5: 0.0619 ndcg@10: 0.0741 ndcg@20: 0.0916 ] 
2026-01-11 09:44:15,710 - Epoch  30 Validation set [recall@5: 0.0560 recall@10: 0.0908 recall@20: 0.1424 ] [ndcg@5: 0.0612 ndcg@10: 0.0727 ndcg@20: 0.0902 ] 
2026-01-11 09:44:49,248 - Epoch  33 Validation set [recall@5: 0.0551 recall@10: 0.0916 recall@20: 0.1437 ] [ndcg@5: 0.0603 ndcg@10: 0.0728 ndcg@20: 0.0904 ] 
2026-01-11 09:45:23,232 - Epoch  36 Validation set [recall@5: 0.0563 recall@10: 0.0907 recall@20: 0.1416 ] [ndcg@5: 0.0612 ndcg@10: 0.0726 ndcg@20: 0.0898 ] 
2026-01-11 09:45:57,620 - Epoch  39 Validation set [recall@5: 0.0562 recall@10: 0.0910 recall@20: 0.1419 ] [ndcg@5: 0.0613 ndcg@10: 0.0729 ndcg@20: 0.0902 ] 
2026-01-11 09:46:30,815 - Epoch  42 Validation set [recall@5: 0.0563 recall@10: 0.0919 recall@20: 0.1446 ] [ndcg@5: 0.0608 ndcg@10: 0.0728 ndcg@20: 0.0908 ] 
2026-01-11 09:47:04,396 - Epoch  45 Validation set [recall@5: 0.0561 recall@10: 0.0925 recall@20: 0.1451 ] [ndcg@5: 0.0610 ndcg@10: 0.0733 ndcg@20: 0.0912 ] 
2026-01-11 09:47:37,824 - Epoch  48 Validation set [recall@5: 0.0558 recall@10: 0.0915 recall@20: 0.1435 ] [ndcg@5: 0.0613 ndcg@10: 0.0733 ndcg@20: 0.0910 ] 
2026-01-11 09:48:11,345 - Epoch  51 Validation set [recall@5: 0.0570 recall@10: 0.0930 recall@20: 0.1467 ] [ndcg@5: 0.0630 ndcg@10: 0.0747 ndcg@20: 0.0929 ] 
2026-01-11 09:48:45,067 - Epoch  54 Validation set [recall@5: 0.0572 recall@10: 0.0934 recall@20: 0.1469 ] [ndcg@5: 0.0625 ndcg@10: 0.0745 ndcg@20: 0.0927 ] 
2026-01-11 09:49:19,020 - Epoch  57 Validation set [recall@5: 0.0560 recall@10: 0.0926 recall@20: 0.1462 ] [ndcg@5: 0.0620 ndcg@10: 0.0742 ndcg@20: 0.0923 ] 
2026-01-11 09:49:53,633 - Epoch  60 Validation set [recall@5: 0.0579 recall@10: 0.0932 recall@20: 0.1469 ] [ndcg@5: 0.0631 ndcg@10: 0.0747 ndcg@20: 0.0927 ] 
2026-01-11 09:50:27,883 - Epoch  63 Validation set [recall@5: 0.0568 recall@10: 0.0937 recall@20: 0.1469 ] [ndcg@5: 0.0618 ndcg@10: 0.0743 ndcg@20: 0.0924 ] 
2026-01-11 09:51:01,510 - Epoch  66 Validation set [recall@5: 0.0563 recall@10: 0.0934 recall@20: 0.1469 ] [ndcg@5: 0.0622 ndcg@10: 0.0745 ndcg@20: 0.0928 ] 
2026-01-11 09:51:34,911 - Epoch  69 Validation set [recall@5: 0.0567 recall@10: 0.0933 recall@20: 0.1467 ] [ndcg@5: 0.0626 ndcg@10: 0.0750 ndcg@20: 0.0930 ] 
2026-01-11 09:52:08,791 - Epoch  72 Validation set [recall@5: 0.0570 recall@10: 0.0923 recall@20: 0.1458 ] [ndcg@5: 0.0632 ndcg@10: 0.0748 ndcg@20: 0.0929 ] 
2026-01-11 09:52:42,623 - Epoch  75 Validation set [recall@5: 0.0570 recall@10: 0.0938 recall@20: 0.1461 ] [ndcg@5: 0.0636 ndcg@10: 0.0756 ndcg@20: 0.0933 ] 
2026-01-11 09:53:16,539 - Epoch  78 Validation set [recall@5: 0.0568 recall@10: 0.0936 recall@20: 0.1468 ] [ndcg@5: 0.0633 ndcg@10: 0.0751 ndcg@20: 0.0931 ] 
2026-01-11 09:53:19,953 - [recall@5: 0.0568 recall@10: 0.0937 recall@20: 0.1469 ] [ndcg@5: 0.0618 ndcg@10: 0.0743 ndcg@20: 0.0924 ] 
2026-01-11 09:53:23,022 - [recall@5: 0.0561 recall@10: 0.0920 recall@20: 0.1462 ] [ndcg@5: 0.0622 ndcg@10: 0.0740 ndcg@20: 0.0924 ] 
2026-01-11 09:53:23,040 - Save model parameters to ./encoder/checkpoint/dccflk_gene/dccflk_gene-steam-2023.pth
2026-01-11 09:53:23,041 - Best Epoch 63. Final test result: {'recall': array([0.05607439, 0.09200594, 0.14618634]), 'ndcg': array([0.06224866, 0.07404499, 0.09241562])}.
