2025-12-28 13:18:08,846 - {'optimizer': {'name': 'adam', 'lr': 0.001, 'weight_decay': 0}, 'train': {'epoch': 3000, 'batch_size': 4096, 'save_model': False, 'loss': 'pairwise', 'test_step': 3, 'reproducible': True, 'seed': 2023, 'patience': 5}, 'test': {'metrics': ['recall', 'ndcg'], 'k': [5, 10, 20], 'batch_size': 1024}, 'data': {'type': 'general_cf', 'name': 'steam', 'user_num': 23310, 'item_num': 5237}, 'model': {'name': 'dccflk_gene', 'embedding_size': 64, 'intent_num': 128, 'layer_num': 2, 'reg_weight': 0.0001, 'cl_weight': 0.001, 'temperature': 0.15, 'mask_ratio': 0.1, 'recon_weight': 0.1, 're_temperature': 0.5, 'amazon': {'layer_num': 2, 'reg_weight': 0.0001, 'cl_weight': 0.001, 'temperature': 0.15, 'proto_reg': '8e-8', 'num_clusters': 300, 'm_step': 1, 'warm_up_step': 20, 'ssl_temp': 0.1, 'ssl_reg': '1e-7', 'embedding_size': 64, 'mask_ratio': 0.05, 'recon_weight': 0.1, 're_temperature': 0.2}, 'yelp': {'layer_num': 2, 'reg_weight': 0.0001, 'cl_weight': 0.001, 'temperature': 0.1, 'proto_reg': '8e-8', 'num_clusters': 200, 'm_step': 1, 'warm_up_step': 20, 'ssl_temp': 0.1, 'ssl_reg': '1e-7', 'embedding_size': 64, 'mask_ratio': 0.05, 'recon_weight': 0.01, 're_temperature': 0.1}, 'steam': {'layer_num': 3, 'reg_weight': 0.001, 'cl_weight': 0.001, 'temperature': 0.15, 'proto_reg': '8e-8', 'num_clusters': 300, 'm_step': 1, 'warm_up_step': 20, 'ssl_temp': 0.1, 'ssl_reg': '1e-7', 'embedding_size': 64, 'mask_ratio': 0.1, 'recon_weight': 0.01, 're_temperature': 0.2}}}
2025-12-28 13:18:26,399 - Epoch   0 Validation set [recall@5: 0.0521 recall@10: 0.0838 recall@20: 0.1327 ] [ndcg@5: 0.0585 ndcg@10: 0.0684 ndcg@20: 0.0848 ] 
2025-12-28 13:18:59,149 - Epoch   3 Validation set [recall@5: 0.0560 recall@10: 0.0909 recall@20: 0.1417 ] [ndcg@5: 0.0613 ndcg@10: 0.0726 ndcg@20: 0.0898 ] 
2025-12-28 13:19:31,685 - Epoch   6 Validation set [recall@5: 0.0540 recall@10: 0.0897 recall@20: 0.1410 ] [ndcg@5: 0.0591 ndcg@10: 0.0710 ndcg@20: 0.0886 ] 
2025-12-28 13:20:04,288 - Epoch   9 Validation set [recall@5: 0.0557 recall@10: 0.0914 recall@20: 0.1431 ] [ndcg@5: 0.0614 ndcg@10: 0.0734 ndcg@20: 0.0909 ] 
2025-12-28 13:20:37,130 - Epoch  12 Validation set [recall@5: 0.0551 recall@10: 0.0897 recall@20: 0.1407 ] [ndcg@5: 0.0600 ndcg@10: 0.0714 ndcg@20: 0.0888 ] 
2025-12-28 13:21:08,997 - Epoch  15 Validation set [recall@5: 0.0554 recall@10: 0.0905 recall@20: 0.1419 ] [ndcg@5: 0.0609 ndcg@10: 0.0724 ndcg@20: 0.0899 ] 
2025-12-28 13:21:41,680 - Epoch  18 Validation set [recall@5: 0.0570 recall@10: 0.0926 recall@20: 0.1442 ] [ndcg@5: 0.0621 ndcg@10: 0.0739 ndcg@20: 0.0915 ] 
2025-12-28 13:22:14,241 - Epoch  21 Validation set [recall@5: 0.0553 recall@10: 0.0921 recall@20: 0.1426 ] [ndcg@5: 0.0607 ndcg@10: 0.0732 ndcg@20: 0.0904 ] 
2025-12-28 13:22:47,299 - Epoch  24 Validation set [recall@5: 0.0560 recall@10: 0.0909 recall@20: 0.1430 ] [ndcg@5: 0.0609 ndcg@10: 0.0725 ndcg@20: 0.0903 ] 
2025-12-28 13:23:19,926 - Epoch  27 Validation set [recall@5: 0.0561 recall@10: 0.0927 recall@20: 0.1445 ] [ndcg@5: 0.0619 ndcg@10: 0.0741 ndcg@20: 0.0917 ] 
2025-12-28 13:23:52,683 - Epoch  30 Validation set [recall@5: 0.0560 recall@10: 0.0909 recall@20: 0.1426 ] [ndcg@5: 0.0612 ndcg@10: 0.0728 ndcg@20: 0.0903 ] 
2025-12-28 13:24:25,325 - Epoch  33 Validation set [recall@5: 0.0550 recall@10: 0.0917 recall@20: 0.1439 ] [ndcg@5: 0.0602 ndcg@10: 0.0728 ndcg@20: 0.0904 ] 
2025-12-28 13:24:57,445 - Epoch  36 Validation set [recall@5: 0.0562 recall@10: 0.0907 recall@20: 0.1417 ] [ndcg@5: 0.0611 ndcg@10: 0.0725 ndcg@20: 0.0898 ] 
2025-12-28 13:25:29,805 - Epoch  39 Validation set [recall@5: 0.0562 recall@10: 0.0912 recall@20: 0.1418 ] [ndcg@5: 0.0614 ndcg@10: 0.0730 ndcg@20: 0.0903 ] 
2025-12-28 13:26:02,422 - Epoch  42 Validation set [recall@5: 0.0562 recall@10: 0.0919 recall@20: 0.1446 ] [ndcg@5: 0.0608 ndcg@10: 0.0728 ndcg@20: 0.0908 ] 
2025-12-28 13:26:35,170 - Epoch  45 Validation set [recall@5: 0.0563 recall@10: 0.0924 recall@20: 0.1452 ] [ndcg@5: 0.0610 ndcg@10: 0.0732 ndcg@20: 0.0912 ] 
2025-12-28 13:27:07,846 - Epoch  48 Validation set [recall@5: 0.0558 recall@10: 0.0916 recall@20: 0.1436 ] [ndcg@5: 0.0612 ndcg@10: 0.0733 ndcg@20: 0.0910 ] 
2025-12-28 13:27:40,031 - Epoch  51 Validation set [recall@5: 0.0570 recall@10: 0.0929 recall@20: 0.1469 ] [ndcg@5: 0.0630 ndcg@10: 0.0746 ndcg@20: 0.0929 ] 
2025-12-28 13:28:12,551 - Epoch  54 Validation set [recall@5: 0.0572 recall@10: 0.0933 recall@20: 0.1467 ] [ndcg@5: 0.0625 ndcg@10: 0.0744 ndcg@20: 0.0926 ] 
2025-12-28 13:28:44,698 - Epoch  57 Validation set [recall@5: 0.0561 recall@10: 0.0925 recall@20: 0.1461 ] [ndcg@5: 0.0621 ndcg@10: 0.0741 ndcg@20: 0.0923 ] 
2025-12-28 13:29:17,868 - Epoch  60 Validation set [recall@5: 0.0578 recall@10: 0.0932 recall@20: 0.1468 ] [ndcg@5: 0.0631 ndcg@10: 0.0746 ndcg@20: 0.0927 ] 
2025-12-28 13:29:50,861 - Epoch  63 Validation set [recall@5: 0.0567 recall@10: 0.0937 recall@20: 0.1469 ] [ndcg@5: 0.0617 ndcg@10: 0.0742 ndcg@20: 0.0924 ] 
2025-12-28 13:30:23,667 - Epoch  66 Validation set [recall@5: 0.0563 recall@10: 0.0933 recall@20: 0.1468 ] [ndcg@5: 0.0622 ndcg@10: 0.0745 ndcg@20: 0.0928 ] 
2025-12-28 13:30:56,322 - Epoch  69 Validation set [recall@5: 0.0566 recall@10: 0.0933 recall@20: 0.1467 ] [ndcg@5: 0.0625 ndcg@10: 0.0749 ndcg@20: 0.0930 ] 
2025-12-28 13:31:28,977 - Epoch  72 Validation set [recall@5: 0.0570 recall@10: 0.0922 recall@20: 0.1458 ] [ndcg@5: 0.0631 ndcg@10: 0.0747 ndcg@20: 0.0929 ] 
2025-12-28 13:32:01,927 - Epoch  75 Validation set [recall@5: 0.0572 recall@10: 0.0936 recall@20: 0.1461 ] [ndcg@5: 0.0637 ndcg@10: 0.0756 ndcg@20: 0.0933 ] 
2025-12-28 13:32:58,611 - Epoch  78 Validation set [recall@5: 0.0569 recall@10: 0.0935 recall@20: 0.1467 ] [ndcg@5: 0.0632 ndcg@10: 0.0750 ndcg@20: 0.0931 ] 
2025-12-28 13:33:01,575 - [recall@5: 0.0567 recall@10: 0.0937 recall@20: 0.1469 ] [ndcg@5: 0.0617 ndcg@10: 0.0742 ndcg@20: 0.0924 ] 
2025-12-28 13:33:04,635 - [recall@5: 0.0560 recall@10: 0.0922 recall@20: 0.1464 ] [ndcg@5: 0.0622 ndcg@10: 0.0741 ndcg@20: 0.0924 ] 
2025-12-28 13:33:04,636 - Best Epoch 63. Final test result: {'recall': array([0.05603997, 0.09218618, 0.14637589]), 'ndcg': array([0.06217432, 0.07407464, 0.09243607])}.
'embedding_size': 64