2026-01-11 09:32:59,861 - {'optimizer': {'name': 'adam', 'lr': 0.001, 'weight_decay': 0}, 'train': {'epoch': 3000, 'batch_size': 4096, 'save_model': True, 'loss': 'pairwise', 'test_step': 3, 'reproducible': True, 'seed': 2023, 'patience': 5}, 'test': {'metrics': ['recall', 'ndcg'], 'k': [5, 10, 20], 'batch_size': 1024}, 'data': {'type': 'general_cf', 'name': 'yelp', 'user_num': 11091, 'item_num': 11010}, 'model': {'name': 'dccflk_gene', 'embedding_size': 64, 'intent_num': 128, 'layer_num': 2, 'reg_weight': 0.0001, 'cl_weight': 0.001, 'temperature': 0.15, 'mask_ratio': 0.1, 'recon_weight': 0.1, 're_temperature': 0.5, 'amazon': {'layer_num': 2, 'reg_weight': 0.0001, 'cl_weight': 0.001, 'temperature': 0.15, 'proto_reg': '8e-8', 'num_clusters': 300, 'm_step': 1, 'warm_up_step': 20, 'ssl_temp': 0.1, 'ssl_reg': '1e-7', 'embedding_size': 64, 'mask_ratio': 0.05, 'recon_weight': 0.1, 're_temperature': 0.2}, 'yelp': {'layer_num': 2, 'reg_weight': 0.0001, 'cl_weight': 0.001, 'temperature': 0.1, 'proto_reg': '8e-8', 'num_clusters': 200, 'm_step': 1, 'warm_up_step': 20, 'ssl_temp': 0.1, 'ssl_reg': '1e-7', 'embedding_size': 64, 'mask_ratio': 0.05, 'recon_weight': 0.01, 're_temperature': 0.1}, 'steam': {'layer_num': 3, 'reg_weight': 0.001, 'cl_weight': 0.001, 'temperature': 0.15, 'proto_reg': '8e-8', 'num_clusters': 300, 'm_step': 1, 'warm_up_step': 20, 'ssl_temp': 0.1, 'ssl_reg': '1e-7', 'embedding_size': 32, 'mask_ratio': 0.1, 'recon_weight': 0.01, 're_temperature': 0.2}}}
2026-01-11 09:33:08,348 - Epoch   0 Validation set [recall@5: 0.0332 recall@10: 0.0545 recall@20: 0.0895 ] [ndcg@5: 0.0396 ndcg@10: 0.0458 ndcg@20: 0.0574 ] 
2026-01-11 09:33:19,129 - Epoch   3 Validation set [recall@5: 0.0386 recall@10: 0.0695 recall@20: 0.1126 ] [ndcg@5: 0.0462 ndcg@10: 0.0564 ndcg@20: 0.0706 ] 
2026-01-11 09:33:30,218 - Epoch   6 Validation set [recall@5: 0.0445 recall@10: 0.0733 recall@20: 0.1185 ] [ndcg@5: 0.0519 ndcg@10: 0.0605 ndcg@20: 0.0758 ] 
2026-01-11 09:33:40,759 - Epoch   9 Validation set [recall@5: 0.0455 recall@10: 0.0782 recall@20: 0.1262 ] [ndcg@5: 0.0539 ndcg@10: 0.0639 ndcg@20: 0.0800 ] 
2026-01-11 09:33:51,418 - Epoch  12 Validation set [recall@5: 0.0477 recall@10: 0.0787 recall@20: 0.1287 ] [ndcg@5: 0.0557 ndcg@10: 0.0650 ndcg@20: 0.0817 ] 
2026-01-11 09:34:01,614 - Epoch  15 Validation set [recall@5: 0.0484 recall@10: 0.0811 recall@20: 0.1302 ] [ndcg@5: 0.0564 ndcg@10: 0.0665 ndcg@20: 0.0828 ] 
2026-01-11 09:34:12,053 - Epoch  18 Validation set [recall@5: 0.0486 recall@10: 0.0811 recall@20: 0.1315 ] [ndcg@5: 0.0569 ndcg@10: 0.0667 ndcg@20: 0.0836 ] 
2026-01-11 09:34:22,458 - Epoch  21 Validation set [recall@5: 0.0487 recall@10: 0.0811 recall@20: 0.1318 ] [ndcg@5: 0.0573 ndcg@10: 0.0670 ndcg@20: 0.0840 ] 
2026-01-11 09:34:32,777 - Epoch  24 Validation set [recall@5: 0.0489 recall@10: 0.0803 recall@20: 0.1301 ] [ndcg@5: 0.0575 ndcg@10: 0.0670 ndcg@20: 0.0834 ] 
2026-01-11 09:34:43,173 - Epoch  27 Validation set [recall@5: 0.0479 recall@10: 0.0808 recall@20: 0.1308 ] [ndcg@5: 0.0562 ndcg@10: 0.0665 ndcg@20: 0.0833 ] 
2026-01-11 09:34:53,497 - Epoch  30 Validation set [recall@5: 0.0480 recall@10: 0.0810 recall@20: 0.1319 ] [ndcg@5: 0.0569 ndcg@10: 0.0669 ndcg@20: 0.0840 ] 
2026-01-11 09:35:04,296 - Epoch  33 Validation set [recall@5: 0.0477 recall@10: 0.0809 recall@20: 0.1303 ] [ndcg@5: 0.0569 ndcg@10: 0.0671 ndcg@20: 0.0837 ] 
2026-01-11 09:35:14,536 - Epoch  36 Validation set [recall@5: 0.0478 recall@10: 0.0794 recall@20: 0.1302 ] [ndcg@5: 0.0568 ndcg@10: 0.0663 ndcg@20: 0.0833 ] 
2026-01-11 09:35:25,206 - Epoch  39 Validation set [recall@5: 0.0473 recall@10: 0.0788 recall@20: 0.1267 ] [ndcg@5: 0.0561 ndcg@10: 0.0657 ndcg@20: 0.0816 ] 
2026-01-11 09:35:35,576 - Epoch  42 Validation set [recall@5: 0.0478 recall@10: 0.0796 recall@20: 0.1295 ] [ndcg@5: 0.0560 ndcg@10: 0.0657 ndcg@20: 0.0824 ] 
2026-01-11 09:35:45,934 - Epoch  45 Validation set [recall@5: 0.0477 recall@10: 0.0793 recall@20: 0.1286 ] [ndcg@5: 0.0553 ndcg@10: 0.0650 ndcg@20: 0.0817 ] 
2026-01-11 09:35:47,964 - [recall@5: 0.0480 recall@10: 0.0810 recall@20: 0.1319 ] [ndcg@5: 0.0569 ndcg@10: 0.0669 ndcg@20: 0.0840 ] 
2026-01-11 09:35:50,010 - [recall@5: 0.0482 recall@10: 0.0818 recall@20: 0.1294 ] [ndcg@5: 0.0566 ndcg@10: 0.0675 ndcg@20: 0.0835 ] 
2026-01-11 09:35:50,025 - Save model parameters to ./encoder/checkpoint/dccflk_gene/dccflk_gene-yelp-2023.pth
2026-01-11 09:35:50,026 - Best Epoch 30. Final test result: {'recall': array([0.04821522, 0.0818294 , 0.12939543]), 'ndcg': array([0.05661143, 0.06752038, 0.08354624])}.
