2025-12-28 13:45:57,656 - {'optimizer': {'name': 'adam', 'lr': 0.001, 'weight_decay': 0}, 'train': {'epoch': 3000, 'batch_size': 4096, 'save_model': False, 'loss': 'pairwise', 'test_step': 3, 'reproducible': True, 'seed': 2023, 'patience': 5}, 'test': {'metrics': ['recall', 'ndcg'], 'k': [5, 10, 20], 'batch_size': 1024}, 'data': {'type': 'general_cf', 'name': 'yelp', 'user_num': 11091, 'item_num': 11010}, 'model': {'name': 'dccflk_gene', 'embedding_size': 64, 'intent_num': 128, 'layer_num': 2, 'reg_weight': 0.0001, 'cl_weight': 0.001, 'temperature': 0.15, 'mask_ratio': 0.1, 'recon_weight': 0.1, 're_temperature': 0.5, 'amazon': {'layer_num': 2, 'reg_weight': 0.0001, 'cl_weight': 0.001, 'temperature': 0.15, 'proto_reg': '8e-8', 'num_clusters': 300, 'm_step': 1, 'warm_up_step': 20, 'ssl_temp': 0.1, 'ssl_reg': '1e-7', 'embedding_size': 64, 'mask_ratio': 0.05, 'recon_weight': 0.1, 're_temperature': 0.2}, 'yelp': {'layer_num': 2, 'reg_weight': 0.0001, 'cl_weight': 0.001, 'temperature': 0.1, 'proto_reg': '8e-8', 'num_clusters': 200, 'm_step': 1, 'warm_up_step': 20, 'ssl_temp': 0.1, 'ssl_reg': '1e-7', 'embedding_size': 64, 'mask_ratio': 0.05, 'recon_weight': 0.01, 're_temperature': 0.1}, 'steam': {'layer_num': 3, 'reg_weight': 0.001, 'cl_weight': 0.001, 'temperature': 0.15, 'proto_reg': '8e-8', 'num_clusters': 300, 'm_step': 1, 'warm_up_step': 20, 'ssl_temp': 0.1, 'ssl_reg': '1e-7', 'embedding_size': 64, 'mask_ratio': 0.1, 'recon_weight': 0.01, 're_temperature': 0.2}}}
2025-12-28 13:46:15,046 - Epoch   0 Validation set [recall@5: 0.0332 recall@10: 0.0545 recall@20: 0.0895 ] [ndcg@5: 0.0396 ndcg@10: 0.0458 ndcg@20: 0.0574 ] 
2025-12-28 13:46:43,931 - Epoch   3 Validation set [recall@5: 0.0387 recall@10: 0.0696 recall@20: 0.1126 ] [ndcg@5: 0.0463 ndcg@10: 0.0564 ndcg@20: 0.0706 ] 
2025-12-28 13:47:12,662 - Epoch   6 Validation set [recall@5: 0.0444 recall@10: 0.0733 recall@20: 0.1186 ] [ndcg@5: 0.0519 ndcg@10: 0.0606 ndcg@20: 0.0759 ] 
2025-12-28 13:47:41,432 - Epoch   9 Validation set [recall@5: 0.0455 recall@10: 0.0783 recall@20: 0.1261 ] [ndcg@5: 0.0539 ndcg@10: 0.0638 ndcg@20: 0.0800 ] 
2025-12-28 13:48:10,116 - Epoch  12 Validation set [recall@5: 0.0478 recall@10: 0.0790 recall@20: 0.1291 ] [ndcg@5: 0.0557 ndcg@10: 0.0651 ndcg@20: 0.0818 ] 
2025-12-28 13:48:38,792 - Epoch  15 Validation set [recall@5: 0.0484 recall@10: 0.0807 recall@20: 0.1304 ] [ndcg@5: 0.0563 ndcg@10: 0.0662 ndcg@20: 0.0828 ] 
2025-12-28 13:49:07,722 - Epoch  18 Validation set [recall@5: 0.0487 recall@10: 0.0810 recall@20: 0.1318 ] [ndcg@5: 0.0569 ndcg@10: 0.0666 ndcg@20: 0.0837 ] 
2025-12-28 13:49:36,312 - Epoch  21 Validation set [recall@5: 0.0483 recall@10: 0.0812 recall@20: 0.1319 ] [ndcg@5: 0.0569 ndcg@10: 0.0669 ndcg@20: 0.0839 ] 
2025-12-28 13:50:04,988 - Epoch  24 Validation set [recall@5: 0.0482 recall@10: 0.0805 recall@20: 0.1303 ] [ndcg@5: 0.0571 ndcg@10: 0.0669 ndcg@20: 0.0834 ] 
2025-12-28 13:50:33,690 - Epoch  27 Validation set [recall@5: 0.0482 recall@10: 0.0803 recall@20: 0.1313 ] [ndcg@5: 0.0564 ndcg@10: 0.0665 ndcg@20: 0.0835 ] 
2025-12-28 13:51:02,443 - Epoch  30 Validation set [recall@5: 0.0480 recall@10: 0.0815 recall@20: 0.1320 ] [ndcg@5: 0.0568 ndcg@10: 0.0672 ndcg@20: 0.0841 ] 
2025-12-28 13:51:31,133 - Epoch  33 Validation set [recall@5: 0.0477 recall@10: 0.0807 recall@20: 0.1300 ] [ndcg@5: 0.0567 ndcg@10: 0.0669 ndcg@20: 0.0835 ] 
2025-12-28 13:51:59,669 - Epoch  36 Validation set [recall@5: 0.0480 recall@10: 0.0798 recall@20: 0.1291 ] [ndcg@5: 0.0569 ndcg@10: 0.0665 ndcg@20: 0.0831 ] 
2025-12-28 13:52:28,337 - Epoch  39 Validation set [recall@5: 0.0471 recall@10: 0.0786 recall@20: 0.1270 ] [ndcg@5: 0.0560 ndcg@10: 0.0656 ndcg@20: 0.0818 ] 
2025-12-28 13:52:56,850 - Epoch  42 Validation set [recall@5: 0.0479 recall@10: 0.0805 recall@20: 0.1297 ] [ndcg@5: 0.0562 ndcg@10: 0.0660 ndcg@20: 0.0826 ] 
2025-12-28 13:53:25,587 - Epoch  45 Validation set [recall@5: 0.0479 recall@10: 0.0797 recall@20: 0.1287 ] [ndcg@5: 0.0549 ndcg@10: 0.0649 ndcg@20: 0.0814 ] 
2025-12-28 13:53:27,418 - [recall@5: 0.0480 recall@10: 0.0815 recall@20: 0.1320 ] [ndcg@5: 0.0568 ndcg@10: 0.0672 ndcg@20: 0.0841 ] 
2025-12-28 13:53:29,298 - [recall@5: 0.0485 recall@10: 0.0817 recall@20: 0.1294 ] [ndcg@5: 0.0570 ndcg@10: 0.0675 ndcg@20: 0.0836 ] 
2025-12-28 13:53:29,299 - Best Epoch 30. Final test result: {'recall': array([0.04849412, 0.0816832 , 0.12943281]), 'ndcg': array([0.05696643, 0.06754593, 0.08360878])}.
'embedding_size': 64