2026-01-08 11:32:39,592 - {'optimizer': {'name': 'adam', 'lr': 0.001, 'weight_decay': 0}, 'train': {'epoch': 3000, 'batch_size': 4096, 'save_model': True, 'loss': 'pairwise', 'test_step': 3, 'reproducible': True, 'seed': 2023, 'patience': 5}, 'test': {'metrics': ['recall', 'ndcg'], 'k': [5, 10, 20], 'batch_size': 1024}, 'data': {'type': 'general_cf', 'name': 'amazon', 'user_num': 11000, 'item_num': 9332}, 'model': {'name': 'sgl_gene', 'keep_rate': 0.8, 'embedding_size': 32, 'augmentation': 'edge_drop', 'layer_num': 3, 'reg_weight': 1e-05, 'cl_weight': 0.1, 'cl_temperature': 0.2, 'mask_ratio': 0.05, 'recon_weight': 0.1, 're_temperature': 0.5, 'amazon': {'layer_num': 3, 'reg_weight': 1e-05, 'cl_weight': 0.1, 'cl_temperature': 0.2, 'mask_ratio': 0.2, 'recon_weight': 0.1, 're_temperature': 0.2}, 'yelp': {'layer_num': 3, 'reg_weight': 1e-05, 'cl_weight': 0.1, 'cl_temperature': 0.2, 'mask_ratio': 0.15, 'recon_weight': 0.1, 're_temperature': 0.2}, 'steam': {'layer_num': 3, 'reg_weight': 1e-05, 'cl_weight': 0.1, 'cl_temperature': 0.5, 'mask_ratio': 0.1, 'recon_weight': 0.1, 're_temperature': 0.2}}}
2026-01-08 11:32:59,837 - Epoch   0 Validation set [recall@5: 0.0181 recall@10: 0.0289 recall@20: 0.0439 ] [ndcg@5: 0.0193 ndcg@10: 0.0228 ndcg@20: 0.0276 ] 
2026-01-08 11:33:54,250 - Epoch   3 Validation set [recall@5: 0.0418 recall@10: 0.0632 recall@20: 0.0928 ] [ndcg@5: 0.0417 ndcg@10: 0.0486 ndcg@20: 0.0583 ] 
2026-01-08 11:35:04,819 - Epoch   6 Validation set [recall@5: 0.0437 recall@10: 0.0662 recall@20: 0.0999 ] [ndcg@5: 0.0439 ndcg@10: 0.0514 ndcg@20: 0.0623 ] 
2026-01-08 11:36:19,254 - Epoch   9 Validation set [recall@5: 0.0398 recall@10: 0.0646 recall@20: 0.0998 ] [ndcg@5: 0.0397 ndcg@10: 0.0483 ndcg@20: 0.0597 ] 
2026-01-08 11:37:34,157 - Epoch  12 Validation set [recall@5: 0.0363 recall@10: 0.0596 recall@20: 0.0951 ] [ndcg@5: 0.0359 ndcg@10: 0.0441 ndcg@20: 0.0556 ] 
2026-01-08 11:38:47,597 - Epoch  15 Validation set [recall@5: 0.0371 recall@10: 0.0627 recall@20: 0.0986 ] [ndcg@5: 0.0380 ndcg@10: 0.0468 ndcg@20: 0.0586 ] 
2026-01-08 11:40:04,083 - Epoch  18 Validation set [recall@5: 0.0481 recall@10: 0.0750 recall@20: 0.1144 ] [ndcg@5: 0.0487 ndcg@10: 0.0575 ndcg@20: 0.0703 ] 
2026-01-08 11:41:17,621 - Epoch  21 Validation set [recall@5: 0.0568 recall@10: 0.0876 recall@20: 0.1316 ] [ndcg@5: 0.0569 ndcg@10: 0.0671 ndcg@20: 0.0814 ] 
2026-01-08 11:42:30,849 - Epoch  24 Validation set [recall@5: 0.0610 recall@10: 0.0954 recall@20: 0.1417 ] [ndcg@5: 0.0608 ndcg@10: 0.0726 ndcg@20: 0.0877 ] 
2026-01-08 11:43:43,896 - Epoch  27 Validation set [recall@5: 0.0640 recall@10: 0.0992 recall@20: 0.1463 ] [ndcg@5: 0.0632 ndcg@10: 0.0752 ndcg@20: 0.0907 ] 
2026-01-08 11:44:58,917 - Epoch  30 Validation set [recall@5: 0.0651 recall@10: 0.1018 recall@20: 0.1488 ] [ndcg@5: 0.0642 ndcg@10: 0.0768 ndcg@20: 0.0922 ] 
2026-01-08 11:46:14,510 - Epoch  33 Validation set [recall@5: 0.0660 recall@10: 0.1028 recall@20: 0.1521 ] [ndcg@5: 0.0649 ndcg@10: 0.0777 ndcg@20: 0.0938 ] 
2026-01-08 11:47:28,324 - Epoch  36 Validation set [recall@5: 0.0665 recall@10: 0.1024 recall@20: 0.1543 ] [ndcg@5: 0.0652 ndcg@10: 0.0778 ndcg@20: 0.0947 ] 
2026-01-08 11:48:42,346 - Epoch  39 Validation set [recall@5: 0.0678 recall@10: 0.1033 recall@20: 0.1559 ] [ndcg@5: 0.0662 ndcg@10: 0.0784 ndcg@20: 0.0955 ] 
2026-01-08 11:49:57,936 - Epoch  42 Validation set [recall@5: 0.0677 recall@10: 0.1026 recall@20: 0.1571 ] [ndcg@5: 0.0664 ndcg@10: 0.0784 ndcg@20: 0.0960 ] 
2026-01-08 11:51:12,092 - Epoch  45 Validation set [recall@5: 0.0676 recall@10: 0.1028 recall@20: 0.1567 ] [ndcg@5: 0.0663 ndcg@10: 0.0784 ndcg@20: 0.0959 ] 
2026-01-08 11:52:26,926 - Epoch  48 Validation set [recall@5: 0.0679 recall@10: 0.1025 recall@20: 0.1575 ] [ndcg@5: 0.0665 ndcg@10: 0.0783 ndcg@20: 0.0962 ] 
2026-01-08 11:53:41,227 - Epoch  51 Validation set [recall@5: 0.0675 recall@10: 0.1028 recall@20: 0.1567 ] [ndcg@5: 0.0665 ndcg@10: 0.0787 ndcg@20: 0.0962 ] 
2026-01-08 11:54:56,915 - Epoch  54 Validation set [recall@5: 0.0675 recall@10: 0.1027 recall@20: 0.1568 ] [ndcg@5: 0.0667 ndcg@10: 0.0787 ndcg@20: 0.0963 ] 
2026-01-08 11:56:10,823 - Epoch  57 Validation set [recall@5: 0.0677 recall@10: 0.1030 recall@20: 0.1567 ] [ndcg@5: 0.0667 ndcg@10: 0.0788 ndcg@20: 0.0963 ] 
2026-01-08 11:57:24,740 - Epoch  60 Validation set [recall@5: 0.0676 recall@10: 0.1035 recall@20: 0.1565 ] [ndcg@5: 0.0668 ndcg@10: 0.0789 ndcg@20: 0.0961 ] 
2026-01-08 11:58:38,395 - Epoch  63 Validation set [recall@5: 0.0676 recall@10: 0.1030 recall@20: 0.1565 ] [ndcg@5: 0.0665 ndcg@10: 0.0784 ndcg@20: 0.0959 ] 
2026-01-08 11:58:41,131 - [recall@5: 0.0679 recall@10: 0.1025 recall@20: 0.1575 ] [ndcg@5: 0.0665 ndcg@10: 0.0783 ndcg@20: 0.0962 ] 
2026-01-08 11:58:43,341 - [recall@5: 0.0645 recall@10: 0.1009 recall@20: 0.1530 ] [ndcg@5: 0.0654 ndcg@10: 0.0779 ndcg@20: 0.0948 ] 
2026-01-08 11:58:43,351 - Save model parameters to ./encoder/checkpoint/sgl_gene/sgl_gene-amazon-2023.pth
2026-01-08 11:58:43,351 - Best Epoch 48. Final test result: {'recall': array([0.06453688, 0.1008552 , 0.15298228]), 'ndcg': array([0.06535129, 0.07789867, 0.09484221])}.
