2026-01-08 11:33:59,620 - {'optimizer': {'name': 'adam', 'lr': 0.001, 'weight_decay': 0}, 'train': {'epoch': 3000, 'batch_size': 4096, 'save_model': True, 'loss': 'pairwise', 'test_step': 3, 'reproducible': True, 'seed': 2023, 'patience': 5}, 'test': {'metrics': ['recall', 'ndcg'], 'k': [5, 10, 20], 'batch_size': 1024}, 'data': {'type': 'general_cf', 'name': 'steam', 'user_num': 23310, 'item_num': 5237}, 'model': {'name': 'sgl_gene', 'keep_rate': 0.8, 'embedding_size': 32, 'augmentation': 'edge_drop', 'layer_num': 3, 'reg_weight': 1e-05, 'cl_weight': 0.1, 'cl_temperature': 0.2, 'mask_ratio': 0.05, 'recon_weight': 0.1, 're_temperature': 0.5, 'amazon': {'layer_num': 3, 'reg_weight': 1e-05, 'cl_weight': 0.1, 'cl_temperature': 0.2, 'mask_ratio': 0.2, 'recon_weight': 0.1, 're_temperature': 0.2}, 'yelp': {'layer_num': 3, 'reg_weight': 1e-05, 'cl_weight': 0.1, 'cl_temperature': 0.2, 'mask_ratio': 0.15, 'recon_weight': 0.1, 're_temperature': 0.2}, 'steam': {'layer_num': 3, 'reg_weight': 1e-05, 'cl_weight': 0.1, 'cl_temperature': 0.5, 'mask_ratio': 0.1, 'recon_weight': 0.1, 're_temperature': 0.2}}}
2026-01-08 11:35:06,348 - Epoch   0 Validation set [recall@5: 0.0151 recall@10: 0.0241 recall@20: 0.0401 ] [ndcg@5: 0.0182 ndcg@10: 0.0208 ndcg@20: 0.0262 ] 
2026-01-08 11:38:21,187 - Epoch   3 Validation set [recall@5: 0.0376 recall@10: 0.0617 recall@20: 0.0972 ] [ndcg@5: 0.0447 ndcg@10: 0.0519 ndcg@20: 0.0637 ] 
2026-01-08 11:41:36,367 - Epoch   6 Validation set [recall@5: 0.0457 recall@10: 0.0746 recall@20: 0.1190 ] [ndcg@5: 0.0528 ndcg@10: 0.0616 ndcg@20: 0.0763 ] 
2026-01-08 11:44:48,898 - Epoch   9 Validation set [recall@5: 0.0505 recall@10: 0.0833 recall@20: 0.1312 ] [ndcg@5: 0.0578 ndcg@10: 0.0680 ndcg@20: 0.0841 ] 
2026-01-08 11:48:00,371 - Epoch  12 Validation set [recall@5: 0.0544 recall@10: 0.0881 recall@20: 0.1379 ] [ndcg@5: 0.0610 ndcg@10: 0.0717 ndcg@20: 0.0883 ] 
2026-01-08 11:51:12,403 - Epoch  15 Validation set [recall@5: 0.0558 recall@10: 0.0905 recall@20: 0.1413 ] [ndcg@5: 0.0622 ndcg@10: 0.0733 ndcg@20: 0.0904 ] 
2026-01-08 11:54:27,407 - Epoch  18 Validation set [recall@5: 0.0561 recall@10: 0.0913 recall@20: 0.1430 ] [ndcg@5: 0.0626 ndcg@10: 0.0740 ndcg@20: 0.0915 ] 
2026-01-08 11:57:41,734 - Epoch  21 Validation set [recall@5: 0.0566 recall@10: 0.0922 recall@20: 0.1450 ] [ndcg@5: 0.0631 ndcg@10: 0.0746 ndcg@20: 0.0924 ] 
2026-01-08 12:00:18,407 - Epoch  24 Validation set [recall@5: 0.0568 recall@10: 0.0922 recall@20: 0.1449 ] [ndcg@5: 0.0633 ndcg@10: 0.0746 ndcg@20: 0.0925 ] 
2026-01-08 12:02:13,471 - Epoch  27 Validation set [recall@5: 0.0563 recall@10: 0.0929 recall@20: 0.1463 ] [ndcg@5: 0.0631 ndcg@10: 0.0751 ndcg@20: 0.0931 ] 
2026-01-08 12:03:48,377 - Epoch  30 Validation set [recall@5: 0.0565 recall@10: 0.0931 recall@20: 0.1462 ] [ndcg@5: 0.0632 ndcg@10: 0.0752 ndcg@20: 0.0931 ] 
2026-01-08 12:05:23,619 - Epoch  33 Validation set [recall@5: 0.0568 recall@10: 0.0935 recall@20: 0.1464 ] [ndcg@5: 0.0634 ndcg@10: 0.0753 ndcg@20: 0.0933 ] 
2026-01-08 12:06:59,237 - Epoch  36 Validation set [recall@5: 0.0569 recall@10: 0.0942 recall@20: 0.1464 ] [ndcg@5: 0.0632 ndcg@10: 0.0755 ndcg@20: 0.0931 ] 
2026-01-08 12:08:52,111 - Epoch  39 Validation set [recall@5: 0.0569 recall@10: 0.0942 recall@20: 0.1470 ] [ndcg@5: 0.0634 ndcg@10: 0.0757 ndcg@20: 0.0936 ] 
2026-01-08 12:10:25,007 - Epoch  42 Validation set [recall@5: 0.0571 recall@10: 0.0943 recall@20: 0.1470 ] [ndcg@5: 0.0635 ndcg@10: 0.0757 ndcg@20: 0.0935 ] 
2026-01-08 12:11:59,344 - Epoch  45 Validation set [recall@5: 0.0572 recall@10: 0.0941 recall@20: 0.1472 ] [ndcg@5: 0.0634 ndcg@10: 0.0755 ndcg@20: 0.0936 ] 
2026-01-08 12:13:33,751 - Epoch  48 Validation set [recall@5: 0.0569 recall@10: 0.0944 recall@20: 0.1475 ] [ndcg@5: 0.0634 ndcg@10: 0.0758 ndcg@20: 0.0937 ] 
2026-01-08 12:15:09,272 - Epoch  51 Validation set [recall@5: 0.0571 recall@10: 0.0941 recall@20: 0.1476 ] [ndcg@5: 0.0633 ndcg@10: 0.0756 ndcg@20: 0.0936 ] 
2026-01-08 12:16:43,289 - Epoch  54 Validation set [recall@5: 0.0571 recall@10: 0.0937 recall@20: 0.1475 ] [ndcg@5: 0.0633 ndcg@10: 0.0754 ndcg@20: 0.0936 ] 
2026-01-08 12:18:02,017 - Epoch  57 Validation set [recall@5: 0.0574 recall@10: 0.0941 recall@20: 0.1472 ] [ndcg@5: 0.0634 ndcg@10: 0.0755 ndcg@20: 0.0935 ] 
2026-01-08 12:20:27,060 - Epoch  60 Validation set [recall@5: 0.0573 recall@10: 0.0939 recall@20: 0.1473 ] [ndcg@5: 0.0636 ndcg@10: 0.0756 ndcg@20: 0.0937 ] 
2026-01-08 12:23:16,531 - Epoch  63 Validation set [recall@5: 0.0569 recall@10: 0.0941 recall@20: 0.1470 ] [ndcg@5: 0.0634 ndcg@10: 0.0756 ndcg@20: 0.0936 ] 
2026-01-08 12:26:00,157 - Epoch  66 Validation set [recall@5: 0.0571 recall@10: 0.0946 recall@20: 0.1473 ] [ndcg@5: 0.0636 ndcg@10: 0.0760 ndcg@20: 0.0939 ] 
2026-01-08 12:26:03,506 - [recall@5: 0.0571 recall@10: 0.0941 recall@20: 0.1476 ] [ndcg@5: 0.0633 ndcg@10: 0.0756 ndcg@20: 0.0936 ] 
2026-01-08 12:26:07,407 - [recall@5: 0.0574 recall@10: 0.0935 recall@20: 0.1466 ] [ndcg@5: 0.0625 ndcg@10: 0.0747 ndcg@20: 0.0928 ] 
2026-01-08 12:26:07,419 - Save model parameters to ./encoder/checkpoint/sgl_gene/sgl_gene-steam-2023.pth
2026-01-08 12:26:07,420 - Best Epoch 51. Final test result: {'recall': array([0.05739779, 0.09348778, 0.14657766]), 'ndcg': array([0.06254314, 0.07470596, 0.09281371])}.
