2026-01-08 11:30:22,221 - {'optimizer': {'name': 'adam', 'lr': 0.001, 'weight_decay': 0}, 'train': {'epoch': 3000, 'batch_size': 4096, 'save_model': True, 'loss': 'pairwise', 'test_step': 3, 'reproducible': True, 'seed': 2023, 'patience': 5}, 'test': {'metrics': ['recall', 'ndcg'], 'k': [5, 10, 20], 'batch_size': 1024}, 'data': {'type': 'general_cf', 'name': 'yelp', 'user_num': 11091, 'item_num': 11010}, 'model': {'name': 'sgl_gene', 'keep_rate': 0.8, 'embedding_size': 32, 'augmentation': 'edge_drop', 'layer_num': 3, 'reg_weight': 1e-05, 'cl_weight': 0.1, 'cl_temperature': 0.2, 'mask_ratio': 0.05, 'recon_weight': 0.1, 're_temperature': 0.5, 'amazon': {'layer_num': 3, 'reg_weight': 1e-05, 'cl_weight': 0.1, 'cl_temperature': 0.2, 'mask_ratio': 0.2, 'recon_weight': 0.1, 're_temperature': 0.2}, 'yelp': {'layer_num': 3, 'reg_weight': 1e-05, 'cl_weight': 0.1, 'cl_temperature': 0.2, 'mask_ratio': 0.15, 'recon_weight': 0.1, 're_temperature': 0.2}, 'steam': {'layer_num': 3, 'reg_weight': 1e-05, 'cl_weight': 0.1, 'cl_temperature': 0.5, 'mask_ratio': 0.1, 'recon_weight': 0.1, 're_temperature': 0.2}}}
2026-01-08 11:30:41,877 - Epoch   0 Validation set [recall@5: 0.0167 recall@10: 0.0285 recall@20: 0.0474 ] [ndcg@5: 0.0218 ndcg@10: 0.0251 ndcg@20: 0.0312 ] 
2026-01-08 11:31:34,599 - Epoch   3 Validation set [recall@5: 0.0272 recall@10: 0.0450 recall@20: 0.0748 ] [ndcg@5: 0.0341 ndcg@10: 0.0388 ndcg@20: 0.0486 ] 
2026-01-08 11:32:24,416 - Epoch   6 Validation set [recall@5: 0.0319 recall@10: 0.0527 recall@20: 0.0849 ] [ndcg@5: 0.0399 ndcg@10: 0.0455 ndcg@20: 0.0562 ] 
2026-01-08 11:33:34,492 - Epoch   9 Validation set [recall@5: 0.0313 recall@10: 0.0534 recall@20: 0.0854 ] [ndcg@5: 0.0397 ndcg@10: 0.0458 ndcg@20: 0.0565 ] 
2026-01-08 11:35:05,405 - Epoch  12 Validation set [recall@5: 0.0358 recall@10: 0.0606 recall@20: 0.0979 ] [ndcg@5: 0.0442 ndcg@10: 0.0512 ndcg@20: 0.0634 ] 
2026-01-08 11:36:48,499 - Epoch  15 Validation set [recall@5: 0.0408 recall@10: 0.0696 recall@20: 0.1118 ] [ndcg@5: 0.0489 ndcg@10: 0.0576 ndcg@20: 0.0717 ] 
2026-01-08 11:38:28,769 - Epoch  18 Validation set [recall@5: 0.0424 recall@10: 0.0738 recall@20: 0.1201 ] [ndcg@5: 0.0507 ndcg@10: 0.0605 ndcg@20: 0.0760 ] 
2026-01-08 11:40:10,996 - Epoch  21 Validation set [recall@5: 0.0437 recall@10: 0.0745 recall@20: 0.1229 ] [ndcg@5: 0.0522 ndcg@10: 0.0616 ndcg@20: 0.0779 ] 
2026-01-08 11:41:52,348 - Epoch  24 Validation set [recall@5: 0.0450 recall@10: 0.0763 recall@20: 0.1261 ] [ndcg@5: 0.0536 ndcg@10: 0.0632 ndcg@20: 0.0799 ] 
2026-01-08 11:43:35,059 - Epoch  27 Validation set [recall@5: 0.0460 recall@10: 0.0765 recall@20: 0.1266 ] [ndcg@5: 0.0543 ndcg@10: 0.0636 ndcg@20: 0.0805 ] 
2026-01-08 11:45:16,956 - Epoch  30 Validation set [recall@5: 0.0464 recall@10: 0.0770 recall@20: 0.1278 ] [ndcg@5: 0.0549 ndcg@10: 0.0640 ndcg@20: 0.0811 ] 
2026-01-08 11:46:57,962 - Epoch  33 Validation set [recall@5: 0.0469 recall@10: 0.0776 recall@20: 0.1277 ] [ndcg@5: 0.0552 ndcg@10: 0.0644 ndcg@20: 0.0812 ] 
2026-01-08 11:48:39,798 - Epoch  36 Validation set [recall@5: 0.0469 recall@10: 0.0781 recall@20: 0.1278 ] [ndcg@5: 0.0554 ndcg@10: 0.0647 ndcg@20: 0.0815 ] 
2026-01-08 11:50:19,925 - Epoch  39 Validation set [recall@5: 0.0469 recall@10: 0.0780 recall@20: 0.1279 ] [ndcg@5: 0.0552 ndcg@10: 0.0646 ndcg@20: 0.0815 ] 
2026-01-08 11:52:00,600 - Epoch  42 Validation set [recall@5: 0.0465 recall@10: 0.0781 recall@20: 0.1276 ] [ndcg@5: 0.0551 ndcg@10: 0.0647 ndcg@20: 0.0815 ] 
2026-01-08 11:53:42,028 - Epoch  45 Validation set [recall@5: 0.0466 recall@10: 0.0781 recall@20: 0.1280 ] [ndcg@5: 0.0551 ndcg@10: 0.0646 ndcg@20: 0.0815 ] 
2026-01-08 11:55:23,877 - Epoch  48 Validation set [recall@5: 0.0464 recall@10: 0.0784 recall@20: 0.1272 ] [ndcg@5: 0.0549 ndcg@10: 0.0645 ndcg@20: 0.0812 ] 
2026-01-08 11:57:05,911 - Epoch  51 Validation set [recall@5: 0.0466 recall@10: 0.0783 recall@20: 0.1273 ] [ndcg@5: 0.0550 ndcg@10: 0.0647 ndcg@20: 0.0813 ] 
2026-01-08 11:58:44,856 - Epoch  54 Validation set [recall@5: 0.0463 recall@10: 0.0784 recall@20: 0.1276 ] [ndcg@5: 0.0549 ndcg@10: 0.0647 ndcg@20: 0.0813 ] 
2026-01-08 12:00:01,389 - Epoch  57 Validation set [recall@5: 0.0469 recall@10: 0.0785 recall@20: 0.1272 ] [ndcg@5: 0.0554 ndcg@10: 0.0648 ndcg@20: 0.0813 ] 
2026-01-08 12:01:17,577 - Epoch  60 Validation set [recall@5: 0.0468 recall@10: 0.0780 recall@20: 0.1274 ] [ndcg@5: 0.0552 ndcg@10: 0.0645 ndcg@20: 0.0812 ] 
2026-01-08 12:01:20,060 - [recall@5: 0.0466 recall@10: 0.0781 recall@20: 0.1280 ] [ndcg@5: 0.0551 ndcg@10: 0.0646 ndcg@20: 0.0815 ] 
2026-01-08 12:01:22,983 - [recall@5: 0.0473 recall@10: 0.0778 recall@20: 0.1289 ] [ndcg@5: 0.0542 ndcg@10: 0.0640 ndcg@20: 0.0812 ] 
2026-01-08 12:01:23,075 - Save model parameters to ./encoder/checkpoint/sgl_gene/sgl_gene-yelp-2023.pth
2026-01-08 12:01:23,075 - Best Epoch 45. Final test result: {'recall': array([0.04728549, 0.07784426, 0.12893002]), 'ndcg': array([0.05418582, 0.06397327, 0.08120495])}.
