2026-01-08 12:49:05,559 - {'optimizer': {'name': 'adam', 'lr': 0.001, 'weight_decay': 0}, 'train': {'epoch': 3000, 'batch_size': 4096, 'save_model': True, 'loss': 'pairwise', 'test_step': 3, 'reproducible': True, 'seed': 2023, 'patience': 5}, 'test': {'metrics': ['recall', 'ndcg'], 'k': [5, 10, 20], 'batch_size': 1024}, 'data': {'type': 'general_cf', 'name': 'steam', 'user_num': 23310, 'item_num': 5237}, 'model': {'name': 'dccf_gene', 'embedding_size': 32, 'intent_num': 128, 'layer_num': 2, 'reg_weight': 0.0001, 'cl_weight': 0.001, 'cl_temperature': 0.1, 'mask_ratio': 0.1, 'recon_weight': 0.1, 're_temperature': 0.5, 'amazon': {'layer_num': 2, 'reg_weight': 0.0001, 'cl_weight': 0.001, 'cl_temperature': 0.1, 'mask_ratio': 0.05, 'recon_weight': 0.1, 're_temperature': 0.2}, 'yelp': {'layer_num': 2, 'reg_weight': 0.0001, 'cl_weight': 0.001, 'cl_temperature': 0.1, 'mask_ratio': 0.05, 'recon_weight': 0.01, 're_temperature': 0.1}, 'steam': {'layer_num': 3, 'reg_weight': 0.001, 'cl_weight': 0.001, 'cl_temperature': 0.1, 'mask_ratio': 0.1, 'recon_weight': 0.01, 're_temperature': 0.2}}}
2026-01-08 12:49:19,284 - Epoch   0 Validation set [recall@5: 0.0497 recall@10: 0.0807 recall@20: 0.1282 ] [ndcg@5: 0.0564 ndcg@10: 0.0661 ndcg@20: 0.0820 ] 
2026-01-08 12:49:50,288 - Epoch   3 Validation set [recall@5: 0.0538 recall@10: 0.0880 recall@20: 0.1381 ] [ndcg@5: 0.0605 ndcg@10: 0.0715 ndcg@20: 0.0885 ] 
2026-01-08 12:50:22,040 - Epoch   6 Validation set [recall@5: 0.0551 recall@10: 0.0898 recall@20: 0.1408 ] [ndcg@5: 0.0612 ndcg@10: 0.0726 ndcg@20: 0.0898 ] 
2026-01-08 12:50:53,881 - Epoch   9 Validation set [recall@5: 0.0551 recall@10: 0.0901 recall@20: 0.1409 ] [ndcg@5: 0.0609 ndcg@10: 0.0723 ndcg@20: 0.0895 ] 
2026-01-08 12:51:25,558 - Epoch  12 Validation set [recall@5: 0.0544 recall@10: 0.0879 recall@20: 0.1403 ] [ndcg@5: 0.0609 ndcg@10: 0.0717 ndcg@20: 0.0895 ] 
2026-01-08 12:51:57,305 - Epoch  15 Validation set [recall@5: 0.0545 recall@10: 0.0891 recall@20: 0.1414 ] [ndcg@5: 0.0619 ndcg@10: 0.0730 ndcg@20: 0.0907 ] 
2026-01-08 12:52:28,700 - Epoch  18 Validation set [recall@5: 0.0543 recall@10: 0.0898 recall@20: 0.1415 ] [ndcg@5: 0.0605 ndcg@10: 0.0722 ndcg@20: 0.0897 ] 
2026-01-08 12:53:00,224 - Epoch  21 Validation set [recall@5: 0.0544 recall@10: 0.0889 recall@20: 0.1401 ] [ndcg@5: 0.0604 ndcg@10: 0.0717 ndcg@20: 0.0890 ] 
2026-01-08 12:53:32,877 - Epoch  24 Validation set [recall@5: 0.0556 recall@10: 0.0897 recall@20: 0.1402 ] [ndcg@5: 0.0616 ndcg@10: 0.0726 ndcg@20: 0.0898 ] 
2026-01-08 12:54:05,665 - Epoch  27 Validation set [recall@5: 0.0567 recall@10: 0.0912 recall@20: 0.1438 ] [ndcg@5: 0.0625 ndcg@10: 0.0736 ndcg@20: 0.0913 ] 
2026-01-08 12:54:39,410 - Epoch  30 Validation set [recall@5: 0.0553 recall@10: 0.0892 recall@20: 0.1404 ] [ndcg@5: 0.0616 ndcg@10: 0.0725 ndcg@20: 0.0898 ] 
2026-01-08 12:55:13,000 - Epoch  33 Validation set [recall@5: 0.0564 recall@10: 0.0918 recall@20: 0.1443 ] [ndcg@5: 0.0629 ndcg@10: 0.0742 ndcg@20: 0.0919 ] 
2026-01-08 12:55:46,485 - Epoch  36 Validation set [recall@5: 0.0577 recall@10: 0.0925 recall@20: 0.1444 ] [ndcg@5: 0.0632 ndcg@10: 0.0743 ndcg@20: 0.0918 ] 
2026-01-08 12:56:19,685 - Epoch  39 Validation set [recall@5: 0.0577 recall@10: 0.0924 recall@20: 0.1448 ] [ndcg@5: 0.0636 ndcg@10: 0.0747 ndcg@20: 0.0924 ] 
2026-01-08 12:56:53,397 - Epoch  42 Validation set [recall@5: 0.0568 recall@10: 0.0925 recall@20: 0.1458 ] [ndcg@5: 0.0630 ndcg@10: 0.0747 ndcg@20: 0.0926 ] 
2026-01-08 12:57:22,381 - Epoch  45 Validation set [recall@5: 0.0571 recall@10: 0.0929 recall@20: 0.1461 ] [ndcg@5: 0.0640 ndcg@10: 0.0755 ndcg@20: 0.0935 ] 
2026-01-08 12:57:51,239 - Epoch  48 Validation set [recall@5: 0.0576 recall@10: 0.0925 recall@20: 0.1451 ] [ndcg@5: 0.0639 ndcg@10: 0.0750 ndcg@20: 0.0928 ] 
2026-01-08 12:58:20,468 - Epoch  51 Validation set [recall@5: 0.0562 recall@10: 0.0925 recall@20: 0.1450 ] [ndcg@5: 0.0628 ndcg@10: 0.0747 ndcg@20: 0.0923 ] 
2026-01-08 12:58:48,711 - Epoch  54 Validation set [recall@5: 0.0579 recall@10: 0.0947 recall@20: 0.1457 ] [ndcg@5: 0.0641 ndcg@10: 0.0761 ndcg@20: 0.0934 ] 
2026-01-08 12:59:16,844 - Epoch  57 Validation set [recall@5: 0.0576 recall@10: 0.0934 recall@20: 0.1456 ] [ndcg@5: 0.0641 ndcg@10: 0.0757 ndcg@20: 0.0933 ] 
2026-01-08 12:59:44,808 - Epoch  60 Validation set [recall@5: 0.0573 recall@10: 0.0934 recall@20: 0.1461 ] [ndcg@5: 0.0638 ndcg@10: 0.0755 ndcg@20: 0.0933 ] 
2026-01-08 12:59:48,718 - [recall@5: 0.0571 recall@10: 0.0929 recall@20: 0.1461 ] [ndcg@5: 0.0640 ndcg@10: 0.0755 ndcg@20: 0.0935 ] 
2026-01-08 12:59:53,722 - [recall@5: 0.0570 recall@10: 0.0924 recall@20: 0.1455 ] [ndcg@5: 0.0632 ndcg@10: 0.0750 ndcg@20: 0.0928 ] 
2026-01-08 12:59:53,733 - Save model parameters to ./encoder/checkpoint/dccf_gene/dccf_gene-steam-2023.pth
2026-01-08 12:59:53,734 - Best Epoch 45. Final test result: {'recall': array([0.05704309, 0.0923874 , 0.1455279 ]), 'ndcg': array([0.06321387, 0.07495549, 0.09282502])}.
